[robosuite WARNING] No private macro file found! (__init__.py:7)
[robosuite WARNING] It is recommended to use a private macro file (__init__.py:8)
[robosuite WARNING] To setup, run: python /home/fahim/Thesis_fahim/venv/lib/python3.12/site-packages/robosuite/scripts/setup_macros.py (__init__.py:9)
Gym has been unmaintained since 2022 and does not support NumPy 2.0 amongst other critical functionality.
Please upgrade to Gymnasium, the maintained drop-in replacement of Gym, or contact the authors of your software and request that they upgrade.
See the migration guide at https://gymnasium.farama.org/introduction/migration_guide/ for additional information.
/home/fahim/Thesis_fahim/venv/lib/python3.12/site-packages/gym/spaces/box.py:84: UserWarning: [33mWARN: Box bound precision lowered by casting to float32[0m
  logger.warn(f"Box bound precision lowered by casting to {self.dtype}")
  [PlaceWrapper] Grasp agent loaded from /home/fahim/Thesis_fahim/pickandplace/checkpoints/td3_grasp_rand_td3_ln_cereal_alignwarm_s0/best
  ep 0: fell_off_table         steps  83  R_custom   -38.12  R_builtin   14.14
  ep 1: timeout_dropped        steps 200  R_custom   -38.60  R_builtin   16.71
  ep 2: fell_off_table         steps 149  R_custom   -67.79  R_builtin   54.76
  ep 3: timeout_dropped        steps 200  R_custom   -46.96  R_builtin   17.71
  ep 4: timeout_dropped        steps 200  R_custom   -38.23  R_builtin   22.02
  ep 5: timeout_dropped        steps 200  R_custom   -38.78  R_builtin   32.31
  ep 6: transport_stall        steps  91  R_custom   -28.13  R_builtin   46.65
  ep 7: transport_stall        steps  51  R_custom   -23.21  R_builtin   19.23
  ep 8: timeout_dropped        steps 200  R_custom   -61.01  R_builtin   16.46
  ep 9: timeout_dropped        steps 200  R_custom   -40.65  R_builtin   22.43
  ep 10: fell_off_table         steps 103  R_custom   -63.58  R_builtin   33.61
  ep 11: transport_stall        steps  99  R_custom   -34.80  R_builtin   35.07
  ep 12: transport_stall        steps 129  R_custom   -45.08  R_builtin   47.78
  ep 13: timeout_dropped        steps 200  R_custom   -94.72  R_builtin   36.64
  ep 14: transport_stall        steps  78  R_custom   -49.52  R_builtin   29.16
  ep 15: timeout_dropped        steps 200  R_custom   -46.35  R_builtin   17.01
  ep 16: timeout_dropped        steps 200  R_custom   -47.78  R_builtin   12.77
  ep 17: transport_stall        steps 122  R_custom   -60.50  R_builtin   31.49
  ep 18: transport_stall        steps  98  R_custom   -34.62  R_builtin   38.29
  ep 19: transport_stall        steps 144  R_custom   -62.27  R_builtin   34.67
