========================================================================
RANDOM-SPAWN GRASP RETRAINING  |  algo=td3_ln  run=td3_ln_buf1000k_s2
========================================================================
  Envs                : 5 (subprocess-parallel, fork)
  Spawn level         : 2.0 (1.0 = full position box, 2.0 = + z-rotation)
  Updates/vec-step    : 2 (0.400 per env-step; historical baseline 0.5)
  Buffer              : 1,000,000
  Actor               : 64 -> 32  (5,216 weights)
  Warm start          : checkpoints/td3_grasp_rand_td3_ln_smallc64_s5/best
  Checkpoints         : /home/fahim/Thesis_fahim/pickandplace/checkpoints/td3_grasp_rand_td3_ln_buf1000k_s2
========================================================================

Spawning 5 subprocess environments (fork)...
[robosuite WARNING] No private macro file found! (__init__.py:7)
[robosuite WARNING] It is recommended to use a private macro file (__init__.py:8)
[robosuite WARNING] To setup, run: python /home/fahim/Thesis_fahim/venv/lib/python3.12/site-packages/robosuite/scripts/setup_macros.py (__init__.py:9)
[robosuite WARNING] No private macro file found! (__init__.py:7)
[robosuite WARNING] It is recommended to use a private macro file (__init__.py:8)
[robosuite WARNING] To setup, run: python /home/fahim/Thesis_fahim/venv/lib/python3.12/site-packages/robosuite/scripts/setup_macros.py (__init__.py:9)
[robosuite WARNING] No private macro file found! (__init__.py:7)
[robosuite WARNING] It is recommended to use a private macro file (__init__.py:8)
[robosuite WARNING] To setup, run: python /home/fahim/Thesis_fahim/venv/lib/python3.12/site-packages/robosuite/scripts/setup_macros.py (__init__.py:9)
[robosuite WARNING] No private macro file found! (__init__.py:7)
[robosuite WARNING] It is recommended to use a private macro file (__init__.py:8)
[robosuite WARNING] To setup, run: python /home/fahim/Thesis_fahim/venv/lib/python3.12/site-packages/robosuite/scripts/setup_macros.py (__init__.py:9)
[robosuite WARNING] No private macro file found! (__init__.py:7)
[robosuite WARNING] It is recommended to use a private macro file (__init__.py:8)
[robosuite WARNING] To setup, run: python /home/fahim/Thesis_fahim/venv/lib/python3.12/site-packages/robosuite/scripts/setup_macros.py (__init__.py:9)
Gym has been unmaintained since 2022 and does not support NumPy 2.0 amongst other critical functionality.
Please upgrade to Gymnasium, the maintained drop-in replacement of Gym, or contact the authors of your software and request that they upgrade.
See the migration guide at https://gymnasium.farama.org/introduction/migration_guide/ for additional information.
Gym has been unmaintained since 2022 and does not support NumPy 2.0 amongst other critical functionality.
Please upgrade to Gymnasium, the maintained drop-in replacement of Gym, or contact the authors of your software and request that they upgrade.
See the migration guide at https://gymnasium.farama.org/introduction/migration_guide/ for additional information.
Gym has been unmaintained since 2022 and does not support NumPy 2.0 amongst other critical functionality.
Please upgrade to Gymnasium, the maintained drop-in replacement of Gym, or contact the authors of your software and request that they upgrade.
See the migration guide at https://gymnasium.farama.org/introduction/migration_guide/ for additional information.
Gym has been unmaintained since 2022 and does not support NumPy 2.0 amongst other critical functionality.
Please upgrade to Gymnasium, the maintained drop-in replacement of Gym, or contact the authors of your software and request that they upgrade.
See the migration guide at https://gymnasium.farama.org/introduction/migration_guide/ for additional information.
Gym has been unmaintained since 2022 and does not support NumPy 2.0 amongst other critical functionality.
Please upgrade to Gymnasium, the maintained drop-in replacement of Gym, or contact the authors of your software and request that they upgrade.
See the migration guide at https://gymnasium.farama.org/introduction/migration_guide/ for additional information.
/home/fahim/Thesis_fahim/venv/lib/python3.12/site-packages/gym/spaces/box.py:84: UserWarning: [33mWARN: Box bound precision lowered by casting to float32[0m
  logger.warn(f"Box bound precision lowered by casting to {self.dtype}")
/home/fahim/Thesis_fahim/venv/lib/python3.12/site-packages/gym/spaces/box.py:84: UserWarning: [33mWARN: Box bound precision lowered by casting to float32[0m
  logger.warn(f"Box bound precision lowered by casting to {self.dtype}")
/home/fahim/Thesis_fahim/venv/lib/python3.12/site-packages/gym/spaces/box.py:84: UserWarning: [33mWARN: Box bound precision lowered by casting to float32[0m
  logger.warn(f"Box bound precision lowered by casting to {self.dtype}")
Gym has been unmaintained since 2022 and does not support NumPy 2.0 amongst other critical functionality.
Please upgrade to Gymnasium, the maintained drop-in replacement of Gym, or contact the authors of your software and request that they upgrade.
See the migration guide at https://gymnasium.farama.org/introduction/migration_guide/ for additional information.
5 environments ready.

/home/fahim/Thesis_fahim/venv/lib/python3.12/site-packages/gym/spaces/box.py:84: UserWarning: [33mWARN: Box bound precision lowered by casting to float32[0m
  logger.warn(f"Box bound precision lowered by casting to {self.dtype}")
/home/fahim/Thesis_fahim/venv/lib/python3.12/site-packages/gym/spaces/box.py:84: UserWarning: [33mWARN: Box bound precision lowered by casting to float32[0m
  logger.warn(f"Box bound precision lowered by casting to {self.dtype}")
  Actor QAT           : per-tensor INT8 fake-quant, STE grads
  Actor weight clip   : |w| <= 8.0 * std(w) per Linear tensor (bi_s0 baseline fc1 9.96 / fc2 10.82)
Init: warm-started (source: /home/fahim/Thesis_fahim/pickandplace/checkpoints/td3_grasp_rand_td3_ln_smallc64_s5/best)
Fresh replay buffer.

Training...

Ep    50 | score  130.37 | avg100  203.21 | grasp100  94.0% | best 0.000 |     50 st/s
    done(50): success=47 t_flicker=3
Ep   100 | score  212.61 | avg100  200.51 | grasp100  93.0% | best 0.000 |     50 st/s
    done(50): success=46 t_flicker=4
Ep   150 | score  207.98 | avg100  199.19 | grasp100  92.0% | best 0.000 |     51 st/s
    done(50): success=46 t_flicker=2 t_touched=2
Ep   200 | * BEST  level200=2.00 grasp200= 88.5% metric=0.885 | score  213.32
Ep   250 | score   94.64 | avg100  156.94 | grasp100  66.0% | best 0.885 |     49 st/s
    done(50): success=28 t_flicker=11 t_touched=11
Ep   300 | score   26.97 | avg100  149.09 | grasp100  64.0% | best 0.885 |     48 st/s
    done(50): success=36 t_flicker=7 t_touched=7
Ep   350 | score  210.86 | avg100  163.22 | grasp100  71.0% | best 0.885 |     48 st/s
    done(50): success=35 t_flicker=12 t_touched=3
Ep   400 | score  207.83 | avg100  162.01 | grasp100  71.0% | best 0.885 |     48 st/s
    done(50): success=36 t_flicker=5 t_touched=7 t_no_reach=2
Ep   450 | score  210.70 | avg100  173.06 | grasp100  78.0% | best 0.885 |     47 st/s
    done(50): success=42 t_flicker=6 t_touched=1 t_no_reach=1
Ep   500 | score   60.65 | avg100  173.20 | grasp100  75.0% | best 0.885 |     46 st/s
    done(50): success=33 t_flicker=12 t_touched=5
Ep   550 | score  106.40 | avg100  171.82 | grasp100  74.0% | best 0.885 |     46 st/s
    done(50): success=41 t_flicker=6 t_touched=3
Ep   600 | score  211.78 | avg100  175.52 | grasp100  75.0% | best 0.885 |     46 st/s
    done(50): success=34 t_flicker=8 t_touched=8
Ep   650 | score  196.91 | avg100  180.69 | grasp100  78.0% | best 0.885 |     46 st/s
    done(50): success=44 t_flicker=3 t_touched=3
Ep   700 | score  206.75 | avg100  190.16 | grasp100  86.0% | best 0.885 |     45 st/s
    done(50): success=42 t_flicker=4 t_touched=3 t_no_reach=1
Ep   750 | score  204.82 | avg100  181.47 | grasp100  82.0% | best 0.885 |     45 st/s
    done(50): success=40 t_flicker=6 t_touched=4
Ep   800 | score  205.35 | avg100  185.67 | grasp100  85.0% | best 0.885 |     45 st/s
    done(50): success=45 t_flicker=3 t_touched=2
Ep   850 | score  208.93 | avg100  191.13 | grasp100  85.0% | best 0.885 |     44 st/s
    done(50): success=40 t_flicker=9 t_touched=1
Ep   900 | score  208.66 | avg100  186.03 | grasp100  81.0% | best 0.885 |     44 st/s
    done(50): success=41 t_flicker=8 t_touched=1
Ep   950 | score  203.54 | avg100  175.03 | grasp100  78.0% | best 0.885 |     44 st/s
    done(50): success=37 t_flicker=9 t_touched=4
Ep  1000 | score  204.75 | avg100  175.48 | grasp100  78.0% | best 0.885 |     44 st/s
    done(50): success=41 t_flicker=7 t_touched=2
Ep  1050 | score  216.24 | avg100  181.32 | grasp100  79.0% | best 0.885 |     43 st/s
    done(50): success=38 t_flicker=9 t_touched=3
Ep  1100 | score  210.19 | avg100  174.76 | grasp100  77.0% | best 0.885 |     43 st/s
    done(50): success=39 t_flicker=8 t_touched=3
Ep  1150 | score  -40.99 | avg100  179.34 | grasp100  83.0% | best 0.885 |     43 st/s
    done(50): success=44 t_flicker=1 t_touched=5
Ep  1200 | score  211.40 | avg100  181.33 | grasp100  80.0% | best 0.885 |     43 st/s
    done(50): success=36 t_flicker=10 t_touched=4
  [primacy-bias reset of critic heads @ 25000 updates]
Ep  1250 | score  -67.45 | avg100  161.60 | grasp100  69.0% | best 0.885 |     43 st/s
    done(50): success=33 t_flicker=12 t_touched=4 t_no_reach=1
Ep  1300 | score   96.16 | avg100   99.93 | grasp100  45.0% | best 0.885 |     44 st/s
    done(50): success=12 t_flicker=14 t_touched=11 t_no_reach=13
Ep  1350 | score   87.68 | avg100   91.40 | grasp100  41.0% | best 0.885 |     44 st/s
    done(50): success=29 t_flicker=9 t_touched=11 t_no_reach=1
Ep  1400 | score  212.40 | avg100  146.25 | grasp100  64.0% | best 0.885 |     44 st/s
    done(50): success=35 t_flicker=10 t_touched=5
Ep  1450 | score  205.67 | avg100  172.66 | grasp100  77.0% | best 0.885 |     44 st/s
    done(50): success=42 t_flicker=4 t_touched=4
Ep  1500 | score  207.98 | avg100  187.35 | grasp100  85.0% | best 0.885 |     43 st/s
    done(50): success=43 t_flicker=6 t_touched=1
Ep  1550 | score  206.76 | avg100  191.99 | grasp100  89.0% | best 0.885 |     43 st/s
    done(50): success=46 t_flicker=2 t_touched=2
Ep  1600 | score  204.28 | avg100  181.91 | grasp100  84.0% | best 0.885 |     43 st/s
    done(50): success=38 t_flicker=8 t_touched=4
Ep  1650 | score  211.17 | avg100  178.36 | grasp100  80.0% | best 0.885 |     43 st/s
    done(50): success=42 t_flicker=8
Ep  1700 | score  209.22 | avg100  190.41 | grasp100  88.0% | best 0.885 |     43 st/s
    done(50): success=46 t_flicker=2 t_touched=2
Ep  1750 | score  207.11 | avg100  191.32 | grasp100  90.0% | best 0.885 |     42 st/s
    done(50): success=44 t_flicker=4 t_touched=2
Ep  1800 | score   58.10 | avg100  187.86 | grasp100  88.0% | best 0.885 |     42 st/s
    done(50): success=44 t_flicker=4 t_touched=2
Ep  1850 | score  210.23 | avg100  190.47 | grasp100  88.0% | best 0.885 |     42 st/s
    done(50): success=44 t_flicker=6
Ep  1900 | score  207.50 | avg100  195.73 | grasp100  90.0% | best 0.885 |     42 st/s
    done(50): success=46 t_flicker=4
Ep  1950 | score  199.51 | avg100  192.56 | grasp100  89.0% | best 0.885 |     42 st/s
    done(50): success=43 t_flicker=7
Ep  2000 | score  204.10 | avg100  186.30 | grasp100  86.0% | best 0.885 |     42 st/s
    done(50): success=43 t_flicker=6 t_touched=1
Ep  2050 | score  208.18 | avg100  183.34 | grasp100  84.0% | best 0.885 |     41 st/s
    done(50): success=41 t_flicker=9
Ep  2100 | score  193.92 | avg100  180.39 | grasp100  82.0% | best 0.885 |     41 st/s
    done(50): success=41 t_flicker=7 t_touched=2
Ep  2150 | score  234.13 | avg100  187.22 | grasp100  86.0% | best 0.885 |     41 st/s
    done(50): success=45 t_flicker=4 t_touched=1
Ep  2200 | score  209.57 | avg100  195.68 | grasp100  90.0% | best 0.885 |     41 st/s
    done(50): success=45 t_flicker=5
Ep  2250 | score  206.49 | avg100  196.30 | grasp100  91.0% | best 0.885 |     41 st/s
    done(50): success=46 t_flicker=3 t_touched=1
Ep  2267 | * BEST  level200=2.00 grasp200= 90.0% metric=0.900 | score  205.87
Ep  2300 | score  209.12 | avg100  191.30 | grasp100  90.0% | best 0.900 |     41 st/s
    done(50): success=44 t_flicker=4 t_touched=2
Ep  2350 | score  208.37 | avg100  186.45 | grasp100  85.0% | best 0.900 |     41 st/s
    done(50): success=41 t_flicker=8 t_touched=1
Ep  2400 | score   85.82 | avg100  192.45 | grasp100  87.0% | best 0.900 |     41 st/s
    done(50): success=46 t_flicker=4
Ep  2450 | score  208.46 | avg100  193.81 | grasp100  89.0% | best 0.900 |     41 st/s
    done(50): success=43 t_flicker=7
Ep  2500 | score  208.71 | avg100  196.08 | grasp100  91.0% | best 0.900 |     40 st/s
    done(50): success=48 t_flicker=2
Ep  2534 | * BEST  level200=2.00 grasp200= 91.5% metric=0.915 | score  211.22
Ep  2550 | score  209.17 | avg100  200.84 | grasp100  95.0% | best 0.915 |     40 st/s
    done(50): success=47 t_flicker=2 t_touched=1
Ep  2600 | score  212.26 | avg100  195.92 | grasp100  91.0% | best 0.915 |     40 st/s
    done(50): success=44 t_flicker=6
  [primacy-bias reset of critic heads @ 50000 updates]
Ep  2650 | score  208.71 | avg100  189.98 | grasp100  87.0% | best 0.915 |     40 st/s
    done(50): success=43 t_flicker=6 t_touched=1
Ep  2700 | score  -17.15 | avg100  129.53 | grasp100  61.0% | best 0.915 |     41 st/s
    done(50): success=18 t_flicker=10 t_touched=7 t_no_reach=15
Ep  2750 | score  199.59 | avg100   95.61 | grasp100  44.0% | best 0.915 |     41 st/s
    done(50): success=26 t_flicker=13 t_touched=8 t_no_reach=3
Ep  2800 | score  227.59 | avg100  142.05 | grasp100  63.0% | best 0.915 |     41 st/s
    done(50): success=37 t_flicker=10 t_touched=3
Ep  2850 | score  208.93 | avg100  168.39 | grasp100  76.0% | best 0.915 |     41 st/s
    done(50): success=39 t_flicker=9 t_touched=2
Ep  2900 | score  208.91 | avg100  179.10 | grasp100  83.0% | best 0.915 |     40 st/s
    done(50): success=44 t_flicker=4 t_touched=2
Ep  2950 | score  209.55 | avg100  190.31 | grasp100  88.0% | best 0.915 |     40 st/s
    done(50): success=44 t_flicker=6
Ep  3000 | score  208.10 | avg100  191.06 | grasp100  87.0% | best 0.915 |     40 st/s
    done(50): success=43 t_flicker=5 t_touched=2
Ep  3050 | score  209.73 | avg100  188.80 | grasp100  87.0% | best 0.915 |     40 st/s
    done(50): success=44 t_flicker=5 t_touched=1
Ep  3100 | score  207.39 | avg100  197.28 | grasp100  92.0% | best 0.915 |     40 st/s
    done(50): success=48 t_flicker=2
Ep  3150 | score  203.99 | avg100  204.12 | grasp100  96.0% | best 0.915 |     40 st/s
    done(50): success=48 t_flicker=2
Ep  3200 | score  209.74 | avg100  192.93 | grasp100  90.0% | best 0.915 |     40 st/s
    done(50): success=42 t_flicker=5 t_touched=3
Ep  3250 | score  209.05 | avg100  185.48 | grasp100  84.0% | best 0.915 |     40 st/s
    done(50): success=42 t_flicker=8
Ep  3300 | score  207.60 | avg100  194.43 | grasp100  89.0% | best 0.915 |     40 st/s
    done(50): success=47 t_flicker=3
Ep  3350 | score  206.12 | avg100  200.23 | grasp100  94.0% | best 0.915 |     40 st/s
    done(50): success=47 t_flicker=3
Ep  3400 | score  209.53 | avg100  196.90 | grasp100  91.0% | best 0.915 |     40 st/s
    done(50): success=44 t_flicker=6
Ep  3449 | * BEST  level200=2.00 grasp200= 93.0% metric=0.930 | score  205.32
Ep  3450 | score  208.70 | avg100  198.32 | grasp100  92.0% | best 0.930 |     40 st/s
    done(50): success=48 t_flicker=2
Ep  3500 | score  202.18 | avg100  200.71 | grasp100  95.0% | best 0.930 |     40 st/s
    done(50): success=47 t_flicker=2 t_touched=1
Ep  3550 | score  208.09 | avg100  202.32 | grasp100  95.0% | best 0.930 |     39 st/s
    done(50): success=48 t_flicker=2
Ep  3554 | * BEST  level200=2.00 grasp200= 94.5% metric=0.945 | score  205.34
Ep  3600 | score  208.62 | avg100  195.16 | grasp100  87.0% | best 0.945 |     39 st/s
    done(50): success=39 t_flicker=10 t_touched=1
Ep  3650 | score   53.70 | avg100  185.41 | grasp100  81.0% | best 0.945 |     39 st/s
    done(50): success=42 t_flicker=7 t_touched=1
Ep  3700 | score   54.29 | avg100  184.08 | grasp100  83.0% | best 0.945 |     39 st/s
    done(50): success=41 t_flicker=8 t_touched=1
Ep  3750 | score  210.23 | avg100  190.39 | grasp100  87.0% | best 0.945 |     39 st/s
    done(50): success=46 t_flicker=4
Ep  3800 | score  208.70 | avg100  200.87 | grasp100  94.0% | best 0.945 |     39 st/s
    done(50): success=48 t_flicker=2
Ep  3850 | score  209.48 | avg100  202.08 | grasp100  95.0% | best 0.945 |     39 st/s
    done(50): success=47 t_flicker=3
Ep  3900 | score  205.29 | avg100  199.00 | grasp100  93.0% | best 0.945 |     39 st/s
    done(50): success=46 t_flicker=4
Ep  3950 | score  208.86 | avg100  202.64 | grasp100  95.0% | best 0.945 |     39 st/s
    done(50): success=49 t_flicker=1
Ep  4000 | score  209.46 | avg100  203.87 | grasp100  95.0% | best 0.945 |     39 st/s
    done(50): success=46 t_flicker=4
Ep  4050 | score  116.86 | avg100  193.98 | grasp100  89.0% | best 0.945 |     39 st/s
    done(50): success=43 t_flicker=6 t_touched=1
Ep  4100 | score  210.14 | avg100  191.22 | grasp100  89.0% | best 0.945 |     39 st/s
    done(50): success=46 t_flicker=3 t_touched=1
Ep  4150 | score  213.63 | avg100  195.06 | grasp100  92.0% | best 0.945 |     39 st/s
    done(50): success=46 t_flicker=4
Ep  4200 | score  209.48 | avg100  200.71 | grasp100  94.0% | best 0.945 |     39 st/s
    done(50): success=48 t_flicker=2
Ep  4250 | score  209.57 | avg100  200.98 | grasp100  94.0% | best 0.945 |     39 st/s
    done(50): success=46 t_flicker=4
Ep  4300 | score   95.54 | avg100  199.91 | grasp100  94.0% | best 0.945 |     38 st/s
    done(50): success=48 t_flicker=2
  [primacy-bias reset of critic heads @ 75000 updates]
Ep  4350 | score  -62.52 | avg100  179.88 | grasp100  84.0% | best 0.945 |     39 st/s
    done(50): success=36 t_flicker=6 t_touched=6 t_no_reach=2
Ep  4400 | score  -45.35 | avg100   54.18 | grasp100  37.0% | best 0.945 |     39 st/s
    done(50): success=1 t_flicker=5 t_touched=7 t_no_reach=37
Ep  4450 | score  207.13 | avg100   36.84 | grasp100  27.0% | best 0.945 |     39 st/s
    done(50): success=26 t_flicker=16 t_touched=7 t_no_reach=1
Ep  4500 | score  210.41 | avg100  142.60 | grasp100  61.0% | best 0.945 |     39 st/s
    done(50): success=35 t_flicker=10 t_touched=4 t_no_reach=1
Ep  4550 | score  209.58 | avg100  178.70 | grasp100  79.0% | best 0.945 |     39 st/s
    done(50): success=44 t_flicker=4 t_touched=2
Ep  4600 | score  207.33 | avg100  184.58 | grasp100  84.0% | best 0.945 |     39 st/s
    done(50): success=40 t_flicker=8 t_touched=2
Ep  4650 | score  209.73 | avg100  189.14 | grasp100  87.0% | best 0.945 |     39 st/s
    done(50): success=47 t_flicker=3
Ep  4700 | score  288.61 | avg100  203.50 | grasp100  94.0% | best 0.945 |     39 st/s
    done(50): success=47 t_flicker=3
Ep  4750 | score  200.34 | avg100  196.06 | grasp100  89.0% | best 0.945 |     39 st/s
    done(50): success=42 t_flicker=8
Ep  4800 | score  208.52 | avg100  193.67 | grasp100  88.0% | best 0.945 |     39 st/s
    done(50): success=46 t_flicker=4
Ep  4850 | score  209.55 | avg100  200.02 | grasp100  93.0% | best 0.945 |     39 st/s
    done(50): success=47 t_flicker=2 t_touched=1
Ep  4900 | score  210.94 | avg100  203.82 | grasp100  95.0% | best 0.945 |     39 st/s
    done(50): success=48 t_flicker=2
Ep  4950 | score  211.60 | avg100  201.94 | grasp100  94.0% | best 0.945 |     39 st/s
    done(50): success=46 t_flicker=4
Ep  5000 | score   89.26 | avg100  194.09 | grasp100  89.0% | best 0.945 |     39 st/s
    done(50): success=43 t_flicker=5 t_touched=2
Ep  5050 | score  207.21 | avg100  192.85 | grasp100  88.0% | best 0.945 |     39 st/s
    done(50): success=45 t_flicker=5
Ep  5100 | score  208.01 | avg100  199.72 | grasp100  93.0% | best 0.945 |     39 st/s
    done(50): success=48 t_flicker=2
Ep  5150 | score  218.46 | avg100  203.09 | grasp100  95.0% | best 0.945 |     39 st/s
    done(50): success=47 t_flicker=3
Ep  5200 | score  208.86 | avg100  198.91 | grasp100  93.0% | best 0.945 |     39 st/s
    done(50): success=46 t_flicker=3 t_touched=1
Ep  5250 | score  206.86 | avg100  201.09 | grasp100  95.0% | best 0.945 |     39 st/s
    done(50): success=49 t_flicker=1
Ep  5300 | score  219.05 | avg100  205.99 | grasp100  97.0% | best 0.945 |     39 st/s
    done(50): success=48 t_flicker=2
Ep  5350 | score  273.95 | avg100  205.25 | grasp100  95.0% | best 0.945 |     38 st/s
    done(50): success=47 t_flicker=3
Ep  5400 | score   54.92 | avg100  200.35 | grasp100  91.0% | best 0.945 |     38 st/s
    done(50): success=44 t_flicker=6
Ep  5450 | score  220.68 | avg100  195.52 | grasp100  89.0% | best 0.945 |     38 st/s
    done(50): success=45 t_flicker=5
Ep  5500 | score   50.66 | avg100  197.66 | grasp100  91.0% | best 0.945 |     38 st/s
    done(50): success=46 t_flicker=4
Ep  5550 | score  206.09 | avg100  205.33 | grasp100  96.0% | best 0.945 |     38 st/s
    done(50): success=50
Ep  5600 | score  206.09 | avg100  204.73 | grasp100  96.0% | best 0.945 |     38 st/s
    done(50): success=46 t_flicker=4
Ep  5650 | score  207.31 | avg100  197.78 | grasp100  91.0% | best 0.945 |     38 st/s
    done(50): success=45 t_flicker=5
Ep  5700 | score   58.19 | avg100  196.49 | grasp100  89.0% | best 0.945 |     38 st/s
    done(50): success=44 t_flicker=6
Ep  5750 | score  206.27 | avg100  197.29 | grasp100  90.0% | best 0.945 |     38 st/s
    done(50): success=46 t_flicker=4
Ep  5800 | score  211.34 | avg100  198.18 | grasp100  92.0% | best 0.945 |     38 st/s
    done(50): success=46 t_flicker=4
Ep  5850 | score  207.84 | avg100  197.09 | grasp100  91.0% | best 0.945 |     38 st/s
    done(50): success=45 t_flicker=4 t_touched=1
Ep  5900 | score  210.62 | avg100  197.03 | grasp100  91.0% | best 0.945 |     38 st/s
    done(50): success=46 t_flicker=4
  [primacy-bias reset of critic heads @ 100000 updates]
Ep  5950 | score  -79.79 | avg100  162.75 | grasp100  81.0% | best 0.945 |     38 st/s
    done(50): success=35 t_flicker=3 t_touched=1 t_no_reach=11
Ep  6000 | score  -70.38 | avg100   27.68 | grasp100  35.0% | best 0.945 |     39 st/s
    done(50): t_flicker=2 t_no_reach=48
Ep  6050 | score  208.16 | avg100   51.65 | grasp100  38.0% | best 0.945 |     39 st/s
    done(50): success=38 t_flicker=7 t_touched=5
Ep  6100 | score  208.42 | avg100  180.15 | grasp100  79.0% | best 0.945 |     39 st/s
    done(50): success=41 t_flicker=8 t_touched=1
Ep  6150 | score   99.21 | avg100  184.83 | grasp100  83.0% | best 0.945 |     39 st/s
    done(50): success=42 t_flicker=7 t_touched=1
Ep  6200 | score  206.10 | avg100  187.65 | grasp100  85.0% | best 0.945 |     39 st/s
    done(50): success=43 t_flicker=7
Ep  6250 | score  216.95 | avg100  198.99 | grasp100  92.0% | best 0.945 |     39 st/s
    done(50): success=49 t_flicker=1
Ep  6300 | score  208.73 | avg100  204.63 | grasp100  96.0% | best 0.945 |     38 st/s
    done(50): success=47 t_flicker=3
Ep  6350 | score  207.19 | avg100  198.65 | grasp100  91.0% | best 0.945 |     38 st/s
    done(50): success=44 t_flicker=6
Ep  6400 | score  208.34 | avg100  200.81 | grasp100  93.0% | best 0.945 |     38 st/s
    done(50): success=49 t_flicker=1
Ep  6450 | score  211.34 | avg100  202.78 | grasp100  95.0% | best 0.945 |     38 st/s
    done(50): success=46 t_flicker=4
Ep  6500 | score  209.03 | avg100  201.26 | grasp100  93.0% | best 0.945 |     38 st/s
    done(50): success=47 t_flicker=3
Ep  6550 | score  207.10 | avg100  199.29 | grasp100  92.0% | best 0.945 |     38 st/s
    done(50): success=45 t_flicker=4 t_touched=1
Ep  6600 | score  206.08 | avg100  201.84 | grasp100  95.0% | best 0.945 |     38 st/s
    done(50): success=50
Ep  6650 | score  211.16 | avg100  205.99 | grasp100  98.0% | best 0.945 |     38 st/s
    done(50): success=48 t_flicker=2
Ep  6700 | score  211.62 | avg100  200.62 | grasp100  93.0% | best 0.945 |     38 st/s
    done(50): success=45 t_flicker=4 t_touched=1
Ep  6750 | score  242.53 | avg100  196.79 | grasp100  91.0% | best 0.945 |     38 st/s
    done(50): success=46 t_flicker=4
Ep  6800 | score  206.74 | avg100  200.44 | grasp100  94.0% | best 0.945 |     38 st/s
    done(50): success=48 t_flicker=2
Ep  6850 | score  211.65 | avg100  201.09 | grasp100  94.0% | best 0.945 |     38 st/s
    done(50): success=46 t_flicker=3 t_touched=1
Ep  6900 | score  207.59 | avg100  198.92 | grasp100  93.0% | best 0.945 |     38 st/s
    done(50): success=47 t_flicker=2 t_touched=1
Ep  6950 | score   56.86 | avg100  200.81 | grasp100  94.0% | best 0.945 |     38 st/s
    done(50): success=47 t_flicker=3
Ep  7000 | score  211.74 | avg100  204.59 | grasp100  96.0% | best 0.945 |     38 st/s
    done(50): success=49 t_flicker=1
Ep  7023 | * BEST  level200=2.00 grasp200= 96.0% metric=0.960 | score  239.02
Ep  7050 | score  209.81 | avg100  204.83 | grasp100  96.0% | best 0.960 |     38 st/s
    done(50): success=47 t_flicker=3
Ep  7100 | score  209.65 | avg100  198.14 | grasp100  93.0% | best 0.960 |     38 st/s
    done(50): success=46 t_flicker=3 t_touched=1
Ep  7150 | score  209.28 | avg100  195.85 | grasp100  92.0% | best 0.960 |     38 st/s
    done(50): success=46 t_flicker=4
Ep  7200 | score  209.10 | avg100  195.54 | grasp100  92.0% | best 0.960 |     38 st/s
    done(50): success=46 t_flicker=2 t_touched=2
Ep  7250 | score  209.11 | avg100  198.52 | grasp100  94.0% | best 0.960 |     38 st/s
    done(50): success=48 t_flicker=2
Ep  7300 | score  208.88 | avg100  206.44 | grasp100  98.0% | best 0.960 |     38 st/s
    done(50): success=50
Ep  7350 | score  208.06 | avg100  207.77 | grasp100  99.0% | best 0.960 |     38 st/s
    done(50): success=49 t_flicker=1
Ep  7373 | * BEST  level200=2.00 grasp200= 97.5% metric=0.975 | score  210.30
Ep  7400 | score  217.98 | avg100  203.27 | grasp100  96.0% | best 0.975 |     38 st/s
    done(50): success=47 t_flicker=3
Ep  7450 | score  204.12 | avg100  203.58 | grasp100  96.0% | best 0.975 |     38 st/s
    done(50): success=49 t_flicker=1
Ep  7500 | score  204.61 | avg100  202.16 | grasp100  95.0% | best 0.975 |     38 st/s
    done(50): success=46 t_flicker=3 t_touched=1
Ep  7550 | score  207.16 | avg100  200.18 | grasp100  92.0% | best 0.975 |     38 st/s
    done(50): success=46 t_flicker=4
Ep  7600 | score  208.96 | avg100  204.81 | grasp100  94.0% | best 0.975 |     37 st/s
    done(50): success=48 t_flicker=2
  [primacy-bias reset of critic heads @ 125000 updates]
Ep  7650 | score  -78.81 | avg100  122.49 | grasp100  63.0% | best 0.975 |     38 st/s
    done(50): success=15 t_flicker=13 t_touched=1 t_no_reach=21
Ep  7700 | score  222.59 | avg100   66.53 | grasp100  41.0% | best 0.975 |     38 st/s
    done(50): success=26 t_flicker=6 t_touched=7 t_no_reach=11
Ep  7750 | score  -32.21 | avg100  134.11 | grasp100  65.0% | best 0.975 |     38 st/s
    done(50): success=39 t_flicker=10 t_touched=1
Ep  7800 | score  239.38 | avg100  181.34 | grasp100  82.0% | best 0.975 |     38 st/s
    done(50): success=43 t_flicker=7
Ep  7850 | score  208.23 | avg100  194.51 | grasp100  89.0% | best 0.975 |     38 st/s
    done(50): success=46 t_flicker=4
Ep  7900 | score  206.87 | avg100  198.81 | grasp100  90.0% | best 0.975 |     38 st/s
    done(50): success=44 t_flicker=6
Ep  7950 | score  210.72 | avg100  196.22 | grasp100  88.0% | best 0.975 |     38 st/s
    done(50): success=44 t_flicker=6
Ep  8000 | score  204.73 | avg100  189.67 | grasp100  86.0% | best 0.975 |     38 st/s
    done(50): success=42 t_flicker=7 t_touched=1
Ep  8050 | score  211.77 | avg100  188.23 | grasp100  85.0% | best 0.975 |     38 st/s
    done(50): success=43 t_flicker=7
Ep  8100 | score  209.45 | avg100  193.96 | grasp100  88.0% | best 0.975 |     38 st/s
    done(50): success=45 t_flicker=5
Ep  8150 | score  208.41 | avg100  194.18 | grasp100  87.0% | best 0.975 |     38 st/s
    done(50): success=42 t_flicker=8
Ep  8200 | score  209.49 | avg100  195.93 | grasp100  88.0% | best 0.975 |     38 st/s
    done(50): success=46 t_flicker=4
Ep  8250 | score  202.47 | avg100  195.95 | grasp100  90.0% | best 0.975 |     38 st/s
    done(50): success=44 t_flicker=6
Ep  8300 | score  212.30 | avg100  199.46 | grasp100  93.0% | best 0.975 |     38 st/s
    done(50): success=49 t_flicker=1
Ep  8350 | score  205.67 | avg100  203.73 | grasp100  95.0% | best 0.975 |     38 st/s
    done(50): success=46 t_flicker=4
Ep  8400 | score  206.01 | avg100  196.84 | grasp100  89.0% | best 0.975 |     38 st/s
    done(50): success=43 t_flicker=7
Ep  8450 | score  207.53 | avg100  195.99 | grasp100  89.0% | best 0.975 |     38 st/s
    done(50): success=46 t_flicker=4
Ep  8500 | score  207.56 | avg100  200.98 | grasp100  93.0% | best 0.975 |     38 st/s
    done(50): success=47 t_flicker=3
Ep  8550 | score  208.53 | avg100  202.30 | grasp100  93.0% | best 0.975 |     38 st/s
    done(50): success=46 t_flicker=3 t_touched=1
Ep  8600 | score  208.68 | avg100  201.11 | grasp100  93.0% | best 0.975 |     38 st/s
    done(50): success=47 t_flicker=2 t_touched=1
Ep  8650 | score  207.09 | avg100  199.51 | grasp100  93.0% | best 0.975 |     37 st/s
    done(50): success=46 t_flicker=4
Ep  8700 | score  206.73 | avg100  202.54 | grasp100  94.0% | best 0.975 |     37 st/s
    done(50): success=48 t_flicker=2
Ep  8750 | score   89.86 | avg100  202.83 | grasp100  94.0% | best 0.975 |     37 st/s
    done(50): success=46 t_flicker=4
Ep  8800 | score  210.76 | avg100  198.35 | grasp100  92.0% | best 0.975 |     37 st/s
    done(50): success=46 t_flicker=3 t_touched=1
Ep  8850 | score  203.82 | avg100  199.90 | grasp100  93.0% | best 0.975 |     37 st/s
    done(50): success=47 t_flicker=3
Ep  8900 | score  208.47 | avg100  199.34 | grasp100  93.0% | best 0.975 |     37 st/s
    done(50): success=46 t_flicker=3 t_touched=1
Ep  8950 | score  226.21 | avg100  196.60 | grasp100  90.0% | best 0.975 |     37 st/s
    done(50): success=44 t_flicker=6
Ep  9000 | score  208.75 | avg100  201.54 | grasp100  92.0% | best 0.975 |     37 st/s
    done(50): success=48 t_flicker=2
Ep  9050 | score  208.28 | avg100  203.42 | grasp100  94.0% | best 0.975 |     37 st/s
    done(50): success=46 t_flicker=2 t_touched=2
Ep  9100 | score  212.03 | avg100  204.13 | grasp100  95.0% | best 0.975 |     37 st/s
    done(50): success=49 t_flicker=1
Ep  9150 | score  209.20 | avg100  201.15 | grasp100  93.0% | best 0.975 |     37 st/s
    done(50): success=44 t_flicker=6
Ep  9200 | score  206.10 | avg100  197.89 | grasp100  91.0% | best 0.975 |     37 st/s
    done(50): success=47 t_flicker=2 t_touched=1
Ep  9250 | score  199.35 | avg100  203.90 | grasp100  96.0% | best 0.975 |     37 st/s
    done(50): success=49 t_flicker=1
Ep  9300 | score  230.81 | avg100  203.75 | grasp100  96.0% | best 0.975 |     37 st/s
    done(50): success=47 t_flicker=3
  [primacy-bias reset of critic heads @ 150000 updates]
Ep  9350 | score  -19.86 | avg100  111.25 | grasp100  58.0% | best 0.975 |     37 st/s
    done(50): success=11 t_flicker=9 t_touched=13 t_no_reach=17
Ep  9400 | score  209.07 | avg100   81.03 | grasp100  40.0% | best 0.975 |     37 st/s
    done(50): success=29 t_flicker=17 t_touched=4
Ep  9450 | score  209.13 | avg100  164.22 | grasp100  72.0% | best 0.975 |     37 st/s
    done(50): success=43 t_flicker=7
Ep  9500 | score  208.15 | avg100  182.68 | grasp100  84.0% | best 0.975 |     37 st/s
    done(50): success=41 t_flicker=6 t_touched=3
Ep  9550 | score  207.05 | avg100  182.83 | grasp100  84.0% | best 0.975 |     37 st/s
    done(50): success=43 t_flicker=5 t_touched=2
Ep  9600 | score  208.55 | avg100  190.81 | grasp100  87.0% | best 0.975 |     37 st/s
    done(50): success=44 t_flicker=6
Ep  9650 | score  206.16 | avg100  197.23 | grasp100  91.0% | best 0.975 |     37 st/s
    done(50): success=47 t_flicker=3
Ep  9700 | score  210.38 | avg100  195.65 | grasp100  91.0% | best 0.975 |     37 st/s
    done(50): success=44 t_flicker=5 t_touched=1
Ep  9750 | score  207.53 | avg100  194.03 | grasp100  90.0% | best 0.975 |     37 st/s
    done(50): success=46 t_flicker=3 t_touched=1
Ep  9800 | score  206.51 | avg100  200.83 | grasp100  94.0% | best 0.975 |     37 st/s
    done(50): success=48 t_flicker=2
Ep  9850 | score  211.67 | avg100  204.24 | grasp100  96.0% | best 0.975 |     37 st/s
    done(50): success=48 t_flicker=2
Ep  9900 | score  207.97 | avg100  203.63 | grasp100  96.0% | best 0.975 |     37 st/s
    done(50): success=48 t_flicker=2
Ep  9950 | score  209.09 | avg100  199.36 | grasp100  94.0% | best 0.975 |     37 st/s
    done(50): success=46 t_flicker=4
Ep 10000 | score   51.34 | avg100  194.18 | grasp100  92.0% | best 0.975 |     37 st/s
    done(50): success=46 t_flicker=2 t_touched=2
Ep 10050 | score  208.72 | avg100  196.64 | grasp100  92.0% | best 0.975 |     37 st/s
    done(50): success=46 t_flicker=4
Ep 10100 | score   75.73 | avg100  197.67 | grasp100  91.0% | best 0.975 |     37 st/s
    done(50): success=45 t_flicker=5
Ep 10150 | score  211.38 | avg100  201.55 | grasp100  94.0% | best 0.975 |     37 st/s
    done(50): success=49 t_flicker=1
Ep 10200 | score  211.03 | avg100  205.65 | grasp100  97.0% | best 0.975 |     37 st/s
    done(50): success=48 t_flicker=1 t_touched=1
Ep 10250 | score  211.31 | avg100  206.69 | grasp100  98.0% | best 0.975 |     37 st/s
    done(50): success=50
Ep 10300 | score  207.18 | avg100  203.94 | grasp100  96.0% | best 0.975 |     37 st/s
    done(50): success=46 t_flicker=3 t_touched=1
Ep 10350 | score  207.29 | avg100  197.99 | grasp100  92.0% | best 0.975 |     37 st/s
    done(50): success=46 t_flicker=4
Ep 10400 | score  212.07 | avg100  202.25 | grasp100  94.0% | best 0.975 |     37 st/s
    done(50): success=48 t_flicker=2
Ep 10450 | score  213.21 | avg100  206.25 | grasp100  97.0% | best 0.975 |     37 st/s
    done(50): success=49 t_flicker=1
Ep 10500 | score  205.24 | avg100  208.40 | grasp100  99.0% | best 0.975 |     37 st/s
    done(50): success=50
Ep 10550 | score  206.34 | avg100  207.75 | grasp100  98.0% | best 0.975 |     37 st/s
    done(50): success=48 t_flicker=2
Ep 10600 | score  208.45 | avg100  205.88 | grasp100  97.0% | best 0.975 |     37 st/s
    done(50): success=49 t_flicker=1
Ep 10650 | score  206.90 | avg100  199.15 | grasp100  95.0% | best 0.975 |     37 st/s
    done(50): success=46 t_flicker=2 t_touched=2
Ep 10700 | score  209.57 | avg100  200.41 | grasp100  96.0% | best 0.975 |     37 st/s
    done(50): success=50
Ep 10750 | score  209.76 | avg100  204.52 | grasp100  97.0% | best 0.975 |     37 st/s
    done(50): success=47 t_flicker=3
Ep 10800 | score  217.49 | avg100  202.90 | grasp100  96.0% | best 0.975 |     37 st/s
    done(50): success=49 t_flicker=1
Ep 10850 | score  207.93 | avg100  208.70 | grasp100  98.0% | best 0.975 |     37 st/s
    done(50): success=49 t_flicker=1
Ep 10900 | score  210.33 | avg100  207.02 | grasp100  96.0% | best 0.975 |     37 st/s
    done(50): success=47 t_flicker=3
Ep 10950 | score  203.88 | avg100  199.58 | grasp100  93.0% | best 0.975 |     37 st/s
    done(50): success=46 t_flicker=4
Ep 11000 | score  212.69 | avg100  199.61 | grasp100  93.0% | best 0.975 |     37 st/s
    done(50): success=47 t_flicker=2 t_touched=1
Ep 11050 | score  213.62 | avg100  206.20 | grasp100  96.0% | best 0.975 |     37 st/s
    done(50): success=49 t_flicker=1
  [primacy-bias reset of critic heads @ 175000 updates]
Ep 11100 | score  -75.83 | avg100  101.16 | grasp100  59.0% | best 0.975 |     37 st/s
    done(50): success=10 t_flicker=4 t_touched=3 t_no_reach=33
Ep 11150 | score  209.49 | avg100   56.61 | grasp100  34.0% | best 0.975 |     37 st/s
    done(50): success=24 t_flicker=14 t_touched=10 t_no_reach=2
Ep 11200 | score  208.55 | avg100  152.66 | grasp100  66.0% | best 0.975 |     37 st/s
    done(50): success=42 t_flicker=6 t_touched=2
Ep 11250 | score  228.98 | avg100  189.40 | grasp100  86.0% | best 0.975 |     37 st/s
    done(50): success=44 t_flicker=5 t_touched=1
Ep 11300 | score  210.57 | avg100  197.14 | grasp100  90.0% | best 0.975 |     37 st/s
    done(50): success=46 t_flicker=4
Ep 11350 | score  208.55 | avg100  202.90 | grasp100  94.0% | best 0.975 |     37 st/s
    done(50): success=48 t_flicker=2
Ep 11400 | score  209.42 | avg100  201.91 | grasp100  93.0% | best 0.975 |     37 st/s
    done(50): success=45 t_flicker=4 t_touched=1
Ep 11450 | score  208.60 | avg100  194.51 | grasp100  89.0% | best 0.975 |     37 st/s
    done(50): success=44 t_flicker=6
Ep 11500 | score  209.45 | avg100  195.35 | grasp100  91.0% | best 0.975 |     37 st/s
    done(50): success=47 t_flicker=3
Ep 11550 | score  214.14 | avg100  205.32 | grasp100  97.0% | best 0.975 |     37 st/s
    done(50): success=50
Ep 11600 | score  205.56 | avg100  209.53 | grasp100  99.0% | best 0.975 |     37 st/s
    done(50): success=49 t_flicker=1
Ep 11650 | score  207.28 | avg100  206.08 | grasp100  96.0% | best 0.975 |     37 st/s
    done(50): success=47 t_flicker=3
Ep 11700 | score  210.42 | avg100  203.76 | grasp100  95.0% | best 0.975 |     37 st/s
    done(50): success=48 t_flicker=1 t_touched=1
Ep 11750 | score  207.05 | avg100  202.31 | grasp100  96.0% | best 0.975 |     37 st/s
    done(50): success=48 t_flicker=2
Ep 11800 | score  208.34 | avg100  205.61 | grasp100  98.0% | best 0.975 |     37 st/s
    done(50): success=50
Ep 11850 | score  209.38 | avg100  205.32 | grasp100  97.0% | best 0.975 |     37 st/s
    done(50): success=47 t_flicker=3
Ep 11900 | score  209.80 | avg100  201.04 | grasp100  93.0% | best 0.975 |     37 st/s
    done(50): success=46 t_flicker=4
Ep 11950 | score  208.35 | avg100  201.89 | grasp100  94.0% | best 0.975 |     37 st/s
    done(50): success=48 t_flicker=2
Ep 12000 | score  242.81 | avg100  205.17 | grasp100  97.0% | best 0.975 |     37 st/s
    done(50): success=49 t_flicker=1
Ep 12050 | score  208.23 | avg100  203.90 | grasp100  95.0% | best 0.975 |     37 st/s
    done(50): success=46 t_flicker=3 t_touched=1
Ep 12100 | score  207.38 | avg100  200.89 | grasp100  94.0% | best 0.975 |     37 st/s
    done(50): success=48 t_flicker=2
Ep 12150 | score  206.74 | avg100  205.90 | grasp100  98.0% | best 0.975 |     37 st/s
    done(50): success=50
Ep 12200 | score  215.16 | avg100  204.21 | grasp100  97.0% | best 0.975 |     37 st/s
    done(50): success=47 t_flicker=3
Ep 12250 | score  205.59 | avg100  202.66 | grasp100  96.0% | best 0.975 |     37 st/s
    done(50): success=49 t_flicker=1
Ep 12300 | score  209.13 | avg100  202.24 | grasp100  94.0% | best 0.975 |     37 st/s
    done(50): success=45 t_flicker=5
Ep 12350 | score  207.43 | avg100  204.65 | grasp100  95.0% | best 0.975 |     37 st/s
    done(50): success=50
Ep 12400 | score  201.36 | avg100  208.80 | grasp100  99.0% | best 0.975 |     37 st/s
    done(50): success=49 t_flicker=1
Ep 12450 | score  217.06 | avg100  204.80 | grasp100  96.0% | best 0.975 |     37 st/s
    done(50): success=47 t_flicker=3
Ep 12500 | score   94.49 | avg100  204.36 | grasp100  95.0% | best 0.975 |     37 st/s
    done(50): success=48 t_flicker=2
Ep 12550 | score   82.89 | avg100  204.69 | grasp100  94.0% | best 0.975 |     37 st/s
    done(50): success=46 t_flicker=4
Ep 12600 | score  210.97 | avg100  205.20 | grasp100  95.0% | best 0.975 |     37 st/s
    done(50): success=49 t_flicker=1
Ep 12650 | score  207.43 | avg100  206.33 | grasp100  98.0% | best 0.975 |     37 st/s
    done(50): success=49 t_flicker=1
Ep 12700 | score  204.67 | avg100  204.32 | grasp100  96.0% | best 0.975 |     36 st/s
    done(50): success=47 t_flicker=3
Ep 12750 | score  205.33 | avg100  203.46 | grasp100  95.0% | best 0.975 |     36 st/s
    done(50): success=48 t_flicker=2
Ep 12800 | score  208.51 | avg100  206.60 | grasp100  97.0% | best 0.975 |     36 st/s
    done(50): success=49 t_flicker=1
  [primacy-bias reset of critic heads @ 200000 updates]
Ep 12850 | score  -79.67 | avg100  167.55 | grasp100  83.0% | best 0.975 |     37 st/s
    done(50): success=34 t_flicker=2 t_touched=2 t_no_reach=12
Ep 12900 | score  204.17 | avg100   74.73 | grasp100  41.0% | best 0.975 |     37 st/s
    done(50): success=7 t_flicker=17 t_touched=8 t_no_reach=18
Ep 12950 | score  209.98 | avg100   91.77 | grasp100  43.0% | best 0.975 |     37 st/s
    done(50): success=36 t_flicker=8 t_touched=5 t_no_reach=1
Ep 13000 | score  208.59 | avg100  183.21 | grasp100  84.0% | best 0.975 |     37 st/s
    done(50): success=48 t_flicker=1 t_touched=1
Ep 13050 | score   70.05 | avg100  199.69 | grasp100  92.0% | best 0.975 |     37 st/s
    done(50): success=44 t_flicker=5 t_touched=1
Ep 13100 | score  208.06 | avg100  196.71 | grasp100  90.0% | best 0.975 |     37 st/s
    done(50): success=46 t_flicker=4
Ep 13150 | score  208.56 | avg100  203.09 | grasp100  94.0% | best 0.975 |     37 st/s
    done(50): success=48 t_flicker=2
Ep 13200 | score  206.59 | avg100  205.42 | grasp100  96.0% | best 0.975 |     37 st/s
    done(50): success=48 t_flicker=2
Ep 13250 | score  212.04 | avg100  201.31 | grasp100  94.0% | best 0.975 |     37 st/s
    done(50): success=46 t_flicker=4
Ep 13300 | score  199.26 | avg100  199.89 | grasp100  93.0% | best 0.975 |     37 st/s
    done(50): success=47 t_flicker=3
Ep 13350 | score  207.31 | avg100  197.55 | grasp100  92.0% | best 0.975 |     37 st/s
    done(50): success=45 t_flicker=5
Ep 13400 | score  209.04 | avg100  200.56 | grasp100  94.0% | best 0.975 |     37 st/s
    done(50): success=49 t_flicker=1
Ep 13450 | score  207.95 | avg100  204.40 | grasp100  96.0% | best 0.975 |     37 st/s
    done(50): success=47 t_flicker=3
Ep 13500 | score  224.11 | avg100  204.59 | grasp100  96.0% | best 0.975 |     37 st/s
    done(50): success=49 t_flicker=1
Ep 13550 | score  210.99 | avg100  206.53 | grasp100  97.0% | best 0.975 |     37 st/s
    done(50): success=48 t_flicker=2
Ep 13600 | score  208.78 | avg100  203.19 | grasp100  95.0% | best 0.975 |     37 st/s
    done(50): success=47 t_flicker=3
Ep 13650 | score  207.78 | avg100  203.93 | grasp100  96.0% | best 0.975 |     36 st/s
    done(50): success=49 t_flicker=1
Ep 13700 | score  324.34 | avg100  206.44 | grasp100  97.0% | best 0.975 |     36 st/s
    done(50): success=48 t_flicker=2
Ep 13750 | score  209.66 | avg100  207.76 | grasp100  98.0% | best 0.975 |     36 st/s
    done(50): success=50
Ep 13800 | score  209.54 | avg100  206.25 | grasp100  97.0% | best 0.975 |     36 st/s
    done(50): success=47 t_flicker=3
Ep 13850 | score  207.82 | avg100  206.68 | grasp100  97.0% | best 0.975 |     36 st/s
    done(50): success=50
Ep 13900 | score  209.02 | avg100  203.47 | grasp100  96.0% | best 0.975 |     36 st/s
    done(50): success=46 t_flicker=4
Ep 13950 | score  211.18 | avg100  202.52 | grasp100  95.0% | best 0.975 |     36 st/s
    done(50): success=49 t_flicker=1
Ep 14000 | score  210.47 | avg100  206.87 | grasp100  97.0% | best 0.975 |     36 st/s
    done(50): success=48 t_flicker=2
Ep 14050 | score  207.73 | avg100  202.31 | grasp100  95.0% | best 0.975 |     36 st/s
    done(50): success=47 t_flicker=3
Ep 14100 | score  207.86 | avg100  202.73 | grasp100  96.0% | best 0.975 |     36 st/s
    done(50): success=49 t_flicker=1
Ep 14150 | score  208.43 | avg100  206.35 | grasp100  98.0% | best 0.975 |     36 st/s
    done(50): success=49 t_flicker=1
Ep 14200 | score  209.23 | avg100  203.07 | grasp100  95.0% | best 0.975 |     36 st/s
    done(50): success=46 t_flicker=4
Ep 14250 | score  205.60 | avg100  201.63 | grasp100  94.0% | best 0.975 |     36 st/s
    done(50): success=48 t_flicker=2
Ep 14300 | score  214.50 | avg100  203.76 | grasp100  96.0% | best 0.975 |     36 st/s
    done(50): success=48 t_flicker=2
Ep 14350 | score  207.96 | avg100  205.32 | grasp100  96.0% | best 0.975 |     36 st/s
    done(50): success=48 t_flicker=2
Ep 14400 | score  210.61 | avg100  201.53 | grasp100  94.0% | best 0.975 |     36 st/s
    done(50): success=46 t_flicker=4
Ep 14450 | score  207.51 | avg100  198.78 | grasp100  93.0% | best 0.975 |     36 st/s
    done(50): success=47 t_flicker=3
Ep 14500 | score  205.73 | avg100  206.00 | grasp100  97.0% | best 0.975 |     36 st/s
    done(50): success=50
Ep 14550 | score  208.52 | avg100  205.73 | grasp100  97.0% | best 0.975 |     36 st/s
    done(50): success=47 t_flicker=3
Ep 14600 | score  209.14 | avg100  203.50 | grasp100  96.0% | best 0.975 |     36 st/s
    done(50): success=49 t_flicker=1
  [primacy-bias reset of critic heads @ 225000 updates]
Ep 14650 | score  -79.48 | avg100  188.62 | grasp100  91.0% | best 0.975 |     36 st/s
    done(50): success=42 t_flicker=1 t_touched=4 t_no_reach=3
Ep 14700 | score  -51.68 | avg100   69.98 | grasp100  45.0% | best 0.975 |     36 st/s
    done(50): success=3 t_flicker=9 t_touched=5 t_no_reach=33
Ep 14750 | score  208.94 | avg100   72.28 | grasp100  44.0% | best 0.975 |     36 st/s
    done(50): success=41 t_flicker=6 t_touched=3
Ep 14800 | score  210.01 | avg100  184.33 | grasp100  85.0% | best 0.975 |     36 st/s
    done(50): success=44 t_flicker=5 t_touched=1
Ep 14850 | score  206.40 | avg100  187.51 | grasp100  85.0% | best 0.975 |     36 st/s
    done(50): success=41 t_flicker=5 t_touched=3 t_no_reach=1
Ep 14900 | score  205.11 | avg100  188.40 | grasp100  85.0% | best 0.975 |     36 st/s
    done(50): success=44 t_flicker=6
Ep 14950 | score   56.68 | avg100  192.49 | grasp100  88.0% | best 0.975 |     36 st/s
    done(50): success=44 t_flicker=6
Ep 15000 | score   58.10 | avg100  193.85 | grasp100  90.0% | best 0.975 |     36 st/s
    done(50): success=46 t_flicker=4
Ep 15050 | score  209.31 | avg100  202.57 | grasp100  95.0% | best 0.975 |     36 st/s
    done(50): success=49 t_flicker=1
Ep 15100 | score  211.60 | avg100  203.84 | grasp100  96.0% | best 0.975 |     36 st/s
    done(50): success=47 t_flicker=3
Ep 15150 | score  200.71 | avg100  194.91 | grasp100  92.0% | best 0.975 |     36 st/s
    done(50): success=45 t_flicker=4 t_touched=1
Ep 15200 | score  209.37 | avg100  196.55 | grasp100  91.0% | best 0.975 |     36 st/s
    done(50): success=46 t_flicker=4
Ep 15250 | score  209.99 | avg100  201.64 | grasp100  93.0% | best 0.975 |     36 st/s
    done(50): success=47 t_flicker=2 t_touched=1
Ep 15300 | score  210.02 | avg100  201.28 | grasp100  95.0% | best 0.975 |     36 st/s
    done(50): success=48 t_flicker=2
Ep 15350 | score  213.57 | avg100  205.86 | grasp100  98.0% | best 0.975 |     36 st/s
    done(50): success=50
Ep 15400 | score  209.44 | avg100  209.66 | grasp100 100.0% | best 0.975 |     36 st/s
    done(50): success=50
Ep 15450 | score  204.57 | avg100  209.00 | grasp100  99.0% | best 0.975 |     36 st/s
    done(50): success=49 t_flicker=1
Ep 15462 | * BEST  level200=2.00 grasp200= 99.0% metric=0.990 | score  208.92
Ep 15500 | score  208.18 | avg100  208.91 | grasp100  99.0% | best 0.990 |     36 st/s
    done(50): success=50
Ep 15550 | score  211.76 | avg100  204.24 | grasp100  97.0% | best 0.990 |     36 st/s
    done(50): success=47 t_flicker=3
Ep 15600 | score  209.21 | avg100  203.90 | grasp100  97.0% | best 0.990 |     36 st/s
    done(50): success=50
Ep 15650 | score  209.03 | avg100  206.92 | grasp100  99.0% | best 0.990 |     36 st/s
    done(50): success=49 t_flicker=1
Ep 15700 | score  213.64 | avg100  206.50 | grasp100  99.0% | best 0.990 |     36 st/s
    done(50): success=50
Ep 15750 | score  205.29 | avg100  207.75 | grasp100  99.0% | best 0.990 |     36 st/s
    done(50): success=49 t_flicker=1
Ep 15800 | score  208.59 | avg100  201.78 | grasp100  95.0% | best 0.990 |     36 st/s
    done(50): success=46 t_flicker=4
Ep 15850 | score  210.94 | avg100  203.77 | grasp100  95.0% | best 0.990 |     36 st/s
    done(50): success=49 t_flicker=1
Ep 15900 | score  206.64 | avg100  208.16 | grasp100  98.0% | best 0.990 |     36 st/s
    done(50): success=49 t_flicker=1
Ep 15950 | score  207.05 | avg100  205.99 | grasp100  98.0% | best 0.990 |     36 st/s
    done(50): success=49 t_flicker=1
Ep 16000 | score  208.64 | avg100  198.54 | grasp100  95.0% | best 0.990 |     36 st/s
    done(50): success=46 t_flicker=1 t_touched=3
Ep 16050 | score  206.56 | avg100  198.62 | grasp100  95.0% | best 0.990 |     36 st/s
    done(50): success=49 t_flicker=1
Ep 16100 | score  209.60 | avg100  203.12 | grasp100  97.0% | best 0.990 |     36 st/s
    done(50): success=48 t_flicker=1 t_touched=1
Ep 16150 | score  210.98 | avg100  198.54 | grasp100  95.0% | best 0.990 |     36 st/s
    done(50): success=47 t_flicker=1 t_touched=2
Ep 16200 | score  211.99 | avg100  203.45 | grasp100  97.0% | best 0.990 |     36 st/s
    done(50): success=50
Ep 16250 | score  205.69 | avg100  209.47 | grasp100 100.0% | best 0.990 |     36 st/s
    done(50): success=50
Ep 16300 | score  205.70 | avg100  206.46 | grasp100  98.0% | best 0.990 |     36 st/s
    done(50): success=48 t_flicker=2
Ep 16350 | score  209.49 | avg100  200.11 | grasp100  93.0% | best 0.990 |     36 st/s
    done(50): success=45 t_flicker=5
Ep 16400 | score  207.98 | avg100  200.42 | grasp100  94.0% | best 0.990 |     36 st/s
    done(50): success=49 t_flicker=1
  [primacy-bias reset of critic heads @ 250000 updates]
Ep 16450 | score  208.59 | avg100  204.92 | grasp100  98.0% | best 0.990 |     36 st/s
    done(50): success=49 t_flicker=1
Ep 16500 | score  207.26 | avg100  130.50 | grasp100  60.0% | best 0.990 |     36 st/s
    done(50): success=11 t_flicker=12 t_touched=15 t_no_reach=12
Ep 16550 | score  210.03 | avg100   88.42 | grasp100  31.0% | best 0.990 |     36 st/s
    done(50): success=20 t_flicker=28 t_touched=2
Ep 16600 | score  208.79 | avg100  155.67 | grasp100  63.0% | best 0.990 |     36 st/s
    done(50): success=43 t_flicker=7
Ep 16650 | score  208.14 | avg100  194.04 | grasp100  89.0% | best 0.990 |     36 st/s
    done(50): success=46 t_flicker=4
Ep 16700 | score  209.40 | avg100  195.65 | grasp100  90.0% | best 0.990 |     36 st/s
    done(50): success=44 t_flicker=6
Ep 16750 | score  209.78 | avg100  195.75 | grasp100  90.0% | best 0.990 |     36 st/s
    done(50): success=46 t_flicker=4
Ep 16800 | score  208.45 | avg100  199.71 | grasp100  93.0% | best 0.990 |     36 st/s
    done(50): success=47 t_flicker=3
Ep 16850 | score  210.79 | avg100  203.51 | grasp100  95.0% | best 0.990 |     36 st/s
    done(50): success=48 t_flicker=2
Ep 16900 | score  209.52 | avg100  205.49 | grasp100  96.0% | best 0.990 |     36 st/s
    done(50): success=48 t_flicker=2
Ep 16950 | score  210.30 | avg100  204.60 | grasp100  96.0% | best 0.990 |     36 st/s
    done(50): success=48 t_flicker=2
Ep 17000 | score  209.53 | avg100  203.91 | grasp100  95.0% | best 0.990 |     36 st/s
    done(50): success=47 t_flicker=3
Ep 17050 | score  208.77 | avg100  203.88 | grasp100  95.0% | best 0.990 |     36 st/s
    done(50): success=48 t_flicker=1 t_touched=1
Ep 17100 | score  211.10 | avg100  206.68 | grasp100  98.0% | best 0.990 |     36 st/s
    done(50): success=50
Ep 17150 | score  210.20 | avg100  207.93 | grasp100  99.0% | best 0.990 |     36 st/s
    done(50): success=49 t_flicker=1
Ep 17200 | score  210.15 | avg100  205.57 | grasp100  98.0% | best 0.990 |     36 st/s
    done(50): success=49 t_flicker=1
Ep 17250 | score  205.80 | avg100  201.34 | grasp100  95.0% | best 0.990 |     36 st/s
    done(50): success=46 t_flicker=4
Ep 17300 | score  208.64 | avg100  203.91 | grasp100  95.0% | best 0.990 |     36 st/s
    done(50): success=49 t_flicker=1
Ep 17350 | score  208.79 | avg100  207.95 | grasp100  98.0% | best 0.990 |     36 st/s
    done(50): success=49 t_flicker=1
Ep 17400 | score  211.95 | avg100  207.01 | grasp100  98.0% | best 0.990 |     36 st/s
    done(50): success=49 t_flicker=1
Ep 17450 | score  205.21 | avg100  207.01 | grasp100  98.0% | best 0.990 |     36 st/s
    done(50): success=49 t_flicker=1
Ep 17500 | score  209.25 | avg100  204.62 | grasp100  97.0% | best 0.990 |     36 st/s
    done(50): success=48 t_flicker=2
Ep 17550 | score  208.80 | avg100  202.11 | grasp100  96.0% | best 0.990 |     36 st/s
    done(50): success=48 t_flicker=1 t_touched=1
Ep 17600 | score  210.02 | avg100  204.00 | grasp100  97.0% | best 0.990 |     36 st/s
    done(50): success=49 t_flicker=1
Ep 17650 | score  210.79 | avg100  198.57 | grasp100  93.0% | best 0.990 |     36 st/s
    done(50): success=44 t_flicker=5 t_touched=1
Ep 17700 | score  209.29 | avg100  197.58 | grasp100  92.0% | best 0.990 |     36 st/s
    done(50): success=48 t_flicker=2
Ep 17750 | score  211.80 | avg100  207.43 | grasp100  98.0% | best 0.990 |     36 st/s
    done(50): success=50
Ep 17800 | score  208.50 | avg100  209.63 | grasp100 100.0% | best 0.990 |     36 st/s
    done(50): success=50
Ep 17850 | score  205.80 | avg100  209.33 | grasp100 100.0% | best 0.990 |     36 st/s
    done(50): success=50
Ep 17900 | score  207.31 | avg100  207.97 | grasp100  99.0% | best 0.990 |     36 st/s
    done(50): success=49 t_flicker=1
Ep 17950 | score  207.55 | avg100  205.10 | grasp100  97.0% | best 0.990 |     36 st/s
    done(50): success=48 t_flicker=2
Ep 18000 | score  209.87 | avg100  203.54 | grasp100  96.0% | best 0.990 |     36 st/s
    done(50): success=48 t_flicker=2
Ep 18050 | score  209.73 | avg100  203.45 | grasp100  96.0% | best 0.990 |     36 st/s
    done(50): success=48 t_flicker=2
Ep 18100 | score  210.17 | avg100  202.99 | grasp100  96.0% | best 0.990 |     36 st/s
    done(50): success=48 t_flicker=2
Ep 18150 | score  207.27 | avg100  206.04 | grasp100  98.0% | best 0.990 |     35 st/s
    done(50): success=50
Ep 18200 | score  207.42 | avg100  206.49 | grasp100  98.0% | best 0.990 |     35 st/s
    done(50): success=48 t_flicker=2
Ep 18250 | score  207.46 | avg100  204.15 | grasp100  97.0% | best 0.990 |     35 st/s
    done(50): success=49 t_flicker=1
Ep 18300 | score  207.51 | avg100  205.14 | grasp100  97.0% | best 0.990 |     35 st/s
    done(50): success=48 t_flicker=2
Ep 18350 | score  210.15 | avg100  207.73 | grasp100  98.0% | best 0.990 |     35 st/s
    done(50): success=50
Ep 18400 | score  208.49 | avg100  208.35 | grasp100  98.0% | best 0.990 |     35 st/s
    done(50): success=48 t_flicker=2
  [primacy-bias reset of critic heads @ 275000 updates]
Ep 18450 | score  -79.93 | avg100  138.86 | grasp100  73.0% | best 0.990 |     36 st/s
    done(50): success=25 t_flicker=1 t_touched=3 t_no_reach=21
Ep 18500 | score  206.28 | avg100   73.09 | grasp100  45.0% | best 0.990 |     36 st/s
    done(50): success=20 t_flicker=13 t_touched=6 t_no_reach=11
Ep 18550 | score  210.11 | avg100  123.31 | grasp100  57.0% | best 0.990 |     36 st/s
    done(50): success=37 t_flicker=10 t_touched=2 t_no_reach=1
Ep 18600 | score   59.74 | avg100  184.75 | grasp100  83.0% | best 0.990 |     36 st/s
    done(50): success=46 t_flicker=4
Ep 18650 | score  209.24 | avg100  189.46 | grasp100  86.0% | best 0.990 |     36 st/s
    done(50): success=40 t_flicker=10
Ep 18700 | score  206.90 | avg100  192.95 | grasp100  88.0% | best 0.990 |     36 st/s
    done(50): success=48 t_flicker=2
Ep 18750 | score  209.24 | avg100  206.88 | grasp100  98.0% | best 0.990 |     36 st/s
    done(50): success=50
Ep 18800 | score  206.68 | avg100  207.40 | grasp100  98.0% | best 0.990 |     36 st/s
    done(50): success=48 t_flicker=2
Ep 18850 | score  207.76 | avg100  206.48 | grasp100  97.0% | best 0.990 |     36 st/s
    done(50): success=49 t_flicker=1
Ep 18900 | score  208.45 | avg100  207.57 | grasp100  98.0% | best 0.990 |     36 st/s
    done(50): success=49 t_flicker=1
Ep 18950 | score  209.68 | avg100  207.16 | grasp100  98.0% | best 0.990 |     36 st/s
    done(50): success=49 t_flicker=1
Ep 19000 | score  207.59 | avg100  205.54 | grasp100  97.0% | best 0.990 |     36 st/s
    done(50): success=48 t_flicker=2
Ep 19050 | score  212.75 | avg100  206.00 | grasp100  97.0% | best 0.990 |     35 st/s
    done(50): success=49 t_flicker=1
Ep 19100 | score  208.10 | avg100  206.99 | grasp100  98.0% | best 0.990 |     35 st/s
    done(50): success=49 t_flicker=1
Ep 19150 | score  225.64 | avg100  205.57 | grasp100  97.0% | best 0.990 |     35 st/s
    done(50): success=48 t_flicker=2
Ep 19200 | score  207.50 | avg100  206.05 | grasp100  97.0% | best 0.990 |     35 st/s
    done(50): success=49 t_flicker=1
Ep 19250 | score  209.53 | avg100  205.59 | grasp100  97.0% | best 0.990 |     35 st/s
    done(50): success=48 t_flicker=2
Ep 19300 | score  210.30 | avg100  204.65 | grasp100  97.0% | best 0.990 |     35 st/s
    done(50): success=49 t_flicker=1
Ep 19350 | score  208.30 | avg100  207.19 | grasp100  99.0% | best 0.990 |     35 st/s
    done(50): success=50
Ep 19400 | score  207.64 | avg100  201.83 | grasp100  95.0% | best 0.990 |     35 st/s
    done(50): success=45 t_flicker=5
Ep 19450 | score  204.56 | avg100  201.58 | grasp100  94.0% | best 0.990 |     35 st/s
    done(50): success=49 t_flicker=1
Ep 19500 | score  209.89 | avg100  208.31 | grasp100  99.0% | best 0.990 |     35 st/s
    done(50): success=50
Ep 19550 | score  209.30 | avg100  207.76 | grasp100  99.0% | best 0.990 |     35 st/s
    done(50): success=49 t_flicker=1
Ep 19600 | score  211.28 | avg100  203.76 | grasp100  96.0% | best 0.990 |     35 st/s
    done(50): success=47 t_flicker=3
Ep 19650 | score  206.72 | avg100  205.33 | grasp100  97.0% | best 0.990 |     35 st/s
    done(50): success=50
Ep 19700 | score  207.96 | avg100  208.18 | grasp100  99.0% | best 0.990 |     35 st/s
    done(50): success=49 t_flicker=1
Ep 19750 | score  205.34 | avg100  207.38 | grasp100  98.0% | best 0.990 |     35 st/s
    done(50): success=49 t_flicker=1
Ep 19800 | score  206.51 | avg100  207.72 | grasp100  98.0% | best 0.990 |     35 st/s
    done(50): success=49 t_flicker=1
Ep 19850 | score  199.97 | avg100  204.90 | grasp100  96.0% | best 0.990 |     35 st/s
    done(50): success=47 t_flicker=3
Ep 19900 | score  212.08 | avg100  202.48 | grasp100  95.0% | best 0.990 |     35 st/s
    done(50): success=48 t_flicker=2
Ep 19950 | score  198.36 | avg100  206.40 | grasp100  98.0% | best 0.990 |     35 st/s
    done(50): success=50
Ep 20000 | score   60.21 | avg100  208.60 | grasp100  99.0% | best 0.990 |     35 st/s
    done(50): success=49 t_flicker=1
Ep 20050 | score  208.81 | avg100  204.53 | grasp100  96.0% | best 0.990 |     35 st/s
    done(50): success=47 t_flicker=3
Ep 20100 | score  208.57 | avg100  203.00 | grasp100  96.0% | best 0.990 |     35 st/s
    done(50): success=49 t_flicker=1
Ep 20150 | score  214.29 | avg100  206.41 | grasp100  99.0% | best 0.990 |     35 st/s
    done(50): success=50
Ep 20200 | score  207.99 | avg100  209.42 | grasp100 100.0% | best 0.990 |     35 st/s
    done(50): success=50
Ep 20250 | score   65.87 | avg100  205.76 | grasp100  97.0% | best 0.990 |     35 st/s
    done(50): success=47 t_flicker=3
Ep 20300 | score  208.66 | avg100  207.21 | grasp100  97.0% | best 0.990 |     35 st/s
    done(50): success=50
  [primacy-bias reset of critic heads @ 300000 updates]
Ep 20350 | score  -63.99 | avg100  113.20 | grasp100  64.0% | best 0.990 |     35 st/s
    done(50): success=14 t_flicker=3 t_touched=1 t_no_reach=32
Ep 20400 | score  209.90 | avg100   64.39 | grasp100  39.0% | best 0.990 |     35 st/s
    done(50): success=25 t_flicker=12 t_touched=9 t_no_reach=4
Ep 20450 | score  208.35 | avg100  149.98 | grasp100  67.0% | best 0.990 |     35 st/s
    done(50): success=42 t_flicker=7 t_touched=1
Ep 20500 | score  209.33 | avg100  191.13 | grasp100  87.0% | best 0.990 |     35 st/s
    done(50): success=45 t_flicker=5
Ep 20550 | score  208.46 | avg100  199.23 | grasp100  92.0% | best 0.990 |     35 st/s
    done(50): success=47 t_flicker=2 t_no_reach=1
Ep 20600 | score  208.85 | avg100  203.95 | grasp100  95.0% | best 0.990 |     35 st/s
    done(50): success=48 t_flicker=2
Ep 20650 | score  208.74 | avg100  208.47 | grasp100  98.0% | best 0.990 |     35 st/s
    done(50): success=50
Ep 20700 | score  206.90 | avg100  208.11 | grasp100  98.0% | best 0.990 |     35 st/s
    done(50): success=48 t_flicker=2
Ep 20750 | score  208.41 | avg100  205.47 | grasp100  96.0% | best 0.990 |     35 st/s
    done(50): success=48 t_flicker=2
Ep 20800 | score  209.69 | avg100  207.47 | grasp100  98.0% | best 0.990 |     35 st/s
    done(50): success=50
Ep 20850 | score  203.35 | avg100  208.22 | grasp100  99.0% | best 0.990 |     35 st/s
    done(50): success=49 t_flicker=1
Ep 20900 | score  211.86 | avg100  205.46 | grasp100  97.0% | best 0.990 |     35 st/s
    done(50): success=48 t_flicker=2
Ep 20950 | score   96.89 | avg100  201.77 | grasp100  94.0% | best 0.990 |     35 st/s
    done(50): success=46 t_flicker=4
Ep 21000 | score  208.00 | avg100  203.46 | grasp100  95.0% | best 0.990 |     35 st/s
    done(50): success=49 t_flicker=1
Ep 21050 | score  209.15 | avg100  203.48 | grasp100  95.0% | best 0.990 |     35 st/s
    done(50): success=46 t_flicker=4
Ep 21100 | score  219.13 | avg100  204.43 | grasp100  96.0% | best 0.990 |     35 st/s
    done(50): success=50
Ep 21150 | score  206.31 | avg100  202.98 | grasp100  96.0% | best 0.990 |     35 st/s
    done(50): success=46 t_flicker=4
Ep 21200 | score  209.16 | avg100  202.99 | grasp100  95.0% | best 0.990 |     35 st/s
    done(50): success=49 t_flicker=1
Ep 21250 | score  218.52 | avg100  209.36 | grasp100  99.0% | best 0.990 |     35 st/s
    done(50): success=50
Ep 21300 | score  239.03 | avg100  211.01 | grasp100 100.0% | best 0.990 |     35 st/s
    done(50): success=50
Ep 21350 | score  207.13 | avg100  207.68 | grasp100  98.0% | best 0.990 |     35 st/s
    done(50): success=48 t_flicker=1 t_touched=1
Ep 21400 | score  210.21 | avg100  203.11 | grasp100  97.0% | best 0.990 |     35 st/s
    done(50): success=49 t_touched=1
Ep 21450 | score  207.68 | avg100  201.80 | grasp100  95.0% | best 0.990 |     35 st/s
    done(50): success=46 t_flicker=4
Ep 21500 | score  209.45 | avg100  204.52 | grasp100  96.0% | best 0.990 |     35 st/s
    done(50): success=50
Ep 21550 | score  207.22 | avg100  208.96 | grasp100 100.0% | best 0.990 |     35 st/s
    done(50): success=50
Ep 21600 | score  205.06 | avg100  207.92 | grasp100  99.0% | best 0.990 |     35 st/s
    done(50): success=49 t_flicker=1
Ep 21650 | score  209.01 | avg100  205.26 | grasp100  97.0% | best 0.990 |     35 st/s
    done(50): success=48 t_flicker=2
Ep 21700 | score  208.00 | avg100  202.76 | grasp100  95.0% | best 0.990 |     35 st/s
    done(50): success=47 t_flicker=3
Ep 21750 | score  205.77 | avg100  202.55 | grasp100  94.0% | best 0.990 |     35 st/s
    done(50): success=47 t_flicker=3
Ep 21800 | score  210.04 | avg100  204.38 | grasp100  95.0% | best 0.990 |     35 st/s
    done(50): success=48 t_flicker=2
Ep 21850 | score  208.26 | avg100  207.12 | grasp100  97.0% | best 0.990 |     35 st/s
    done(50): success=49 t_flicker=1
Ep 21900 | score  207.80 | avg100  208.41 | grasp100  99.0% | best 0.990 |     35 st/s
    done(50): success=50
Ep 21950 | score  207.64 | avg100  207.64 | grasp100  98.0% | best 0.990 |     35 st/s
    done(50): success=48 t_flicker=2
Ep 22000 | score  210.01 | avg100  204.97 | grasp100  96.0% | best 0.990 |     35 st/s
    done(50): success=48 t_flicker=2
Ep 22050 | score  209.91 | avg100  206.70 | grasp100  98.0% | best 0.990 |     35 st/s
    done(50): success=50
Ep 22100 | score  211.07 | avg100  206.96 | grasp100  98.0% | best 0.990 |     35 st/s
    done(50): success=48 t_flicker=2
Ep 22150 | score  208.27 | avg100  203.44 | grasp100  96.0% | best 0.990 |     35 st/s
    done(50): success=48 t_flicker=1 t_touched=1
Ep 22200 | score  212.16 | avg100  202.43 | grasp100  96.0% | best 0.990 |     35 st/s
    done(50): success=48 t_flicker=2
  [primacy-bias reset of critic heads @ 325000 updates]
Ep 22250 | score  -79.99 | avg100  137.26 | grasp100  71.0% | best 0.990 |     35 st/s
    done(50): success=23 t_flicker=4 t_touched=4 t_no_reach=19
Ep 22300 | score  221.37 | avg100   94.94 | grasp100  47.0% | best 0.990 |     35 st/s
    done(50): success=24 t_flicker=16 t_touched=4 t_no_reach=6
Ep 22350 | score  210.20 | avg100  149.49 | grasp100  65.0% | best 0.990 |     35 st/s
    done(50): success=41 t_flicker=8 t_touched=1
Ep 22400 | score  209.18 | avg100  189.46 | grasp100  86.0% | best 0.990 |     35 st/s
    done(50): success=45 t_flicker=4 t_touched=1
Ep 22450 | score  205.39 | avg100  198.50 | grasp100  91.0% | best 0.990 |     35 st/s
    done(50): success=46 t_flicker=4
Ep 22500 | score  208.74 | avg100  202.14 | grasp100  94.0% | best 0.990 |     35 st/s
    done(50): success=48 t_flicker=1 t_touched=1
Ep 22550 | score  209.36 | avg100  202.23 | grasp100  94.0% | best 0.990 |     35 st/s
    done(50): success=46 t_flicker=3 t_touched=1
Ep 22600 | score  211.01 | avg100  204.63 | grasp100  96.0% | best 0.990 |     35 st/s
    done(50): success=50
Ep 22650 | score  207.62 | avg100  207.47 | grasp100  98.0% | best 0.990 |     35 st/s
    done(50): success=48 t_flicker=1 t_touched=1
Ep 22700 | score  210.09 | avg100  202.42 | grasp100  94.0% | best 0.990 |     35 st/s
    done(50): success=46 t_flicker=4
Ep 22750 | score  209.02 | avg100  204.57 | grasp100  96.0% | best 0.990 |     35 st/s
    done(50): success=50
Ep 22800 | score  230.48 | avg100  208.81 | grasp100  99.0% | best 0.990 |     35 st/s
    done(50): success=49 t_flicker=1
Ep 22850 | score  204.82 | avg100  201.52 | grasp100  94.0% | best 0.990 |     35 st/s
    done(50): success=45 t_flicker=5
Ep 22900 | score  211.90 | avg100  202.52 | grasp100  95.0% | best 0.990 |     35 st/s
    done(50): success=50
Ep 22950 | score  205.93 | avg100  210.72 | grasp100 100.0% | best 0.990 |     35 st/s
    done(50): success=50
Ep 23000 | score  217.53 | avg100  210.59 | grasp100 100.0% | best 0.990 |     35 st/s
    done(50): success=50
Ep 23050 | score  211.80 | avg100  209.28 | grasp100 100.0% | best 0.990 |     35 st/s
    done(50): success=50
Ep 23100 | score  208.37 | avg100  210.86 | grasp100 100.0% | best 0.990 |     35 st/s
    done(50): success=50
Ep 23150 | score  210.32 | avg100  209.01 | grasp100  99.0% | best 0.990 |     35 st/s
    done(50): success=49 t_flicker=1
Ep 23200 | score  210.89 | avg100  207.36 | grasp100  99.0% | best 0.990 |     35 st/s
    done(50): success=50
Ep 23250 | score  214.68 | avg100  206.51 | grasp100  98.0% | best 0.990 |     35 st/s
    done(50): success=48 t_flicker=2
Ep 23300 | score  208.78 | avg100  205.33 | grasp100  97.0% | best 0.990 |     35 st/s
    done(50): success=49 t_flicker=1
Ep 23350 | score  211.84 | avg100  205.04 | grasp100  96.0% | best 0.990 |     35 st/s
    done(50): success=47 t_flicker=2 t_touched=1
Ep 23400 | score  209.80 | avg100  208.40 | grasp100  97.0% | best 0.990 |     35 st/s
    done(50): success=50
Ep 23450 | score  208.32 | avg100  210.65 | grasp100  99.0% | best 0.990 |     35 st/s
    done(50): success=49 t_flicker=1
Ep 23500 | score  208.25 | avg100  205.16 | grasp100  96.0% | best 0.990 |     35 st/s
    done(50): success=47 t_flicker=3
Ep 23550 | score  218.08 | avg100  206.04 | grasp100  97.0% | best 0.990 |     35 st/s
    done(50): success=50
Ep 23600 | score  209.22 | avg100  210.26 | grasp100 100.0% | best 0.990 |     35 st/s
    done(50): success=50
Ep 23650 | score  206.33 | avg100  207.41 | grasp100  98.0% | best 0.990 |     35 st/s
    done(50): success=48 t_flicker=2
Ep 23700 | score  210.27 | avg100  200.76 | grasp100  94.0% | best 0.990 |     35 st/s
    done(50): success=46 t_flicker=4
Ep 23750 | score  211.43 | avg100  203.57 | grasp100  96.0% | best 0.990 |     35 st/s
    done(50): success=50
Ep 23800 | score  206.32 | avg100  207.21 | grasp100  98.0% | best 0.990 |     35 st/s
    done(50): success=48 t_flicker=2
Ep 23850 | score  211.05 | avg100  205.87 | grasp100  96.0% | best 0.990 |     35 st/s
    done(50): success=48 t_flicker=2
Ep 23900 | score  211.40 | avg100  206.86 | grasp100  97.0% | best 0.990 |     35 st/s
    done(50): success=49 t_flicker=1
Ep 23950 | score  208.25 | avg100  208.44 | grasp100  99.0% | best 0.990 |     35 st/s
    done(50): success=50
Ep 24000 | score  208.89 | avg100  212.60 | grasp100 100.0% | best 0.990 |     35 st/s
    done(50): success=50
Ep 24050 | score  208.33 | avg100  209.29 | grasp100  97.0% | best 0.990 |     35 st/s
    done(50): success=47 t_flicker=3
Ep 24100 | score  210.34 | avg100  205.48 | grasp100  95.0% | best 0.990 |     35 st/s
    done(50): success=48 t_flicker=2
Ep 24150 | score  210.21 | avg100  207.72 | grasp100  97.0% | best 0.990 |     35 st/s
    done(50): success=49 t_flicker=1
Ep 24200 | score  209.26 | avg100  209.08 | grasp100  99.0% | best 0.990 |     35 st/s
    done(50): success=50
  [primacy-bias reset of critic heads @ 350000 updates]
Ep 24250 | score  -24.03 | avg100  118.93 | grasp100  65.0% | best 0.990 |     35 st/s
    done(50): success=15 t_flicker=3 t_touched=4 t_no_reach=28
Ep 24300 | score   57.55 | avg100   76.20 | grasp100  39.0% | best 0.990 |     35 st/s
    done(50): success=24 t_flicker=20 t_touched=3 t_no_reach=3
Ep 24350 | score  207.71 | avg100  155.49 | grasp100  65.0% | best 0.990 |     35 st/s
    done(50): success=41 t_flicker=9
Ep 24400 | score  209.50 | avg100  188.98 | grasp100  85.0% | best 0.990 |     35 st/s
    done(50): success=44 t_flicker=4 t_touched=1 t_no_reach=1
Ep 24450 | score  208.29 | avg100  195.40 | grasp100  89.0% | best 0.990 |     35 st/s
    done(50): success=45 t_flicker=5
Ep 24500 | score  209.78 | avg100  200.40 | grasp100  91.0% | best 0.990 |     35 st/s
    done(50): success=46 t_flicker=4
Ep 24550 | score  209.99 | avg100  202.80 | grasp100  94.0% | best 0.990 |     35 st/s
    done(50): success=48 t_flicker=2
Ep 24600 | score  209.70 | avg100  199.86 | grasp100  93.0% | best 0.990 |     35 st/s
    done(50): success=45 t_flicker=5
Ep 24650 | score  207.82 | avg100  203.20 | grasp100  95.0% | best 0.990 |     35 st/s
    done(50): success=50
Ep 24700 | score  208.56 | avg100  205.99 | grasp100  97.0% | best 0.990 |     35 st/s
    done(50): success=47 t_flicker=3
Ep 24750 | score  209.13 | avg100  201.90 | grasp100  94.0% | best 0.990 |     35 st/s
    done(50): success=47 t_flicker=3
Ep 24800 | score   55.11 | avg100  201.44 | grasp100  94.0% | best 0.990 |     35 st/s
    done(50): success=47 t_flicker=3
Ep 24850 | score  209.33 | avg100  203.24 | grasp100  96.0% | best 0.990 |     35 st/s
    done(50): success=49 t_flicker=1
Ep 24900 | score  207.90 | avg100  207.76 | grasp100  99.0% | best 0.990 |     35 st/s
    done(50): success=50
Ep 24950 | score  206.89 | avg100  209.31 | grasp100 100.0% | best 0.990 |     35 st/s
    done(50): success=50
Ep 25000 | score  208.12 | avg100  207.58 | grasp100  98.0% | best 0.990 |     35 st/s
    done(50): success=48 t_flicker=2

========================================================================
DONE  td3_ln_buf1000k_s2
  Episodes     : 25000
  Env steps    : 910,825  (26306s)
  Best metric  : 0.990  (policy in /home/fahim/Thesis_fahim/pickandplace/checkpoints/td3_grasp_rand_td3_ln_buf1000k_s2/best)
  Final grasp% : 98.0
  CSV          : /home/fahim/Thesis_fahim/pickandplace/logs/grasp_rand_td3_ln_buf1000k_s2/episodes.csv
  Probe CSV    : /home/fahim/Thesis_fahim/pickandplace/logs/grasp_rand_td3_ln_buf1000k_s2/probe.csv
  Manifest     : /home/fahim/Thesis_fahim/pickandplace/logs/grasp_rand_td3_ln_buf1000k_s2/manifest.json
========================================================================

