========================================================================
RANDOM-SPAWN GRASP RETRAINING  |  algo=td3_ln  run=td3_ln_buf500k_s0
========================================================================
  Envs                : 5 (subprocess-parallel, fork)
  Spawn level         : 2.0 (1.0 = full position box, 2.0 = + z-rotation)
  Updates/vec-step    : 2 (0.400 per env-step; historical baseline 0.5)
  Buffer              : 500,000
  Actor               : 64 -> 32  (5,216 weights)
  Warm start          : checkpoints/td3_grasp_rand_td3_ln_smallc64_s5/best
  Checkpoints         : /home/fahim/Thesis_fahim/pickandplace/checkpoints/td3_grasp_rand_td3_ln_buf500k_s0
========================================================================

Spawning 5 subprocess environments (fork)...
[robosuite WARNING] No private macro file found! (__init__.py:7)
[robosuite WARNING] No private macro file found! (__init__.py:7)
[robosuite WARNING] It is recommended to use a private macro file (__init__.py:8)
[robosuite WARNING] It is recommended to use a private macro file (__init__.py:8)
[robosuite WARNING] To setup, run: python /home/fahim/Thesis_fahim/venv/lib/python3.12/site-packages/robosuite/scripts/setup_macros.py (__init__.py:9)
[robosuite WARNING] To setup, run: python /home/fahim/Thesis_fahim/venv/lib/python3.12/site-packages/robosuite/scripts/setup_macros.py (__init__.py:9)
[robosuite WARNING] No private macro file found! (__init__.py:7)
[robosuite WARNING] It is recommended to use a private macro file (__init__.py:8)
[robosuite WARNING] To setup, run: python /home/fahim/Thesis_fahim/venv/lib/python3.12/site-packages/robosuite/scripts/setup_macros.py (__init__.py:9)
[robosuite WARNING] No private macro file found! (__init__.py:7)
[robosuite WARNING] It is recommended to use a private macro file (__init__.py:8)
[robosuite WARNING] To setup, run: python /home/fahim/Thesis_fahim/venv/lib/python3.12/site-packages/robosuite/scripts/setup_macros.py (__init__.py:9)
[robosuite WARNING] No private macro file found! (__init__.py:7)
[robosuite WARNING] It is recommended to use a private macro file (__init__.py:8)
[robosuite WARNING] To setup, run: python /home/fahim/Thesis_fahim/venv/lib/python3.12/site-packages/robosuite/scripts/setup_macros.py (__init__.py:9)
Gym has been unmaintained since 2022 and does not support NumPy 2.0 amongst other critical functionality.
Please upgrade to Gymnasium, the maintained drop-in replacement of Gym, or contact the authors of your software and request that they upgrade.
See the migration guide at https://gymnasium.farama.org/introduction/migration_guide/ for additional information.
Gym has been unmaintained since 2022 and does not support NumPy 2.0 amongst other critical functionality.
Please upgrade to Gymnasium, the maintained drop-in replacement of Gym, or contact the authors of your software and request that they upgrade.
See the migration guide at https://gymnasium.farama.org/introduction/migration_guide/ for additional information.
Gym has been unmaintained since 2022 and does not support NumPy 2.0 amongst other critical functionality.
Please upgrade to Gymnasium, the maintained drop-in replacement of Gym, or contact the authors of your software and request that they upgrade.
See the migration guide at https://gymnasium.farama.org/introduction/migration_guide/ for additional information.
Gym has been unmaintained since 2022 and does not support NumPy 2.0 amongst other critical functionality.
Please upgrade to Gymnasium, the maintained drop-in replacement of Gym, or contact the authors of your software and request that they upgrade.
See the migration guide at https://gymnasium.farama.org/introduction/migration_guide/ for additional information.
Gym has been unmaintained since 2022 and does not support NumPy 2.0 amongst other critical functionality.
Please upgrade to Gymnasium, the maintained drop-in replacement of Gym, or contact the authors of your software and request that they upgrade.
See the migration guide at https://gymnasium.farama.org/introduction/migration_guide/ for additional information.
/home/fahim/Thesis_fahim/venv/lib/python3.12/site-packages/gym/spaces/box.py:84: UserWarning: [33mWARN: Box bound precision lowered by casting to float32[0m
  logger.warn(f"Box bound precision lowered by casting to {self.dtype}")
/home/fahim/Thesis_fahim/venv/lib/python3.12/site-packages/gym/spaces/box.py:84: UserWarning: [33mWARN: Box bound precision lowered by casting to float32[0m
  logger.warn(f"Box bound precision lowered by casting to {self.dtype}")
/home/fahim/Thesis_fahim/venv/lib/python3.12/site-packages/gym/spaces/box.py:84: UserWarning: [33mWARN: Box bound precision lowered by casting to float32[0m
  logger.warn(f"Box bound precision lowered by casting to {self.dtype}")
/home/fahim/Thesis_fahim/venv/lib/python3.12/site-packages/gym/spaces/box.py:84: UserWarning: [33mWARN: Box bound precision lowered by casting to float32[0m
  logger.warn(f"Box bound precision lowered by casting to {self.dtype}")
/home/fahim/Thesis_fahim/venv/lib/python3.12/site-packages/gym/spaces/box.py:84: UserWarning: [33mWARN: Box bound precision lowered by casting to float32[0m
  logger.warn(f"Box bound precision lowered by casting to {self.dtype}")
Gym has been unmaintained since 2022 and does not support NumPy 2.0 amongst other critical functionality.
Please upgrade to Gymnasium, the maintained drop-in replacement of Gym, or contact the authors of your software and request that they upgrade.
See the migration guide at https://gymnasium.farama.org/introduction/migration_guide/ for additional information.
5 environments ready.

  Actor QAT           : per-tensor INT8 fake-quant, STE grads
  Actor weight clip   : |w| <= 8.0 * std(w) per Linear tensor (bi_s0 baseline fc1 9.96 / fc2 10.82)
Init: warm-started (source: /home/fahim/Thesis_fahim/pickandplace/checkpoints/td3_grasp_rand_td3_ln_smallc64_s5/best)
Fresh replay buffer.

Training...

Ep    50 | score  211.31 | avg100  201.95 | grasp100  94.0% | best 0.000 |     51 st/s
    done(50): success=47 t_flicker=3
Ep   100 | score  209.42 | avg100  201.66 | grasp100  93.0% | best 0.000 |     53 st/s
    done(50): success=46 t_flicker=4
Ep   150 | score  208.22 | avg100  200.71 | grasp100  92.0% | best 0.000 |     52 st/s
    done(50): success=46 t_flicker=3 t_touched=1
Ep   200 | * BEST  level200=2.00 grasp200= 92.5% metric=0.925 | score  206.70
Ep   250 | score  208.51 | avg100  178.24 | grasp100  81.0% | best 0.925 |     46 st/s
    done(50): success=35 t_flicker=9 t_touched=6
Ep   300 | score  208.18 | avg100  163.87 | grasp100  73.0% | best 0.925 |     45 st/s
    done(50): success=38 t_flicker=6 t_touched=6
Ep   350 | score  -43.47 | avg100  176.46 | grasp100  81.0% | best 0.925 |     45 st/s
    done(50): success=43 t_flicker=3 t_touched=4
Ep   400 | score   69.67 | avg100  177.20 | grasp100  82.0% | best 0.925 |     44 st/s
    done(50): success=39 t_flicker=8 t_touched=3
Ep   450 | score  210.37 | avg100  178.17 | grasp100  81.0% | best 0.925 |     43 st/s
    done(50): success=42 t_flicker=6 t_touched=2
Ep   500 | score  209.23 | avg100  181.96 | grasp100  81.0% | best 0.925 |     42 st/s
    done(50): success=39 t_flicker=9 t_touched=2
Ep   550 | score  206.46 | avg100  175.16 | grasp100  79.0% | best 0.925 |     42 st/s
    done(50): success=40 t_flicker=7 t_touched=2 t_no_reach=1
Ep   600 | score   95.31 | avg100  173.71 | grasp100  75.0% | best 0.925 |     42 st/s
    done(50): success=35 t_flicker=14 t_touched=1
Ep   650 | score   68.48 | avg100  164.88 | grasp100  68.0% | best 0.925 |     42 st/s
    done(50): success=33 t_flicker=16 t_touched=1
Ep   700 | score  -37.87 | avg100  165.55 | grasp100  73.0% | best 0.925 |     42 st/s
    done(50): success=40 t_flicker=7 t_touched=3
Ep   750 | score  208.89 | avg100  177.41 | grasp100  82.0% | best 0.925 |     42 st/s
    done(50): success=42 t_flicker=5 t_touched=3
Ep   800 | score   57.46 | avg100  173.36 | grasp100  79.0% | best 0.925 |     42 st/s
    done(50): success=37 t_flicker=13
Ep   850 | score   95.46 | avg100  160.19 | grasp100  71.0% | best 0.925 |     42 st/s
    done(50): success=34 t_flicker=11 t_touched=5
Ep   900 | score  203.00 | avg100  166.32 | grasp100  75.0% | best 0.925 |     41 st/s
    done(50): success=41 t_flicker=9
Ep   950 | score  -47.57 | avg100  180.88 | grasp100  86.0% | best 0.925 |     41 st/s
    done(50): success=45 t_flicker=1 t_touched=2 t_no_reach=2
Ep  1000 | score  209.81 | avg100  169.17 | grasp100  82.0% | best 0.925 |     42 st/s
    done(50): success=37 t_flicker=4 t_touched=2 t_no_reach=7
Ep  1050 | score  235.40 | avg100  159.04 | grasp100  73.0% | best 0.925 |     42 st/s
    done(50): success=36 t_flicker=9 t_touched=3 t_no_reach=2
Ep  1100 | score  212.36 | avg100  165.32 | grasp100  75.0% | best 0.925 |     42 st/s
    done(50): success=39 t_flicker=6 t_touched=4 t_no_reach=1
Ep  1150 | score   32.23 | avg100  167.03 | grasp100  76.0% | best 0.925 |     42 st/s
    done(50): success=37 t_flicker=8 t_touched=4 t_no_reach=1
Ep  1200 | score  211.12 | avg100  166.30 | grasp100  76.0% | best 0.925 |     42 st/s
    done(50): success=39 t_flicker=5 t_touched=5 t_no_reach=1
Ep  1250 | score  212.63 | avg100  165.02 | grasp100  77.0% | best 0.925 |     42 st/s
    done(50): success=38 t_flicker=8 t_touched=4
Ep  1300 | score   37.21 | avg100  166.98 | grasp100  76.0% | best 0.925 |     42 st/s
    done(50): success=38 t_flicker=10 t_touched=2
  [primacy-bias reset of critic heads @ 25000 updates]
Ep  1350 | score  -76.41 | avg100  101.83 | grasp100  55.0% | best 0.925 |     43 st/s
    done(50): success=17 t_flicker=2 t_touched=5 t_no_reach=26
Ep  1400 | score  -37.63 | avg100   20.84 | grasp100  29.0% | best 0.925 |     44 st/s
    done(50): success=12 t_flicker=3 t_touched=19 t_no_reach=16
Ep  1450 | score  -42.63 | avg100   68.13 | grasp100  40.0% | best 0.925 |     44 st/s
    done(50): success=28 t_flicker=15 t_touched=7
Ep  1500 | score  210.63 | avg100  140.97 | grasp100  62.0% | best 0.925 |     44 st/s
    done(50): success=34 t_flicker=13 t_touched=3
Ep  1550 | score  207.31 | avg100  146.26 | grasp100  64.0% | best 0.925 |     44 st/s
    done(50): success=30 t_flicker=16 t_touched=4
Ep  1600 | score  207.82 | avg100  147.83 | grasp100  63.0% | best 0.925 |     44 st/s
    done(50): success=33 t_flicker=14 t_touched=3
Ep  1650 | score   34.64 | avg100  164.74 | grasp100  71.0% | best 0.925 |     44 st/s
    done(50): success=38 t_flicker=10 t_touched=2
Ep  1700 | score   95.97 | avg100  181.51 | grasp100  83.0% | best 0.925 |     44 st/s
    done(50): success=45 t_flicker=3 t_touched=2
Ep  1750 | score  207.15 | avg100  187.71 | grasp100  85.0% | best 0.925 |     44 st/s
    done(50): success=40 t_flicker=7 t_touched=3
Ep  1800 | score  210.47 | avg100  181.90 | grasp100  81.0% | best 0.925 |     43 st/s
    done(50): success=41 t_flicker=7 t_touched=2
Ep  1850 | score  247.44 | avg100  176.76 | grasp100  78.0% | best 0.925 |     43 st/s
    done(50): success=37 t_flicker=11 t_touched=2
Ep  1900 | score   86.89 | avg100  178.04 | grasp100  79.0% | best 0.925 |     43 st/s
    done(50): success=42 t_flicker=6 t_touched=2
Ep  1950 | score  210.86 | avg100  186.69 | grasp100  86.0% | best 0.925 |     43 st/s
    done(50): success=44 t_flicker=4 t_touched=2
Ep  2000 | score  211.34 | avg100  187.22 | grasp100  87.0% | best 0.925 |     43 st/s
    done(50): success=43 t_flicker=7
Ep  2050 | score  208.04 | avg100  177.32 | grasp100  80.0% | best 0.925 |     43 st/s
    done(50): success=37 t_flicker=10 t_touched=3
Ep  2100 | score  210.07 | avg100  180.51 | grasp100  80.0% | best 0.925 |     43 st/s
    done(50): success=43 t_flicker=6 t_touched=1
Ep  2150 | score  211.69 | avg100  188.08 | grasp100  85.0% | best 0.925 |     42 st/s
    done(50): success=42 t_flicker=8
Ep  2200 | score  212.25 | avg100  192.07 | grasp100  87.0% | best 0.925 |     42 st/s
    done(50): success=45 t_flicker=4 t_touched=1
Ep  2250 | score  212.52 | avg100  195.29 | grasp100  89.0% | best 0.925 |     42 st/s
    done(50): success=44 t_flicker=5 t_touched=1
Ep  2300 | score   87.51 | avg100  188.39 | grasp100  86.0% | best 0.925 |     42 st/s
    done(50): success=42 t_flicker=6 t_touched=2
Ep  2350 | score  209.20 | avg100  188.75 | grasp100  86.0% | best 0.925 |     42 st/s
    done(50): success=44 t_flicker=5 t_touched=1
Ep  2400 | score  210.45 | avg100  194.57 | grasp100  90.0% | best 0.925 |     42 st/s
    done(50): success=46 t_flicker=3 t_touched=1
Ep  2450 | score  211.37 | avg100  198.29 | grasp100  93.0% | best 0.925 |     42 st/s
    done(50): success=47 t_flicker=2 t_touched=1
Ep  2500 | score  208.76 | avg100  190.09 | grasp100  87.0% | best 0.925 |     42 st/s
    done(50): success=40 t_flicker=8 t_touched=2
  [primacy-bias reset of critic heads @ 50000 updates]
Ep  2550 | score  -79.97 | avg100  127.72 | grasp100  63.0% | best 0.925 |     42 st/s
    done(50): success=23 t_flicker=5 t_touched=4 t_no_reach=18
Ep  2600 | score  206.87 | avg100   56.75 | grasp100  42.0% | best 0.925 |     42 st/s
    done(50): success=19 t_flicker=2 t_touched=1 t_no_reach=28
Ep  2650 | score  206.54 | avg100   76.45 | grasp100  45.0% | best 0.925 |     43 st/s
    done(50): success=26 t_flicker=15 t_touched=8 t_no_reach=1
Ep  2700 | score   77.36 | avg100  131.78 | grasp100  61.0% | best 0.925 |     43 st/s
    done(50): success=35 t_flicker=10 t_touched=4 t_no_reach=1
Ep  2750 | score  226.28 | avg100  164.02 | grasp100  75.0% | best 0.925 |     42 st/s
    done(50): success=40 t_flicker=9 t_touched=1
Ep  2800 | score  206.52 | avg100  184.23 | grasp100  83.0% | best 0.925 |     42 st/s
    done(50): success=43 t_flicker=7
Ep  2850 | score  210.30 | avg100  197.07 | grasp100  91.0% | best 0.925 |     42 st/s
    done(50): success=48 t_flicker=2
Ep  2900 | score  209.85 | avg100  197.79 | grasp100  90.0% | best 0.925 |     42 st/s
    done(50): success=42 t_flicker=7 t_touched=1
Ep  2950 | score  206.16 | avg100  182.67 | grasp100  80.0% | best 0.925 |     42 st/s
    done(50): success=38 t_flicker=10 t_touched=2
Ep  3000 | score  206.98 | avg100  184.73 | grasp100  82.0% | best 0.925 |     42 st/s
    done(50): success=44 t_flicker=6
Ep  3050 | score  208.64 | avg100  193.94 | grasp100  88.0% | best 0.925 |     42 st/s
    done(50): success=44 t_flicker=6
Ep  3100 | score  230.80 | avg100  192.41 | grasp100  86.0% | best 0.925 |     42 st/s
    done(50): success=42 t_flicker=8
Ep  3150 | score  209.21 | avg100  194.53 | grasp100  88.0% | best 0.925 |     42 st/s
    done(50): success=46 t_flicker=3 t_touched=1
Ep  3200 | score  210.28 | avg100  193.17 | grasp100  89.0% | best 0.925 |     42 st/s
    done(50): success=43 t_flicker=7
Ep  3250 | score  210.27 | avg100  197.52 | grasp100  92.0% | best 0.925 |     41 st/s
    done(50): success=49 t_flicker=1
Ep  3300 | score  211.11 | avg100  203.57 | grasp100  96.0% | best 0.925 |     41 st/s
    done(50): success=47 t_flicker=3
Ep  3350 | score   76.25 | avg100  197.89 | grasp100  92.0% | best 0.925 |     41 st/s
    done(50): success=45 t_flicker=5
Ep  3400 | score  209.08 | avg100  194.87 | grasp100  91.0% | best 0.925 |     41 st/s
    done(50): success=46 t_flicker=3 t_touched=1
Ep  3450 | score  204.68 | avg100  197.27 | grasp100  92.0% | best 0.925 |     41 st/s
    done(50): success=46 t_flicker=4
Ep  3500 | score  211.49 | avg100  194.91 | grasp100  90.0% | best 0.925 |     41 st/s
    done(50): success=44 t_flicker=6
Ep  3550 | score  210.07 | avg100  194.18 | grasp100  90.0% | best 0.925 |     41 st/s
    done(50): success=46 t_flicker=3 t_touched=1
Ep  3600 | score  204.82 | avg100  200.68 | grasp100  94.0% | best 0.925 |     41 st/s
    done(50): success=48 t_flicker=2
Ep  3650 | score  206.78 | avg100  198.35 | grasp100  92.0% | best 0.925 |     41 st/s
    done(50): success=44 t_flicker=5 t_touched=1
Ep  3684 | * BEST  level200=2.00 grasp200= 94.0% metric=0.940 | score  208.86
Ep  3700 | score  207.16 | avg100  199.20 | grasp100  92.0% | best 0.940 |     41 st/s
    done(50): success=48 t_flicker=2
Ep  3750 | score  206.21 | avg100  201.91 | grasp100  95.0% | best 0.940 |     41 st/s
    done(50): success=47 t_flicker=2 t_touched=1
Ep  3800 | score   57.68 | avg100  197.08 | grasp100  92.0% | best 0.940 |     41 st/s
    done(50): success=45 t_flicker=5
Ep  3850 | score  204.79 | avg100  196.84 | grasp100  92.0% | best 0.940 |     40 st/s
    done(50): success=47 t_flicker=2 t_touched=1
Ep  3900 | score  210.78 | avg100  193.76 | grasp100  91.0% | best 0.940 |     40 st/s
    done(50): success=44 t_flicker=5 t_touched=1
Ep  3950 | score  211.96 | avg100  197.82 | grasp100  93.0% | best 0.940 |     40 st/s
    done(50): success=49 t_touched=1
Ep  4000 | score  206.43 | avg100  203.48 | grasp100  96.0% | best 0.940 |     40 st/s
    done(50): success=47 t_flicker=3
  [primacy-bias reset of critic heads @ 75000 updates]
Ep  4050 | score  -54.00 | avg100  167.83 | grasp100  79.0% | best 0.940 |     40 st/s
    done(50): success=32 t_flicker=9 t_touched=7 t_no_reach=2
Ep  4100 | score  206.24 | avg100   94.41 | grasp100  51.0% | best 0.940 |     41 st/s
    done(50): success=19 t_flicker=5 t_touched=7 t_no_reach=19
Ep  4150 | score  206.79 | avg100   96.10 | grasp100  47.0% | best 0.940 |     41 st/s
    done(50): success=28 t_flicker=11 t_touched=9 t_no_reach=2
Ep  4200 | score  209.81 | avg100  155.40 | grasp100  64.0% | best 0.940 |     41 st/s
    done(50): success=36 t_flicker=9 t_touched=5
Ep  4250 | score  209.25 | avg100  186.18 | grasp100  82.0% | best 0.940 |     41 st/s
    done(50): success=46 t_flicker=3 t_touched=1
Ep  4300 | score   85.77 | avg100  195.53 | grasp100  88.0% | best 0.940 |     41 st/s
    done(50): success=42 t_flicker=8
Ep  4350 | score   61.36 | avg100  188.27 | grasp100  83.0% | best 0.940 |     41 st/s
    done(50): success=41 t_flicker=9
Ep  4400 | score  208.83 | avg100  193.98 | grasp100  88.0% | best 0.940 |     41 st/s
    done(50): success=47 t_flicker=3
Ep  4450 | score  210.64 | avg100  202.19 | grasp100  94.0% | best 0.940 |     40 st/s
    done(50): success=47 t_flicker=3
Ep  4500 | score  209.30 | avg100  200.10 | grasp100  92.0% | best 0.940 |     40 st/s
    done(50): success=45 t_flicker=5
Ep  4550 | score  205.51 | avg100  192.60 | grasp100  87.0% | best 0.940 |     40 st/s
    done(50): success=42 t_flicker=8
Ep  4600 | score  209.20 | avg100  192.56 | grasp100  88.0% | best 0.940 |     40 st/s
    done(50): success=46 t_flicker=4
Ep  4650 | score  209.59 | avg100  198.67 | grasp100  92.0% | best 0.940 |     40 st/s
    done(50): success=46 t_flicker=4
Ep  4700 | score  207.98 | avg100  196.25 | grasp100  90.0% | best 0.940 |     40 st/s
    done(50): success=44 t_flicker=6
Ep  4750 | score  210.69 | avg100  195.37 | grasp100  89.0% | best 0.940 |     40 st/s
    done(50): success=45 t_flicker=5
Ep  4800 | score  207.72 | avg100  199.40 | grasp100  92.0% | best 0.940 |     40 st/s
    done(50): success=47 t_flicker=3
Ep  4850 | score  160.00 | avg100  202.00 | grasp100  94.0% | best 0.940 |     40 st/s
    done(50): success=47 t_flicker=3
Ep  4900 | score  209.80 | avg100  204.74 | grasp100  95.0% | best 0.940 |     40 st/s
    done(50): success=48 t_flicker=2
Ep  4920 | * BEST  level200=2.00 grasp200= 95.5% metric=0.955 | score  208.83
Ep  4950 | score  210.98 | avg100  206.43 | grasp100  97.0% | best 0.955 |     40 st/s
    done(50): success=49 t_flicker=1
Ep  5000 | score   59.43 | avg100  202.31 | grasp100  95.0% | best 0.955 |     40 st/s
    done(50): success=46 t_flicker=3 t_no_reach=1
Ep  5050 | score  206.26 | avg100  195.48 | grasp100  90.0% | best 0.955 |     40 st/s
    done(50): success=44 t_flicker=6
Ep  5100 | score  209.83 | avg100  199.02 | grasp100  92.0% | best 0.955 |     40 st/s
    done(50): success=48 t_flicker=2
Ep  5150 | score  208.93 | avg100  202.56 | grasp100  94.0% | best 0.955 |     40 st/s
    done(50): success=46 t_flicker=4
Ep  5200 | score  206.95 | avg100  201.15 | grasp100  93.0% | best 0.955 |     39 st/s
    done(50): success=47 t_flicker=3
Ep  5250 | score  205.27 | avg100  206.13 | grasp100  96.0% | best 0.955 |     39 st/s
    done(50): success=49 t_flicker=1
Ep  5300 | score  207.86 | avg100  204.59 | grasp100  95.0% | best 0.955 |     39 st/s
    done(50): success=46 t_flicker=4
Ep  5350 | score  209.52 | avg100  198.61 | grasp100  93.0% | best 0.955 |     39 st/s
    done(50): success=47 t_flicker=1 t_touched=2
Ep  5400 | score  204.64 | avg100  199.32 | grasp100  93.0% | best 0.955 |     39 st/s
    done(50): success=46 t_flicker=4
Ep  5450 | score  200.86 | avg100  194.74 | grasp100  88.0% | best 0.955 |     39 st/s
    done(50): success=42 t_flicker=6 t_touched=2
Ep  5500 | score  213.02 | avg100  198.75 | grasp100  92.0% | best 0.955 |     39 st/s
    done(50): success=50
Ep  5550 | score  207.49 | avg100  203.12 | grasp100  96.0% | best 0.955 |     39 st/s
    done(50): success=46 t_flicker=4
Ep  5600 | score  205.64 | avg100  196.04 | grasp100  90.0% | best 0.955 |     39 st/s
    done(50): success=44 t_flicker=6
Ep  5650 | score  206.72 | avg100  193.47 | grasp100  88.0% | best 0.955 |     39 st/s
    done(50): success=44 t_flicker=5 t_touched=1
  [primacy-bias reset of critic heads @ 100000 updates]
Ep  5700 | score  206.40 | avg100  192.00 | grasp100  88.0% | best 0.955 |     39 st/s
    done(50): success=44 t_flicker=6
Ep  5750 | score  210.50 | avg100  128.71 | grasp100  61.0% | best 0.955 |     39 st/s
    done(50): success=17 t_flicker=11 t_touched=15 t_no_reach=7
Ep  5800 | score  -55.68 | avg100   99.41 | grasp100  47.0% | best 0.955 |     39 st/s
    done(50): success=30 t_flicker=12 t_touched=2 t_no_reach=6
Ep  5850 | score   58.68 | avg100  155.09 | grasp100  71.0% | best 0.955 |     39 st/s
    done(50): success=41 t_flicker=6 t_no_reach=3
Ep  5900 | score  209.59 | avg100  183.27 | grasp100  86.0% | best 0.955 |     39 st/s
    done(50): success=45 t_flicker=2 t_touched=3
Ep  5950 | score  200.21 | avg100  194.65 | grasp100  91.0% | best 0.955 |     39 st/s
    done(50): success=46 t_flicker=4
Ep  6000 | score   83.66 | avg100  201.02 | grasp100  93.0% | best 0.955 |     39 st/s
    done(50): success=47 t_flicker=3
Ep  6050 | score  208.46 | avg100  206.83 | grasp100  97.0% | best 0.955 |     39 st/s
    done(50): success=50
Ep  6100 | score  207.88 | avg100  206.86 | grasp100  98.0% | best 0.955 |     39 st/s
    done(50): success=48 t_flicker=2
Ep  6123 | * BEST  level200=2.00 grasp200= 97.0% metric=0.970 | score  207.53
Ep  6150 | score  208.01 | avg100  202.83 | grasp100  96.0% | best 0.970 |     39 st/s
    done(50): success=48 t_flicker=2
Ep  6200 | score  210.49 | avg100  200.69 | grasp100  95.0% | best 0.970 |     39 st/s
    done(50): success=47 t_flicker=2 t_touched=1
Ep  6250 | score  209.98 | avg100  201.15 | grasp100  95.0% | best 0.970 |     39 st/s
    done(50): success=48 t_flicker=2
Ep  6300 | score  209.87 | avg100  205.97 | grasp100  97.0% | best 0.970 |     39 st/s
    done(50): success=49 t_flicker=1
Ep  6350 | score  211.72 | avg100  205.19 | grasp100  96.0% | best 0.970 |     39 st/s
    done(50): success=47 t_flicker=3
Ep  6400 | score  212.32 | avg100  203.46 | grasp100  94.0% | best 0.970 |     39 st/s
    done(50): success=47 t_flicker=3
Ep  6450 | score  209.60 | avg100  202.82 | grasp100  94.0% | best 0.970 |     39 st/s
    done(50): success=47 t_flicker=2 t_touched=1
Ep  6500 | score  210.56 | avg100  202.25 | grasp100  95.0% | best 0.970 |     39 st/s
    done(50): success=48 t_flicker=2
Ep  6550 | score  208.27 | avg100  200.45 | grasp100  94.0% | best 0.970 |     39 st/s
    done(50): success=46 t_flicker=4
Ep  6600 | score  210.79 | avg100  197.52 | grasp100  91.0% | best 0.970 |     39 st/s
    done(50): success=45 t_flicker=5
Ep  6650 | score  209.25 | avg100  202.59 | grasp100  94.0% | best 0.970 |     39 st/s
    done(50): success=49 t_flicker=1
Ep  6700 | score  202.62 | avg100  208.33 | grasp100  99.0% | best 0.970 |     38 st/s
    done(50): success=50
Ep  6750 | score  209.97 | avg100  207.78 | grasp100  99.0% | best 0.970 |     38 st/s
    done(50): success=49 t_touched=1
Ep  6800 | score  207.52 | avg100  204.17 | grasp100  96.0% | best 0.970 |     38 st/s
    done(50): success=47 t_flicker=3
Ep  6850 | score  209.82 | avg100  203.02 | grasp100  95.0% | best 0.970 |     38 st/s
    done(50): success=48 t_flicker=2
Ep  6900 | score  207.79 | avg100  203.00 | grasp100  95.0% | best 0.970 |     38 st/s
    done(50): success=47 t_flicker=3
Ep  6950 | score  210.17 | avg100  200.06 | grasp100  94.0% | best 0.970 |     38 st/s
    done(50): success=47 t_flicker=2 t_touched=1
Ep  7000 | score  208.39 | avg100  200.05 | grasp100  94.0% | best 0.970 |     38 st/s
    done(50): success=47 t_flicker=3
Ep  7050 | score  209.59 | avg100  204.71 | grasp100  96.0% | best 0.970 |     38 st/s
    done(50): success=49 t_flicker=1
Ep  7100 | score  206.76 | avg100  208.65 | grasp100  99.0% | best 0.970 |     38 st/s
    done(50): success=50
Ep  7150 | score  223.53 | avg100  204.33 | grasp100  96.0% | best 0.970 |     38 st/s
    done(50): success=46 t_flicker=4
Ep  7200 | score   58.80 | avg100  199.09 | grasp100  93.0% | best 0.970 |     38 st/s
    done(50): success=47 t_flicker=2 t_touched=1
Ep  7250 | score  212.25 | avg100  201.98 | grasp100  95.0% | best 0.970 |     38 st/s
    done(50): success=48 t_flicker=2
Ep  7300 | score  209.24 | avg100  197.93 | grasp100  91.0% | best 0.970 |     38 st/s
    done(50): success=43 t_flicker=7
Ep  7350 | score  208.61 | avg100  197.04 | grasp100  90.0% | best 0.970 |     38 st/s
    done(50): success=47 t_flicker=3
Ep  7400 | score  208.78 | avg100  199.15 | grasp100  92.0% | best 0.970 |     38 st/s
    done(50): success=45 t_flicker=5
Ep  7450 | score  210.55 | avg100  199.75 | grasp100  93.0% | best 0.970 |     38 st/s
    done(50): success=48 t_flicker=1 t_touched=1
Ep  7500 | score  207.93 | avg100  205.00 | grasp100  97.0% | best 0.970 |     38 st/s
    done(50): success=49 t_flicker=1
Ep  7550 | score  206.76 | avg100  202.27 | grasp100  95.0% | best 0.970 |     38 st/s
    done(50): success=46 t_flicker=4
  [primacy-bias reset of critic heads @ 125000 updates]
Ep  7600 | score    0.52 | avg100  194.01 | grasp100  90.0% | best 0.970 |     38 st/s
    done(50): success=44 t_flicker=4 t_touched=2
Ep  7650 | score   58.40 | avg100  152.52 | grasp100  69.0% | best 0.970 |     38 st/s
    done(50): success=25 t_flicker=13 t_touched=5 t_no_reach=7
Ep  7700 | score  210.64 | avg100  147.67 | grasp100  65.0% | best 0.970 |     38 st/s
    done(50): success=40 t_flicker=9 t_touched=1
Ep  7750 | score  206.46 | avg100  176.79 | grasp100  79.0% | best 0.970 |     38 st/s
    done(50): success=39 t_flicker=10 t_touched=1
Ep  7800 | score  207.92 | avg100  185.24 | grasp100  85.0% | best 0.970 |     38 st/s
    done(50): success=46 t_flicker=4
Ep  7850 | score  208.48 | avg100  201.78 | grasp100  94.0% | best 0.970 |     38 st/s
    done(50): success=48 t_flicker=2
Ep  7900 | score  207.48 | avg100  200.37 | grasp100  92.0% | best 0.970 |     38 st/s
    done(50): success=44 t_flicker=6
Ep  7950 | score  210.11 | avg100  199.09 | grasp100  92.0% | best 0.970 |     38 st/s
    done(50): success=48 t_flicker=2
Ep  8000 | score  208.15 | avg100  205.56 | grasp100  97.0% | best 0.970 |     38 st/s
    done(50): success=49 t_flicker=1
Ep  8050 | score  209.76 | avg100  204.16 | grasp100  96.0% | best 0.970 |     38 st/s
    done(50): success=47 t_flicker=3
Ep  8100 | score  206.08 | avg100  197.52 | grasp100  92.0% | best 0.970 |     38 st/s
    done(50): success=45 t_flicker=4 t_touched=1
Ep  8150 | score  204.35 | avg100  198.26 | grasp100  93.0% | best 0.970 |     38 st/s
    done(50): success=48 t_flicker=2
Ep  8200 | score  208.19 | avg100  202.08 | grasp100  95.0% | best 0.970 |     38 st/s
    done(50): success=47 t_flicker=3
Ep  8250 | score  207.58 | avg100  201.51 | grasp100  95.0% | best 0.970 |     38 st/s
    done(50): success=48 t_flicker=2
Ep  8300 | score  209.97 | avg100  199.77 | grasp100  94.0% | best 0.970 |     38 st/s
    done(50): success=46 t_flicker=2 t_touched=2
Ep  8350 | score  210.89 | avg100  198.86 | grasp100  92.0% | best 0.970 |     38 st/s
    done(50): success=46 t_flicker=3 t_touched=1
Ep  8400 | score  208.08 | avg100  202.70 | grasp100  95.0% | best 0.970 |     38 st/s
    done(50): success=49 t_touched=1
Ep  8450 | score   10.55 | avg100  205.74 | grasp100  98.0% | best 0.970 |     38 st/s
    done(50): success=49 t_touched=1
Ep  8500 | score  207.70 | avg100  205.13 | grasp100  97.0% | best 0.970 |     38 st/s
    done(50): success=48 t_flicker=2
Ep  8550 | score  210.84 | avg100  203.05 | grasp100  95.0% | best 0.970 |     37 st/s
    done(50): success=47 t_flicker=3
Ep  8600 | score  209.01 | avg100  203.85 | grasp100  96.0% | best 0.970 |     37 st/s
    done(50): success=49 t_flicker=1
Ep  8650 | score  209.98 | avg100  202.23 | grasp100  96.0% | best 0.970 |     37 st/s
    done(50): success=47 t_flicker=2 t_touched=1
Ep  8700 | score  211.14 | avg100  202.58 | grasp100  96.0% | best 0.970 |     37 st/s
    done(50): success=49 t_flicker=1
Ep  8750 | score  207.29 | avg100  204.33 | grasp100  97.0% | best 0.970 |     37 st/s
    done(50): success=48 t_flicker=2
Ep  8800 | score  209.29 | avg100  203.18 | grasp100  96.0% | best 0.970 |     37 st/s
    done(50): success=48 t_flicker=2
Ep  8850 | score  209.90 | avg100  203.90 | grasp100  96.0% | best 0.970 |     37 st/s
    done(50): success=48 t_flicker=2
Ep  8900 | score  178.27 | avg100  206.87 | grasp100  97.0% | best 0.970 |     37 st/s
    done(50): success=49 t_flicker=1
Ep  8950 | score  206.75 | avg100  209.47 | grasp100  99.0% | best 0.970 |     37 st/s
    done(50): success=50
Ep  9000 | score  239.57 | avg100  201.86 | grasp100  95.0% | best 0.970 |     37 st/s
    done(50): success=45 t_flicker=5
Ep  9050 | score  207.87 | avg100  195.38 | grasp100  91.0% | best 0.970 |     37 st/s
    done(50): success=46 t_flicker=3 t_touched=1
Ep  9100 | score  211.37 | avg100  201.69 | grasp100  95.0% | best 0.970 |     37 st/s
    done(50): success=49 t_flicker=1
Ep  9150 | score  209.98 | avg100  199.15 | grasp100  93.0% | best 0.970 |     37 st/s
    done(50): success=44 t_flicker=5 t_touched=1
Ep  9200 | score  212.58 | avg100  197.70 | grasp100  92.0% | best 0.970 |     37 st/s
    done(50): success=48 t_flicker=2
Ep  9250 | score  207.57 | avg100  206.72 | grasp100  98.0% | best 0.970 |     37 st/s
    done(50): success=50
Ep  9300 | score  211.44 | avg100  202.14 | grasp100  96.0% | best 0.970 |     37 st/s
    done(50): success=46 t_flicker=3 t_touched=1
Ep  9350 | score  208.37 | avg100  198.70 | grasp100  93.0% | best 0.970 |     37 st/s
    done(50): success=47 t_flicker=3
Ep  9400 | score   91.42 | avg100  202.38 | grasp100  94.0% | best 0.970 |     37 st/s
    done(50): success=47 t_flicker=3
Ep  9450 | score  201.00 | avg100  202.85 | grasp100  95.0% | best 0.970 |     37 st/s
    done(50): success=48 t_flicker=2
  [primacy-bias reset of critic heads @ 150000 updates]
Ep  9500 | score  -76.61 | avg100  152.61 | grasp100  76.0% | best 0.970 |     37 st/s
    done(50): success=28 t_flicker=3 t_touched=10 t_no_reach=9
Ep  9550 | score  209.03 | avg100   90.26 | grasp100  49.0% | best 0.970 |     37 st/s
    done(50): success=21 t_flicker=10 t_touched=10 t_no_reach=9
Ep  9600 | score  210.14 | avg100  128.08 | grasp100  59.0% | best 0.970 |     37 st/s
    done(50): success=38 t_flicker=10 t_touched=1 t_no_reach=1
Ep  9650 | score  208.93 | avg100  192.23 | grasp100  87.0% | best 0.970 |     37 st/s
    done(50): success=49 t_flicker=1
Ep  9700 | score  203.85 | avg100  204.74 | grasp100  96.0% | best 0.970 |     37 st/s
    done(50): success=47 t_flicker=3
Ep  9750 | score  210.30 | avg100  202.12 | grasp100  94.0% | best 0.970 |     37 st/s
    done(50): success=47 t_flicker=3
Ep  9800 | score  210.18 | avg100  201.80 | grasp100  95.0% | best 0.970 |     37 st/s
    done(50): success=48 t_flicker=1 t_touched=1
Ep  9850 | score  208.52 | avg100  202.43 | grasp100  95.0% | best 0.970 |     37 st/s
    done(50): success=47 t_flicker=3
Ep  9900 | score  208.19 | avg100  202.75 | grasp100  94.0% | best 0.970 |     37 st/s
    done(50): success=47 t_flicker=3
Ep  9950 | score  204.78 | avg100  201.52 | grasp100  94.0% | best 0.970 |     37 st/s
    done(50): success=47 t_flicker=3
Ep 10000 | score  232.77 | avg100  203.03 | grasp100  95.0% | best 0.970 |     37 st/s
    done(50): success=48 t_flicker=2
Ep 10050 | score  210.05 | avg100  204.23 | grasp100  96.0% | best 0.970 |     37 st/s
    done(50): success=48 t_flicker=1 t_touched=1
Ep 10100 | score  209.72 | avg100  202.03 | grasp100  96.0% | best 0.970 |     37 st/s
    done(50): success=48 t_flicker=1 t_touched=1
Ep 10150 | score  209.46 | avg100  202.64 | grasp100  96.0% | best 0.970 |     37 st/s
    done(50): success=48 t_flicker=2
Ep 10200 | score  209.01 | avg100  203.78 | grasp100  96.0% | best 0.970 |     37 st/s
    done(50): success=48 t_flicker=2
Ep 10250 | score  206.58 | avg100  203.30 | grasp100  96.0% | best 0.970 |     37 st/s
    done(50): success=48 t_flicker=2
Ep 10300 | score  198.56 | avg100  203.36 | grasp100  97.0% | best 0.970 |     37 st/s
    done(50): success=49 t_touched=1
Ep 10350 | score  211.70 | avg100  203.04 | grasp100  97.0% | best 0.970 |     37 st/s
    done(50): success=48 t_flicker=2
Ep 10400 | score  208.27 | avg100  204.60 | grasp100  97.0% | best 0.970 |     37 st/s
    done(50): success=49 t_flicker=1
Ep 10450 | score  199.13 | avg100  204.55 | grasp100  97.0% | best 0.970 |     37 st/s
    done(50): success=48 t_flicker=2
Ep 10500 | score  198.84 | avg100  205.62 | grasp100  98.0% | best 0.970 |     37 st/s
    done(50): success=50
Ep 10550 | score  210.55 | avg100  207.14 | grasp100  99.0% | best 0.970 |     37 st/s
    done(50): success=49 t_touched=1
Ep 10600 | score  207.02 | avg100  202.95 | grasp100  96.0% | best 0.970 |     37 st/s
    done(50): success=47 t_flicker=3
Ep 10650 | score  210.06 | avg100  201.07 | grasp100  95.0% | best 0.970 |     37 st/s
    done(50): success=48 t_flicker=2
Ep 10700 | score  212.31 | avg100  205.05 | grasp100  97.0% | best 0.970 |     37 st/s
    done(50): success=49 t_flicker=1
Ep 10750 | score  207.35 | avg100  207.98 | grasp100  98.0% | best 0.970 |     37 st/s
    done(50): success=49 t_flicker=1
Ep 10800 | score  209.45 | avg100  205.44 | grasp100  97.0% | best 0.970 |     37 st/s
    done(50): success=48 t_flicker=2
Ep 10850 | score  208.01 | avg100  204.04 | grasp100  96.0% | best 0.970 |     37 st/s
    done(50): success=48 t_flicker=2
Ep 10900 | score  208.94 | avg100  202.75 | grasp100  95.0% | best 0.970 |     37 st/s
    done(50): success=47 t_flicker=3
Ep 10950 | score  208.53 | avg100  204.59 | grasp100  96.0% | best 0.970 |     37 st/s
    done(50): success=49 t_flicker=1
Ep 11000 | score  209.02 | avg100  206.99 | grasp100  98.0% | best 0.970 |     37 st/s
    done(50): success=49 t_flicker=1
Ep 11050 | score  212.85 | avg100  203.35 | grasp100  96.0% | best 0.970 |     37 st/s
    done(50): success=47 t_flicker=3
Ep 11100 | score  218.10 | avg100  202.31 | grasp100  94.0% | best 0.970 |     37 st/s
    done(50): success=47 t_flicker=3
Ep 11150 | score  211.14 | avg100  205.41 | grasp100  96.0% | best 0.970 |     37 st/s
    done(50): success=49 t_flicker=1
Ep 11200 | score  208.79 | avg100  207.27 | grasp100  98.0% | best 0.970 |     37 st/s
    done(50): success=49 t_flicker=1
Ep 11250 | score  209.04 | avg100  202.84 | grasp100  95.0% | best 0.970 |     37 st/s
    done(50): success=46 t_flicker=4
  [primacy-bias reset of critic heads @ 175000 updates]
Ep 11300 | score  208.09 | avg100  200.12 | grasp100  93.0% | best 0.970 |     37 st/s
    done(50): success=47 t_flicker=3
Ep 11350 | score   72.94 | avg100  145.52 | grasp100  66.0% | best 0.970 |     37 st/s
    done(50): success=19 t_flicker=12 t_touched=9 t_no_reach=10
Ep 11400 | score  208.65 | avg100  124.11 | grasp100  53.0% | best 0.970 |     37 st/s
    done(50): success=34 t_flicker=15 t_touched=1
Ep 11450 | score  202.14 | avg100  158.96 | grasp100  67.0% | best 0.970 |     37 st/s
    done(50): success=33 t_flicker=14 t_touched=2 t_no_reach=1
Ep 11500 | score  208.82 | avg100  178.45 | grasp100  78.0% | best 0.970 |     37 st/s
    done(50): success=45 t_flicker=5
Ep 11550 | score  209.50 | avg100  196.19 | grasp100  89.0% | best 0.970 |     37 st/s
    done(50): success=44 t_flicker=6
Ep 11600 | score  206.90 | avg100  195.31 | grasp100  90.0% | best 0.970 |     37 st/s
    done(50): success=46 t_flicker=3 t_touched=1
Ep 11650 | score  201.11 | avg100  200.32 | grasp100  95.0% | best 0.970 |     37 st/s
    done(50): success=49 t_flicker=1
Ep 11700 | score  208.19 | avg100  206.86 | grasp100  98.0% | best 0.970 |     37 st/s
    done(50): success=49 t_flicker=1
Ep 11750 | score  209.20 | avg100  209.52 | grasp100  99.0% | best 0.970 |     37 st/s
    done(50): success=50
Ep 11787 | * BEST  level200=2.00 grasp200= 98.5% metric=0.985 | score  209.88
Ep 11800 | score  209.38 | avg100  208.52 | grasp100  99.0% | best 0.985 |     37 st/s
    done(50): success=49 t_flicker=1
Ep 11850 | score  209.48 | avg100  209.28 | grasp100  99.0% | best 0.985 |     37 st/s
    done(50): success=50
Ep 11900 | score  208.11 | avg100  209.46 | grasp100  99.0% | best 0.985 |     37 st/s
    done(50): success=49 t_flicker=1
Ep 11950 | score  208.98 | avg100  208.60 | grasp100  99.0% | best 0.985 |     37 st/s
    done(50): success=50
Ep 12000 | score  128.34 | avg100  207.08 | grasp100  98.0% | best 0.985 |     37 st/s
    done(50): success=48 t_flicker=2
Ep 12050 | score   55.85 | avg100  204.52 | grasp100  96.0% | best 0.985 |     36 st/s
    done(50): success=48 t_flicker=2
Ep 12100 | score  207.39 | avg100  204.40 | grasp100  96.0% | best 0.985 |     36 st/s
    done(50): success=48 t_flicker=2
Ep 12150 | score  211.37 | avg100  204.89 | grasp100  96.0% | best 0.985 |     36 st/s
    done(50): success=48 t_flicker=2
Ep 12200 | score  208.76 | avg100  206.24 | grasp100  97.0% | best 0.985 |     36 st/s
    done(50): success=49 t_touched=1
Ep 12250 | score  207.82 | avg100  204.54 | grasp100  96.0% | best 0.985 |     36 st/s
    done(50): success=47 t_flicker=3
Ep 12300 | score  206.91 | avg100  204.12 | grasp100  96.0% | best 0.985 |     36 st/s
    done(50): success=49 t_flicker=1
Ep 12350 | score  211.44 | avg100  205.77 | grasp100  97.0% | best 0.985 |     36 st/s
    done(50): success=48 t_flicker=2
Ep 12400 | score  210.78 | avg100  203.36 | grasp100  95.0% | best 0.985 |     36 st/s
    done(50): success=47 t_flicker=2 t_touched=1
Ep 12450 | score  210.80 | avg100  204.77 | grasp100  96.0% | best 0.985 |     36 st/s
    done(50): success=49 t_flicker=1
Ep 12500 | score  208.59 | avg100  207.61 | grasp100  98.0% | best 0.985 |     36 st/s
    done(50): success=49 t_flicker=1
Ep 12550 | score  208.99 | avg100  206.91 | grasp100  98.0% | best 0.985 |     36 st/s
    done(50): success=49 t_flicker=1
Ep 12600 | score  210.80 | avg100  204.84 | grasp100  96.0% | best 0.985 |     36 st/s
    done(50): success=47 t_flicker=3
Ep 12650 | score  210.52 | avg100  206.46 | grasp100  97.0% | best 0.985 |     36 st/s
    done(50): success=50
Ep 12700 | score  209.41 | avg100  204.46 | grasp100  96.0% | best 0.985 |     36 st/s
    done(50): success=46 t_flicker=4
Ep 12750 | score  209.33 | avg100  204.19 | grasp100  96.0% | best 0.985 |     36 st/s
    done(50): success=50
Ep 12800 | score  211.25 | avg100  209.20 | grasp100 100.0% | best 0.985 |     36 st/s
    done(50): success=50
Ep 12850 | score   57.51 | avg100  207.72 | grasp100  99.0% | best 0.985 |     36 st/s
    done(50): success=49 t_flicker=1
Ep 12900 | score  208.76 | avg100  204.92 | grasp100  97.0% | best 0.985 |     36 st/s
    done(50): success=48 t_flicker=2
Ep 12950 | score  211.14 | avg100  207.44 | grasp100  98.0% | best 0.985 |     36 st/s
    done(50): success=50
Ep 13000 | score  214.64 | avg100  210.25 | grasp100  99.0% | best 0.985 |     36 st/s
    done(50): success=49 t_flicker=1
Ep 13050 | score  208.10 | avg100  209.64 | grasp100  99.0% | best 0.985 |     36 st/s
    done(50): success=50
Ep 13100 | score  209.56 | avg100  205.40 | grasp100  97.0% | best 0.985 |     36 st/s
    done(50): success=47 t_flicker=3
Ep 13150 | score  211.81 | avg100  201.44 | grasp100  94.0% | best 0.985 |     36 st/s
    done(50): success=47 t_flicker=3
Ep 13200 | score  210.85 | avg100  204.04 | grasp100  95.0% | best 0.985 |     36 st/s
    done(50): success=48 t_flicker=2
Ep 13250 | score  210.38 | avg100  202.90 | grasp100  94.0% | best 0.985 |     36 st/s
    done(50): success=46 t_flicker=4
  [primacy-bias reset of critic heads @ 200000 updates]
Ep 13300 | score   61.69 | avg100  156.66 | grasp100  73.0% | best 0.985 |     36 st/s
    done(50): success=27 t_flicker=3 t_touched=12 t_no_reach=8
Ep 13350 | score  206.61 | avg100  116.30 | grasp100  52.0% | best 0.985 |     36 st/s
    done(50): success=25 t_flicker=16 t_touched=5 t_no_reach=4
Ep 13400 | score  209.15 | avg100  152.97 | grasp100  69.0% | best 0.985 |     36 st/s
    done(50): success=44 t_flicker=3 t_touched=3
Ep 13450 | score  207.90 | avg100  189.26 | grasp100  85.0% | best 0.985 |     36 st/s
    done(50): success=41 t_flicker=8 t_touched=1
Ep 13500 | score  207.95 | avg100  197.97 | grasp100  89.0% | best 0.985 |     36 st/s
    done(50): success=48 t_flicker=2
Ep 13550 | score  210.02 | avg100  202.35 | grasp100  95.0% | best 0.985 |     36 st/s
    done(50): success=47 t_flicker=2 t_no_reach=1
Ep 13600 | score  208.94 | avg100  203.32 | grasp100  96.0% | best 0.985 |     36 st/s
    done(50): success=49 t_touched=1
Ep 13650 | score  206.12 | avg100  206.54 | grasp100  98.0% | best 0.985 |     36 st/s
    done(50): success=49 t_flicker=1
Ep 13700 | score   59.23 | avg100  202.66 | grasp100  95.0% | best 0.985 |     36 st/s
    done(50): success=46 t_flicker=4
Ep 13750 | score  209.19 | avg100  203.41 | grasp100  95.0% | best 0.985 |     36 st/s
    done(50): success=49 t_flicker=1
Ep 13800 | score  210.95 | avg100  208.16 | grasp100  98.0% | best 0.985 |     36 st/s
    done(50): success=49 t_flicker=1
Ep 13850 | score  211.50 | avg100  202.17 | grasp100  94.0% | best 0.985 |     36 st/s
    done(50): success=45 t_flicker=5
Ep 13900 | score  211.17 | avg100  200.06 | grasp100  92.0% | best 0.985 |     36 st/s
    done(50): success=47 t_flicker=3
Ep 13950 | score  208.43 | avg100  202.74 | grasp100  94.0% | best 0.985 |     36 st/s
    done(50): success=47 t_flicker=3
Ep 14000 | score  208.15 | avg100  204.22 | grasp100  96.0% | best 0.985 |     36 st/s
    done(50): success=49 t_flicker=1
Ep 14050 | score  212.01 | avg100  205.12 | grasp100  98.0% | best 0.985 |     36 st/s
    done(50): success=49 t_touched=1
Ep 14100 | score  206.94 | avg100  206.34 | grasp100  99.0% | best 0.985 |     36 st/s
    done(50): success=50
Ep 14150 | score  208.34 | avg100  207.96 | grasp100  98.0% | best 0.985 |     36 st/s
    done(50): success=48 t_flicker=2
Ep 14200 | score  207.76 | avg100  208.82 | grasp100  98.0% | best 0.985 |     36 st/s
    done(50): success=50
Ep 14250 | score  210.15 | avg100  209.14 | grasp100  99.0% | best 0.985 |     36 st/s
    done(50): success=49 t_flicker=1
Ep 14300 | score  209.74 | avg100  208.90 | grasp100  99.0% | best 0.985 |     36 st/s
    done(50): success=50
Ep 14350 | score  207.29 | avg100  206.81 | grasp100  98.0% | best 0.985 |     36 st/s
    done(50): success=48 t_flicker=2
Ep 14400 | score  207.03 | avg100  204.66 | grasp100  96.0% | best 0.985 |     36 st/s
    done(50): success=48 t_flicker=1 t_touched=1
Ep 14450 | score  208.04 | avg100  203.01 | grasp100  94.0% | best 0.985 |     36 st/s
    done(50): success=46 t_flicker=4
Ep 14500 | score  206.50 | avg100  202.07 | grasp100  93.0% | best 0.985 |     36 st/s
    done(50): success=47 t_flicker=3
Ep 14550 | score  206.82 | avg100  208.02 | grasp100  97.0% | best 0.985 |     36 st/s
    done(50): success=50
Ep 14600 | score  201.30 | avg100  205.15 | grasp100  96.0% | best 0.985 |     36 st/s
    done(50): success=46 t_flicker=4
Ep 14650 | score  209.61 | avg100  201.76 | grasp100  94.0% | best 0.985 |     36 st/s
    done(50): success=48 t_flicker=2
Ep 14700 | score  210.46 | avg100  206.34 | grasp100  97.0% | best 0.985 |     36 st/s
    done(50): success=49 t_flicker=1
Ep 14750 | score  206.67 | avg100  203.83 | grasp100  95.0% | best 0.985 |     36 st/s
    done(50): success=46 t_flicker=3 t_touched=1
Ep 14800 | score  211.09 | avg100  200.88 | grasp100  93.0% | best 0.985 |     36 st/s
    done(50): success=47 t_flicker=3
Ep 14850 | score  210.54 | avg100  200.72 | grasp100  94.0% | best 0.985 |     36 st/s
    done(50): success=47 t_flicker=3
Ep 14900 | score  209.95 | avg100  199.73 | grasp100  93.0% | best 0.985 |     36 st/s
    done(50): success=46 t_flicker=4
Ep 14950 | score  211.06 | avg100  202.60 | grasp100  95.0% | best 0.985 |     36 st/s
    done(50): success=49 t_flicker=1
Ep 15000 | score  208.47 | avg100  203.91 | grasp100  96.0% | best 0.985 |     36 st/s
    done(50): success=47 t_flicker=3
Ep 15050 | score  208.70 | avg100  204.86 | grasp100  96.0% | best 0.985 |     36 st/s
    done(50): success=49 t_flicker=1
Ep 15100 | score  212.98 | avg100  204.20 | grasp100  95.0% | best 0.985 |     36 st/s
    done(50): success=46 t_flicker=4
Ep 15150 | score  212.22 | avg100  203.75 | grasp100  95.0% | best 0.985 |     36 st/s
    done(50): success=49 t_flicker=1
Ep 15200 | score  212.95 | avg100  206.81 | grasp100  98.0% | best 0.985 |     36 st/s
    done(50): success=49 t_flicker=1
  [primacy-bias reset of critic heads @ 225000 updates]
Ep 15250 | score  186.83 | avg100  144.66 | grasp100  70.0% | best 0.985 |     36 st/s
    done(50): success=21 t_flicker=16 t_touched=4 t_no_reach=9
Ep 15300 | score   61.21 | avg100  107.79 | grasp100  51.0% | best 0.985 |     36 st/s
    done(50): success=30 t_flicker=11 t_touched=5 t_no_reach=4
Ep 15350 | score  209.62 | avg100  164.96 | grasp100  75.0% | best 0.985 |     36 st/s
    done(50): success=45 t_flicker=4 t_touched=1
Ep 15400 | score  214.37 | avg100  199.08 | grasp100  91.0% | best 0.985 |     36 st/s
    done(50): success=46 t_flicker=4
Ep 15450 | score  209.35 | avg100  201.53 | grasp100  92.0% | best 0.985 |     36 st/s
    done(50): success=46 t_flicker=4
Ep 15500 | score  209.55 | avg100  198.09 | grasp100  90.0% | best 0.985 |     36 st/s
    done(50): success=44 t_flicker=6
Ep 15550 | score  209.66 | avg100  195.83 | grasp100  90.0% | best 0.985 |     36 st/s
    done(50): success=46 t_flicker=4
Ep 15600 | score  212.43 | avg100  198.91 | grasp100  93.0% | best 0.985 |     36 st/s
    done(50): success=47 t_flicker=2 t_touched=1
Ep 15650 | score  209.13 | avg100  202.81 | grasp100  95.0% | best 0.985 |     36 st/s
    done(50): success=48 t_flicker=1 t_touched=1
Ep 15700 | score  210.57 | avg100  206.01 | grasp100  97.0% | best 0.985 |     36 st/s
    done(50): success=49 t_flicker=1
Ep 15750 | score  208.30 | avg100  207.75 | grasp100  97.0% | best 0.985 |     36 st/s
    done(50): success=48 t_flicker=2
Ep 15800 | score  208.94 | avg100  203.94 | grasp100  95.0% | best 0.985 |     36 st/s
    done(50): success=47 t_flicker=2 t_touched=1
Ep 15850 | score  208.19 | avg100  205.06 | grasp100  97.0% | best 0.985 |     36 st/s
    done(50): success=50
Ep 15900 | score  211.08 | avg100  209.12 | grasp100  99.0% | best 0.985 |     36 st/s
    done(50): success=49 t_flicker=1
Ep 15950 | score  212.13 | avg100  208.63 | grasp100  99.0% | best 0.985 |     36 st/s
    done(50): success=50
Ep 16000 | score  205.54 | avg100  209.29 | grasp100 100.0% | best 0.985 |     36 st/s
    done(50): success=50
Ep 16050 | score  207.80 | avg100  207.71 | grasp100  99.0% | best 0.985 |     36 st/s
    done(50): success=49 t_flicker=1
Ep 16100 | score  206.94 | avg100  205.27 | grasp100  97.0% | best 0.985 |     36 st/s
    done(50): success=48 t_flicker=1 t_touched=1
Ep 16150 | score  209.74 | avg100  202.66 | grasp100  95.0% | best 0.985 |     35 st/s
    done(50): success=47 t_flicker=3
Ep 16200 | score  208.13 | avg100  206.11 | grasp100  97.0% | best 0.985 |     35 st/s
    done(50): success=50
Ep 16250 | score  207.89 | avg100  210.12 | grasp100 100.0% | best 0.985 |     35 st/s
    done(50): success=50
Ep 16300 | score   48.06 | avg100  206.68 | grasp100  98.0% | best 0.985 |     35 st/s
    done(50): success=48 t_flicker=2
Ep 16350 | score  210.26 | avg100  204.49 | grasp100  96.0% | best 0.985 |     35 st/s
    done(50): success=48 t_flicker=2
Ep 16400 | score  206.42 | avg100  205.19 | grasp100  97.0% | best 0.985 |     35 st/s
    done(50): success=49 t_no_reach=1
Ep 16450 | score  207.78 | avg100  207.93 | grasp100  99.0% | best 0.985 |     35 st/s
    done(50): success=50
Ep 16500 | score  209.56 | avg100  209.63 | grasp100 100.0% | best 0.985 |     35 st/s
    done(50): success=50
Ep 16550 | score  210.05 | avg100  207.28 | grasp100  98.0% | best 0.985 |     35 st/s
    done(50): success=48 t_flicker=2
Ep 16600 | score  210.55 | avg100  204.70 | grasp100  95.0% | best 0.985 |     35 st/s
    done(50): success=47 t_flicker=3
Ep 16650 | score  211.20 | avg100  204.37 | grasp100  96.0% | best 0.985 |     35 st/s
    done(50): success=49 t_no_reach=1
Ep 16700 | score  211.12 | avg100  205.23 | grasp100  97.0% | best 0.985 |     35 st/s
    done(50): success=48 t_flicker=2
Ep 16750 | score  208.29 | avg100  206.49 | grasp100  97.0% | best 0.985 |     35 st/s
    done(50): success=49 t_flicker=1
Ep 16800 | score  212.63 | avg100  207.57 | grasp100  98.0% | best 0.985 |     35 st/s
    done(50): success=49 t_flicker=1
Ep 16850 | score  209.83 | avg100  205.20 | grasp100  96.0% | best 0.985 |     35 st/s
    done(50): success=47 t_flicker=2 t_touched=1
Ep 16900 | score  208.03 | avg100  200.50 | grasp100  93.0% | best 0.985 |     35 st/s
    done(50): success=46 t_flicker=4
Ep 16950 | score  209.34 | avg100  201.89 | grasp100  94.0% | best 0.985 |     35 st/s
    done(50): success=48 t_flicker=2
Ep 17000 | score  210.50 | avg100  203.80 | grasp100  95.0% | best 0.985 |     35 st/s
    done(50): success=47 t_flicker=3
Ep 17050 | score  208.40 | avg100  205.06 | grasp100  96.0% | best 0.985 |     35 st/s
    done(50): success=49 t_flicker=1
Ep 17100 | score  209.99 | avg100  204.59 | grasp100  96.0% | best 0.985 |     35 st/s
    done(50): success=47 t_flicker=3
Ep 17150 | score  210.22 | avg100  204.39 | grasp100  96.0% | best 0.985 |     35 st/s
    done(50): success=49 t_flicker=1
Ep 17200 | score  211.07 | avg100  207.71 | grasp100  98.0% | best 0.985 |     35 st/s
    done(50): success=49 t_flicker=1
  [primacy-bias reset of critic heads @ 250000 updates]
Ep 17250 | score  -70.67 | avg100  162.57 | grasp100  79.0% | best 0.985 |     35 st/s
    done(50): success=30 t_flicker=4 t_touched=5 t_no_reach=11
Ep 17300 | score  208.92 | avg100  114.53 | grasp100  55.0% | best 0.985 |     35 st/s
    done(50): success=25 t_flicker=14 t_touched=4 t_no_reach=7
Ep 17350 | score  208.03 | avg100  134.65 | grasp100  57.0% | best 0.985 |     35 st/s
    done(50): success=32 t_flicker=17 t_touched=1
Ep 17400 | score  206.80 | avg100  172.91 | grasp100  75.0% | best 0.985 |     35 st/s
    done(50): success=43 t_flicker=6 t_touched=1
Ep 17450 | score  202.51 | avg100  188.86 | grasp100  86.0% | best 0.985 |     35 st/s
    done(50): success=43 t_flicker=6 t_touched=1
Ep 17500 | score   98.44 | avg100  190.59 | grasp100  87.0% | best 0.985 |     35 st/s
    done(50): success=44 t_flicker=6
Ep 17550 | score  207.60 | avg100  198.28 | grasp100  92.0% | best 0.985 |     35 st/s
    done(50): success=48 t_flicker=2
Ep 17600 | score  210.18 | avg100  204.51 | grasp100  96.0% | best 0.985 |     35 st/s
    done(50): success=48 t_flicker=2
Ep 17650 | score  208.58 | avg100  204.79 | grasp100  96.0% | best 0.985 |     35 st/s
    done(50): success=48 t_flicker=2
Ep 17700 | score  208.74 | avg100  205.74 | grasp100  97.0% | best 0.985 |     35 st/s
    done(50): success=49 t_flicker=1
Ep 17750 | score  209.26 | avg100  207.95 | grasp100  99.0% | best 0.985 |     35 st/s
    done(50): success=50
Ep 17800 | score  204.31 | avg100  210.06 | grasp100 100.0% | best 0.985 |     35 st/s
    done(50): success=50
Ep 17850 | score  207.46 | avg100  208.82 | grasp100  99.0% | best 0.985 |     35 st/s
    done(50): success=49 t_flicker=1
Ep 17900 | score  207.89 | avg100  208.59 | grasp100  99.0% | best 0.985 |     35 st/s
    done(50): success=50
Ep 17950 | score  208.45 | avg100  208.27 | grasp100  99.0% | best 0.985 |     35 st/s
    done(50): success=49 t_flicker=1
Ep 18000 | score  208.55 | avg100  207.78 | grasp100  99.0% | best 0.985 |     35 st/s
    done(50): success=50
Ep 18050 | score  206.07 | avg100  208.23 | grasp100  99.0% | best 0.985 |     35 st/s
    done(50): success=49 t_flicker=1
Ep 18100 | score  210.73 | avg100  208.58 | grasp100  99.0% | best 0.985 |     35 st/s
    done(50): success=50
Ep 18150 | score  208.38 | avg100  210.12 | grasp100 100.0% | best 0.985 |     35 st/s
    done(50): success=50
Ep 18200 | score  209.10 | avg100  206.44 | grasp100  97.0% | best 0.985 |     35 st/s
    done(50): success=47 t_flicker=3
Ep 18250 | score  211.41 | avg100  204.56 | grasp100  96.0% | best 0.985 |     35 st/s
    done(50): success=49 t_flicker=1
Ep 18300 | score  207.83 | avg100  207.86 | grasp100  99.0% | best 0.985 |     35 st/s
    done(50): success=50
Ep 18350 | score  208.98 | avg100  204.61 | grasp100  96.0% | best 0.985 |     35 st/s
    done(50): success=46 t_flicker=3 t_touched=1
Ep 18400 | score  209.78 | avg100  202.10 | grasp100  94.0% | best 0.985 |     35 st/s
    done(50): success=48 t_flicker=2
Ep 18450 | score  205.88 | avg100  205.30 | grasp100  97.0% | best 0.985 |     35 st/s
    done(50): success=49 t_flicker=1
Ep 18500 | score  208.91 | avg100  204.87 | grasp100  97.0% | best 0.985 |     35 st/s
    done(50): success=48 t_flicker=2
Ep 18550 | score  207.12 | avg100  205.48 | grasp100  97.0% | best 0.985 |     35 st/s
    done(50): success=49 t_flicker=1
Ep 18600 | score  209.85 | avg100  207.47 | grasp100  98.0% | best 0.985 |     35 st/s
    done(50): success=49 t_flicker=1
Ep 18650 | score  211.30 | avg100  204.32 | grasp100  97.0% | best 0.985 |     35 st/s
    done(50): success=48 t_flicker=2
Ep 18700 | score  210.92 | avg100  205.80 | grasp100  98.0% | best 0.985 |     35 st/s
    done(50): success=50
Ep 18750 | score  206.12 | avg100  209.75 | grasp100 100.0% | best 0.985 |     35 st/s
    done(50): success=50
Ep 18800 | score  211.44 | avg100  207.27 | grasp100  98.0% | best 0.985 |     35 st/s
    done(50): success=48 t_flicker=2
Ep 18850 | score  208.52 | avg100  207.33 | grasp100  98.0% | best 0.985 |     35 st/s
    done(50): success=50
Ep 18900 | score  210.55 | avg100  206.83 | grasp100  98.0% | best 0.985 |     35 st/s
    done(50): success=48 t_flicker=2
Ep 18950 | score  210.68 | avg100  205.38 | grasp100  97.0% | best 0.985 |     35 st/s
    done(50): success=49 t_flicker=1
Ep 19000 | score  209.78 | avg100  208.26 | grasp100  99.0% | best 0.985 |     35 st/s
    done(50): success=50
Ep 19050 | score  206.55 | avg100  208.60 | grasp100  99.0% | best 0.985 |     35 st/s
    done(50): success=49 t_flicker=1
Ep 19100 | score  206.09 | avg100  206.11 | grasp100  97.0% | best 0.985 |     35 st/s
    done(50): success=48 t_flicker=2
Ep 19150 | score  208.96 | avg100  204.51 | grasp100  96.0% | best 0.985 |     35 st/s
    done(50): success=48 t_flicker=2
Ep 19200 | score  209.00 | avg100  205.47 | grasp100  97.0% | best 0.985 |     35 st/s
    done(50): success=49 t_flicker=1
  [primacy-bias reset of critic heads @ 275000 updates]
Ep 19250 | score  -78.48 | avg100  130.93 | grasp100  71.0% | best 0.985 |     35 st/s
    done(50): success=22 t_flicker=3 t_touched=1 t_no_reach=24
Ep 19300 | score  209.38 | avg100   64.60 | grasp100  42.0% | best 0.985 |     35 st/s
    done(50): success=20 t_flicker=13 t_touched=3 t_no_reach=14
Ep 19350 | score  209.80 | avg100  116.28 | grasp100  53.0% | best 0.985 |     35 st/s
    done(50): success=33 t_flicker=15 t_touched=2
Ep 19400 | score  210.68 | avg100  181.29 | grasp100  81.0% | best 0.985 |     35 st/s
    done(50): success=48 t_flicker=2
Ep 19450 | score  212.34 | avg100  197.80 | grasp100  92.0% | best 0.985 |     35 st/s
    done(50): success=44 t_flicker=6
Ep 19500 | score  210.62 | avg100  197.17 | grasp100  91.0% | best 0.985 |     35 st/s
    done(50): success=47 t_flicker=3
Ep 19550 | score  208.34 | avg100  204.92 | grasp100  96.0% | best 0.985 |     35 st/s
    done(50): success=49 t_flicker=1
Ep 19600 | score  210.99 | avg100  208.47 | grasp100  99.0% | best 0.985 |     35 st/s
    done(50): success=50
Ep 19650 | score  207.66 | avg100  207.34 | grasp100  98.0% | best 0.985 |     35 st/s
    done(50): success=48 t_flicker=2
Ep 19700 | score  207.05 | avg100  205.60 | grasp100  97.0% | best 0.985 |     35 st/s
    done(50): success=49 t_flicker=1
Ep 19750 | score  209.61 | avg100  207.93 | grasp100  99.0% | best 0.985 |     35 st/s
    done(50): success=50
Ep 19800 | score  211.14 | avg100  206.47 | grasp100  98.0% | best 0.985 |     35 st/s
    done(50): success=48 t_flicker=2
Ep 19850 | score  208.75 | avg100  206.45 | grasp100  98.0% | best 0.985 |     35 st/s
    done(50): success=50
Ep 19900 | score  209.65 | avg100  208.47 | grasp100  99.0% | best 0.985 |     35 st/s
    done(50): success=49 t_flicker=1
Ep 19950 | score  209.40 | avg100  208.49 | grasp100  99.0% | best 0.985 |     35 st/s
    done(50): success=50
Ep 20000 | score  209.89 | avg100  207.73 | grasp100  99.0% | best 0.985 |     35 st/s
    done(50): success=49 t_flicker=1
Ep 20050 | score  210.58 | avg100  202.40 | grasp100  95.0% | best 0.985 |     35 st/s
    done(50): success=46 t_flicker=4
Ep 20100 | score  209.46 | avg100  204.90 | grasp100  96.0% | best 0.985 |     35 st/s
    done(50): success=50
Ep 20150 | score  207.70 | avg100  208.54 | grasp100  99.0% | best 0.985 |     35 st/s
    done(50): success=49 t_flicker=1
Ep 20200 | score  208.55 | avg100  207.59 | grasp100  99.0% | best 0.985 |     35 st/s
    done(50): success=50
Ep 20250 | score  208.66 | avg100  209.41 | grasp100 100.0% | best 0.985 |     35 st/s
    done(50): success=50
Ep 20300 | score  210.49 | avg100  209.65 | grasp100 100.0% | best 0.985 |     35 st/s
    done(50): success=50
Ep 20350 | score  208.08 | avg100  208.00 | grasp100  99.0% | best 0.985 |     35 st/s
    done(50): success=49 t_flicker=1
Ep 20400 | score  210.66 | avg100  208.20 | grasp100  99.0% | best 0.985 |     35 st/s
    done(50): success=50
Ep 20450 | score  210.88 | avg100  209.89 | grasp100 100.0% | best 0.985 |     35 st/s
    done(50): success=50
Ep 20500 | score  206.98 | avg100  206.42 | grasp100  98.0% | best 0.985 |     35 st/s
    done(50): success=48 t_flicker=1 t_touched=1
Ep 20550 | score  212.25 | avg100  200.81 | grasp100  95.0% | best 0.985 |     35 st/s
    done(50): success=47 t_flicker=2 t_touched=1
Ep 20600 | score  208.90 | avg100  203.83 | grasp100  97.0% | best 0.985 |     35 st/s
    done(50): success=50
Ep 20650 | score  210.60 | avg100  207.61 | grasp100  99.0% | best 0.985 |     35 st/s
    done(50): success=49 t_flicker=1
Ep 20700 | score  211.36 | avg100  205.97 | grasp100  98.0% | best 0.985 |     35 st/s
    done(50): success=49 t_flicker=1
Ep 20750 | score  207.78 | avg100  203.76 | grasp100  96.0% | best 0.985 |     35 st/s
    done(50): success=47 t_flicker=3
Ep 20800 | score  207.82 | avg100  197.80 | grasp100  92.0% | best 0.985 |     35 st/s
    done(50): success=45 t_flicker=5
Ep 20850 | score  207.43 | avg100  200.46 | grasp100  94.0% | best 0.985 |     35 st/s
    done(50): success=49 t_flicker=1
Ep 20900 | score  209.12 | avg100  201.52 | grasp100  94.0% | best 0.985 |     35 st/s
    done(50): success=45 t_flicker=5
Ep 20950 | score  206.94 | avg100  198.93 | grasp100  92.0% | best 0.985 |     35 st/s
    done(50): success=47 t_flicker=3
Ep 21000 | score  208.52 | avg100  202.88 | grasp100  95.0% | best 0.985 |     35 st/s
    done(50): success=48 t_flicker=2
Ep 21050 | score  207.91 | avg100  205.86 | grasp100  97.0% | best 0.985 |     35 st/s
    done(50): success=49 t_flicker=1
Ep 21100 | score  208.98 | avg100  201.36 | grasp100  95.0% | best 0.985 |     35 st/s
    done(50): success=46 t_flicker=2 t_touched=2
  [primacy-bias reset of critic heads @ 300000 updates]
Ep 21150 | score  196.41 | avg100  124.49 | grasp100  66.0% | best 0.985 |     35 st/s
    done(50): success=20 t_flicker=4 t_touched=8 t_no_reach=18
Ep 21200 | score  207.02 | avg100   84.15 | grasp100  42.0% | best 0.985 |     35 st/s
    done(50): success=22 t_flicker=17 t_touched=10 t_no_reach=1
Ep 21250 | score  210.51 | avg100  157.28 | grasp100  69.0% | best 0.985 |     35 st/s
    done(50): success=47 t_flicker=2 t_touched=1
Ep 21300 | score  207.32 | avg100  202.88 | grasp100  95.0% | best 0.985 |     35 st/s
    done(50): success=48 t_flicker=1 t_touched=1
Ep 21350 | score  210.46 | avg100  200.27 | grasp100  94.0% | best 0.985 |     35 st/s
    done(50): success=46 t_flicker=3 t_touched=1
Ep 21400 | score  208.80 | avg100  198.89 | grasp100  93.0% | best 0.985 |     35 st/s
    done(50): success=47 t_flicker=3
Ep 21450 | score  207.65 | avg100  202.19 | grasp100  94.0% | best 0.985 |     35 st/s
    done(50): success=47 t_flicker=3
Ep 21500 | score   95.49 | avg100  204.16 | grasp100  96.0% | best 0.985 |     35 st/s
    done(50): success=49 t_flicker=1
Ep 21550 | score  209.97 | avg100  206.72 | grasp100  98.0% | best 0.985 |     35 st/s
    done(50): success=49 t_flicker=1
Ep 21600 | score  212.18 | avg100  207.97 | grasp100  99.0% | best 0.985 |     35 st/s
    done(50): success=50
Ep 21650 | score  208.32 | avg100  209.23 | grasp100 100.0% | best 0.985 |     35 st/s
    done(50): success=50
Ep 21700 | score  210.25 | avg100  206.68 | grasp100  99.0% | best 0.985 |     35 st/s
    done(50): success=49 t_touched=1
Ep 21750 | score  207.65 | avg100  207.08 | grasp100  99.0% | best 0.985 |     35 st/s
    done(50): success=50
Ep 21800 | score  207.77 | avg100  207.32 | grasp100  98.0% | best 0.985 |     35 st/s
    done(50): success=48 t_flicker=1 t_touched=1
Ep 21850 | score  206.30 | avg100  205.94 | grasp100  97.0% | best 0.985 |     35 st/s
    done(50): success=49 t_flicker=1
Ep 21900 | score  216.17 | avg100  206.00 | grasp100  97.0% | best 0.985 |     35 st/s
    done(50): success=48 t_flicker=2
Ep 21950 | score  208.02 | avg100  203.64 | grasp100  96.0% | best 0.985 |     35 st/s
    done(50): success=48 t_flicker=2
Ep 22000 | score  203.22 | avg100  204.37 | grasp100  96.0% | best 0.985 |     35 st/s
    done(50): success=48 t_flicker=2
Ep 22050 | score  207.82 | avg100  206.16 | grasp100  97.0% | best 0.985 |     35 st/s
    done(50): success=49 t_flicker=1
Ep 22100 | score  210.69 | avg100  202.01 | grasp100  95.0% | best 0.985 |     35 st/s
    done(50): success=46 t_flicker=4
Ep 22150 | score  209.66 | avg100  197.26 | grasp100  92.0% | best 0.985 |     35 st/s
    done(50): success=46 t_flicker=3 t_touched=1
Ep 22200 | score  208.88 | avg100  198.72 | grasp100  94.0% | best 0.985 |     35 st/s
    done(50): success=48 t_flicker=1 t_touched=1
Ep 22250 | score  206.31 | avg100  201.00 | grasp100  94.0% | best 0.985 |     35 st/s
    done(50): success=46 t_flicker=4
Ep 22300 | score  205.55 | avg100  206.55 | grasp100  96.0% | best 0.985 |     35 st/s
    done(50): success=50
Ep 22350 | score  207.47 | avg100  208.75 | grasp100  99.0% | best 0.985 |     35 st/s
    done(50): success=49 t_flicker=1
Ep 22400 | score  207.70 | avg100  201.51 | grasp100  95.0% | best 0.985 |     35 st/s
    done(50): success=46 t_flicker=4
Ep 22450 | score  208.27 | avg100  194.75 | grasp100  90.0% | best 0.985 |     35 st/s
    done(50): success=44 t_flicker=6
Ep 22500 | score  213.66 | avg100  198.22 | grasp100  92.0% | best 0.985 |     35 st/s
    done(50): success=48 t_flicker=2
Ep 22550 | score  211.79 | avg100  202.94 | grasp100  96.0% | best 0.985 |     35 st/s
    done(50): success=48 t_flicker=1 t_touched=1
Ep 22600 | score  209.27 | avg100  201.19 | grasp100  94.0% | best 0.985 |     35 st/s
    done(50): success=46 t_flicker=4
Ep 22650 | score  211.35 | avg100  202.66 | grasp100  94.0% | best 0.985 |     35 st/s
    done(50): success=48 t_flicker=2
Ep 22700 | score  207.40 | avg100  204.82 | grasp100  97.0% | best 0.985 |     35 st/s
    done(50): success=49 t_flicker=1
Ep 22750 | score   62.49 | avg100  203.36 | grasp100  96.0% | best 0.985 |     35 st/s
    done(50): success=47 t_flicker=3
Ep 22800 | score  206.07 | avg100  204.42 | grasp100  96.0% | best 0.985 |     35 st/s
    done(50): success=49 t_flicker=1
Ep 22850 | score  210.79 | avg100  204.28 | grasp100  97.0% | best 0.985 |     35 st/s
    done(50): success=48 t_flicker=1 t_touched=1
Ep 22900 | score  209.59 | avg100  203.56 | grasp100  97.0% | best 0.985 |     35 st/s
    done(50): success=49 t_touched=1
Ep 22950 | score  210.00 | avg100  203.55 | grasp100  96.0% | best 0.985 |     35 st/s
    done(50): success=47 t_flicker=3
  [primacy-bias reset of critic heads @ 325000 updates]
Ep 23000 | score  209.81 | avg100  205.40 | grasp100  97.0% | best 0.985 |     35 st/s
    done(50): success=50
Ep 23050 | score  206.08 | avg100   87.18 | grasp100  55.0% | best 0.985 |     35 st/s
    done(50): success=5 t_flicker=4 t_touched=5 t_no_reach=36
Ep 23100 | score  212.93 | avg100   59.15 | grasp100  37.0% | best 0.985 |     35 st/s
    done(50): success=32 t_flicker=11 t_touched=7
Ep 23150 | score  208.46 | avg100  175.05 | grasp100  77.0% | best 0.985 |     35 st/s
    done(50): success=45 t_flicker=5
Ep 23200 | score  209.26 | avg100  198.68 | grasp100  92.0% | best 0.985 |     35 st/s
    done(50): success=47 t_flicker=3
Ep 23250 | score  215.85 | avg100  200.73 | grasp100  94.0% | best 0.985 |     35 st/s
    done(50): success=47 t_flicker=3
Ep 23300 | score  208.89 | avg100  198.90 | grasp100  92.0% | best 0.985 |     35 st/s
    done(50): success=45 t_flicker=5
Ep 23350 | score  209.35 | avg100  201.89 | grasp100  94.0% | best 0.985 |     35 st/s
    done(50): success=49 t_flicker=1
Ep 23400 | score  207.59 | avg100  204.47 | grasp100  96.0% | best 0.985 |     35 st/s
    done(50): success=47 t_flicker=3
Ep 23450 | score  207.67 | avg100  202.07 | grasp100  94.0% | best 0.985 |     35 st/s
    done(50): success=47 t_flicker=3
Ep 23500 | score  207.17 | avg100  203.14 | grasp100  95.0% | best 0.985 |     35 st/s
    done(50): success=48 t_flicker=2
Ep 23550 | score  208.72 | avg100  207.25 | grasp100  98.0% | best 0.985 |     35 st/s
    done(50): success=50
Ep 23600 | score  209.18 | avg100  209.54 | grasp100 100.0% | best 0.985 |     35 st/s
    done(50): success=50
Ep 23650 | score  211.52 | avg100  208.09 | grasp100  99.0% | best 0.985 |     35 st/s
    done(50): success=49 t_flicker=1
Ep 23700 | score  209.65 | avg100  207.78 | grasp100  98.0% | best 0.985 |     35 st/s
    done(50): success=49 t_flicker=1
Ep 23750 | score  208.28 | avg100  205.71 | grasp100  97.0% | best 0.985 |     35 st/s
    done(50): success=48 t_flicker=2
Ep 23800 | score  207.37 | avg100  205.49 | grasp100  97.0% | best 0.985 |     35 st/s
    done(50): success=49 t_flicker=1
Ep 23850 | score  212.86 | avg100  207.87 | grasp100  98.0% | best 0.985 |     35 st/s
    done(50): success=49 t_flicker=1
Ep 23900 | score  210.05 | avg100  206.94 | grasp100  97.0% | best 0.985 |     35 st/s
    done(50): success=48 t_flicker=2
Ep 23950 | score  208.56 | avg100  203.61 | grasp100  95.0% | best 0.985 |     35 st/s
    done(50): success=47 t_flicker=3
Ep 24000 | score  210.57 | avg100  197.61 | grasp100  91.0% | best 0.985 |     35 st/s
    done(50): success=44 t_flicker=6
Ep 24050 | score  208.70 | avg100  190.31 | grasp100  85.0% | best 0.985 |     35 st/s
    done(50): success=41 t_flicker=9
Ep 24100 | score  209.25 | avg100  194.96 | grasp100  88.0% | best 0.985 |     35 st/s
    done(50): success=47 t_flicker=2 t_touched=1
Ep 24150 | score  206.13 | avg100  203.85 | grasp100  95.0% | best 0.985 |     35 st/s
    done(50): success=48 t_flicker=2
Ep 24200 | score  210.68 | avg100  201.59 | grasp100  94.0% | best 0.985 |     35 st/s
    done(50): success=46 t_flicker=4
Ep 24250 | score  206.32 | avg100  202.07 | grasp100  94.0% | best 0.985 |     35 st/s
    done(50): success=48 t_flicker=2
Ep 24300 | score   64.17 | avg100  203.82 | grasp100  94.0% | best 0.985 |     35 st/s
    done(50): success=46 t_flicker=4
Ep 24350 | score  210.00 | avg100  198.93 | grasp100  91.0% | best 0.985 |     35 st/s
    done(50): success=45 t_flicker=4 t_touched=1
Ep 24400 | score  209.24 | avg100  199.65 | grasp100  92.0% | best 0.985 |     35 st/s
    done(50): success=47 t_flicker=3
Ep 24450 | score  209.83 | avg100  207.12 | grasp100  97.0% | best 0.985 |     35 st/s
    done(50): success=50
Ep 24500 | score  208.68 | avg100  205.60 | grasp100  97.0% | best 0.985 |     35 st/s
    done(50): success=47 t_flicker=2 t_touched=1
Ep 24550 | score  208.83 | avg100  204.18 | grasp100  96.0% | best 0.985 |     35 st/s
    done(50): success=49 t_flicker=1
Ep 24600 | score  205.30 | avg100  207.38 | grasp100  98.0% | best 0.985 |     35 st/s
    done(50): success=49 t_flicker=1
Ep 24650 | score  209.40 | avg100  207.22 | grasp100  98.0% | best 0.985 |     35 st/s
    done(50): success=49 t_flicker=1
Ep 24700 | score  207.31 | avg100  204.98 | grasp100  97.0% | best 0.985 |     35 st/s
    done(50): success=48 t_flicker=2
Ep 24750 | score  206.60 | avg100  203.82 | grasp100  96.0% | best 0.985 |     35 st/s
    done(50): success=48 t_flicker=2
Ep 24800 | score  208.30 | avg100  203.48 | grasp100  95.0% | best 0.985 |     35 st/s
    done(50): success=47 t_flicker=3
Ep 24850 | score  210.30 | avg100  204.92 | grasp100  96.0% | best 0.985 |     35 st/s
    done(50): success=49 t_flicker=1
  [primacy-bias reset of critic heads @ 350000 updates]
Ep 24900 | score  -44.81 | avg100  202.65 | grasp100  96.0% | best 0.985 |     35 st/s
    done(50): success=47 t_flicker=1 t_touched=2
Ep 24950 | score   22.69 | avg100   81.93 | grasp100  54.0% | best 0.985 |     35 st/s
    done(50): success=7 t_flicker=2 t_touched=3 t_no_reach=38
Ep 25000 | score  211.00 | avg100   70.44 | grasp100  46.0% | best 0.985 |     35 st/s
    done(50): success=39 t_flicker=10 t_touched=1

========================================================================
DONE  td3_ln_buf500k_s0
  Episodes     : 25000
  Env steps    : 892,645  (25750s)
  Best metric  : 0.985  (policy in /home/fahim/Thesis_fahim/pickandplace/checkpoints/td3_grasp_rand_td3_ln_buf500k_s0/best)
  Final grasp% : 46.0
  CSV          : /home/fahim/Thesis_fahim/pickandplace/logs/grasp_rand_td3_ln_buf500k_s0/episodes.csv
  Probe CSV    : /home/fahim/Thesis_fahim/pickandplace/logs/grasp_rand_td3_ln_buf500k_s0/probe.csv
  Manifest     : /home/fahim/Thesis_fahim/pickandplace/logs/grasp_rand_td3_ln_buf500k_s0/manifest.json
========================================================================

