========================================================================
RANDOM-SPAWN GRASP RETRAINING  |  algo=td3_ln  run=td3_ln_buf500k_s2
========================================================================
  Envs                : 5 (subprocess-parallel, fork)
  Spawn level         : 2.0 (1.0 = full position box, 2.0 = + z-rotation)
  Updates/vec-step    : 2 (0.400 per env-step; historical baseline 0.5)
  Buffer              : 500,000
  Actor               : 64 -> 32  (5,216 weights)
  Warm start          : checkpoints/td3_grasp_rand_td3_ln_smallc64_s5/best
  Checkpoints         : /home/fahim/Thesis_fahim/pickandplace/checkpoints/td3_grasp_rand_td3_ln_buf500k_s2
========================================================================

Spawning 5 subprocess environments (fork)...
[robosuite WARNING] No private macro file found! (__init__.py:7)
[robosuite WARNING] It is recommended to use a private macro file (__init__.py:8)
[robosuite WARNING] To setup, run: python /home/fahim/Thesis_fahim/venv/lib/python3.12/site-packages/robosuite/scripts/setup_macros.py (__init__.py:9)
[robosuite WARNING] No private macro file found! (__init__.py:7)
[robosuite WARNING] No private macro file found! (__init__.py:7)
[robosuite WARNING] It is recommended to use a private macro file (__init__.py:8)
[robosuite WARNING] To setup, run: python /home/fahim/Thesis_fahim/venv/lib/python3.12/site-packages/robosuite/scripts/setup_macros.py (__init__.py:9)
[robosuite WARNING] It is recommended to use a private macro file (__init__.py:8)
[robosuite WARNING] To setup, run: python /home/fahim/Thesis_fahim/venv/lib/python3.12/site-packages/robosuite/scripts/setup_macros.py (__init__.py:9)
[robosuite WARNING] No private macro file found! (__init__.py:7)
[robosuite WARNING] It is recommended to use a private macro file (__init__.py:8)
[robosuite WARNING] To setup, run: python /home/fahim/Thesis_fahim/venv/lib/python3.12/site-packages/robosuite/scripts/setup_macros.py (__init__.py:9)
[robosuite WARNING] No private macro file found! (__init__.py:7)
[robosuite WARNING] It is recommended to use a private macro file (__init__.py:8)
[robosuite WARNING] To setup, run: python /home/fahim/Thesis_fahim/venv/lib/python3.12/site-packages/robosuite/scripts/setup_macros.py (__init__.py:9)
Gym has been unmaintained since 2022 and does not support NumPy 2.0 amongst other critical functionality.
Please upgrade to Gymnasium, the maintained drop-in replacement of Gym, or contact the authors of your software and request that they upgrade.
See the migration guide at https://gymnasium.farama.org/introduction/migration_guide/ for additional information.
Gym has been unmaintained since 2022 and does not support NumPy 2.0 amongst other critical functionality.
Please upgrade to Gymnasium, the maintained drop-in replacement of Gym, or contact the authors of your software and request that they upgrade.
See the migration guide at https://gymnasium.farama.org/introduction/migration_guide/ for additional information.
Gym has been unmaintained since 2022 and does not support NumPy 2.0 amongst other critical functionality.
Please upgrade to Gymnasium, the maintained drop-in replacement of Gym, or contact the authors of your software and request that they upgrade.
See the migration guide at https://gymnasium.farama.org/introduction/migration_guide/ for additional information.
Gym has been unmaintained since 2022 and does not support NumPy 2.0 amongst other critical functionality.
Please upgrade to Gymnasium, the maintained drop-in replacement of Gym, or contact the authors of your software and request that they upgrade.
See the migration guide at https://gymnasium.farama.org/introduction/migration_guide/ for additional information.
Gym has been unmaintained since 2022 and does not support NumPy 2.0 amongst other critical functionality.
Please upgrade to Gymnasium, the maintained drop-in replacement of Gym, or contact the authors of your software and request that they upgrade.
See the migration guide at https://gymnasium.farama.org/introduction/migration_guide/ for additional information.
/home/fahim/Thesis_fahim/venv/lib/python3.12/site-packages/gym/spaces/box.py:84: UserWarning: [33mWARN: Box bound precision lowered by casting to float32[0m
  logger.warn(f"Box bound precision lowered by casting to {self.dtype}")
/home/fahim/Thesis_fahim/venv/lib/python3.12/site-packages/gym/spaces/box.py:84: UserWarning: [33mWARN: Box bound precision lowered by casting to float32[0m
  logger.warn(f"Box bound precision lowered by casting to {self.dtype}")
/home/fahim/Thesis_fahim/venv/lib/python3.12/site-packages/gym/spaces/box.py:84: UserWarning: [33mWARN: Box bound precision lowered by casting to float32[0m
  logger.warn(f"Box bound precision lowered by casting to {self.dtype}")
/home/fahim/Thesis_fahim/venv/lib/python3.12/site-packages/gym/spaces/box.py:84: UserWarning: [33mWARN: Box bound precision lowered by casting to float32[0m
  logger.warn(f"Box bound precision lowered by casting to {self.dtype}")
/home/fahim/Thesis_fahim/venv/lib/python3.12/site-packages/gym/spaces/box.py:84: UserWarning: [33mWARN: Box bound precision lowered by casting to float32[0m
  logger.warn(f"Box bound precision lowered by casting to {self.dtype}")
Gym has been unmaintained since 2022 and does not support NumPy 2.0 amongst other critical functionality.
Please upgrade to Gymnasium, the maintained drop-in replacement of Gym, or contact the authors of your software and request that they upgrade.
See the migration guide at https://gymnasium.farama.org/introduction/migration_guide/ for additional information.
5 environments ready.

  Actor QAT           : per-tensor INT8 fake-quant, STE grads
  Actor weight clip   : |w| <= 8.0 * std(w) per Linear tensor (bi_s0 baseline fc1 9.96 / fc2 10.82)
Init: warm-started (source: /home/fahim/Thesis_fahim/pickandplace/checkpoints/td3_grasp_rand_td3_ln_smallc64_s5/best)
Fresh replay buffer.

Training...

Ep    50 | score  130.37 | avg100  203.21 | grasp100  94.0% | best 0.000 |     51 st/s
    done(50): success=47 t_flicker=3
Ep   100 | score  212.61 | avg100  200.51 | grasp100  93.0% | best 0.000 |     50 st/s
    done(50): success=46 t_flicker=4
Ep   150 | score  207.98 | avg100  199.19 | grasp100  92.0% | best 0.000 |     50 st/s
    done(50): success=46 t_flicker=2 t_touched=2
Ep   200 | * BEST  level200=2.00 grasp200= 88.5% metric=0.885 | score  213.32
Ep   250 | score   94.64 | avg100  156.94 | grasp100  66.0% | best 0.885 |     49 st/s
    done(50): success=28 t_flicker=11 t_touched=11
Ep   300 | score   26.97 | avg100  149.09 | grasp100  64.0% | best 0.885 |     48 st/s
    done(50): success=36 t_flicker=7 t_touched=7
Ep   350 | score  210.86 | avg100  163.22 | grasp100  71.0% | best 0.885 |     47 st/s
    done(50): success=35 t_flicker=12 t_touched=3
Ep   400 | score  207.83 | avg100  162.01 | grasp100  71.0% | best 0.885 |     47 st/s
    done(50): success=36 t_flicker=5 t_touched=7 t_no_reach=2
Ep   450 | score   -3.59 | avg100  172.73 | grasp100  78.0% | best 0.885 |     47 st/s
    done(50): success=42 t_flicker=6 t_touched=1 t_no_reach=1
Ep   500 | score   96.43 | avg100  171.27 | grasp100  77.0% | best 0.885 |     47 st/s
    done(50): success=35 t_flicker=8 t_touched=7
Ep   550 | score  211.08 | avg100  165.39 | grasp100  74.0% | best 0.885 |     46 st/s
    done(50): success=39 t_flicker=7 t_touched=4
Ep   600 | score  210.34 | avg100  178.53 | grasp100  79.0% | best 0.885 |     46 st/s
    done(50): success=40 t_flicker=7 t_touched=3
Ep   650 | score  210.64 | avg100  180.17 | grasp100  81.0% | best 0.885 |     46 st/s
    done(50): success=41 t_flicker=5 t_touched=1 t_no_reach=3
Ep   700 | score   53.86 | avg100  157.31 | grasp100  71.0% | best 0.885 |     46 st/s
    done(50): success=30 t_flicker=9 t_touched=11
Ep   750 | score  204.00 | avg100  156.02 | grasp100  69.0% | best 0.885 |     45 st/s
    done(50): success=39 t_flicker=9 t_touched=2
Ep   800 | score  208.08 | avg100  173.78 | grasp100  77.0% | best 0.885 |     45 st/s
    done(50): success=38 t_flicker=8 t_touched=4
Ep   850 | score   58.98 | avg100  169.81 | grasp100  76.0% | best 0.885 |     45 st/s
    done(50): success=38 t_flicker=5 t_touched=6 t_no_reach=1
Ep   900 | score   63.51 | avg100  165.04 | grasp100  73.0% | best 0.885 |     45 st/s
    done(50): success=35 t_flicker=11 t_touched=4
Ep   950 | score   50.87 | avg100  166.33 | grasp100  73.0% | best 0.885 |     45 st/s
    done(50): success=38 t_flicker=8 t_touched=4
Ep  1000 | score  207.18 | avg100  171.41 | grasp100  78.0% | best 0.885 |     45 st/s
    done(50): success=40 t_flicker=7 t_touched=2 t_no_reach=1
Ep  1050 | score  211.54 | avg100  173.39 | grasp100  80.0% | best 0.885 |     44 st/s
    done(50): success=40 t_flicker=5 t_touched=3 t_no_reach=2
Ep  1100 | score   56.88 | avg100  177.84 | grasp100  81.0% | best 0.885 |     44 st/s
    done(50): success=41 t_flicker=7 t_touched=2
Ep  1150 | score   64.69 | avg100  182.13 | grasp100  83.0% | best 0.885 |     44 st/s
    done(50): success=42 t_flicker=5 t_touched=2 t_no_reach=1
  [primacy-bias reset of critic heads @ 25000 updates]
Ep  1200 | score   37.84 | avg100  135.10 | grasp100  64.0% | best 0.885 |     45 st/s
    done(50): success=22 t_flicker=8 t_touched=12 t_no_reach=8
Ep  1250 | score  -35.40 | avg100   55.99 | grasp100  31.0% | best 0.885 |     45 st/s
    done(50): success=9 t_flicker=8 t_touched=19 t_no_reach=14
Ep  1300 | score  206.95 | avg100   78.17 | grasp100  37.0% | best 0.885 |     45 st/s
    done(50): success=28 t_flicker=13 t_touched=9
Ep  1350 | score  209.74 | avg100  121.95 | grasp100  51.0% | best 0.885 |     45 st/s
    done(50): success=23 t_flicker=20 t_touched=7
Ep  1400 | score   77.23 | avg100  145.25 | grasp100  63.0% | best 0.885 |     45 st/s
    done(50): success=40 t_flicker=6 t_touched=4
Ep  1450 | score   72.84 | avg100  177.54 | grasp100  79.0% | best 0.885 |     45 st/s
    done(50): success=39 t_flicker=9 t_touched=2
Ep  1500 | score    8.38 | avg100  174.16 | grasp100  76.0% | best 0.885 |     45 st/s
    done(50): success=37 t_flicker=12 t_touched=1
Ep  1550 | score  207.98 | avg100  163.73 | grasp100  69.0% | best 0.885 |     45 st/s
    done(50): success=32 t_flicker=16 t_touched=2
Ep  1600 | score  208.17 | avg100  166.80 | grasp100  72.0% | best 0.885 |     45 st/s
    done(50): success=40 t_flicker=7 t_touched=2 t_no_reach=1
Ep  1650 | score   83.05 | avg100  183.56 | grasp100  84.0% | best 0.885 |     44 st/s
    done(50): success=44 t_flicker=4 t_touched=2
Ep  1700 | score  200.86 | avg100  193.42 | grasp100  90.0% | best 0.885 |     44 st/s
    done(50): success=46 t_flicker=3 t_touched=1
Ep  1750 | score  207.98 | avg100  195.51 | grasp100  90.0% | best 0.885 |     44 st/s
    done(50): success=44 t_flicker=5 t_touched=1
Ep  1768 | * BEST  level200=2.00 grasp200= 90.0% metric=0.900 | score  220.45
Ep  1800 | score  202.65 | avg100  196.92 | grasp100  91.0% | best 0.900 |     44 st/s
    done(50): success=47 t_flicker=3
Ep  1850 | score  197.12 | avg100  198.73 | grasp100  92.0% | best 0.900 |     43 st/s
    done(50): success=45 t_flicker=5
Ep  1852 | * BEST  level200=2.00 grasp200= 91.5% metric=0.915 | score  209.60
Ep  1900 | score  213.00 | avg100  193.87 | grasp100  89.0% | best 0.915 |     43 st/s
    done(50): success=44 t_flicker=5 t_touched=1
Ep  1950 | score  193.62 | avg100  183.00 | grasp100  86.0% | best 0.915 |     43 st/s
    done(50): success=42 t_flicker=6 t_touched=2
Ep  2000 | score  194.99 | avg100  182.38 | grasp100  86.0% | best 0.915 |     43 st/s
    done(50): success=44 t_flicker=6
Ep  2050 | score   71.73 | avg100  186.54 | grasp100  88.0% | best 0.915 |     43 st/s
    done(50): success=44 t_flicker=4 t_touched=2
Ep  2100 | score  208.72 | avg100  174.68 | grasp100  81.0% | best 0.915 |     43 st/s
    done(50): success=37 t_flicker=11 t_touched=2
Ep  2150 | score  208.94 | avg100  177.00 | grasp100  81.0% | best 0.915 |     43 st/s
    done(50): success=44 t_flicker=5 t_touched=1
Ep  2200 | score  205.33 | avg100  190.65 | grasp100  88.0% | best 0.915 |     43 st/s
    done(50): success=44 t_flicker=6
Ep  2250 | score  210.69 | avg100  190.01 | grasp100  89.0% | best 0.915 |     42 st/s
    done(50): success=45 t_flicker=3 t_touched=2
Ep  2300 | score  205.78 | avg100  184.92 | grasp100  87.0% | best 0.915 |     42 st/s
    done(50): success=42 t_flicker=6 t_touched=2
Ep  2350 | score  208.66 | avg100  191.17 | grasp100  89.0% | best 0.915 |     42 st/s
    done(50): success=47 t_flicker=3
Ep  2400 | score  212.25 | avg100  197.86 | grasp100  93.0% | best 0.915 |     42 st/s
    done(50): success=46 t_flicker=3 t_touched=1
  [primacy-bias reset of critic heads @ 50000 updates]
Ep  2450 | score   52.94 | avg100  147.00 | grasp100  63.0% | best 0.915 |     42 st/s
    done(50): success=17 t_flicker=26 t_touched=7
Ep  2500 | score   59.52 | avg100  100.89 | grasp100  38.0% | best 0.915 |     42 st/s
    done(50): success=21 t_flicker=18 t_touched=11
Ep  2550 | score   78.14 | avg100  109.56 | grasp100  42.0% | best 0.915 |     42 st/s
    done(50): success=21 t_flicker=20 t_touched=8 t_no_reach=1
Ep  2600 | score  204.20 | avg100  147.60 | grasp100  62.0% | best 0.915 |     42 st/s
    done(50): success=41 t_flicker=8 t_no_reach=1
Ep  2650 | score  211.52 | avg100  173.61 | grasp100  79.0% | best 0.915 |     42 st/s
    done(50): success=38 t_flicker=8 t_touched=2 t_no_reach=2
Ep  2700 | score  214.17 | avg100  176.96 | grasp100  80.0% | best 0.915 |     42 st/s
    done(50): success=42 t_flicker=6 t_touched=1 t_no_reach=1
Ep  2750 | score  209.78 | avg100  188.64 | grasp100  87.0% | best 0.915 |     42 st/s
    done(50): success=45 t_flicker=3 t_touched=2
Ep  2800 | score   58.03 | avg100  192.31 | grasp100  90.0% | best 0.915 |     42 st/s
    done(50): success=45 t_flicker=4 t_touched=1
Ep  2850 | score  209.99 | avg100  195.14 | grasp100  91.0% | best 0.915 |     42 st/s
    done(50): success=46 t_flicker=2 t_touched=2
Ep  2900 | score  211.61 | avg100  197.41 | grasp100  92.0% | best 0.915 |     42 st/s
    done(50): success=46 t_flicker=4
Ep  2950 | score  210.99 | avg100  196.84 | grasp100  91.0% | best 0.915 |     42 st/s
    done(50): success=45 t_flicker=5
Ep  3000 | score  204.39 | avg100  200.39 | grasp100  93.0% | best 0.915 |     41 st/s
    done(50): success=48 t_flicker=2
Ep  3001 | * BEST  level200=2.00 grasp200= 93.0% metric=0.930 | score  209.27
Ep  3050 | score  207.29 | avg100  206.04 | grasp100  97.0% | best 0.930 |     41 st/s
    done(50): success=49 t_flicker=1
Ep  3100 | score  210.73 | avg100  197.57 | grasp100  92.0% | best 0.930 |     41 st/s
    done(50): success=43 t_flicker=6 t_touched=1
Ep  3123 | * BEST  level200=2.00 grasp200= 94.5% metric=0.945 | score  209.42
Ep  3150 | score  207.86 | avg100  196.17 | grasp100  91.0% | best 0.945 |     41 st/s
    done(50): success=48 t_flicker=2
Ep  3200 | score  211.45 | avg100  204.64 | grasp100  96.0% | best 0.945 |     41 st/s
    done(50): success=48 t_flicker=2
Ep  3250 | score  208.60 | avg100  201.70 | grasp100  94.0% | best 0.945 |     41 st/s
    done(50): success=46 t_flicker=4
Ep  3300 | score   54.15 | avg100  199.20 | grasp100  93.0% | best 0.945 |     41 st/s
    done(50): success=47 t_flicker=3
Ep  3350 | score  205.40 | avg100  196.75 | grasp100  91.0% | best 0.945 |     41 st/s
    done(50): success=44 t_flicker=6
Ep  3400 | score  242.23 | avg100  198.62 | grasp100  91.0% | best 0.945 |     41 st/s
    done(50): success=47 t_flicker=2 t_touched=1
Ep  3450 | score  210.57 | avg100  203.60 | grasp100  95.0% | best 0.945 |     41 st/s
    done(50): success=48 t_flicker=2
Ep  3500 | score  204.79 | avg100  202.60 | grasp100  96.0% | best 0.945 |     41 st/s
    done(50): success=48 t_flicker=2
Ep  3550 | score  208.98 | avg100  201.53 | grasp100  95.0% | best 0.945 |     40 st/s
    done(50): success=47 t_flicker=2 t_touched=1
Ep  3600 | score   99.70 | avg100  202.67 | grasp100  94.0% | best 0.945 |     40 st/s
    done(50): success=47 t_flicker=3
Ep  3650 | score  204.22 | avg100  202.58 | grasp100  94.0% | best 0.945 |     40 st/s
    done(50): success=47 t_flicker=3
Ep  3700 | score  201.53 | avg100  197.82 | grasp100  91.0% | best 0.945 |     40 st/s
    done(50): success=44 t_flicker=5 t_touched=1
Ep  3750 | score  211.61 | avg100  191.79 | grasp100  87.0% | best 0.945 |     40 st/s
    done(50): success=43 t_flicker=5 t_touched=2
Ep  3800 | score  208.51 | avg100  192.35 | grasp100  88.0% | best 0.945 |     40 st/s
    done(50): success=45 t_flicker=5
Ep  3850 | score  208.28 | avg100  195.89 | grasp100  90.0% | best 0.945 |     40 st/s
    done(50): success=45 t_flicker=5
Ep  3900 | score  203.72 | avg100  192.99 | grasp100  89.0% | best 0.945 |     40 st/s
    done(50): success=44 t_flicker=6
Ep  3950 | score  193.75 | avg100  193.50 | grasp100  89.0% | best 0.945 |     40 st/s
    done(50): success=45 t_flicker=5
Ep  4000 | score   83.33 | avg100  192.98 | grasp100  87.0% | best 0.945 |     40 st/s
    done(50): success=42 t_flicker=8
Ep  4050 | score  207.87 | avg100  195.31 | grasp100  89.0% | best 0.945 |     40 st/s
    done(50): success=47 t_flicker=3
  [primacy-bias reset of critic heads @ 75000 updates]
Ep  4100 | score    6.21 | avg100  138.40 | grasp100  64.0% | best 0.945 |     40 st/s
    done(50): success=17 t_flicker=13 t_touched=14 t_no_reach=6
Ep  4150 | score   69.74 | avg100   85.84 | grasp100  37.0% | best 0.945 |     40 st/s
    done(50): success=20 t_flicker=18 t_touched=8 t_no_reach=4
Ep  4200 | score  202.10 | avg100  121.48 | grasp100  49.0% | best 0.945 |     40 st/s
    done(50): success=29 t_flicker=15 t_touched=4 t_no_reach=2
Ep  4250 | score  205.35 | avg100  161.51 | grasp100  69.0% | best 0.945 |     40 st/s
    done(50): success=40 t_flicker=8 t_touched=2
Ep  4300 | score  208.67 | avg100  180.26 | grasp100  82.0% | best 0.945 |     40 st/s
    done(50): success=42 t_flicker=6 t_touched=1 t_no_reach=1
Ep  4350 | score  209.46 | avg100  185.78 | grasp100  85.0% | best 0.945 |     40 st/s
    done(50): success=43 t_flicker=6 t_touched=1
Ep  4400 | score  207.42 | avg100  191.78 | grasp100  89.0% | best 0.945 |     40 st/s
    done(50): success=46 t_flicker=4
Ep  4450 | score  212.35 | avg100  194.77 | grasp100  90.0% | best 0.945 |     40 st/s
    done(50): success=44 t_flicker=6
Ep  4500 | score  209.04 | avg100  195.46 | grasp100  90.0% | best 0.945 |     40 st/s
    done(50): success=46 t_flicker=4
Ep  4550 | score  207.83 | avg100  196.45 | grasp100  91.0% | best 0.945 |     40 st/s
    done(50): success=45 t_flicker=4 t_touched=1
Ep  4600 | score  206.69 | avg100  198.62 | grasp100  92.0% | best 0.945 |     40 st/s
    done(50): success=47 t_flicker=3
Ep  4650 | score  208.17 | avg100  195.21 | grasp100  88.0% | best 0.945 |     40 st/s
    done(50): success=41 t_flicker=7 t_touched=2
Ep  4700 | score  208.45 | avg100  191.90 | grasp100  86.0% | best 0.945 |     40 st/s
    done(50): success=45 t_flicker=4 t_touched=1
Ep  4750 | score   54.31 | avg100  191.24 | grasp100  87.0% | best 0.945 |     40 st/s
    done(50): success=42 t_flicker=8
Ep  4800 | score  209.63 | avg100  190.62 | grasp100  86.0% | best 0.945 |     40 st/s
    done(50): success=44 t_flicker=5 t_touched=1
Ep  4850 | score  207.75 | avg100  194.66 | grasp100  89.0% | best 0.945 |     40 st/s
    done(50): success=45 t_flicker=5
Ep  4900 | score  206.98 | avg100  192.58 | grasp100  89.0% | best 0.945 |     40 st/s
    done(50): success=44 t_flicker=2 t_touched=3 t_no_reach=1
Ep  4950 | score  205.72 | avg100  190.78 | grasp100  88.0% | best 0.945 |     40 st/s
    done(50): success=44 t_flicker=5 t_touched=1
Ep  5000 | score  208.05 | avg100  191.65 | grasp100  89.0% | best 0.945 |     40 st/s
    done(50): success=45 t_flicker=1 t_touched=3 t_no_reach=1
Ep  5050 | score  211.16 | avg100  197.69 | grasp100  93.0% | best 0.945 |     40 st/s
    done(50): success=48 t_flicker=2
Ep  5100 | score  210.66 | avg100  197.97 | grasp100  92.0% | best 0.945 |     40 st/s
    done(50): success=44 t_flicker=4 t_touched=2
Ep  5150 | score   65.86 | avg100  189.15 | grasp100  86.0% | best 0.945 |     40 st/s
    done(50): success=42 t_flicker=7 t_no_reach=1
Ep  5200 | score  208.94 | avg100  193.65 | grasp100  89.0% | best 0.945 |     40 st/s
    done(50): success=47 t_flicker=3
Ep  5250 | score  205.84 | avg100  202.13 | grasp100  95.0% | best 0.945 |     39 st/s
    done(50): success=48 t_flicker=2
Ep  5300 | score  209.98 | avg100  199.47 | grasp100  93.0% | best 0.945 |     39 st/s
    done(50): success=45 t_flicker=5
Ep  5350 | score  -53.42 | avg100  193.17 | grasp100  89.0% | best 0.945 |     39 st/s
    done(50): success=44 t_flicker=5 t_touched=1
Ep  5400 | score  209.54 | avg100  194.85 | grasp100  89.0% | best 0.945 |     39 st/s
    done(50): success=45 t_flicker=5
Ep  5450 | score  208.61 | avg100  195.84 | grasp100  89.0% | best 0.945 |     39 st/s
    done(50): success=44 t_flicker=5 t_touched=1
Ep  5500 | score  211.02 | avg100  197.14 | grasp100  91.0% | best 0.945 |     39 st/s
    done(50): success=47 t_flicker=3
Ep  5550 | score  237.96 | avg100  197.34 | grasp100  91.0% | best 0.945 |     39 st/s
    done(50): success=44 t_flicker=5 t_touched=1
  [primacy-bias reset of critic heads @ 100000 updates]
Ep  5600 | score  -73.70 | avg100  168.28 | grasp100  76.0% | best 0.945 |     39 st/s
    done(50): success=32 t_flicker=10 t_touched=5 t_no_reach=3
Ep  5650 | score  210.20 | avg100   49.72 | grasp100  36.0% | best 0.945 |     40 st/s
    done(50): success=4 t_flicker=4 t_touched=3 t_no_reach=39
Ep  5700 | score  206.86 | avg100   59.62 | grasp100  42.0% | best 0.945 |     40 st/s
    done(50): success=38 t_flicker=8 t_touched=1 t_no_reach=3
Ep  5750 | score  209.35 | avg100  178.01 | grasp100  82.0% | best 0.945 |     40 st/s
    done(50): success=44 t_flicker=5 t_touched=1
Ep  5800 | score  211.12 | avg100  198.21 | grasp100  92.0% | best 0.945 |     40 st/s
    done(50): success=48 t_flicker=2
Ep  5850 | score  210.71 | avg100  195.08 | grasp100  91.0% | best 0.945 |     40 st/s
    done(50): success=43 t_flicker=6 t_touched=1
Ep  5900 | score  209.69 | avg100  190.00 | grasp100  87.0% | best 0.945 |     40 st/s
    done(50): success=44 t_flicker=6
Ep  5950 | score  208.51 | avg100  195.20 | grasp100  89.0% | best 0.945 |     39 st/s
    done(50): success=45 t_flicker=5
Ep  6000 | score  209.98 | avg100  201.41 | grasp100  94.0% | best 0.945 |     39 st/s
    done(50): success=49 t_touched=1
Ep  6050 | score  212.84 | avg100  200.73 | grasp100  94.0% | best 0.945 |     39 st/s
    done(50): success=45 t_flicker=5
Ep  6100 | score  208.74 | avg100  195.99 | grasp100  90.0% | best 0.945 |     39 st/s
    done(50): success=45 t_flicker=5
Ep  6150 | score  207.43 | avg100  198.43 | grasp100  91.0% | best 0.945 |     39 st/s
    done(50): success=46 t_flicker=4
Ep  6200 | score  204.17 | avg100  197.20 | grasp100  90.0% | best 0.945 |     39 st/s
    done(50): success=44 t_flicker=6
Ep  6250 | score  212.54 | avg100  195.87 | grasp100  90.0% | best 0.945 |     39 st/s
    done(50): success=46 t_flicker=3 t_touched=1
Ep  6300 | score  214.74 | avg100  200.63 | grasp100  93.0% | best 0.945 |     39 st/s
    done(50): success=47 t_flicker=3
Ep  6350 | score  208.43 | avg100  197.83 | grasp100  91.0% | best 0.945 |     39 st/s
    done(50): success=44 t_flicker=6
Ep  6400 | score  224.31 | avg100  196.88 | grasp100  91.0% | best 0.945 |     39 st/s
    done(50): success=47 t_flicker=3
Ep  6450 | score  207.36 | avg100  200.96 | grasp100  94.0% | best 0.945 |     39 st/s
    done(50): success=47 t_flicker=3
Ep  6500 | score  209.51 | avg100  196.97 | grasp100  92.0% | best 0.945 |     39 st/s
    done(50): success=45 t_flicker=5
Ep  6550 | score  211.57 | avg100  194.78 | grasp100  91.0% | best 0.945 |     39 st/s
    done(50): success=46 t_flicker=4
Ep  6600 | score  202.09 | avg100  199.74 | grasp100  94.0% | best 0.945 |     39 st/s
    done(50): success=48 t_flicker=2
Ep  6650 | score   48.58 | avg100  202.56 | grasp100  95.0% | best 0.945 |     39 st/s
    done(50): success=47 t_flicker=3
Ep  6700 | score  210.17 | avg100  203.74 | grasp100  96.0% | best 0.945 |     39 st/s
    done(50): success=49 t_flicker=1
Ep  6721 | * BEST  level200=2.00 grasp200= 96.0% metric=0.960 | score  203.49
Ep  6750 | score  209.13 | avg100  204.83 | grasp100  97.0% | best 0.960 |     39 st/s
    done(50): success=48 t_flicker=2
Ep  6800 | score  208.89 | avg100  197.74 | grasp100  92.0% | best 0.960 |     39 st/s
    done(50): success=44 t_flicker=4 t_touched=2
Ep  6850 | score  212.38 | avg100  200.44 | grasp100  94.0% | best 0.960 |     39 st/s
    done(50): success=50
Ep  6900 | score  215.50 | avg100  207.75 | grasp100  99.0% | best 0.960 |     39 st/s
    done(50): success=49 t_flicker=1
Ep  6950 | score  210.94 | avg100  205.38 | grasp100  97.0% | best 0.960 |     39 st/s
    done(50): success=48 t_flicker=2
Ep  7000 | score  209.22 | avg100  201.80 | grasp100  95.0% | best 0.960 |     39 st/s
    done(50): success=47 t_flicker=3
Ep  7050 | score  208.06 | avg100  201.17 | grasp100  95.0% | best 0.960 |     39 st/s
    done(50): success=48 t_flicker=2
Ep  7100 | score  210.51 | avg100  195.93 | grasp100  91.0% | best 0.960 |     39 st/s
    done(50): success=43 t_flicker=7
Ep  7150 | score  211.43 | avg100  199.24 | grasp100  93.0% | best 0.960 |     39 st/s
    done(50): success=50
Ep  7200 | score  209.42 | avg100  207.71 | grasp100  98.0% | best 0.960 |     38 st/s
    done(50): success=48 t_flicker=2
Ep  7250 | score  208.82 | avg100  207.57 | grasp100  98.0% | best 0.960 |     38 st/s
    done(50): success=50
Ep  7284 | * BEST  level200=2.00 grasp200= 97.5% metric=0.975 | score  210.70
Ep  7300 | score  209.81 | avg100  206.67 | grasp100  98.0% | best 0.975 |     38 st/s
    done(50): success=48 t_flicker=2
  [primacy-bias reset of critic heads @ 125000 updates]
Ep  7350 | score   84.58 | avg100  112.39 | grasp100  61.0% | best 0.975 |     39 st/s
    done(50): success=13 t_flicker=6 t_touched=11 t_no_reach=20
Ep  7400 | score  208.12 | avg100   84.50 | grasp100  49.0% | best 0.975 |     39 st/s
    done(50): success=36 t_flicker=9 t_touched=3 t_no_reach=2
Ep  7450 | score  209.99 | avg100  160.91 | grasp100  76.0% | best 0.975 |     39 st/s
    done(50): success=40 t_flicker=8 t_touched=2
Ep  7500 | score  223.49 | avg100  179.79 | grasp100  82.0% | best 0.975 |     39 st/s
    done(50): success=42 t_flicker=7 t_touched=1
Ep  7550 | score  196.82 | avg100  187.13 | grasp100  87.0% | best 0.975 |     39 st/s
    done(50): success=45 t_flicker=4 t_touched=1
Ep  7600 | score  208.93 | avg100  195.74 | grasp100  92.0% | best 0.975 |     39 st/s
    done(50): success=47 t_flicker=3
Ep  7650 | score  207.55 | avg100  199.70 | grasp100  93.0% | best 0.975 |     39 st/s
    done(50): success=46 t_flicker=4
Ep  7700 | score  207.53 | avg100  197.62 | grasp100  93.0% | best 0.975 |     39 st/s
    done(50): success=47 t_flicker=2 t_touched=1
Ep  7750 | score  208.98 | avg100  198.39 | grasp100  93.0% | best 0.975 |     38 st/s
    done(50): success=46 t_flicker=4
Ep  7800 | score  207.33 | avg100  201.51 | grasp100  94.0% | best 0.975 |     38 st/s
    done(50): success=48 t_flicker=2
Ep  7850 | score  207.87 | avg100  203.37 | grasp100  95.0% | best 0.975 |     38 st/s
    done(50): success=47 t_flicker=3
Ep  7900 | score  208.05 | avg100  204.30 | grasp100  96.0% | best 0.975 |     38 st/s
    done(50): success=49 t_flicker=1
Ep  7950 | score  206.14 | avg100  205.49 | grasp100  97.0% | best 0.975 |     38 st/s
    done(50): success=48 t_flicker=2
Ep  8000 | score  209.08 | avg100  206.41 | grasp100  98.0% | best 0.975 |     38 st/s
    done(50): success=50
Ep  8050 | score  207.71 | avg100  203.95 | grasp100  97.0% | best 0.975 |     38 st/s
    done(50): success=47 t_flicker=3
Ep  8100 | score  209.77 | avg100  203.23 | grasp100  96.0% | best 0.975 |     38 st/s
    done(50): success=49 t_flicker=1
Ep  8150 | score  209.62 | avg100  207.22 | grasp100  98.0% | best 0.975 |     38 st/s
    done(50): success=49 t_flicker=1
Ep  8200 | score  207.99 | avg100  207.23 | grasp100  97.0% | best 0.975 |     38 st/s
    done(50): success=48 t_flicker=2
Ep  8250 | score  210.22 | avg100  206.62 | grasp100  97.0% | best 0.975 |     38 st/s
    done(50): success=49 t_flicker=1
Ep  8300 | score  208.17 | avg100  200.23 | grasp100  94.0% | best 0.975 |     38 st/s
    done(50): success=45 t_flicker=5
Ep  8350 | score  208.29 | avg100  194.32 | grasp100  89.0% | best 0.975 |     38 st/s
    done(50): success=44 t_flicker=6
Ep  8400 | score  207.29 | avg100  195.40 | grasp100  90.0% | best 0.975 |     38 st/s
    done(50): success=46 t_flicker=3 t_touched=1
Ep  8450 | score  211.00 | avg100  198.09 | grasp100  93.0% | best 0.975 |     38 st/s
    done(50): success=47 t_flicker=3
Ep  8500 | score  209.68 | avg100  201.58 | grasp100  96.0% | best 0.975 |     38 st/s
    done(50): success=49 t_touched=1
Ep  8550 | score   56.95 | avg100  201.69 | grasp100  95.0% | best 0.975 |     38 st/s
    done(50): success=46 t_flicker=4
Ep  8600 | score  208.73 | avg100  203.32 | grasp100  95.0% | best 0.975 |     38 st/s
    done(50): success=49 t_flicker=1
Ep  8650 | score  219.89 | avg100  208.67 | grasp100  99.0% | best 0.975 |     38 st/s
    done(50): success=50
Ep  8700 | score  214.49 | avg100  209.83 | grasp100 100.0% | best 0.975 |     38 st/s
    done(50): success=50
Ep  8713 | * BEST  level200=2.00 grasp200= 99.0% metric=0.990 | score  208.47
Ep  8750 | score  206.72 | avg100  204.69 | grasp100  97.0% | best 0.990 |     38 st/s
    done(50): success=47 t_flicker=3
Ep  8800 | score  208.24 | avg100  201.82 | grasp100  95.0% | best 0.990 |     38 st/s
    done(50): success=48 t_flicker=2
Ep  8850 | score  211.15 | avg100  202.49 | grasp100  95.0% | best 0.990 |     38 st/s
    done(50): success=47 t_flicker=3
Ep  8900 | score  211.53 | avg100  201.21 | grasp100  93.0% | best 0.990 |     38 st/s
    done(50): success=46 t_flicker=4
Ep  8950 | score  207.62 | avg100  204.71 | grasp100  95.0% | best 0.990 |     38 st/s
    done(50): success=49 t_flicker=1
Ep  9000 | score  207.12 | avg100  205.09 | grasp100  96.0% | best 0.990 |     38 st/s
    done(50): success=47 t_flicker=3
Ep  9050 | score  210.78 | avg100  203.61 | grasp100  96.0% | best 0.990 |     38 st/s
    done(50): success=49 t_flicker=1
Ep  9100 | score  208.61 | avg100  205.30 | grasp100  97.0% | best 0.990 |     38 st/s
    done(50): success=48 t_flicker=2
Ep  9150 | score  208.85 | avg100  206.56 | grasp100  97.0% | best 0.990 |     37 st/s
    done(50): success=49 t_flicker=1
  [primacy-bias reset of critic heads @ 150000 updates]
Ep  9200 | score  -30.97 | avg100  180.18 | grasp100  84.0% | best 0.990 |     38 st/s
    done(50): success=35 t_flicker=8 t_touched=6 t_no_reach=1
Ep  9250 | score  209.93 | avg100   85.05 | grasp100  42.0% | best 0.990 |     38 st/s
    done(50): success=7 t_flicker=13 t_touched=16 t_no_reach=14
Ep  9300 | score  208.25 | avg100   95.08 | grasp100  46.0% | best 0.990 |     38 st/s
    done(50): success=39 t_flicker=8 t_touched=3
Ep  9350 | score  147.14 | avg100  174.89 | grasp100  77.0% | best 0.990 |     38 st/s
    done(50): success=38 t_flicker=11 t_touched=1
Ep  9400 | score   47.19 | avg100  185.43 | grasp100  82.0% | best 0.990 |     38 st/s
    done(50): success=44 t_flicker=6
Ep  9450 | score  209.47 | avg100  197.40 | grasp100  91.0% | best 0.990 |     38 st/s
    done(50): success=47 t_flicker=2 t_touched=1
Ep  9500 | score  206.11 | avg100  200.87 | grasp100  93.0% | best 0.990 |     38 st/s
    done(50): success=46 t_flicker=4
Ep  9550 | score  205.92 | avg100  201.88 | grasp100  94.0% | best 0.990 |     38 st/s
    done(50): success=48 t_flicker=2
Ep  9600 | score  208.07 | avg100  199.97 | grasp100  94.0% | best 0.990 |     38 st/s
    done(50): success=46 t_flicker=4
Ep  9650 | score  208.46 | avg100  198.29 | grasp100  93.0% | best 0.990 |     38 st/s
    done(50): success=47 t_flicker=3
Ep  9700 | score  209.50 | avg100  196.92 | grasp100  93.0% | best 0.990 |     38 st/s
    done(50): success=46 t_flicker=4
Ep  9750 | score  206.83 | avg100  200.94 | grasp100  95.0% | best 0.990 |     38 st/s
    done(50): success=49 t_flicker=1
Ep  9800 | score  206.46 | avg100  203.05 | grasp100  95.0% | best 0.990 |     38 st/s
    done(50): success=46 t_flicker=4
Ep  9850 | score  205.64 | avg100  197.63 | grasp100  92.0% | best 0.990 |     38 st/s
    done(50): success=46 t_flicker=3 t_touched=1
Ep  9900 | score  213.55 | avg100  197.50 | grasp100  93.0% | best 0.990 |     38 st/s
    done(50): success=47 t_flicker=2 t_touched=1
Ep  9950 | score  206.47 | avg100  197.33 | grasp100  92.0% | best 0.990 |     38 st/s
    done(50): success=45 t_flicker=5
Ep 10000 | score  201.73 | avg100  200.75 | grasp100  93.0% | best 0.990 |     38 st/s
    done(50): success=48 t_flicker=2
Ep 10050 | score  208.78 | avg100  202.82 | grasp100  96.0% | best 0.990 |     37 st/s
    done(50): success=48 t_flicker=2
Ep 10100 | score  205.97 | avg100  203.46 | grasp100  96.0% | best 0.990 |     37 st/s
    done(50): success=48 t_flicker=2
Ep 10150 | score  208.17 | avg100  205.02 | grasp100  96.0% | best 0.990 |     37 st/s
    done(50): success=48 t_flicker=2
Ep 10200 | score  209.58 | avg100  204.41 | grasp100  97.0% | best 0.990 |     37 st/s
    done(50): success=49 t_flicker=1
Ep 10250 | score  205.98 | avg100  202.42 | grasp100  96.0% | best 0.990 |     37 st/s
    done(50): success=47 t_flicker=3
Ep 10300 | score  209.93 | avg100  197.06 | grasp100  93.0% | best 0.990 |     37 st/s
    done(50): success=46 t_flicker=3 t_no_reach=1
Ep 10350 | score  204.88 | avg100  193.86 | grasp100  91.0% | best 0.990 |     37 st/s
    done(50): success=45 t_flicker=5
Ep 10400 | score  208.58 | avg100  186.88 | grasp100  87.0% | best 0.990 |     37 st/s
    done(50): success=42 t_flicker=6 t_no_reach=2
Ep 10450 | score  208.53 | avg100  188.15 | grasp100  89.0% | best 0.990 |     37 st/s
    done(50): success=47 t_flicker=2 t_touched=1
Ep 10500 | score  209.74 | avg100  197.48 | grasp100  94.0% | best 0.990 |     37 st/s
    done(50): success=47 t_flicker=3
Ep 10550 | score  204.90 | avg100  192.41 | grasp100  90.0% | best 0.990 |     37 st/s
    done(50): success=43 t_flicker=6 t_no_reach=1
Ep 10600 | score  206.95 | avg100  190.74 | grasp100  88.0% | best 0.990 |     37 st/s
    done(50): success=45 t_flicker=5
Ep 10650 | score  207.37 | avg100  192.79 | grasp100  89.0% | best 0.990 |     37 st/s
    done(50): success=44 t_flicker=5 t_no_reach=1
Ep 10700 | score  205.41 | avg100  194.47 | grasp100  90.0% | best 0.990 |     37 st/s
    done(50): success=46 t_flicker=4
Ep 10750 | score  208.23 | avg100  194.69 | grasp100  89.0% | best 0.990 |     37 st/s
    done(50): success=43 t_flicker=7
Ep 10800 | score  211.00 | avg100  196.73 | grasp100  91.0% | best 0.990 |     37 st/s
    done(50): success=48 t_flicker=2
Ep 10850 | score  208.10 | avg100  201.86 | grasp100  96.0% | best 0.990 |     37 st/s
    done(50): success=48 t_flicker=2
  [primacy-bias reset of critic heads @ 175000 updates]
Ep 10900 | score  -79.14 | avg100  171.34 | grasp100  84.0% | best 0.990 |     37 st/s
    done(50): success=36 t_flicker=3 t_touched=2 t_no_reach=9
Ep 10950 | score  211.61 | avg100   74.87 | grasp100  44.0% | best 0.990 |     37 st/s
    done(50): success=8 t_flicker=15 t_touched=11 t_no_reach=16
Ep 11000 | score  209.57 | avg100   68.21 | grasp100  37.0% | best 0.990 |     37 st/s
    done(50): success=29 t_flicker=16 t_touched=5
Ep 11050 | score  208.30 | avg100  149.25 | grasp100  67.0% | best 0.990 |     37 st/s
    done(50): success=38 t_flicker=9 t_touched=3
Ep 11100 | score   60.76 | avg100  181.91 | grasp100  82.0% | best 0.990 |     37 st/s
    done(50): success=44 t_flicker=5 t_touched=1
Ep 11150 | score  209.36 | avg100  197.24 | grasp100  90.0% | best 0.990 |     37 st/s
    done(50): success=46 t_flicker=4
Ep 11200 | score  212.31 | avg100  202.97 | grasp100  94.0% | best 0.990 |     37 st/s
    done(50): success=48 t_flicker=2
Ep 11250 | score  208.96 | avg100  204.71 | grasp100  96.0% | best 0.990 |     37 st/s
    done(50): success=48 t_flicker=2
Ep 11300 | score  211.18 | avg100  203.66 | grasp100  96.0% | best 0.990 |     37 st/s
    done(50): success=48 t_flicker=2
Ep 11350 | score  208.34 | avg100  204.56 | grasp100  96.0% | best 0.990 |     37 st/s
    done(50): success=48 t_flicker=2
Ep 11400 | score  205.65 | avg100  204.98 | grasp100  94.0% | best 0.990 |     37 st/s
    done(50): success=46 t_flicker=4
Ep 11450 | score  209.32 | avg100  200.07 | grasp100  91.0% | best 0.990 |     37 st/s
    done(50): success=45 t_flicker=4 t_touched=1
Ep 11500 | score  206.14 | avg100  199.53 | grasp100  92.0% | best 0.990 |     37 st/s
    done(50): success=47 t_flicker=3
Ep 11550 | score  208.74 | avg100  205.05 | grasp100  96.0% | best 0.990 |     37 st/s
    done(50): success=49 t_flicker=1
Ep 11600 | score  205.98 | avg100  206.45 | grasp100  98.0% | best 0.990 |     37 st/s
    done(50): success=49 t_flicker=1
Ep 11650 | score  206.36 | avg100  206.34 | grasp100  98.0% | best 0.990 |     37 st/s
    done(50): success=49 t_flicker=1
Ep 11700 | score  209.52 | avg100  208.10 | grasp100  99.0% | best 0.990 |     37 st/s
    done(50): success=50
Ep 11750 | score  209.28 | avg100  209.31 | grasp100 100.0% | best 0.990 |     37 st/s
    done(50): success=50
Ep 11800 | score  207.47 | avg100  206.77 | grasp100  98.0% | best 0.990 |     37 st/s
    done(50): success=48 t_flicker=2
Ep 11850 | score  206.01 | avg100  204.57 | grasp100  96.0% | best 0.990 |     37 st/s
    done(50): success=48 t_flicker=2
Ep 11900 | score  209.45 | avg100  205.88 | grasp100  97.0% | best 0.990 |     37 st/s
    done(50): success=49 t_flicker=1
Ep 11950 | score  208.02 | avg100  205.19 | grasp100  97.0% | best 0.990 |     37 st/s
    done(50): success=48 t_flicker=2
Ep 12000 | score  206.63 | avg100  201.83 | grasp100  95.0% | best 0.990 |     37 st/s
    done(50): success=47 t_flicker=2 t_touched=1
Ep 12050 | score  207.14 | avg100  203.93 | grasp100  97.0% | best 0.990 |     37 st/s
    done(50): success=50
Ep 12100 | score  208.39 | avg100  208.98 | grasp100 100.0% | best 0.990 |     37 st/s
    done(50): success=50
Ep 12150 | score  206.94 | avg100  206.76 | grasp100  98.0% | best 0.990 |     37 st/s
    done(50): success=48 t_flicker=2
Ep 12200 | score  220.50 | avg100  206.70 | grasp100  98.0% | best 0.990 |     37 st/s
    done(50): success=50
Ep 12250 | score  208.59 | avg100  205.10 | grasp100  98.0% | best 0.990 |     37 st/s
    done(50): success=48 t_flicker=1 t_touched=1
Ep 12300 | score  207.16 | avg100  199.78 | grasp100  94.0% | best 0.990 |     37 st/s
    done(50): success=46 t_flicker=4
Ep 12350 | score  206.24 | avg100  201.87 | grasp100  94.0% | best 0.990 |     37 st/s
    done(50): success=48 t_flicker=2
Ep 12400 | score  207.25 | avg100  203.12 | grasp100  95.0% | best 0.990 |     37 st/s
    done(50): success=47 t_flicker=3
Ep 12450 | score  208.75 | avg100  204.40 | grasp100  96.0% | best 0.990 |     37 st/s
    done(50): success=49 t_flicker=1
Ep 12500 | score  205.83 | avg100  201.68 | grasp100  95.0% | best 0.990 |     37 st/s
    done(50): success=46 t_flicker=4
Ep 12550 | score  232.59 | avg100  201.29 | grasp100  95.0% | best 0.990 |     37 st/s
    done(50): success=49 t_flicker=1
Ep 12600 | score  205.16 | avg100  206.02 | grasp100  98.0% | best 0.990 |     37 st/s
    done(50): success=49 t_flicker=1
Ep 12650 | score  209.31 | avg100  205.43 | grasp100  97.0% | best 0.990 |     37 st/s
    done(50): success=48 t_flicker=1 t_touched=1
  [primacy-bias reset of critic heads @ 200000 updates]
Ep 12700 | score  -46.59 | avg100  147.00 | grasp100  65.0% | best 0.990 |     37 st/s
    done(50): success=17 t_flicker=11 t_touched=18 t_no_reach=4
Ep 12750 | score  131.14 | avg100  116.23 | grasp100  44.0% | best 0.990 |     37 st/s
    done(50): success=27 t_flicker=21 t_touched=2
Ep 12800 | score  209.13 | avg100  157.42 | grasp100  64.0% | best 0.990 |     37 st/s
    done(50): success=37 t_flicker=10 t_touched=3
Ep 12850 | score  209.65 | avg100  180.91 | grasp100  80.0% | best 0.990 |     37 st/s
    done(50): success=43 t_flicker=7
Ep 12900 | score  210.13 | avg100  192.04 | grasp100  88.0% | best 0.990 |     37 st/s
    done(50): success=45 t_flicker=4 t_touched=1
Ep 12950 | score  208.66 | avg100  192.31 | grasp100  89.0% | best 0.990 |     37 st/s
    done(50): success=44 t_flicker=6
Ep 13000 | score  210.41 | avg100  192.94 | grasp100  89.0% | best 0.990 |     37 st/s
    done(50): success=45 t_flicker=5
Ep 13050 | score  210.23 | avg100  197.82 | grasp100  92.0% | best 0.990 |     37 st/s
    done(50): success=47 t_flicker=3
Ep 13100 | score  209.72 | avg100  202.75 | grasp100  96.0% | best 0.990 |     37 st/s
    done(50): success=49 t_flicker=1
Ep 13150 | score  209.38 | avg100  205.88 | grasp100  98.0% | best 0.990 |     37 st/s
    done(50): success=49 t_flicker=1
Ep 13200 | score  202.03 | avg100  205.70 | grasp100  98.0% | best 0.990 |     37 st/s
    done(50): success=49 t_flicker=1
Ep 13250 | score  208.85 | avg100  207.07 | grasp100  99.0% | best 0.990 |     37 st/s
    done(50): success=50
Ep 13300 | score  222.06 | avg100  204.99 | grasp100  96.0% | best 0.990 |     37 st/s
    done(50): success=46 t_flicker=4
Ep 13350 | score  208.22 | avg100  202.62 | grasp100  94.0% | best 0.990 |     37 st/s
    done(50): success=48 t_flicker=2
Ep 13400 | score  212.52 | avg100  204.14 | grasp100  96.0% | best 0.990 |     37 st/s
    done(50): success=48 t_flicker=2
Ep 13450 | score  207.30 | avg100  207.07 | grasp100  98.0% | best 0.990 |     37 st/s
    done(50): success=50
Ep 13500 | score  210.62 | avg100  210.28 | grasp100 100.0% | best 0.990 |     37 st/s
    done(50): success=50
Ep 13550 | score  210.51 | avg100  207.97 | grasp100  98.0% | best 0.990 |     37 st/s
    done(50): success=48 t_flicker=2
Ep 13600 | score  216.28 | avg100  208.16 | grasp100  98.0% | best 0.990 |     37 st/s
    done(50): success=50
Ep 13650 | score  208.46 | avg100  208.16 | grasp100  99.0% | best 0.990 |     37 st/s
    done(50): success=49 t_flicker=1
Ep 13700 | score  210.27 | avg100  206.61 | grasp100  98.0% | best 0.990 |     37 st/s
    done(50): success=49 t_flicker=1
Ep 13750 | score  210.63 | avg100  206.99 | grasp100  98.0% | best 0.990 |     37 st/s
    done(50): success=49 t_flicker=1
Ep 13800 | score  214.29 | avg100  205.25 | grasp100  97.0% | best 0.990 |     37 st/s
    done(50): success=48 t_flicker=2
Ep 13850 | score  207.99 | avg100  204.88 | grasp100  97.0% | best 0.990 |     37 st/s
    done(50): success=49 t_flicker=1
Ep 13900 | score  210.35 | avg100  204.15 | grasp100  96.0% | best 0.990 |     37 st/s
    done(50): success=47 t_flicker=3
Ep 13950 | score  210.57 | avg100  203.47 | grasp100  95.0% | best 0.990 |     37 st/s
    done(50): success=48 t_flicker=2
Ep 14000 | score  207.64 | avg100  202.54 | grasp100  95.0% | best 0.990 |     37 st/s
    done(50): success=47 t_flicker=3
Ep 14050 | score  209.28 | avg100  203.56 | grasp100  96.0% | best 0.990 |     36 st/s
    done(50): success=49 t_flicker=1
Ep 14100 | score  206.00 | avg100  206.81 | grasp100  97.0% | best 0.990 |     36 st/s
    done(50): success=48 t_flicker=2
Ep 14150 | score  210.25 | avg100  207.27 | grasp100  97.0% | best 0.990 |     36 st/s
    done(50): success=49 t_flicker=1
Ep 14200 | score  209.17 | avg100  203.38 | grasp100  96.0% | best 0.990 |     36 st/s
    done(50): success=47 t_flicker=3
Ep 14250 | score  207.22 | avg100  204.57 | grasp100  97.0% | best 0.990 |     36 st/s
    done(50): success=50
Ep 14300 | score  210.59 | avg100  209.43 | grasp100 100.0% | best 0.990 |     36 st/s
    done(50): success=50
Ep 14350 | score  214.79 | avg100  205.36 | grasp100  98.0% | best 0.990 |     36 st/s
    done(50): success=48 t_touched=2
Ep 14400 | score  209.33 | avg100  204.36 | grasp100  96.0% | best 0.990 |     36 st/s
    done(50): success=48 t_flicker=2
Ep 14450 | score  204.96 | avg100  204.37 | grasp100  95.0% | best 0.990 |     36 st/s
    done(50): success=47 t_flicker=3
Ep 14500 | score  207.13 | avg100  204.76 | grasp100  96.0% | best 0.990 |     36 st/s
    done(50): success=49 t_flicker=1
  [primacy-bias reset of critic heads @ 225000 updates]
Ep 14550 | score  -79.91 | avg100  107.26 | grasp100  61.0% | best 0.990 |     37 st/s
    done(50): success=12 t_flicker=3 t_touched=3 t_no_reach=32
Ep 14600 | score  217.09 | avg100   44.62 | grasp100  32.0% | best 0.990 |     37 st/s
    done(50): success=20 t_flicker=12 t_touched=8 t_no_reach=10
Ep 14650 | score  250.39 | avg100  129.66 | grasp100  59.0% | best 0.990 |     37 st/s
    done(50): success=39 t_flicker=8 t_touched=3
Ep 14700 | score  205.59 | avg100  190.30 | grasp100  87.0% | best 0.990 |     37 st/s
    done(50): success=48 t_flicker=1 t_touched=1
Ep 14750 | score  210.35 | avg100  195.81 | grasp100  90.0% | best 0.990 |     37 st/s
    done(50): success=42 t_flicker=7 t_touched=1
Ep 14800 | score  209.89 | avg100  195.74 | grasp100  89.0% | best 0.990 |     37 st/s
    done(50): success=47 t_flicker=3
Ep 14850 | score  209.36 | avg100  204.99 | grasp100  96.0% | best 0.990 |     37 st/s
    done(50): success=49 t_flicker=1
Ep 14900 | score  206.55 | avg100  208.22 | grasp100  99.0% | best 0.990 |     37 st/s
    done(50): success=50
Ep 14950 | score  208.95 | avg100  206.99 | grasp100  98.0% | best 0.990 |     37 st/s
    done(50): success=48 t_flicker=2
Ep 15000 | score  208.95 | avg100  206.70 | grasp100  98.0% | best 0.990 |     37 st/s
    done(50): success=50
Ep 15050 | score  206.49 | avg100  208.75 | grasp100 100.0% | best 0.990 |     36 st/s
    done(50): success=50
Ep 15100 | score  212.60 | avg100  207.47 | grasp100  99.0% | best 0.990 |     36 st/s
    done(50): success=49 t_flicker=1
Ep 15150 | score  207.02 | avg100  207.79 | grasp100  99.0% | best 0.990 |     36 st/s
    done(50): success=50
Ep 15200 | score  205.60 | avg100  206.95 | grasp100  98.0% | best 0.990 |     36 st/s
    done(50): success=48 t_flicker=2
Ep 15250 | score  210.77 | avg100  203.98 | grasp100  96.0% | best 0.990 |     36 st/s
    done(50): success=48 t_flicker=2
Ep 15300 | score  206.36 | avg100  202.82 | grasp100  96.0% | best 0.990 |     36 st/s
    done(50): success=48 t_flicker=1 t_touched=1
Ep 15350 | score  210.19 | avg100  205.36 | grasp100  98.0% | best 0.990 |     36 st/s
    done(50): success=50
Ep 15400 | score  209.58 | avg100  207.43 | grasp100  99.0% | best 0.990 |     36 st/s
    done(50): success=49 t_flicker=1
Ep 15450 | score  211.18 | avg100  206.13 | grasp100  98.0% | best 0.990 |     36 st/s
    done(50): success=49 t_flicker=1
Ep 15500 | score  207.24 | avg100  205.86 | grasp100  98.0% | best 0.990 |     36 st/s
    done(50): success=49 t_flicker=1
Ep 15550 | score  210.79 | avg100  207.37 | grasp100  99.0% | best 0.990 |     36 st/s
    done(50): success=50
Ep 15600 | score  206.44 | avg100  208.76 | grasp100 100.0% | best 0.990 |     36 st/s
    done(50): success=50
Ep 15650 | score  206.28 | avg100  208.26 | grasp100  99.0% | best 0.990 |     36 st/s
    done(50): success=49 t_flicker=1
Ep 15700 | score  209.50 | avg100  208.48 | grasp100  99.0% | best 0.990 |     36 st/s
    done(50): success=50
Ep 15750 | score  208.17 | avg100  209.07 | grasp100 100.0% | best 0.990 |     36 st/s
    done(50): success=50
Ep 15800 | score  207.94 | avg100  207.30 | grasp100  99.0% | best 0.990 |     36 st/s
    done(50): success=49 t_flicker=1
Ep 15850 | score  209.72 | avg100  202.97 | grasp100  96.0% | best 0.990 |     36 st/s
    done(50): success=47 t_flicker=3
Ep 15900 | score  208.30 | avg100  205.41 | grasp100  97.0% | best 0.990 |     36 st/s
    done(50): success=50
Ep 15950 | score  208.98 | avg100  209.90 | grasp100 100.0% | best 0.990 |     36 st/s
    done(50): success=50
Ep 16000 | score  206.98 | avg100  208.14 | grasp100  99.0% | best 0.990 |     36 st/s
    done(50): success=49 t_flicker=1
Ep 16050 | score  209.09 | avg100  205.01 | grasp100  97.0% | best 0.990 |     36 st/s
    done(50): success=48 t_flicker=2
Ep 16100 | score  208.90 | avg100  204.24 | grasp100  97.0% | best 0.990 |     36 st/s
    done(50): success=49 t_flicker=1
Ep 16150 | score  211.04 | avg100  207.13 | grasp100  99.0% | best 0.990 |     36 st/s
    done(50): success=50
Ep 16200 | score  208.28 | avg100  208.39 | grasp100 100.0% | best 0.990 |     36 st/s
    done(50): success=50
Ep 16250 | score  208.90 | avg100  210.42 | grasp100 100.0% | best 0.990 |     36 st/s
    done(50): success=50
Ep 16300 | score  208.70 | avg100  210.38 | grasp100  99.0% | best 0.990 |     36 st/s
    done(50): success=49 t_flicker=1
  [primacy-bias reset of critic heads @ 250000 updates]
Ep 16350 | score  -40.48 | avg100  198.81 | grasp100  95.0% | best 0.990 |     36 st/s
    done(50): success=46 t_flicker=1 t_no_reach=3
Ep 16400 | score  209.87 | avg100  102.80 | grasp100  54.0% | best 0.990 |     36 st/s
    done(50): success=8 t_flicker=11 t_touched=7 t_no_reach=24
Ep 16450 | score  202.37 | avg100  101.69 | grasp100  48.0% | best 0.990 |     36 st/s
    done(50): success=40 t_flicker=7 t_touched=3
Ep 16500 | score   59.00 | avg100  189.10 | grasp100  82.0% | best 0.990 |     36 st/s
    done(50): success=42 t_flicker=7 t_touched=1
Ep 16550 | score  211.13 | avg100  193.99 | grasp100  87.0% | best 0.990 |     36 st/s
    done(50): success=45 t_flicker=3 t_touched=2
Ep 16600 | score  210.83 | avg100  196.04 | grasp100  90.0% | best 0.990 |     36 st/s
    done(50): success=45 t_flicker=5
Ep 16650 | score  210.18 | avg100  198.31 | grasp100  91.0% | best 0.990 |     36 st/s
    done(50): success=46 t_flicker=3 t_touched=1
Ep 16700 | score  208.57 | avg100  202.88 | grasp100  94.0% | best 0.990 |     36 st/s
    done(50): success=48 t_flicker=2
Ep 16750 | score  213.58 | avg100  206.14 | grasp100  97.0% | best 0.990 |     36 st/s
    done(50): success=49 t_flicker=1
Ep 16800 | score  208.82 | avg100  205.41 | grasp100  97.0% | best 0.990 |     36 st/s
    done(50): success=48 t_flicker=2
Ep 16850 | score  205.19 | avg100  201.51 | grasp100  94.0% | best 0.990 |     36 st/s
    done(50): success=46 t_flicker=4
Ep 16900 | score  209.59 | avg100  200.76 | grasp100  93.0% | best 0.990 |     36 st/s
    done(50): success=47 t_flicker=3
Ep 16950 | score  206.38 | avg100  204.26 | grasp100  96.0% | best 0.990 |     36 st/s
    done(50): success=49 t_flicker=1
Ep 17000 | score  209.16 | avg100  205.89 | grasp100  97.0% | best 0.990 |     36 st/s
    done(50): success=48 t_flicker=2
Ep 17050 | score  210.28 | avg100  204.38 | grasp100  96.0% | best 0.990 |     36 st/s
    done(50): success=48 t_flicker=2
Ep 17100 | score  210.17 | avg100  205.08 | grasp100  96.0% | best 0.990 |     36 st/s
    done(50): success=48 t_flicker=2
Ep 17150 | score  204.18 | avg100  205.27 | grasp100  96.0% | best 0.990 |     36 st/s
    done(50): success=48 t_flicker=2
Ep 17200 | score  210.07 | avg100  204.20 | grasp100  95.0% | best 0.990 |     36 st/s
    done(50): success=47 t_flicker=3
Ep 17250 | score  209.81 | avg100  202.91 | grasp100  94.0% | best 0.990 |     36 st/s
    done(50): success=47 t_flicker=2 t_touched=1
Ep 17300 | score  210.43 | avg100  203.33 | grasp100  95.0% | best 0.990 |     36 st/s
    done(50): success=48 t_flicker=2
Ep 17350 | score  209.06 | avg100  207.17 | grasp100  98.0% | best 0.990 |     36 st/s
    done(50): success=50
Ep 17400 | score  211.09 | avg100  208.12 | grasp100  99.0% | best 0.990 |     36 st/s
    done(50): success=49 t_flicker=1
Ep 17450 | score  205.67 | avg100  206.63 | grasp100  98.0% | best 0.990 |     36 st/s
    done(50): success=49 t_flicker=1
Ep 17500 | score  206.30 | avg100  205.80 | grasp100  97.0% | best 0.990 |     36 st/s
    done(50): success=48 t_flicker=2
Ep 17550 | score  208.12 | avg100  203.99 | grasp100  96.0% | best 0.990 |     36 st/s
    done(50): success=48 t_flicker=2
Ep 17600 | score  210.93 | avg100  203.12 | grasp100  96.0% | best 0.990 |     36 st/s
    done(50): success=48 t_flicker=2
Ep 17650 | score  205.99 | avg100  204.02 | grasp100  97.0% | best 0.990 |     36 st/s
    done(50): success=49 t_flicker=1
Ep 17700 | score  207.96 | avg100  203.32 | grasp100  96.0% | best 0.990 |     36 st/s
    done(50): success=47 t_flicker=3
Ep 17750 | score  209.68 | avg100  202.22 | grasp100  95.0% | best 0.990 |     36 st/s
    done(50): success=48 t_flicker=2
Ep 17800 | score  209.80 | avg100  205.46 | grasp100  97.0% | best 0.990 |     36 st/s
    done(50): success=49 t_flicker=1
Ep 17850 | score  208.52 | avg100  206.85 | grasp100  97.0% | best 0.990 |     36 st/s
    done(50): success=48 t_flicker=2
Ep 17900 | score  210.35 | avg100  201.72 | grasp100  93.0% | best 0.990 |     36 st/s
    done(50): success=45 t_flicker=5
Ep 17950 | score  213.87 | avg100  197.43 | grasp100  92.0% | best 0.990 |     36 st/s
    done(50): success=47 t_flicker=1 t_touched=2
Ep 18000 | score  206.27 | avg100  192.14 | grasp100  90.0% | best 0.990 |     36 st/s
    done(50): success=43 t_flicker=6 t_touched=1
Ep 18050 | score  208.32 | avg100  190.03 | grasp100  88.0% | best 0.990 |     36 st/s
    done(50): success=45 t_flicker=5
Ep 18100 | score  206.38 | avg100  193.63 | grasp100  90.0% | best 0.990 |     36 st/s
    done(50): success=45 t_flicker=4 t_touched=1
Ep 18150 | score  211.81 | avg100  194.68 | grasp100  92.0% | best 0.990 |     36 st/s
    done(50): success=47 t_flicker=1 t_touched=2
  [primacy-bias reset of critic heads @ 275000 updates]
Ep 18200 | score  -50.20 | avg100  130.85 | grasp100  70.0% | best 0.990 |     36 st/s
    done(50): success=23 t_flicker=2 t_touched=5 t_no_reach=20
Ep 18250 | score  216.44 | avg100   85.01 | grasp100  43.0% | best 0.990 |     36 st/s
    done(50): success=20 t_flicker=20 t_touched=7 t_no_reach=3
Ep 18300 | score   94.12 | avg100  143.28 | grasp100  60.0% | best 0.990 |     36 st/s
    done(50): success=40 t_flicker=10
Ep 18350 | score  207.00 | avg100  187.95 | grasp100  84.0% | best 0.990 |     36 st/s
    done(50): success=44 t_flicker=5 t_touched=1
Ep 18400 | score   50.37 | avg100  194.31 | grasp100  90.0% | best 0.990 |     36 st/s
    done(50): success=46 t_flicker=4
Ep 18450 | score  208.13 | avg100  197.07 | grasp100  92.0% | best 0.990 |     36 st/s
    done(50): success=46 t_flicker=4
Ep 18500 | score   57.37 | avg100  199.04 | grasp100  92.0% | best 0.990 |     36 st/s
    done(50): success=46 t_flicker=3 t_touched=1
Ep 18550 | score  209.32 | avg100  199.29 | grasp100  92.0% | best 0.990 |     36 st/s
    done(50): success=46 t_flicker=4
Ep 18600 | score  211.88 | avg100  196.91 | grasp100  91.0% | best 0.990 |     36 st/s
    done(50): success=45 t_flicker=5
Ep 18650 | score  206.64 | avg100  193.56 | grasp100  88.0% | best 0.990 |     36 st/s
    done(50): success=43 t_flicker=6 t_touched=1
Ep 18700 | score  208.56 | avg100  196.01 | grasp100  89.0% | best 0.990 |     36 st/s
    done(50): success=46 t_flicker=4
Ep 18750 | score  208.76 | avg100  204.63 | grasp100  95.0% | best 0.990 |     36 st/s
    done(50): success=49 t_flicker=1
Ep 18800 | score  206.79 | avg100  204.19 | grasp100  96.0% | best 0.990 |     36 st/s
    done(50): success=47 t_flicker=2 t_touched=1
Ep 18850 | score  207.75 | avg100  202.66 | grasp100  96.0% | best 0.990 |     36 st/s
    done(50): success=49 t_flicker=1
Ep 18900 | score  210.51 | avg100  200.22 | grasp100  92.0% | best 0.990 |     36 st/s
    done(50): success=43 t_flicker=7
Ep 18950 | score  209.99 | avg100  197.82 | grasp100  90.0% | best 0.990 |     36 st/s
    done(50): success=47 t_flicker=3
Ep 19000 | score  209.14 | avg100  202.28 | grasp100  95.0% | best 0.990 |     36 st/s
    done(50): success=48 t_flicker=2
Ep 19050 | score  209.14 | avg100  200.32 | grasp100  94.0% | best 0.990 |     36 st/s
    done(50): success=46 t_flicker=4
Ep 19100 | score  211.03 | avg100  203.74 | grasp100  96.0% | best 0.990 |     36 st/s
    done(50): success=50
Ep 19150 | score  210.05 | avg100  207.02 | grasp100  98.0% | best 0.990 |     36 st/s
    done(50): success=48 t_flicker=2
Ep 19200 | score  209.24 | avg100  202.77 | grasp100  95.0% | best 0.990 |     36 st/s
    done(50): success=47 t_flicker=3
Ep 19250 | score  206.36 | avg100  200.80 | grasp100  94.0% | best 0.990 |     36 st/s
    done(50): success=47 t_flicker=3
Ep 19300 | score  206.16 | avg100  200.47 | grasp100  93.0% | best 0.990 |     36 st/s
    done(50): success=46 t_flicker=4
Ep 19350 | score  208.58 | avg100  204.00 | grasp100  94.0% | best 0.990 |     36 st/s
    done(50): success=48 t_flicker=2
Ep 19400 | score  208.40 | avg100  203.97 | grasp100  94.0% | best 0.990 |     36 st/s
    done(50): success=46 t_flicker=4
Ep 19450 | score  206.17 | avg100  202.75 | grasp100  93.0% | best 0.990 |     36 st/s
    done(50): success=47 t_flicker=3
Ep 19500 | score  208.43 | avg100  206.33 | grasp100  96.0% | best 0.990 |     36 st/s
    done(50): success=49 t_flicker=1
Ep 19550 | score  209.50 | avg100  204.69 | grasp100  96.0% | best 0.990 |     36 st/s
    done(50): success=47 t_flicker=3
Ep 19600 | score  208.42 | avg100  204.43 | grasp100  96.0% | best 0.990 |     36 st/s
    done(50): success=49 t_flicker=1
Ep 19650 | score   63.18 | avg100  205.60 | grasp100  96.0% | best 0.990 |     36 st/s
    done(50): success=47 t_flicker=3
Ep 19700 | score  210.70 | avg100  203.63 | grasp100  94.0% | best 0.990 |     36 st/s
    done(50): success=47 t_flicker=3
Ep 19750 | score  208.50 | avg100  206.69 | grasp100  97.0% | best 0.990 |     36 st/s
    done(50): success=50
Ep 19800 | score  229.11 | avg100  206.41 | grasp100  97.0% | best 0.990 |     36 st/s
    done(50): success=47 t_flicker=3
Ep 19850 | score  209.69 | avg100  206.13 | grasp100  97.0% | best 0.990 |     36 st/s
    done(50): success=50
Ep 19900 | score  207.35 | avg100  206.73 | grasp100  98.0% | best 0.990 |     36 st/s
    done(50): success=48 t_flicker=2
Ep 19950 | score  209.55 | avg100  203.60 | grasp100  96.0% | best 0.990 |     36 st/s
    done(50): success=48 t_flicker=2
Ep 20000 | score   58.60 | avg100  203.69 | grasp100  96.0% | best 0.990 |     36 st/s
    done(50): success=48 t_flicker=2
  [primacy-bias reset of critic heads @ 300000 updates]
Ep 20050 | score  -73.05 | avg100   96.38 | grasp100  58.0% | best 0.990 |     36 st/s
    done(50): success=10 t_flicker=1 t_touched=3 t_no_reach=36
Ep 20100 | score  207.02 | avg100   62.85 | grasp100  40.0% | best 0.990 |     36 st/s
    done(50): success=30 t_flicker=13 t_touched=2 t_no_reach=5
Ep 20150 | score  210.06 | avg100  159.88 | grasp100  69.0% | best 0.990 |     36 st/s
    done(50): success=39 t_flicker=11
Ep 20200 | score  207.98 | avg100  184.93 | grasp100  80.0% | best 0.990 |     36 st/s
    done(50): success=41 t_flicker=9
Ep 20250 | score  213.63 | avg100  192.26 | grasp100  86.0% | best 0.990 |     36 st/s
    done(50): success=45 t_flicker=5
Ep 20300 | score  210.07 | avg100  194.27 | grasp100  88.0% | best 0.990 |     36 st/s
    done(50): success=43 t_flicker=7
Ep 20350 | score  207.19 | avg100  194.48 | grasp100  90.0% | best 0.990 |     36 st/s
    done(50): success=47 t_flicker=3
Ep 20400 | score  210.06 | avg100  196.16 | grasp100  93.0% | best 0.990 |     36 st/s
    done(50): success=46 t_flicker=3 t_touched=1
Ep 20450 | score  206.98 | avg100  196.70 | grasp100  92.0% | best 0.990 |     36 st/s
    done(50): success=46 t_flicker=4
Ep 20500 | score  209.78 | avg100  199.79 | grasp100  93.0% | best 0.990 |     36 st/s
    done(50): success=47 t_flicker=3
Ep 20550 | score  208.16 | avg100  198.55 | grasp100  93.0% | best 0.990 |     36 st/s
    done(50): success=46 t_flicker=4
Ep 20600 | score  209.25 | avg100  201.38 | grasp100  95.0% | best 0.990 |     36 st/s
    done(50): success=49 t_flicker=1
Ep 20650 | score  209.26 | avg100  204.41 | grasp100  96.0% | best 0.990 |     36 st/s
    done(50): success=47 t_flicker=3
Ep 20700 | score   56.97 | avg100  196.90 | grasp100  90.0% | best 0.990 |     36 st/s
    done(50): success=43 t_flicker=7
Ep 20750 | score  206.59 | avg100  199.24 | grasp100  92.0% | best 0.990 |     36 st/s
    done(50): success=49 t_flicker=1
Ep 20800 | score  213.10 | avg100  204.90 | grasp100  97.0% | best 0.990 |     36 st/s
    done(50): success=48 t_flicker=2
Ep 20850 | score  209.18 | avg100  203.07 | grasp100  96.0% | best 0.990 |     36 st/s
    done(50): success=48 t_flicker=2
Ep 20900 | score  211.59 | avg100  203.35 | grasp100  96.0% | best 0.990 |     36 st/s
    done(50): success=48 t_flicker=2
Ep 20950 | score  209.36 | avg100  204.11 | grasp100  96.0% | best 0.990 |     36 st/s
    done(50): success=48 t_flicker=2
Ep 21000 | score  209.32 | avg100  202.59 | grasp100  94.0% | best 0.990 |     36 st/s
    done(50): success=46 t_flicker=4
Ep 21050 | score  206.84 | avg100  200.85 | grasp100  94.0% | best 0.990 |     36 st/s
    done(50): success=48 t_flicker=1 t_touched=1
Ep 21100 | score  208.67 | avg100  202.36 | grasp100  96.0% | best 0.990 |     36 st/s
    done(50): success=48 t_flicker=2
Ep 21150 | score  207.73 | avg100  195.51 | grasp100  92.0% | best 0.990 |     36 st/s
    done(50): success=44 t_flicker=6
Ep 21200 | score  212.88 | avg100  194.49 | grasp100  91.0% | best 0.990 |     36 st/s
    done(50): success=47 t_flicker=3
Ep 21250 | score  208.69 | avg100  201.53 | grasp100  95.0% | best 0.990 |     36 st/s
    done(50): success=48 t_flicker=1 t_touched=1
Ep 21300 | score  210.20 | avg100  201.79 | grasp100  95.0% | best 0.990 |     36 st/s
    done(50): success=47 t_flicker=3
Ep 21350 | score  210.85 | avg100  202.70 | grasp100  95.0% | best 0.990 |     36 st/s
    done(50): success=48 t_flicker=2
Ep 21400 | score  200.48 | avg100  199.39 | grasp100  94.0% | best 0.990 |     36 st/s
    done(50): success=46 t_flicker=4
Ep 21450 | score  210.04 | avg100  200.14 | grasp100  95.0% | best 0.990 |     36 st/s
    done(50): success=49 t_flicker=1
Ep 21500 | score  208.59 | avg100  204.48 | grasp100  97.0% | best 0.990 |     36 st/s
    done(50): success=48 t_flicker=2
Ep 21550 | score  207.00 | avg100  202.25 | grasp100  95.0% | best 0.990 |     36 st/s
    done(50): success=47 t_flicker=3
Ep 21600 | score  213.19 | avg100  198.95 | grasp100  93.0% | best 0.990 |     36 st/s
    done(50): success=46 t_flicker=4
Ep 21650 | score  211.08 | avg100  202.06 | grasp100  95.0% | best 0.990 |     36 st/s
    done(50): success=49 t_flicker=1
Ep 21700 | score  207.74 | avg100  208.41 | grasp100  99.0% | best 0.990 |     36 st/s
    done(50): success=50
Ep 21750 | score  207.88 | avg100  209.42 | grasp100 100.0% | best 0.990 |     36 st/s
    done(50): success=50
Ep 21800 | score  207.52 | avg100  208.23 | grasp100  99.0% | best 0.990 |     36 st/s
    done(50): success=49 t_flicker=1
  [primacy-bias reset of critic heads @ 325000 updates]
Ep 21850 | score  -79.95 | avg100  141.59 | grasp100  74.0% | best 0.990 |     36 st/s
    done(50): success=25 t_flicker=2 t_touched=5 t_no_reach=18
Ep 21900 | score  228.97 | avg100   29.39 | grasp100  32.0% | best 0.990 |     36 st/s
    done(50): success=7 t_flicker=4 t_touched=4 t_no_reach=35
Ep 21950 | score  210.67 | avg100   84.91 | grasp100  48.0% | best 0.990 |     36 st/s
    done(50): success=41 t_flicker=9
Ep 22000 | score  208.86 | avg100  191.81 | grasp100  86.0% | best 0.990 |     36 st/s
    done(50): success=45 t_flicker=5
Ep 22050 | score  213.74 | avg100  199.69 | grasp100  93.0% | best 0.990 |     36 st/s
    done(50): success=48 t_flicker=1 t_touched=1
Ep 22100 | score  210.31 | avg100  201.99 | grasp100  95.0% | best 0.990 |     36 st/s
    done(50): success=47 t_flicker=3
Ep 22150 | score  209.06 | avg100  196.50 | grasp100  89.0% | best 0.990 |     36 st/s
    done(50): success=42 t_flicker=7 t_touched=1
Ep 22200 | score  209.47 | avg100  194.07 | grasp100  88.0% | best 0.990 |     36 st/s
    done(50): success=46 t_flicker=3 t_touched=1
Ep 22250 | score  209.55 | avg100  198.05 | grasp100  91.0% | best 0.990 |     36 st/s
    done(50): success=45 t_flicker=5
Ep 22300 | score  209.66 | avg100  203.42 | grasp100  94.0% | best 0.990 |     36 st/s
    done(50): success=49 t_flicker=1
Ep 22350 | score  210.58 | avg100  206.26 | grasp100  97.0% | best 0.990 |     36 st/s
    done(50): success=48 t_flicker=2
Ep 22400 | score  207.16 | avg100  208.02 | grasp100  98.0% | best 0.990 |     36 st/s
    done(50): success=50
Ep 22450 | score  200.51 | avg100  206.29 | grasp100  96.0% | best 0.990 |     36 st/s
    done(50): success=46 t_flicker=4
Ep 22500 | score  210.86 | avg100  205.22 | grasp100  95.0% | best 0.990 |     36 st/s
    done(50): success=49 t_flicker=1
Ep 22550 | score  215.35 | avg100  209.29 | grasp100  99.0% | best 0.990 |     36 st/s
    done(50): success=50
Ep 22600 | score   96.61 | avg100  207.26 | grasp100  98.0% | best 0.990 |     36 st/s
    done(50): success=48 t_flicker=2
Ep 22650 | score  205.18 | avg100  204.93 | grasp100  96.0% | best 0.990 |     36 st/s
    done(50): success=48 t_flicker=2
Ep 22700 | score  206.66 | avg100  207.04 | grasp100  97.0% | best 0.990 |     36 st/s
    done(50): success=49 t_flicker=1
Ep 22750 | score  210.14 | avg100  204.49 | grasp100  95.0% | best 0.990 |     36 st/s
    done(50): success=46 t_flicker=4
Ep 22800 | score  211.43 | avg100  202.64 | grasp100  94.0% | best 0.990 |     36 st/s
    done(50): success=48 t_flicker=2
Ep 22850 | score  210.83 | avg100  207.58 | grasp100  98.0% | best 0.990 |     36 st/s
    done(50): success=50
Ep 22900 | score  195.29 | avg100  208.33 | grasp100  99.0% | best 0.990 |     36 st/s
    done(50): success=49 t_flicker=1
Ep 22950 | score  208.20 | avg100  203.51 | grasp100  96.0% | best 0.990 |     36 st/s
    done(50): success=47 t_flicker=3
Ep 23000 | score   62.26 | avg100  200.37 | grasp100  93.0% | best 0.990 |     36 st/s
    done(50): success=46 t_flicker=4
Ep 23050 | score  202.84 | avg100  202.62 | grasp100  93.0% | best 0.990 |     35 st/s
    done(50): success=47 t_flicker=3
Ep 23100 | score  209.03 | avg100  207.69 | grasp100  97.0% | best 0.990 |     35 st/s
    done(50): success=50
Ep 23150 | score  207.90 | avg100  210.03 | grasp100  99.0% | best 0.990 |     35 st/s
    done(50): success=49 t_flicker=1
Ep 23200 | score  208.65 | avg100  207.99 | grasp100  97.0% | best 0.990 |     35 st/s
    done(50): success=48 t_flicker=2
Ep 23250 | score  209.59 | avg100  206.13 | grasp100  96.0% | best 0.990 |     35 st/s
    done(50): success=48 t_flicker=2
Ep 23300 | score  212.15 | avg100  207.87 | grasp100  98.0% | best 0.990 |     35 st/s
    done(50): success=50
Ep 23350 | score  210.17 | avg100  208.23 | grasp100  99.0% | best 0.990 |     35 st/s
    done(50): success=49 t_flicker=1
Ep 23400 | score  207.88 | avg100  204.87 | grasp100  97.0% | best 0.990 |     35 st/s
    done(50): success=48 t_flicker=2
Ep 23450 | score  207.03 | avg100  205.37 | grasp100  97.0% | best 0.990 |     35 st/s
    done(50): success=49 t_flicker=1
Ep 23500 | score  209.15 | avg100  205.45 | grasp100  97.0% | best 0.990 |     35 st/s
    done(50): success=48 t_flicker=1 t_touched=1
Ep 23550 | score  207.64 | avg100  206.35 | grasp100  97.0% | best 0.990 |     35 st/s
    done(50): success=49 t_flicker=1
  [primacy-bias reset of critic heads @ 350000 updates]
Ep 23600 | score   96.96 | avg100  103.13 | grasp100  56.0% | best 0.990 |     36 st/s
    done(50): success=7 t_flicker=10 t_touched=5 t_no_reach=28
Ep 23650 | score  210.67 | avg100   76.37 | grasp100  40.0% | best 0.990 |     36 st/s
    done(50): success=33 t_flicker=9 t_touched=6 t_no_reach=2
Ep 23700 | score  213.53 | avg100  168.55 | grasp100  74.0% | best 0.990 |     36 st/s
    done(50): success=41 t_flicker=7 t_touched=2
Ep 23750 | score  208.71 | avg100  185.39 | grasp100  82.0% | best 0.990 |     36 st/s
    done(50): success=41 t_flicker=8 t_touched=1
Ep 23800 | score  210.45 | avg100  189.32 | grasp100  83.0% | best 0.990 |     36 st/s
    done(50): success=42 t_flicker=6 t_touched=2
Ep 23850 | score  212.73 | avg100  196.11 | grasp100  88.0% | best 0.990 |     36 st/s
    done(50): success=46 t_flicker=4
Ep 23900 | score  210.90 | avg100  203.58 | grasp100  95.0% | best 0.990 |     36 st/s
    done(50): success=49 t_touched=1
Ep 23950 | score  208.82 | avg100  206.72 | grasp100  99.0% | best 0.990 |     36 st/s
    done(50): success=50
Ep 24000 | score  214.03 | avg100  207.18 | grasp100  98.0% | best 0.990 |     36 st/s
    done(50): success=48 t_flicker=2
Ep 24050 | score  209.39 | avg100  203.45 | grasp100  95.0% | best 0.990 |     36 st/s
    done(50): success=47 t_flicker=3
Ep 24100 | score  210.53 | avg100  200.34 | grasp100  94.0% | best 0.990 |     36 st/s
    done(50): success=47 t_flicker=2 t_touched=1
Ep 24150 | score  208.65 | avg100  200.30 | grasp100  93.0% | best 0.990 |     36 st/s
    done(50): success=46 t_flicker=4
Ep 24200 | score  210.43 | avg100  202.80 | grasp100  93.0% | best 0.990 |     36 st/s
    done(50): success=47 t_flicker=3
Ep 24250 | score  214.83 | avg100  205.26 | grasp100  96.0% | best 0.990 |     36 st/s
    done(50): success=49 t_flicker=1
Ep 24300 | score  209.40 | avg100  206.41 | grasp100  98.0% | best 0.990 |     36 st/s
    done(50): success=49 t_flicker=1
Ep 24350 | score  239.88 | avg100  204.35 | grasp100  96.0% | best 0.990 |     36 st/s
    done(50): success=47 t_flicker=3
Ep 24400 | score  224.67 | avg100  201.76 | grasp100  93.0% | best 0.990 |     35 st/s
    done(50): success=46 t_flicker=4
Ep 24450 | score  209.54 | avg100  201.17 | grasp100  93.0% | best 0.990 |     35 st/s
    done(50): success=47 t_flicker=3
Ep 24500 | score  208.71 | avg100  205.93 | grasp100  97.0% | best 0.990 |     35 st/s
    done(50): success=50
Ep 24550 | score  224.89 | avg100  210.46 | grasp100 100.0% | best 0.990 |     35 st/s
    done(50): success=50
Ep 24600 | score  208.27 | avg100  207.08 | grasp100  98.0% | best 0.990 |     35 st/s
    done(50): success=48 t_flicker=1 t_touched=1
Ep 24650 | score  208.40 | avg100  204.92 | grasp100  97.0% | best 0.990 |     35 st/s
    done(50): success=49 t_flicker=1
Ep 24700 | score  207.51 | avg100  207.91 | grasp100  99.0% | best 0.990 |     35 st/s
    done(50): success=50
Ep 24750 | score  208.34 | avg100  210.68 | grasp100 100.0% | best 0.990 |     35 st/s
    done(50): success=50
Ep 24800 | score  210.42 | avg100  205.76 | grasp100  97.0% | best 0.990 |     35 st/s
    done(50): success=47 t_flicker=2 t_touched=1
Ep 24850 | score  207.06 | avg100  205.21 | grasp100  97.0% | best 0.990 |     35 st/s
    done(50): success=50
Ep 24900 | score  210.82 | avg100  210.07 | grasp100 100.0% | best 0.990 |     35 st/s
    done(50): success=50
Ep 24950 | score  209.79 | avg100  207.14 | grasp100  99.0% | best 0.990 |     35 st/s
    done(50): success=49 t_touched=1
Ep 25000 | score  210.36 | avg100  206.23 | grasp100  98.0% | best 0.990 |     35 st/s
    done(50): success=49 t_flicker=1

========================================================================
DONE  td3_ln_buf500k_s2
  Episodes     : 25000
  Env steps    : 931,510  (26314s)
  Best metric  : 0.990  (policy in /home/fahim/Thesis_fahim/pickandplace/checkpoints/td3_grasp_rand_td3_ln_buf500k_s2/best)
  Final grasp% : 98.0
  CSV          : /home/fahim/Thesis_fahim/pickandplace/logs/grasp_rand_td3_ln_buf500k_s2/episodes.csv
  Probe CSV    : /home/fahim/Thesis_fahim/pickandplace/logs/grasp_rand_td3_ln_buf500k_s2/probe.csv
  Manifest     : /home/fahim/Thesis_fahim/pickandplace/logs/grasp_rand_td3_ln_buf500k_s2/manifest.json
========================================================================

