========================================================================
RANDOM-SPAWN GRASP RETRAINING  |  algo=td3_ln  run=td3_ln_buf500k_s1
========================================================================
  Envs                : 5 (subprocess-parallel, fork)
  Spawn level         : 2.0 (1.0 = full position box, 2.0 = + z-rotation)
  Updates/vec-step    : 2 (0.400 per env-step; historical baseline 0.5)
  Buffer              : 500,000
  Actor               : 64 -> 32  (5,216 weights)
  Warm start          : checkpoints/td3_grasp_rand_td3_ln_smallc64_s5/best
  Checkpoints         : /home/fahim/Thesis_fahim/pickandplace/checkpoints/td3_grasp_rand_td3_ln_buf500k_s1
========================================================================

Spawning 5 subprocess environments (fork)...
[robosuite WARNING] No private macro file found! (__init__.py:7)
[robosuite WARNING] It is recommended to use a private macro file (__init__.py:8)
[robosuite WARNING] To setup, run: python /home/fahim/Thesis_fahim/venv/lib/python3.12/site-packages/robosuite/scripts/setup_macros.py (__init__.py:9)
[robosuite WARNING] No private macro file found! (__init__.py:7)
[robosuite WARNING] It is recommended to use a private macro file (__init__.py:8)
[robosuite WARNING] To setup, run: python /home/fahim/Thesis_fahim/venv/lib/python3.12/site-packages/robosuite/scripts/setup_macros.py (__init__.py:9)
[robosuite WARNING] No private macro file found! (__init__.py:7)
[robosuite WARNING] It is recommended to use a private macro file (__init__.py:8)
[robosuite WARNING] To setup, run: python /home/fahim/Thesis_fahim/venv/lib/python3.12/site-packages/robosuite/scripts/setup_macros.py (__init__.py:9)
[robosuite WARNING] No private macro file found! (__init__.py:7)
[robosuite WARNING] It is recommended to use a private macro file (__init__.py:8)
[robosuite WARNING] To setup, run: python /home/fahim/Thesis_fahim/venv/lib/python3.12/site-packages/robosuite/scripts/setup_macros.py (__init__.py:9)
[robosuite WARNING] No private macro file found! (__init__.py:7)
[robosuite WARNING] It is recommended to use a private macro file (__init__.py:8)
[robosuite WARNING] To setup, run: python /home/fahim/Thesis_fahim/venv/lib/python3.12/site-packages/robosuite/scripts/setup_macros.py (__init__.py:9)
Gym has been unmaintained since 2022 and does not support NumPy 2.0 amongst other critical functionality.
Please upgrade to Gymnasium, the maintained drop-in replacement of Gym, or contact the authors of your software and request that they upgrade.
See the migration guide at https://gymnasium.farama.org/introduction/migration_guide/ for additional information.
Gym has been unmaintained since 2022 and does not support NumPy 2.0 amongst other critical functionality.
Please upgrade to Gymnasium, the maintained drop-in replacement of Gym, or contact the authors of your software and request that they upgrade.
See the migration guide at https://gymnasium.farama.org/introduction/migration_guide/ for additional information.
Gym has been unmaintained since 2022 and does not support NumPy 2.0 amongst other critical functionality.
Please upgrade to Gymnasium, the maintained drop-in replacement of Gym, or contact the authors of your software and request that they upgrade.
See the migration guide at https://gymnasium.farama.org/introduction/migration_guide/ for additional information.
Gym has been unmaintained since 2022 and does not support NumPy 2.0 amongst other critical functionality.
Please upgrade to Gymnasium, the maintained drop-in replacement of Gym, or contact the authors of your software and request that they upgrade.
See the migration guide at https://gymnasium.farama.org/introduction/migration_guide/ for additional information.
Gym has been unmaintained since 2022 and does not support NumPy 2.0 amongst other critical functionality.
Please upgrade to Gymnasium, the maintained drop-in replacement of Gym, or contact the authors of your software and request that they upgrade.
See the migration guide at https://gymnasium.farama.org/introduction/migration_guide/ for additional information.
/home/fahim/Thesis_fahim/venv/lib/python3.12/site-packages/gym/spaces/box.py:84: UserWarning: [33mWARN: Box bound precision lowered by casting to float32[0m
  logger.warn(f"Box bound precision lowered by casting to {self.dtype}")
/home/fahim/Thesis_fahim/venv/lib/python3.12/site-packages/gym/spaces/box.py:84: UserWarning: [33mWARN: Box bound precision lowered by casting to float32[0m
  logger.warn(f"Box bound precision lowered by casting to {self.dtype}")
/home/fahim/Thesis_fahim/venv/lib/python3.12/site-packages/gym/spaces/box.py:84: UserWarning: [33mWARN: Box bound precision lowered by casting to float32[0m
  logger.warn(f"Box bound precision lowered by casting to {self.dtype}")
Gym has been unmaintained since 2022 and does not support NumPy 2.0 amongst other critical functionality.
Please upgrade to Gymnasium, the maintained drop-in replacement of Gym, or contact the authors of your software and request that they upgrade.
See the migration guide at https://gymnasium.farama.org/introduction/migration_guide/ for additional information.
5 environments ready.

/home/fahim/Thesis_fahim/venv/lib/python3.12/site-packages/gym/spaces/box.py:84: UserWarning: [33mWARN: Box bound precision lowered by casting to float32[0m
  logger.warn(f"Box bound precision lowered by casting to {self.dtype}")
/home/fahim/Thesis_fahim/venv/lib/python3.12/site-packages/gym/spaces/box.py:84: UserWarning: [33mWARN: Box bound precision lowered by casting to float32[0m
  logger.warn(f"Box bound precision lowered by casting to {self.dtype}")
  Actor QAT           : per-tensor INT8 fake-quant, STE grads
  Actor weight clip   : |w| <= 8.0 * std(w) per Linear tensor (bi_s0 baseline fc1 9.96 / fc2 10.82)
Init: warm-started (source: /home/fahim/Thesis_fahim/pickandplace/checkpoints/td3_grasp_rand_td3_ln_smallc64_s5/best)
Fresh replay buffer.

Training...

Ep    50 | score  197.57 | avg100  203.20 | grasp100  96.0% | best 0.000 |     47 st/s
    done(50): success=48 t_flicker=2
Ep   100 | score  210.93 | avg100  201.08 | grasp100  94.0% | best 0.000 |     47 st/s
    done(50): success=46 t_flicker=3 t_touched=1
Ep   150 | score  204.75 | avg100  200.33 | grasp100  93.0% | best 0.000 |     47 st/s
    done(50): success=47 t_flicker=2 t_touched=1
Ep   200 | * BEST  level200=2.00 grasp200= 91.5% metric=0.915 | score  211.87
Ep   250 | score  204.37 | avg100  189.49 | grasp100  85.0% | best 0.915 |     41 st/s
    done(50): success=43 t_flicker=6 t_touched=1
Ep   300 | score  208.13 | avg100  189.53 | grasp100  87.0% | best 0.915 |     41 st/s
    done(50): success=44 t_flicker=4 t_touched=2
Ep   350 | score  206.90 | avg100  187.90 | grasp100  85.0% | best 0.915 |     40 st/s
    done(50): success=41 t_flicker=6 t_touched=3
Ep   400 | score  206.99 | avg100  180.59 | grasp100  79.0% | best 0.915 |     40 st/s
    done(50): success=38 t_flicker=8 t_touched=4
Ep   450 | score  208.94 | avg100  181.03 | grasp100  80.0% | best 0.915 |     40 st/s
    done(50): success=42 t_flicker=6 t_touched=2
Ep   500 | score  207.28 | avg100  181.00 | grasp100  82.0% | best 0.915 |     40 st/s
    done(50): success=40 t_flicker=4 t_touched=3 t_no_reach=3
Ep   550 | score  211.50 | avg100  171.25 | grasp100  78.0% | best 0.915 |     40 st/s
    done(50): success=38 t_flicker=10 t_touched=2
Ep   600 | score   90.77 | avg100  166.86 | grasp100  75.0% | best 0.915 |     40 st/s
    done(50): success=37 t_flicker=8 t_touched=5
Ep   650 | score  210.66 | avg100  179.88 | grasp100  80.0% | best 0.915 |     40 st/s
    done(50): success=43 t_flicker=6 t_touched=1
Ep   700 | score  206.92 | avg100  192.76 | grasp100  87.0% | best 0.915 |     40 st/s
    done(50): success=44 t_flicker=6
Ep   750 | score  208.22 | avg100  196.40 | grasp100  90.0% | best 0.915 |     39 st/s
    done(50): success=46 t_flicker=2 t_touched=2
Ep   800 | score  199.38 | avg100  181.67 | grasp100  82.0% | best 0.915 |     40 st/s
    done(50): success=36 t_flicker=8 t_touched=6
Ep   850 | score  208.90 | avg100  178.53 | grasp100  81.0% | best 0.915 |     39 st/s
    done(50): success=45 t_flicker=5
Ep   900 | score  210.82 | avg100  197.26 | grasp100  92.0% | best 0.915 |     39 st/s
    done(50): success=47 t_flicker=3
Ep   950 | score  209.25 | avg100  192.03 | grasp100  89.0% | best 0.915 |     39 st/s
    done(50): success=42 t_flicker=7 t_touched=1
Ep  1000 | score  207.44 | avg100  179.24 | grasp100  83.0% | best 0.915 |     39 st/s
    done(50): success=41 t_flicker=6 t_touched=3
Ep  1050 | score  209.26 | avg100  182.13 | grasp100  86.0% | best 0.915 |     38 st/s
    done(50): success=45 t_flicker=2 t_touched=3
Ep  1100 | score  208.13 | avg100  183.98 | grasp100  87.0% | best 0.915 |     38 st/s
    done(50): success=42 t_flicker=5 t_touched=3
Ep  1150 | score  -56.67 | avg100  184.02 | grasp100  86.0% | best 0.915 |     39 st/s
    done(50): success=44 t_flicker=3 t_touched=2 t_no_reach=1
Ep  1200 | score  209.72 | avg100  188.10 | grasp100  86.0% | best 0.915 |     38 st/s
    done(50): success=42 t_flicker=4 t_touched=4
Ep  1250 | score  211.27 | avg100  186.12 | grasp100  85.0% | best 0.915 |     39 st/s
    done(50): success=43 t_flicker=7
Ep  1300 | score   62.43 | avg100  179.82 | grasp100  80.0% | best 0.915 |     39 st/s
    done(50): success=37 t_flicker=11 t_touched=2
Ep  1350 | score   79.42 | avg100  172.64 | grasp100  75.0% | best 0.915 |     39 st/s
    done(50): success=38 t_flicker=8 t_touched=4
Ep  1400 | score  204.19 | avg100  184.77 | grasp100  83.0% | best 0.915 |     38 st/s
    done(50): success=45 t_flicker=5
Ep  1450 | score  201.58 | avg100  199.62 | grasp100  92.0% | best 0.915 |     38 st/s
    done(50): success=47 t_flicker=3
Ep  1500 | score  210.13 | avg100  197.20 | grasp100  92.0% | best 0.915 |     38 st/s
    done(50): success=45 t_flicker=4 t_touched=1
Ep  1550 | score  208.79 | avg100  192.02 | grasp100  88.0% | best 0.915 |     38 st/s
    done(50): success=43 t_flicker=6 t_touched=1
  [primacy-bias reset of critic heads @ 25000 updates]
Ep  1600 | score  207.32 | avg100  197.48 | grasp100  92.0% | best 0.915 |     38 st/s
    done(50): success=49 t_flicker=1
Ep  1650 | score   91.45 | avg100  120.42 | grasp100  62.0% | best 0.915 |     39 st/s
    done(50): success=13 t_flicker=9 t_touched=11 t_no_reach=17
Ep  1700 | score  208.63 | avg100   89.28 | grasp100  42.0% | best 0.915 |     39 st/s
    done(50): success=29 t_flicker=12 t_touched=9
Ep  1750 | score   65.69 | avg100  161.78 | grasp100  70.0% | best 0.915 |     39 st/s
    done(50): success=41 t_flicker=4 t_touched=5
Ep  1800 | score  208.34 | avg100  176.90 | grasp100  78.0% | best 0.915 |     39 st/s
    done(50): success=37 t_flicker=10 t_touched=3
Ep  1850 | score  132.78 | avg100  182.33 | grasp100  81.0% | best 0.915 |     39 st/s
    done(50): success=44 t_flicker=6
Ep  1900 | score  206.29 | avg100  183.19 | grasp100  85.0% | best 0.915 |     39 st/s
    done(50): success=41 t_flicker=6 t_touched=3
Ep  1950 | score  208.82 | avg100  183.83 | grasp100  84.0% | best 0.915 |     39 st/s
    done(50): success=43 t_flicker=6 t_touched=1
Ep  2000 | score   99.71 | avg100  193.45 | grasp100  88.0% | best 0.915 |     39 st/s
    done(50): success=45 t_flicker=4 t_touched=1
Ep  2050 | score  206.69 | avg100  186.38 | grasp100  86.0% | best 0.915 |     39 st/s
    done(50): success=41 t_flicker=6 t_touched=3
Ep  2100 | score  208.78 | avg100  186.19 | grasp100  87.0% | best 0.915 |     39 st/s
    done(50): success=46 t_flicker=3 t_touched=1
Ep  2150 | score  210.77 | avg100  198.47 | grasp100  93.0% | best 0.915 |     39 st/s
    done(50): success=47 t_flicker=2 t_touched=1
Ep  2200 | score  206.74 | avg100  189.38 | grasp100  87.0% | best 0.915 |     39 st/s
    done(50): success=40 t_flicker=7 t_touched=3
Ep  2250 | score  209.24 | avg100  177.95 | grasp100  80.0% | best 0.915 |     39 st/s
    done(50): success=40 t_flicker=9 t_touched=1
Ep  2300 | score   91.05 | avg100  181.05 | grasp100  80.0% | best 0.915 |     39 st/s
    done(50): success=40 t_flicker=10
Ep  2350 | score  207.10 | avg100  185.74 | grasp100  83.0% | best 0.915 |     39 st/s
    done(50): success=43 t_flicker=7
Ep  2400 | score  207.03 | avg100  186.88 | grasp100  86.0% | best 0.915 |     39 st/s
    done(50): success=43 t_flicker=5 t_touched=2
Ep  2450 | score  205.30 | avg100  194.55 | grasp100  91.0% | best 0.915 |     39 st/s
    done(50): success=48 t_flicker=2
Ep  2500 | score  202.78 | avg100  200.86 | grasp100  93.0% | best 0.915 |     39 st/s
    done(50): success=45 t_flicker=5
Ep  2550 | score  212.06 | avg100  197.72 | grasp100  91.0% | best 0.915 |     39 st/s
    done(50): success=46 t_flicker=4
Ep  2600 | score  211.02 | avg100  198.04 | grasp100  92.0% | best 0.915 |     39 st/s
    done(50): success=46 t_flicker=3 t_touched=1
Ep  2650 | score  205.89 | avg100  190.17 | grasp100  89.0% | best 0.915 |     39 st/s
    done(50): success=43 t_flicker=4 t_touched=3
Ep  2700 | score   62.23 | avg100  183.52 | grasp100  86.0% | best 0.915 |     39 st/s
    done(50): success=43 t_flicker=5 t_touched=2
Ep  2750 | score  207.39 | avg100  180.70 | grasp100  85.0% | best 0.915 |     39 st/s
    done(50): success=42 t_flicker=6 t_touched=2
Ep  2800 | score  -31.31 | avg100  185.38 | grasp100  87.0% | best 0.915 |     39 st/s
    done(50): success=45 t_flicker=2 t_touched=3
Ep  2850 | score  205.51 | avg100  185.81 | grasp100  88.0% | best 0.915 |     39 st/s
    done(50): success=43 t_flicker=4 t_touched=2 t_no_reach=1
Ep  2900 | score  211.32 | avg100  183.13 | grasp100  86.0% | best 0.915 |     38 st/s
    done(50): success=43 t_flicker=7
Ep  2950 | score  196.95 | avg100  184.18 | grasp100  87.0% | best 0.915 |     38 st/s
    done(50): success=44 t_flicker=4 t_touched=2
  [primacy-bias reset of critic heads @ 50000 updates]
Ep  3000 | score  -78.64 | avg100  104.81 | grasp100  61.0% | best 0.915 |     39 st/s
    done(50): success=17 t_flicker=4 t_touched=3 t_no_reach=26
Ep  3050 | score  207.81 | avg100   22.67 | grasp100  29.0% | best 0.915 |     40 st/s
    done(50): success=12 t_flicker=7 t_touched=7 t_no_reach=24
Ep  3100 | score  206.83 | avg100   95.96 | grasp100  52.0% | best 0.915 |     40 st/s
    done(50): success=40 t_flicker=8 t_touched=2
Ep  3150 | score  -73.90 | avg100  177.62 | grasp100  81.0% | best 0.915 |     40 st/s
    done(50): success=41 t_flicker=7 t_touched=2
Ep  3200 | score  -44.63 | avg100  185.00 | grasp100  85.0% | best 0.915 |     40 st/s
    done(50): success=44 t_flicker=5 t_touched=1
Ep  3250 | score  210.32 | avg100  189.04 | grasp100  87.0% | best 0.915 |     40 st/s
    done(50): success=43 t_flicker=6 t_touched=1
Ep  3300 | score  214.46 | avg100  186.28 | grasp100  84.0% | best 0.915 |     39 st/s
    done(50): success=41 t_flicker=9
Ep  3350 | score  212.46 | avg100  191.40 | grasp100  88.0% | best 0.915 |     39 st/s
    done(50): success=47 t_flicker=2 t_no_reach=1
Ep  3400 | score   81.59 | avg100  194.11 | grasp100  92.0% | best 0.915 |     39 st/s
    done(50): success=45 t_flicker=3 t_touched=2
Ep  3450 | score  212.34 | avg100  196.14 | grasp100  88.0% | best 0.915 |     39 st/s
    done(50): success=43 t_flicker=4 t_touched=2 t_no_reach=1
Ep  3500 | score  -23.65 | avg100  195.74 | grasp100  87.0% | best 0.915 |     39 st/s
    done(50): success=44 t_flicker=4 t_touched=2
Ep  3550 | score  -71.96 | avg100  190.05 | grasp100  88.0% | best 0.915 |     39 st/s
    done(50): success=44 t_flicker=5 t_touched=1
Ep  3600 | score  208.89 | avg100  191.34 | grasp100  89.0% | best 0.915 |     39 st/s
    done(50): success=45 t_flicker=3 t_touched=2
Ep  3650 | score  210.32 | avg100  197.47 | grasp100  93.0% | best 0.915 |     39 st/s
    done(50): success=48 t_flicker=1 t_touched=1
Ep  3700 | * BEST  level200=2.00 grasp200= 93.0% metric=0.930 | score  208.45
Ep  3750 | score  211.61 | avg100  201.06 | grasp100  94.0% | best 0.930 |     39 st/s
    done(50): success=45 t_flicker=3 t_touched=2
Ep  3764 | * BEST  level200=2.00 grasp200= 94.5% metric=0.945 | score  208.44
Ep  3800 | score   51.20 | avg100  199.16 | grasp100  93.0% | best 0.945 |     39 st/s
    done(50): success=48 t_flicker=2
Ep  3850 | score  211.45 | avg100  203.31 | grasp100  97.0% | best 0.945 |     39 st/s
    done(50): success=49 t_flicker=1
Ep  3900 | score  206.49 | avg100  205.06 | grasp100  98.0% | best 0.945 |     39 st/s
    done(50): success=49 t_flicker=1
Ep  3913 | * BEST  level200=2.00 grasp200= 96.0% metric=0.960 | score  208.65
Ep  3950 | score  211.23 | avg100  196.67 | grasp100  94.0% | best 0.960 |     39 st/s
    done(50): success=45 t_flicker=2 t_touched=1 t_no_reach=2
Ep  4000 | score  -43.08 | avg100  188.44 | grasp100  89.0% | best 0.960 |     39 st/s
    done(50): success=44 t_flicker=6
Ep  4050 | score  227.87 | avg100  186.78 | grasp100  87.0% | best 0.960 |     39 st/s
    done(50): success=43 t_flicker=5 t_touched=1 t_no_reach=1
Ep  4100 | score  209.65 | avg100  193.00 | grasp100  90.0% | best 0.960 |     39 st/s
    done(50): success=47 t_flicker=2 t_touched=1
Ep  4150 | score  206.37 | avg100  202.05 | grasp100  94.0% | best 0.960 |     39 st/s
    done(50): success=47 t_flicker=3
Ep  4200 | score    0.40 | avg100  199.60 | grasp100  94.0% | best 0.960 |     39 st/s
    done(50): success=47 t_flicker=1 t_touched=2
Ep  4250 | score   60.87 | avg100  200.01 | grasp100  94.0% | best 0.960 |     39 st/s
    done(50): success=47 t_flicker=3
Ep  4300 | score  202.32 | avg100  199.46 | grasp100  93.0% | best 0.960 |     38 st/s
    done(50): success=46 t_flicker=4
Ep  4350 | score  211.10 | avg100  188.20 | grasp100  87.0% | best 0.960 |     38 st/s
    done(50): success=41 t_flicker=6 t_touched=3
Ep  4400 | score  208.96 | avg100  184.37 | grasp100  86.0% | best 0.960 |     38 st/s
    done(50): success=45 t_flicker=3 t_touched=2
  [primacy-bias reset of critic heads @ 75000 updates]
Ep  4450 | score  -79.88 | avg100   94.30 | grasp100  57.0% | best 0.960 |     39 st/s
    done(50): success=12 t_flicker=2 t_touched=3 t_no_reach=33
Ep  4500 | score  210.95 | avg100    9.93 | grasp100  23.0% | best 0.960 |     39 st/s
    done(50): success=11 t_flicker=9 t_touched=14 t_no_reach=16
Ep  4550 | score  211.39 | avg100   81.61 | grasp100  44.0% | best 0.960 |     39 st/s
    done(50): success=33 t_flicker=8 t_touched=9
Ep  4600 | score  207.64 | avg100  163.52 | grasp100  75.0% | best 0.960 |     39 st/s
    done(50): success=42 t_flicker=6 t_touched=2
Ep  4650 | score  210.66 | avg100  182.97 | grasp100  82.0% | best 0.960 |     39 st/s
    done(50): success=40 t_flicker=9 t_touched=1
Ep  4700 | score  208.36 | avg100  186.80 | grasp100  84.0% | best 0.960 |     39 st/s
    done(50): success=44 t_flicker=5 t_touched=1
Ep  4750 | score   95.49 | avg100  193.91 | grasp100  89.0% | best 0.960 |     39 st/s
    done(50): success=45 t_flicker=3 t_touched=2
Ep  4800 | score  212.66 | avg100  200.04 | grasp100  93.0% | best 0.960 |     39 st/s
    done(50): success=48 t_flicker=2
Ep  4850 | score   79.55 | avg100  199.01 | grasp100  93.0% | best 0.960 |     39 st/s
    done(50): success=45 t_flicker=3 t_touched=2
Ep  4900 | score  212.62 | avg100  200.03 | grasp100  94.0% | best 0.960 |     39 st/s
    done(50): success=49 t_flicker=1
Ep  4950 | score  210.58 | avg100  203.81 | grasp100  96.0% | best 0.960 |     39 st/s
    done(50): success=47 t_flicker=2 t_touched=1
Ep  5000 | score  209.73 | avg100  202.28 | grasp100  94.0% | best 0.960 |     39 st/s
    done(50): success=47 t_flicker=3
Ep  5050 | score  208.87 | avg100  205.92 | grasp100  97.0% | best 0.960 |     39 st/s
    done(50): success=50
Ep  5100 | score  209.13 | avg100  206.07 | grasp100  98.0% | best 0.960 |     39 st/s
    done(50): success=48 t_flicker=2
Ep  5150 | score   49.36 | avg100  204.12 | grasp100  96.0% | best 0.960 |     39 st/s
    done(50): success=48 t_flicker=1 t_touched=1
Ep  5200 | score  210.13 | avg100  203.60 | grasp100  96.0% | best 0.960 |     39 st/s
    done(50): success=48 t_flicker=1 t_touched=1
Ep  5250 | score  206.87 | avg100  200.66 | grasp100  94.0% | best 0.960 |     39 st/s
    done(50): success=46 t_flicker=4
Ep  5300 | score  207.31 | avg100  200.50 | grasp100  94.0% | best 0.960 |     39 st/s
    done(50): success=48 t_flicker=2
Ep  5350 | score   97.35 | avg100  203.63 | grasp100  96.0% | best 0.960 |     39 st/s
    done(50): success=48 t_flicker=2
Ep  5400 | score  211.47 | avg100  199.57 | grasp100  93.0% | best 0.960 |     39 st/s
    done(50): success=45 t_flicker=3 t_touched=2
Ep  5450 | score  208.38 | avg100  192.04 | grasp100  90.0% | best 0.960 |     39 st/s
    done(50): success=45 t_flicker=4 t_touched=1
Ep  5500 | score  211.52 | avg100  195.85 | grasp100  92.0% | best 0.960 |     39 st/s
    done(50): success=47 t_flicker=3
Ep  5550 | score  206.58 | avg100  200.23 | grasp100  92.0% | best 0.960 |     39 st/s
    done(50): success=45 t_flicker=5
Ep  5600 | score  209.96 | avg100  197.12 | grasp100  90.0% | best 0.960 |     39 st/s
    done(50): success=45 t_flicker=4 t_touched=1
Ep  5650 | score   68.78 | avg100  195.71 | grasp100  90.0% | best 0.960 |     39 st/s
    done(50): success=45 t_flicker=5
Ep  5700 | score  211.63 | avg100  203.38 | grasp100  95.0% | best 0.960 |     39 st/s
    done(50): success=50
Ep  5750 | score  205.46 | avg100  205.23 | grasp100  97.0% | best 0.960 |     39 st/s
    done(50): success=47 t_flicker=2 t_touched=1
Ep  5800 | score  210.11 | avg100  202.16 | grasp100  95.0% | best 0.960 |     38 st/s
    done(50): success=48 t_flicker=1 t_touched=1
Ep  5850 | score  206.90 | avg100  200.59 | grasp100  93.0% | best 0.960 |     38 st/s
    done(50): success=45 t_flicker=5
  [primacy-bias reset of critic heads @ 100000 updates]
Ep  5900 | score  208.85 | avg100  200.60 | grasp100  93.0% | best 0.960 |     38 st/s
    done(50): success=48 t_flicker=2
Ep  5950 | score  207.30 | avg100  106.76 | grasp100  58.0% | best 0.960 |     39 st/s
    done(50): success=10 t_flicker=8 t_touched=8 t_no_reach=24
Ep  6000 | score  208.48 | avg100   71.48 | grasp100  41.0% | best 0.960 |     39 st/s
    done(50): success=31 t_flicker=13 t_touched=5 t_no_reach=1
Ep  6050 | score  209.85 | avg100  152.02 | grasp100  70.0% | best 0.960 |     39 st/s
    done(50): success=39 t_flicker=6 t_touched=5
Ep  6100 | score  209.57 | avg100  182.06 | grasp100  84.0% | best 0.960 |     39 st/s
    done(50): success=45 t_flicker=4 t_touched=1
Ep  6150 | score  210.25 | avg100  197.44 | grasp100  92.0% | best 0.960 |     39 st/s
    done(50): success=47 t_flicker=3
Ep  6200 | score  208.76 | avg100  199.28 | grasp100  93.0% | best 0.960 |     39 st/s
    done(50): success=46 t_flicker=3 t_touched=1
Ep  6250 | score  210.26 | avg100  196.48 | grasp100  91.0% | best 0.960 |     39 st/s
    done(50): success=45 t_flicker=5
Ep  6300 | score  208.33 | avg100  201.51 | grasp100  94.0% | best 0.960 |     39 st/s
    done(50): success=49 t_flicker=1
Ep  6350 | score  214.41 | avg100  206.85 | grasp100  98.0% | best 0.960 |     39 st/s
    done(50): success=49 t_flicker=1
Ep  6400 | score  209.06 | avg100  207.71 | grasp100  99.0% | best 0.960 |     39 st/s
    done(50): success=50
Ep  6407 | * BEST  level200=2.00 grasp200= 97.5% metric=0.975 | score  209.81
Ep  6450 | score  209.56 | avg100  207.69 | grasp100  99.0% | best 0.975 |     39 st/s
    done(50): success=49 t_flicker=1
Ep  6456 | * BEST  level200=2.00 grasp200= 99.0% metric=0.990 | score  209.23
Ep  6500 | score  209.20 | avg100  204.02 | grasp100  96.0% | best 0.990 |     39 st/s
    done(50): success=47 t_flicker=3
Ep  6550 | score  208.63 | avg100  195.85 | grasp100  91.0% | best 0.990 |     38 st/s
    done(50): success=44 t_flicker=4 t_touched=2
Ep  6600 | score  206.69 | avg100  196.08 | grasp100  92.0% | best 0.990 |     38 st/s
    done(50): success=48 t_flicker=2
Ep  6650 | score  208.32 | avg100  202.93 | grasp100  96.0% | best 0.990 |     38 st/s
    done(50): success=48 t_flicker=2
Ep  6700 | score  208.45 | avg100  205.34 | grasp100  97.0% | best 0.990 |     38 st/s
    done(50): success=49 t_flicker=1
Ep  6750 | score  209.52 | avg100  208.20 | grasp100  99.0% | best 0.990 |     38 st/s
    done(50): success=50
Ep  6800 | score  209.58 | avg100  206.37 | grasp100  98.0% | best 0.990 |     38 st/s
    done(50): success=48 t_flicker=2
Ep  6850 | score  207.72 | avg100  204.10 | grasp100  96.0% | best 0.990 |     38 st/s
    done(50): success=48 t_flicker=2
Ep  6900 | score  204.63 | avg100  205.19 | grasp100  97.0% | best 0.990 |     38 st/s
    done(50): success=49 t_flicker=1
Ep  6950 | score  212.04 | avg100  207.98 | grasp100  99.0% | best 0.990 |     38 st/s
    done(50): success=50
Ep  7000 | score  209.78 | avg100  206.22 | grasp100  98.0% | best 0.990 |     38 st/s
    done(50): success=48 t_flicker=2
Ep  7050 | score  210.97 | avg100  200.66 | grasp100  94.0% | best 0.990 |     38 st/s
    done(50): success=46 t_flicker=4
Ep  7100 | score  211.89 | avg100  203.00 | grasp100  95.0% | best 0.990 |     38 st/s
    done(50): success=49 t_flicker=1
Ep  7150 | score  208.57 | avg100  205.65 | grasp100  97.0% | best 0.990 |     38 st/s
    done(50): success=48 t_flicker=2
Ep  7200 | score  211.02 | avg100  202.86 | grasp100  94.0% | best 0.990 |     38 st/s
    done(50): success=46 t_flicker=4
Ep  7250 | score  207.91 | avg100  202.45 | grasp100  94.0% | best 0.990 |     38 st/s
    done(50): success=48 t_flicker=2
Ep  7300 | score  209.05 | avg100  205.83 | grasp100  97.0% | best 0.990 |     38 st/s
    done(50): success=49 t_flicker=1
Ep  7350 | score  208.30 | avg100  206.70 | grasp100  98.0% | best 0.990 |     38 st/s
    done(50): success=49 t_touched=1
Ep  7400 | score  211.31 | avg100  205.90 | grasp100  98.0% | best 0.990 |     38 st/s
    done(50): success=49 t_flicker=1
Ep  7450 | score  217.14 | avg100  205.75 | grasp100  97.0% | best 0.990 |     38 st/s
    done(50): success=48 t_flicker=2
Ep  7500 | score  208.59 | avg100  205.67 | grasp100  97.0% | best 0.990 |     38 st/s
    done(50): success=49 t_flicker=1
Ep  7550 | score  209.02 | avg100  200.41 | grasp100  94.0% | best 0.990 |     38 st/s
    done(50): success=45 t_flicker=5
Ep  7600 | score  207.52 | avg100  193.56 | grasp100  89.0% | best 0.990 |     38 st/s
    done(50): success=44 t_flicker=6
  [primacy-bias reset of critic heads @ 125000 updates]
Ep  7650 | score  -44.98 | avg100  185.31 | grasp100  86.0% | best 0.990 |     38 st/s
    done(50): success=42 t_flicker=2 t_touched=5 t_no_reach=1
Ep  7700 | score   88.87 | avg100   78.65 | grasp100  49.0% | best 0.990 |     38 st/s
    done(50): success=7 t_flicker=5 t_touched=8 t_no_reach=30
Ep  7750 | score   82.30 | avg100   76.00 | grasp100  45.0% | best 0.990 |     38 st/s
    done(50): success=38 t_flicker=8 t_touched=4
Ep  7800 | score   96.15 | avg100  167.09 | grasp100  77.0% | best 0.990 |     38 st/s
    done(50): success=39 t_flicker=5 t_touched=6
Ep  7850 | score  210.28 | avg100  174.12 | grasp100  83.0% | best 0.990 |     38 st/s
    done(50): success=44 t_flicker=5 t_touched=1
Ep  7900 | score  208.29 | avg100  192.54 | grasp100  90.0% | best 0.990 |     38 st/s
    done(50): success=46 t_flicker=4
Ep  7950 | score  209.41 | avg100  196.77 | grasp100  92.0% | best 0.990 |     38 st/s
    done(50): success=46 t_flicker=3 t_touched=1
Ep  8000 | score  208.61 | avg100  197.41 | grasp100  92.0% | best 0.990 |     38 st/s
    done(50): success=46 t_flicker=3 t_touched=1
Ep  8050 | score  -15.44 | avg100  196.16 | grasp100  91.0% | best 0.990 |     38 st/s
    done(50): success=45 t_flicker=5
Ep  8100 | score  210.06 | avg100  197.97 | grasp100  92.0% | best 0.990 |     38 st/s
    done(50): success=47 t_flicker=2 t_touched=1
Ep  8150 | score  208.65 | avg100  205.33 | grasp100  96.0% | best 0.990 |     38 st/s
    done(50): success=49 t_flicker=1
Ep  8200 | score  211.79 | avg100  202.40 | grasp100  94.0% | best 0.990 |     38 st/s
    done(50): success=45 t_flicker=5
Ep  8250 | score  208.13 | avg100  201.32 | grasp100  94.0% | best 0.990 |     38 st/s
    done(50): success=49 t_flicker=1
Ep  8300 | score  212.16 | avg100  200.42 | grasp100  95.0% | best 0.990 |     38 st/s
    done(50): success=46 t_flicker=4
Ep  8350 | score  208.47 | avg100  200.92 | grasp100  95.0% | best 0.990 |     38 st/s
    done(50): success=49 t_flicker=1
Ep  8400 | score  209.00 | avg100  206.78 | grasp100  98.0% | best 0.990 |     38 st/s
    done(50): success=49 t_flicker=1
Ep  8450 | score  207.29 | avg100  204.03 | grasp100  97.0% | best 0.990 |     38 st/s
    done(50): success=48 t_flicker=1 t_touched=1
Ep  8500 | score  209.32 | avg100  205.21 | grasp100  98.0% | best 0.990 |     38 st/s
    done(50): success=50
Ep  8550 | score  207.47 | avg100  205.30 | grasp100  98.0% | best 0.990 |     38 st/s
    done(50): success=48 t_flicker=2
Ep  8600 | score  210.34 | avg100  200.52 | grasp100  94.0% | best 0.990 |     38 st/s
    done(50): success=46 t_flicker=4
Ep  8650 | score  210.67 | avg100  203.42 | grasp100  95.0% | best 0.990 |     38 st/s
    done(50): success=49 t_flicker=1
Ep  8700 | score  210.86 | avg100  208.19 | grasp100  99.0% | best 0.990 |     38 st/s
    done(50): success=50
Ep  8750 | score  210.16 | avg100  208.66 | grasp100  99.0% | best 0.990 |     38 st/s
    done(50): success=49 t_flicker=1
Ep  8800 | score  209.18 | avg100  206.39 | grasp100  97.0% | best 0.990 |     38 st/s
    done(50): success=48 t_flicker=2
Ep  8850 | score  210.62 | avg100  205.23 | grasp100  96.0% | best 0.990 |     38 st/s
    done(50): success=48 t_flicker=2
Ep  8900 | score  208.01 | avg100  201.51 | grasp100  93.0% | best 0.990 |     37 st/s
    done(50): success=45 t_flicker=5
Ep  8950 | score  219.60 | avg100  201.77 | grasp100  93.0% | best 0.990 |     37 st/s
    done(50): success=48 t_flicker=2
Ep  9000 | score  212.19 | avg100  206.54 | grasp100  97.0% | best 0.990 |     37 st/s
    done(50): success=49 t_flicker=1
Ep  9050 | score  238.52 | avg100  208.63 | grasp100  99.0% | best 0.990 |     37 st/s
    done(50): success=50
Ep  9100 | score  211.95 | avg100  209.91 | grasp100 100.0% | best 0.990 |     37 st/s
    done(50): success=50
Ep  9150 | score  215.16 | avg100  207.69 | grasp100  99.0% | best 0.990 |     37 st/s
    done(50): success=49 t_touched=1
Ep  9200 | score  206.14 | avg100  206.52 | grasp100  98.0% | best 0.990 |     37 st/s
    done(50): success=49 t_flicker=1
Ep  9250 | score  211.12 | avg100  208.74 | grasp100  99.0% | best 0.990 |     37 st/s
    done(50): success=50
Ep  9300 | score  209.96 | avg100  209.77 | grasp100 100.0% | best 0.990 |     37 st/s
    done(50): success=50
Ep  9350 | score  208.18 | avg100  209.73 | grasp100 100.0% | best 0.990 |     37 st/s
    done(50): success=50
Ep  9400 | score  208.99 | avg100  209.78 | grasp100 100.0% | best 0.990 |     37 st/s
    done(50): success=50
Ep  9450 | score  213.72 | avg100  208.92 | grasp100  99.0% | best 0.990 |     37 st/s
    done(50): success=49 t_flicker=1
  [primacy-bias reset of critic heads @ 150000 updates]
Ep  9500 | score  -24.83 | avg100  166.29 | grasp100  77.0% | best 0.990 |     37 st/s
    done(50): success=28 t_flicker=6 t_touched=10 t_no_reach=6
Ep  9550 | score  207.69 | avg100  123.81 | grasp100  56.0% | best 0.990 |     37 st/s
    done(50): success=28 t_flicker=8 t_touched=12 t_no_reach=2
Ep  9600 | score  201.32 | avg100  146.30 | grasp100  66.0% | best 0.990 |     37 st/s
    done(50): success=38 t_flicker=8 t_touched=4
Ep  9650 | score  207.85 | avg100  175.49 | grasp100  80.0% | best 0.990 |     37 st/s
    done(50): success=42 t_flicker=4 t_touched=4
Ep  9700 | score  208.09 | avg100  189.74 | grasp100  87.0% | best 0.990 |     37 st/s
    done(50): success=45 t_flicker=5
Ep  9750 | score  207.87 | avg100  202.01 | grasp100  94.0% | best 0.990 |     37 st/s
    done(50): success=49 t_flicker=1
Ep  9800 | score  208.30 | avg100  200.25 | grasp100  93.0% | best 0.990 |     37 st/s
    done(50): success=44 t_flicker=6
Ep  9850 | score  209.13 | avg100  197.83 | grasp100  91.0% | best 0.990 |     37 st/s
    done(50): success=47 t_flicker=2 t_touched=1
Ep  9900 | score  205.96 | avg100  205.27 | grasp100  97.0% | best 0.990 |     37 st/s
    done(50): success=50
Ep  9950 | score  211.45 | avg100  207.81 | grasp100  99.0% | best 0.990 |     37 st/s
    done(50): success=49 t_flicker=1
Ep 10000 | score  207.26 | avg100  207.89 | grasp100  99.0% | best 0.990 |     37 st/s
    done(50): success=50
Ep 10050 | score  207.89 | avg100  207.72 | grasp100  99.0% | best 0.990 |     37 st/s
    done(50): success=49 t_flicker=1
Ep 10100 | score  211.20 | avg100  205.84 | grasp100  97.0% | best 0.990 |     37 st/s
    done(50): success=48 t_flicker=1 t_touched=1
Ep 10150 | score  209.48 | avg100  207.39 | grasp100  98.0% | best 0.990 |     37 st/s
    done(50): success=50
Ep 10200 | score  210.89 | avg100  209.22 | grasp100 100.0% | best 0.990 |     37 st/s
    done(50): success=50
Ep 10250 | score  210.05 | avg100  207.96 | grasp100  99.0% | best 0.990 |     37 st/s
    done(50): success=49 t_flicker=1
Ep 10300 | score  208.68 | avg100  208.42 | grasp100  99.0% | best 0.990 |     37 st/s
    done(50): success=50
Ep 10350 | score  208.19 | avg100  210.25 | grasp100 100.0% | best 0.990 |     37 st/s
    done(50): success=50
Ep 10400 | score  209.66 | avg100  209.99 | grasp100 100.0% | best 0.990 |     37 st/s
    done(50): success=50
Ep 10450 | score  212.03 | avg100  207.17 | grasp100  98.0% | best 0.990 |     37 st/s
    done(50): success=48 t_flicker=2
Ep 10500 | score  208.38 | avg100  203.98 | grasp100  95.0% | best 0.990 |     37 st/s
    done(50): success=47 t_flicker=3
Ep 10550 | score  208.03 | avg100  204.15 | grasp100  95.0% | best 0.990 |     37 st/s
    done(50): success=48 t_flicker=2
Ep 10600 | score  208.80 | avg100  206.99 | grasp100  97.0% | best 0.990 |     37 st/s
    done(50): success=49 t_flicker=1
Ep 10650 | score  210.15 | avg100  207.90 | grasp100  98.0% | best 0.990 |     37 st/s
    done(50): success=49 t_flicker=1
Ep 10700 | score  209.84 | avg100  206.84 | grasp100  98.0% | best 0.990 |     37 st/s
    done(50): success=49 t_flicker=1
Ep 10750 | score  210.18 | avg100  208.68 | grasp100  99.0% | best 0.990 |     37 st/s
    done(50): success=50
Ep 10800 | score  209.53 | avg100  209.66 | grasp100 100.0% | best 0.990 |     37 st/s
    done(50): success=50
Ep 10850 | score  211.34 | avg100  209.00 | grasp100 100.0% | best 0.990 |     37 st/s
    done(50): success=50
Ep 10900 | score   67.65 | avg100  204.92 | grasp100  97.0% | best 0.990 |     37 st/s
    done(50): success=47 t_flicker=3
Ep 10950 | score  210.68 | avg100  204.13 | grasp100  96.0% | best 0.990 |     37 st/s
    done(50): success=49 t_flicker=1
Ep 11000 | score  209.19 | avg100  204.68 | grasp100  96.0% | best 0.990 |     37 st/s
    done(50): success=47 t_flicker=3
Ep 11050 | score   62.67 | avg100  201.28 | grasp100  94.0% | best 0.990 |     37 st/s
    done(50): success=47 t_flicker=3
Ep 11100 | score  208.54 | avg100  198.75 | grasp100  92.0% | best 0.990 |     36 st/s
    done(50): success=45 t_flicker=5
Ep 11150 | score  209.31 | avg100  198.27 | grasp100  92.0% | best 0.990 |     36 st/s
    done(50): success=47 t_flicker=2 t_touched=1
Ep 11200 | score  207.69 | avg100  202.84 | grasp100  95.0% | best 0.990 |     36 st/s
    done(50): success=48 t_flicker=2
Ep 11250 | score  208.10 | avg100  205.56 | grasp100  97.0% | best 0.990 |     36 st/s
    done(50): success=49 t_flicker=1
Ep 11300 | score  209.35 | avg100  205.66 | grasp100  98.0% | best 0.990 |     36 st/s
    done(50): success=49 t_flicker=1
Ep 11350 | score   96.18 | avg100  199.51 | grasp100  93.0% | best 0.990 |     36 st/s
    done(50): success=44 t_flicker=6
  [primacy-bias reset of critic heads @ 175000 updates]
Ep 11400 | score  210.57 | avg100  199.00 | grasp100  92.0% | best 0.990 |     36 st/s
    done(50): success=48 t_flicker=2
Ep 11450 | score  197.53 | avg100   81.59 | grasp100  52.0% | best 0.990 |     37 st/s
    done(50): success=4 t_flicker=1 t_touched=8 t_no_reach=37
Ep 11500 | score  227.75 | avg100   55.03 | grasp100  38.0% | best 0.990 |     37 st/s
    done(50): success=34 t_flicker=7 t_touched=8 t_no_reach=1
Ep 11550 | score  209.98 | avg100  171.40 | grasp100  78.0% | best 0.990 |     37 st/s
    done(50): success=44 t_flicker=3 t_touched=3
Ep 11600 | score  209.95 | avg100  189.46 | grasp100  87.0% | best 0.990 |     37 st/s
    done(50): success=43 t_flicker=6 t_touched=1
Ep 11650 | score   76.58 | avg100  196.24 | grasp100  91.0% | best 0.990 |     37 st/s
    done(50): success=48 t_flicker=2
Ep 11700 | score  208.20 | avg100  203.49 | grasp100  95.0% | best 0.990 |     37 st/s
    done(50): success=47 t_flicker=3
Ep 11750 | score  210.20 | avg100  201.56 | grasp100  94.0% | best 0.990 |     37 st/s
    done(50): success=47 t_flicker=3
Ep 11800 | score  222.33 | avg100  198.53 | grasp100  92.0% | best 0.990 |     37 st/s
    done(50): success=45 t_flicker=4 t_touched=1
Ep 11850 | score  207.98 | avg100  195.95 | grasp100  89.0% | best 0.990 |     37 st/s
    done(50): success=44 t_flicker=6
Ep 11900 | score  205.55 | avg100  197.99 | grasp100  91.0% | best 0.990 |     37 st/s
    done(50): success=47 t_flicker=2 t_touched=1
Ep 11950 | score  229.20 | avg100  202.05 | grasp100  94.0% | best 0.990 |     37 st/s
    done(50): success=47 t_flicker=3
Ep 12000 | score  209.58 | avg100  204.95 | grasp100  96.0% | best 0.990 |     37 st/s
    done(50): success=49 t_touched=1
Ep 12050 | score  207.41 | avg100  203.04 | grasp100  96.0% | best 0.990 |     37 st/s
    done(50): success=47 t_flicker=3
Ep 12100 | score  212.87 | avg100  202.56 | grasp100  95.0% | best 0.990 |     37 st/s
    done(50): success=48 t_flicker=2
Ep 12150 | score  207.32 | avg100  207.28 | grasp100  98.0% | best 0.990 |     37 st/s
    done(50): success=50
Ep 12200 | score  207.52 | avg100  208.63 | grasp100  99.0% | best 0.990 |     36 st/s
    done(50): success=49 t_flicker=1
Ep 12250 | score  210.76 | avg100  208.36 | grasp100  98.0% | best 0.990 |     36 st/s
    done(50): success=49 t_flicker=1
Ep 12300 | score  213.18 | avg100  208.52 | grasp100  98.0% | best 0.990 |     36 st/s
    done(50): success=49 t_flicker=1
Ep 12350 | score  213.57 | avg100  209.17 | grasp100  99.0% | best 0.990 |     36 st/s
    done(50): success=50
Ep 12400 | score  210.15 | avg100  204.68 | grasp100  95.0% | best 0.990 |     36 st/s
    done(50): success=45 t_flicker=3 t_touched=2
Ep 12450 | score  211.14 | avg100  203.41 | grasp100  94.0% | best 0.990 |     36 st/s
    done(50): success=49 t_flicker=1
Ep 12500 | score  213.31 | avg100  207.64 | grasp100  99.0% | best 0.990 |     36 st/s
    done(50): success=50
Ep 12550 | score  210.84 | avg100  206.24 | grasp100  98.0% | best 0.990 |     36 st/s
    done(50): success=48 t_flicker=2
Ep 12600 | score  207.28 | avg100  204.94 | grasp100  96.0% | best 0.990 |     36 st/s
    done(50): success=48 t_flicker=1 t_touched=1
Ep 12650 | score  208.77 | avg100  200.92 | grasp100  93.0% | best 0.990 |     36 st/s
    done(50): success=45 t_flicker=5
Ep 12700 | score  210.39 | avg100  201.96 | grasp100  94.0% | best 0.990 |     36 st/s
    done(50): success=49 t_flicker=1
Ep 12750 | score  209.44 | avg100  204.68 | grasp100  97.0% | best 0.990 |     36 st/s
    done(50): success=48 t_flicker=1 t_touched=1
Ep 12800 | score  194.29 | avg100  202.99 | grasp100  96.0% | best 0.990 |     36 st/s
    done(50): success=48 t_flicker=2
Ep 12850 | score  214.74 | avg100  206.99 | grasp100  98.0% | best 0.990 |     36 st/s
    done(50): success=50
Ep 12900 | score  207.67 | avg100  208.06 | grasp100  99.0% | best 0.990 |     36 st/s
    done(50): success=49 t_flicker=1
Ep 12950 | score  207.08 | avg100  204.75 | grasp100  96.0% | best 0.990 |     36 st/s
    done(50): success=47 t_flicker=3
Ep 13000 | score  207.59 | avg100  204.79 | grasp100  96.0% | best 0.990 |     36 st/s
    done(50): success=49 t_flicker=1
Ep 13050 | score  206.08 | avg100  202.16 | grasp100  96.0% | best 0.990 |     36 st/s
    done(50): success=47 t_flicker=2 t_touched=1
Ep 13100 | score  207.39 | avg100  203.04 | grasp100  96.0% | best 0.990 |     36 st/s
    done(50): success=49 t_flicker=1
  [primacy-bias reset of critic heads @ 200000 updates]
Ep 13150 | score  -79.66 | avg100  161.46 | grasp100  81.0% | best 0.990 |     36 st/s
    done(50): success=32 t_flicker=2 t_touched=4 t_no_reach=12
Ep 13200 | score  -13.93 | avg100   52.71 | grasp100  39.0% | best 0.990 |     36 st/s
    done(50): success=7 t_flicker=10 t_touched=8 t_no_reach=25
Ep 13250 | score   64.66 | avg100   82.16 | grasp100  47.0% | best 0.990 |     36 st/s
    done(50): success=40 t_flicker=7 t_touched=2 t_no_reach=1
Ep 13300 | score  206.40 | avg100  178.43 | grasp100  80.0% | best 0.990 |     36 st/s
    done(50): success=40 t_flicker=10
Ep 13350 | score  207.52 | avg100  192.32 | grasp100  87.0% | best 0.990 |     36 st/s
    done(50): success=47 t_flicker=3
Ep 13400 | score  242.35 | avg100  203.11 | grasp100  95.0% | best 0.990 |     36 st/s
    done(50): success=48 t_flicker=1 t_touched=1
Ep 13450 | score  206.49 | avg100  204.73 | grasp100  96.0% | best 0.990 |     36 st/s
    done(50): success=48 t_flicker=2
Ep 13500 | score  211.47 | avg100  200.08 | grasp100  95.0% | best 0.990 |     36 st/s
    done(50): success=47 t_touched=3
Ep 13550 | score  208.60 | avg100  198.70 | grasp100  95.0% | best 0.990 |     36 st/s
    done(50): success=48 t_flicker=2
Ep 13600 | score  211.78 | avg100  202.42 | grasp100  95.0% | best 0.990 |     36 st/s
    done(50): success=47 t_flicker=3
Ep 13650 | score  207.28 | avg100  201.97 | grasp100  94.0% | best 0.990 |     36 st/s
    done(50): success=47 t_flicker=3
Ep 13700 | score  208.88 | avg100  198.83 | grasp100  93.0% | best 0.990 |     36 st/s
    done(50): success=46 t_flicker=4
Ep 13750 | score  212.92 | avg100  200.17 | grasp100  94.0% | best 0.990 |     36 st/s
    done(50): success=48 t_flicker=2
Ep 13800 | score  214.40 | avg100  207.32 | grasp100  98.0% | best 0.990 |     36 st/s
    done(50): success=50
Ep 13850 | score  212.62 | avg100  210.25 | grasp100 100.0% | best 0.990 |     36 st/s
    done(50): success=50
Ep 13900 | score  133.06 | avg100  206.48 | grasp100  97.0% | best 0.990 |     36 st/s
    done(50): success=47 t_flicker=3
Ep 13950 | score  213.18 | avg100  205.06 | grasp100  95.0% | best 0.990 |     36 st/s
    done(50): success=48 t_flicker=2
Ep 14000 | score  206.59 | avg100  206.14 | grasp100  96.0% | best 0.990 |     36 st/s
    done(50): success=48 t_flicker=2
Ep 14050 | score  206.53 | avg100  206.47 | grasp100  97.0% | best 0.990 |     36 st/s
    done(50): success=49 t_flicker=1
Ep 14100 | score  206.24 | avg100  205.96 | grasp100  97.0% | best 0.990 |     36 st/s
    done(50): success=48 t_flicker=1 t_touched=1
Ep 14150 | score  211.59 | avg100  205.77 | grasp100  97.0% | best 0.990 |     36 st/s
    done(50): success=49 t_flicker=1
Ep 14200 | score  205.21 | avg100  208.87 | grasp100  99.0% | best 0.990 |     36 st/s
    done(50): success=50
Ep 14250 | score  210.07 | avg100  208.88 | grasp100  99.0% | best 0.990 |     36 st/s
    done(50): success=49 t_flicker=1
Ep 14300 | score  209.73 | avg100  205.75 | grasp100  98.0% | best 0.990 |     36 st/s
    done(50): success=49 t_touched=1
Ep 14350 | score  213.66 | avg100  200.43 | grasp100  95.0% | best 0.990 |     36 st/s
    done(50): success=46 t_flicker=3 t_touched=1
Ep 14400 | score  212.82 | avg100  198.15 | grasp100  93.0% | best 0.990 |     36 st/s
    done(50): success=47 t_flicker=2 t_touched=1
Ep 14450 | score  211.08 | avg100  201.40 | grasp100  95.0% | best 0.990 |     36 st/s
    done(50): success=48 t_flicker=2
Ep 14500 | score  215.80 | avg100  202.14 | grasp100  95.0% | best 0.990 |     36 st/s
    done(50): success=47 t_flicker=3
Ep 14550 | score  211.93 | avg100  203.08 | grasp100  95.0% | best 0.990 |     36 st/s
    done(50): success=48 t_flicker=2
Ep 14600 | score  214.57 | avg100  203.46 | grasp100  95.0% | best 0.990 |     36 st/s
    done(50): success=47 t_flicker=3
Ep 14650 | score  206.20 | avg100  205.09 | grasp100  96.0% | best 0.990 |     36 st/s
    done(50): success=49 t_flicker=1
Ep 14700 | score  211.46 | avg100  205.78 | grasp100  97.0% | best 0.990 |     36 st/s
    done(50): success=48 t_flicker=1 t_touched=1
Ep 14750 | score  201.04 | avg100  196.40 | grasp100  93.0% | best 0.990 |     36 st/s
    done(50): success=45 t_flicker=3 t_touched=2
Ep 14800 | score  205.61 | avg100  193.30 | grasp100  91.0% | best 0.990 |     36 st/s
    done(50): success=46 t_flicker=2 t_touched=2
  [primacy-bias reset of critic heads @ 225000 updates]
Ep 14850 | score  -41.33 | avg100  110.80 | grasp100  59.0% | best 0.990 |     36 st/s
    done(50): success=13 t_flicker=4 t_touched=16 t_no_reach=17
Ep 14900 | score  208.86 | avg100   73.54 | grasp100  36.0% | best 0.990 |     36 st/s
    done(50): success=23 t_flicker=14 t_touched=12 t_no_reach=1
Ep 14950 | score  210.46 | avg100  153.29 | grasp100  64.0% | best 0.990 |     36 st/s
    done(50): success=41 t_flicker=7 t_touched=2
Ep 15000 | score  208.93 | avg100  183.11 | grasp100  82.0% | best 0.990 |     36 st/s
    done(50): success=41 t_flicker=7 t_touched=2
Ep 15050 | score   86.43 | avg100  185.32 | grasp100  83.0% | best 0.990 |     36 st/s
    done(50): success=42 t_flicker=7 t_touched=1
Ep 15100 | score  206.21 | avg100  188.24 | grasp100  85.0% | best 0.990 |     36 st/s
    done(50): success=43 t_flicker=6 t_touched=1
Ep 15150 | score  209.54 | avg100  187.18 | grasp100  86.0% | best 0.990 |     36 st/s
    done(50): success=43 t_flicker=5 t_touched=2
Ep 15200 | score  208.32 | avg100  189.11 | grasp100  88.0% | best 0.990 |     36 st/s
    done(50): success=45 t_flicker=3 t_touched=2
Ep 15250 | score  211.47 | avg100  192.91 | grasp100  89.0% | best 0.990 |     36 st/s
    done(50): success=44 t_flicker=5 t_touched=1
Ep 15300 | score  213.21 | avg100  201.86 | grasp100  94.0% | best 0.990 |     36 st/s
    done(50): success=50
Ep 15350 | score  209.92 | avg100  209.43 | grasp100 100.0% | best 0.990 |     36 st/s
    done(50): success=50
Ep 15400 | score  210.01 | avg100  206.14 | grasp100  98.0% | best 0.990 |     36 st/s
    done(50): success=48 t_flicker=2
Ep 15450 | score  211.67 | avg100  200.60 | grasp100  94.0% | best 0.990 |     36 st/s
    done(50): success=46 t_flicker=3 t_touched=1
Ep 15500 | score  209.25 | avg100  198.62 | grasp100  92.0% | best 0.990 |     36 st/s
    done(50): success=46 t_flicker=4
Ep 15550 | score  206.64 | avg100  200.31 | grasp100  93.0% | best 0.990 |     36 st/s
    done(50): success=47 t_flicker=3
Ep 15600 | score  209.18 | avg100  203.06 | grasp100  95.0% | best 0.990 |     36 st/s
    done(50): success=48 t_flicker=2
Ep 15650 | score  210.22 | avg100  200.43 | grasp100  94.0% | best 0.990 |     36 st/s
    done(50): success=46 t_flicker=4
Ep 15700 | score  210.49 | avg100  201.86 | grasp100  95.0% | best 0.990 |     36 st/s
    done(50): success=49 t_flicker=1
Ep 15750 | score  209.35 | avg100  207.70 | grasp100  99.0% | best 0.990 |     36 st/s
    done(50): success=50
Ep 15800 | score  206.90 | avg100  208.99 | grasp100 100.0% | best 0.990 |     36 st/s
    done(50): success=50
Ep 15850 | score  204.23 | avg100  204.24 | grasp100  98.0% | best 0.990 |     36 st/s
    done(50): success=48 t_no_reach=2
Ep 15900 | score  207.22 | avg100  200.93 | grasp100  96.0% | best 0.990 |     36 st/s
    done(50): success=48 t_flicker=2
Ep 15950 | score  212.04 | avg100  201.24 | grasp100  95.0% | best 0.990 |     36 st/s
    done(50): success=47 t_flicker=2 t_touched=1
Ep 16000 | score  206.11 | avg100  203.79 | grasp100  97.0% | best 0.990 |     36 st/s
    done(50): success=50
Ep 16050 | score  211.69 | avg100  209.57 | grasp100 100.0% | best 0.990 |     36 st/s
    done(50): success=50
Ep 16100 | score  211.33 | avg100  208.69 | grasp100  99.0% | best 0.990 |     36 st/s
    done(50): success=49 t_flicker=1
Ep 16150 | score  208.72 | avg100  208.29 | grasp100  99.0% | best 0.990 |     36 st/s
    done(50): success=50
Ep 16200 | score  213.73 | avg100  207.85 | grasp100  98.0% | best 0.990 |     36 st/s
    done(50): success=48 t_flicker=2
Ep 16250 | score  219.76 | avg100  206.32 | grasp100  97.0% | best 0.990 |     36 st/s
    done(50): success=49 t_flicker=1
Ep 16300 | score  207.07 | avg100  207.77 | grasp100  99.0% | best 0.990 |     36 st/s
    done(50): success=50
Ep 16350 | score  211.19 | avg100  208.95 | grasp100  99.0% | best 0.990 |     36 st/s
    done(50): success=49 t_flicker=1
Ep 16400 | score  214.85 | avg100  205.10 | grasp100  97.0% | best 0.990 |     36 st/s
    done(50): success=48 t_touched=2
  [primacy-bias reset of critic heads @ 250000 updates]
Ep 16450 | score  -78.92 | avg100  136.85 | grasp100  73.0% | best 0.990 |     36 st/s
    done(50): success=25 t_flicker=3 t_touched=2 t_no_reach=20
Ep 16500 | score   53.17 | avg100   45.65 | grasp100  39.0% | best 0.990 |     36 st/s
    done(50): success=14 t_flicker=8 t_touched=9 t_no_reach=19
Ep 16550 | score  215.64 | avg100   89.62 | grasp100  47.0% | best 0.990 |     36 st/s
    done(50): success=33 t_flicker=13 t_touched=3 t_no_reach=1
Ep 16600 | score  208.49 | avg100  173.95 | grasp100  76.0% | best 0.990 |     36 st/s
    done(50): success=43 t_flicker=4 t_touched=3
Ep 16650 | score  205.12 | avg100  195.59 | grasp100  90.0% | best 0.990 |     36 st/s
    done(50): success=47 t_flicker=3
Ep 16700 | score  213.60 | avg100  202.46 | grasp100  94.0% | best 0.990 |     36 st/s
    done(50): success=47 t_flicker=3
Ep 16750 | score  211.97 | avg100  201.89 | grasp100  94.0% | best 0.990 |     36 st/s
    done(50): success=47 t_flicker=2 t_touched=1
Ep 16800 | score  210.64 | avg100  203.88 | grasp100  95.0% | best 0.990 |     36 st/s
    done(50): success=48 t_flicker=2
Ep 16850 | score  206.45 | avg100  207.67 | grasp100  98.0% | best 0.990 |     36 st/s
    done(50): success=50
Ep 16900 | score   68.24 | avg100  205.82 | grasp100  98.0% | best 0.990 |     36 st/s
    done(50): success=48 t_flicker=1 t_touched=1
Ep 16950 | score  199.29 | avg100  203.40 | grasp100  97.0% | best 0.990 |     36 st/s
    done(50): success=49 t_flicker=1
Ep 17000 | score   87.08 | avg100  203.37 | grasp100  96.0% | best 0.990 |     36 st/s
    done(50): success=47 t_flicker=3
Ep 17050 | score  209.13 | avg100  201.23 | grasp100  94.0% | best 0.990 |     36 st/s
    done(50): success=47 t_flicker=3
Ep 17100 | score  210.74 | avg100  202.40 | grasp100  95.0% | best 0.990 |     36 st/s
    done(50): success=48 t_flicker=2
Ep 17150 | score  210.77 | avg100  203.64 | grasp100  96.0% | best 0.990 |     36 st/s
    done(50): success=48 t_flicker=2
Ep 17200 | score  209.94 | avg100  205.46 | grasp100  97.0% | best 0.990 |     36 st/s
    done(50): success=49 t_flicker=1
Ep 17250 | score  210.53 | avg100  206.29 | grasp100  97.0% | best 0.990 |     36 st/s
    done(50): success=48 t_flicker=2
Ep 17300 | score  207.23 | avg100  201.99 | grasp100  95.0% | best 0.990 |     36 st/s
    done(50): success=47 t_flicker=2 t_touched=1
Ep 17350 | score  191.54 | avg100  199.87 | grasp100  93.0% | best 0.990 |     36 st/s
    done(50): success=46 t_flicker=4
Ep 17400 | score   58.86 | avg100  201.25 | grasp100  93.0% | best 0.990 |     36 st/s
    done(50): success=47 t_flicker=3
Ep 17450 | score  206.12 | avg100  200.20 | grasp100  93.0% | best 0.990 |     36 st/s
    done(50): success=46 t_flicker=4
Ep 17500 | score  207.38 | avg100  201.41 | grasp100  94.0% | best 0.990 |     36 st/s
    done(50): success=48 t_flicker=2
Ep 17550 | score  210.71 | avg100  206.32 | grasp100  98.0% | best 0.990 |     36 st/s
    done(50): success=50
Ep 17600 | score  208.39 | avg100  201.79 | grasp100  95.0% | best 0.990 |     36 st/s
    done(50): success=45 t_flicker=4 t_touched=1
Ep 17650 | score  212.14 | avg100  202.03 | grasp100  95.0% | best 0.990 |     36 st/s
    done(50): success=50
Ep 17700 | score  208.99 | avg100  210.04 | grasp100 100.0% | best 0.990 |     36 st/s
    done(50): success=50
Ep 17750 | score   98.52 | avg100  204.57 | grasp100  95.0% | best 0.990 |     36 st/s
    done(50): success=45 t_flicker=4 t_no_reach=1
Ep 17800 | score  213.48 | avg100  202.63 | grasp100  94.0% | best 0.990 |     36 st/s
    done(50): success=49 t_flicker=1
Ep 17850 | score  208.78 | avg100  204.44 | grasp100  96.0% | best 0.990 |     36 st/s
    done(50): success=47 t_flicker=3
Ep 17900 | score  209.19 | avg100  203.71 | grasp100  95.0% | best 0.990 |     36 st/s
    done(50): success=48 t_flicker=2
Ep 17950 | score  207.13 | avg100  206.34 | grasp100  97.0% | best 0.990 |     36 st/s
    done(50): success=49 t_flicker=1
Ep 18000 | score  199.07 | avg100  205.86 | grasp100  98.0% | best 0.990 |     36 st/s
    done(50): success=49 t_no_reach=1
Ep 18050 | score  207.80 | avg100  205.26 | grasp100  98.0% | best 0.990 |     36 st/s
    done(50): success=49 t_flicker=1
Ep 18100 | score  210.90 | avg100  208.03 | grasp100  99.0% | best 0.990 |     36 st/s
    done(50): success=50
  [primacy-bias reset of critic heads @ 275000 updates]
Ep 18150 | score  -76.61 | avg100  162.74 | grasp100  83.0% | best 0.990 |     36 st/s
    done(50): success=33 t_flicker=1 t_touched=1 t_no_reach=15
Ep 18200 | score  134.00 | avg100   89.74 | grasp100  52.0% | best 0.990 |     36 st/s
    done(50): success=19 t_flicker=9 t_touched=7 t_no_reach=15
Ep 18250 | score  208.02 | avg100  116.51 | grasp100  54.0% | best 0.990 |     36 st/s
    done(50): success=35 t_flicker=12 t_touched=3
Ep 18300 | score  207.95 | avg100  179.25 | grasp100  78.0% | best 0.990 |     36 st/s
    done(50): success=43 t_flicker=7
Ep 18350 | score  208.16 | avg100  189.21 | grasp100  87.0% | best 0.990 |     36 st/s
    done(50): success=44 t_flicker=4 t_touched=2
Ep 18400 | score  208.18 | avg100  193.63 | grasp100  90.0% | best 0.990 |     36 st/s
    done(50): success=46 t_flicker=2 t_touched=2
Ep 18450 | score  207.83 | avg100  203.61 | grasp100  96.0% | best 0.990 |     36 st/s
    done(50): success=50
Ep 18500 | score  209.60 | avg100  208.91 | grasp100 100.0% | best 0.990 |     36 st/s
    done(50): success=50
Ep 18550 | score  213.82 | avg100  207.99 | grasp100  99.0% | best 0.990 |     36 st/s
    done(50): success=49 t_flicker=1
Ep 18600 | score  210.53 | avg100  204.23 | grasp100  97.0% | best 0.990 |     36 st/s
    done(50): success=48 t_flicker=1 t_touched=1
Ep 18650 | score  208.14 | avg100  203.03 | grasp100  96.0% | best 0.990 |     36 st/s
    done(50): success=48 t_flicker=2
Ep 18700 | score  215.65 | avg100  203.85 | grasp100  95.0% | best 0.990 |     36 st/s
    done(50): success=47 t_flicker=3
Ep 18750 | score  208.84 | avg100  206.57 | grasp100  97.0% | best 0.990 |     36 st/s
    done(50): success=50
Ep 18800 | score  210.22 | avg100  209.96 | grasp100 100.0% | best 0.990 |     36 st/s
    done(50): success=50
Ep 18850 | score  210.45 | avg100  209.83 | grasp100 100.0% | best 0.990 |     36 st/s
    done(50): success=50
Ep 18900 | score  210.05 | avg100  209.56 | grasp100 100.0% | best 0.990 |     36 st/s
    done(50): success=50
Ep 18950 | score  211.79 | avg100  206.33 | grasp100  98.0% | best 0.990 |     36 st/s
    done(50): success=48 t_flicker=1 t_touched=1
Ep 19000 | score  210.89 | avg100  204.92 | grasp100  97.0% | best 0.990 |     36 st/s
    done(50): success=49 t_flicker=1
Ep 19050 | score  209.16 | avg100  205.54 | grasp100  97.0% | best 0.990 |     36 st/s
    done(50): success=48 t_flicker=2
Ep 19100 | score  210.93 | avg100  202.50 | grasp100  96.0% | best 0.990 |     36 st/s
    done(50): success=48 t_flicker=2
Ep 19150 | score  210.21 | avg100  204.58 | grasp100  97.0% | best 0.990 |     36 st/s
    done(50): success=49 t_flicker=1
Ep 19200 | score  210.64 | avg100  206.80 | grasp100  97.0% | best 0.990 |     36 st/s
    done(50): success=48 t_flicker=2
Ep 19250 | score  210.92 | avg100  208.32 | grasp100  98.0% | best 0.990 |     36 st/s
    done(50): success=50
Ep 19300 | score  211.68 | avg100  209.13 | grasp100  98.0% | best 0.990 |     36 st/s
    done(50): success=48 t_flicker=2
Ep 19350 | score  211.13 | avg100  207.15 | grasp100  97.0% | best 0.990 |     36 st/s
    done(50): success=49 t_flicker=1
Ep 19400 | score  210.36 | avg100  203.90 | grasp100  95.0% | best 0.990 |     36 st/s
    done(50): success=46 t_flicker=4
Ep 19450 | score  209.91 | avg100  201.51 | grasp100  94.0% | best 0.990 |     36 st/s
    done(50): success=48 t_flicker=2
Ep 19500 | score  208.33 | avg100  206.48 | grasp100  98.0% | best 0.990 |     36 st/s
    done(50): success=50
Ep 19550 | score  206.68 | avg100  207.50 | grasp100  98.0% | best 0.990 |     36 st/s
    done(50): success=48 t_flicker=2
Ep 19600 | score  210.02 | avg100  199.38 | grasp100  92.0% | best 0.990 |     36 st/s
    done(50): success=44 t_flicker=6
Ep 19650 | score  208.61 | avg100  200.40 | grasp100  93.0% | best 0.990 |     36 st/s
    done(50): success=49 t_flicker=1
Ep 19700 | score  206.21 | avg100  207.07 | grasp100  98.0% | best 0.990 |     36 st/s
    done(50): success=49 t_flicker=1
Ep 19750 | score  209.18 | avg100  207.75 | grasp100  98.0% | best 0.990 |     36 st/s
    done(50): success=49 t_flicker=1
Ep 19800 | score  194.88 | avg100  204.80 | grasp100  96.0% | best 0.990 |     36 st/s
    done(50): success=47 t_flicker=3
Ep 19850 | score  212.95 | avg100  203.51 | grasp100  96.0% | best 0.990 |     36 st/s
    done(50): success=49 t_touched=1
Ep 19900 | score  208.69 | avg100  203.55 | grasp100  96.0% | best 0.990 |     36 st/s
    done(50): success=47 t_flicker=3
Ep 19950 | score  203.86 | avg100  197.33 | grasp100  90.0% | best 0.990 |     36 st/s
    done(50): success=43 t_flicker=7
  [primacy-bias reset of critic heads @ 300000 updates]
Ep 20000 | score  -79.81 | avg100  157.97 | grasp100  76.0% | best 0.990 |     36 st/s
    done(50): success=33 t_flicker=4 t_touched=1 t_no_reach=12
Ep 20050 | score  203.39 | avg100  106.46 | grasp100  59.0% | best 0.990 |     36 st/s
    done(50): success=26 t_flicker=9 t_touched=3 t_no_reach=12
Ep 20100 | score  207.48 | avg100  131.44 | grasp100  63.0% | best 0.990 |     36 st/s
    done(50): success=37 t_flicker=11 t_touched=2
Ep 20150 | score  208.52 | avg100  179.87 | grasp100  81.0% | best 0.990 |     36 st/s
    done(50): success=44 t_flicker=6
Ep 20200 | score  207.25 | avg100  192.06 | grasp100  90.0% | best 0.990 |     36 st/s
    done(50): success=46 t_flicker=3 t_touched=1
Ep 20250 | score  209.35 | avg100  198.75 | grasp100  92.0% | best 0.990 |     36 st/s
    done(50): success=46 t_flicker=4
Ep 20300 | score  207.40 | avg100  201.07 | grasp100  93.0% | best 0.990 |     36 st/s
    done(50): success=47 t_flicker=3
Ep 20350 | score  207.39 | avg100  203.36 | grasp100  95.0% | best 0.990 |     36 st/s
    done(50): success=48 t_flicker=2
Ep 20400 | score  208.36 | avg100  202.86 | grasp100  95.0% | best 0.990 |     36 st/s
    done(50): success=47 t_flicker=3
Ep 20450 | score  208.96 | avg100  203.53 | grasp100  96.0% | best 0.990 |     36 st/s
    done(50): success=49 t_flicker=1
Ep 20500 | score  207.65 | avg100  205.02 | grasp100  97.0% | best 0.990 |     36 st/s
    done(50): success=48 t_flicker=2
Ep 20550 | score  210.83 | avg100  205.12 | grasp100  96.0% | best 0.990 |     36 st/s
    done(50): success=48 t_flicker=1 t_touched=1
Ep 20600 | score  210.10 | avg100  204.16 | grasp100  94.0% | best 0.990 |     36 st/s
    done(50): success=46 t_flicker=4
Ep 20650 | score  209.46 | avg100  205.46 | grasp100  96.0% | best 0.990 |     36 st/s
    done(50): success=50
Ep 20700 | score  208.45 | avg100  207.26 | grasp100  98.0% | best 0.990 |     36 st/s
    done(50): success=48 t_flicker=2
Ep 20750 | score  207.08 | avg100  202.76 | grasp100  94.0% | best 0.990 |     36 st/s
    done(50): success=46 t_flicker=4
Ep 20800 | score  206.56 | avg100  202.23 | grasp100  94.0% | best 0.990 |     36 st/s
    done(50): success=48 t_flicker=2
Ep 20850 | score  208.56 | avg100  204.11 | grasp100  96.0% | best 0.990 |     36 st/s
    done(50): success=48 t_flicker=2
Ep 20900 | score  206.94 | avg100  204.91 | grasp100  97.0% | best 0.990 |     36 st/s
    done(50): success=49 t_flicker=1
Ep 20950 | score  208.30 | avg100  206.87 | grasp100  98.0% | best 0.990 |     36 st/s
    done(50): success=49 t_flicker=1
Ep 21000 | score  129.99 | avg100  208.09 | grasp100  98.0% | best 0.990 |     36 st/s
    done(50): success=49 t_flicker=1
Ep 21050 | score  208.40 | avg100  207.37 | grasp100  98.0% | best 0.990 |     36 st/s
    done(50): success=49 t_flicker=1
Ep 21100 | score  213.56 | avg100  203.47 | grasp100  96.0% | best 0.990 |     36 st/s
    done(50): success=47 t_flicker=3
Ep 21150 | score  210.39 | avg100  204.82 | grasp100  97.0% | best 0.990 |     36 st/s
    done(50): success=50
Ep 21200 | score  208.44 | avg100  207.39 | grasp100  99.0% | best 0.990 |     36 st/s
    done(50): success=49 t_flicker=1
Ep 21250 | score  211.12 | avg100  206.28 | grasp100  98.0% | best 0.990 |     36 st/s
    done(50): success=49 t_flicker=1
Ep 21300 | score  211.41 | avg100  206.97 | grasp100  98.0% | best 0.990 |     36 st/s
    done(50): success=49 t_flicker=1
Ep 21350 | score  206.02 | avg100  208.71 | grasp100  99.0% | best 0.990 |     36 st/s
    done(50): success=50
Ep 21400 | score  212.32 | avg100  209.50 | grasp100  99.0% | best 0.990 |     36 st/s
    done(50): success=49 t_flicker=1
Ep 21450 | score  208.95 | avg100  209.22 | grasp100  99.0% | best 0.990 |     36 st/s
    done(50): success=50
Ep 21500 | score  209.75 | avg100  206.05 | grasp100  97.0% | best 0.990 |     36 st/s
    done(50): success=47 t_flicker=3
Ep 21550 | score  210.87 | avg100  202.32 | grasp100  94.0% | best 0.990 |     36 st/s
    done(50): success=47 t_flicker=3
Ep 21600 | score    7.71 | avg100  204.09 | grasp100  96.0% | best 0.990 |     36 st/s
    done(50): success=49 t_flicker=1
Ep 21650 | score  233.67 | avg100  205.16 | grasp100  98.0% | best 0.990 |     36 st/s
    done(50): success=49 t_touched=1
Ep 21700 | score  208.16 | avg100  201.96 | grasp100  96.0% | best 0.990 |     36 st/s
    done(50): success=47 t_flicker=2 t_touched=1
Ep 21750 | score  230.25 | avg100  204.11 | grasp100  96.0% | best 0.990 |     36 st/s
    done(50): success=49 t_flicker=1
Ep 21800 | score  208.73 | avg100  207.37 | grasp100  97.0% | best 0.990 |     36 st/s
    done(50): success=48 t_flicker=2
Ep 21850 | score  210.05 | avg100  207.84 | grasp100  98.0% | best 0.990 |     36 st/s
    done(50): success=50
  [primacy-bias reset of critic heads @ 325000 updates]
Ep 21900 | score  -79.83 | avg100  159.58 | grasp100  80.0% | best 0.990 |     36 st/s
    done(50): success=30 t_flicker=4 t_touched=3 t_no_reach=13
Ep 21950 | score  208.55 | avg100  101.15 | grasp100  56.0% | best 0.990 |     36 st/s
    done(50): success=26 t_flicker=7 t_touched=5 t_no_reach=12
Ep 22000 | score  205.95 | avg100  124.49 | grasp100  60.0% | best 0.990 |     36 st/s
    done(50): success=34 t_flicker=12 t_touched=4
Ep 22050 | score  205.96 | avg100  162.86 | grasp100  70.0% | best 0.990 |     36 st/s
    done(50): success=36 t_flicker=11 t_touched=3
Ep 22100 | score  204.19 | avg100  181.10 | grasp100  80.0% | best 0.990 |     36 st/s
    done(50): success=44 t_flicker=5 t_touched=1
Ep 22150 | score  205.65 | avg100  188.09 | grasp100  87.0% | best 0.990 |     36 st/s
    done(50): success=43 t_flicker=5 t_touched=1 t_no_reach=1
Ep 22200 | score  207.24 | avg100  191.88 | grasp100  89.0% | best 0.990 |     36 st/s
    done(50): success=46 t_flicker=4
Ep 22250 | score  207.03 | avg100  200.86 | grasp100  93.0% | best 0.990 |     36 st/s
    done(50): success=47 t_flicker=3
Ep 22300 | score  209.49 | avg100  196.41 | grasp100  90.0% | best 0.990 |     36 st/s
    done(50): success=43 t_flicker=7
Ep 22350 | score  128.25 | avg100  198.85 | grasp100  91.0% | best 0.990 |     36 st/s
    done(50): success=48 t_flicker=2
Ep 22400 | score  208.29 | avg100  203.85 | grasp100  96.0% | best 0.990 |     36 st/s
    done(50): success=48 t_flicker=1 t_touched=1
Ep 22450 | score  210.46 | avg100  201.39 | grasp100  95.0% | best 0.990 |     36 st/s
    done(50): success=47 t_flicker=3
Ep 22500 | score  208.95 | avg100  203.51 | grasp100  95.0% | best 0.990 |     36 st/s
    done(50): success=48 t_flicker=2
Ep 22550 | score  216.52 | avg100  207.97 | grasp100  98.0% | best 0.990 |     36 st/s
    done(50): success=50
Ep 22600 | score  210.28 | avg100  207.52 | grasp100  98.0% | best 0.990 |     36 st/s
    done(50): success=48 t_flicker=2
Ep 22650 | score  209.71 | avg100  206.07 | grasp100  97.0% | best 0.990 |     36 st/s
    done(50): success=49 t_flicker=1
Ep 22700 | score   89.83 | avg100  204.51 | grasp100  96.0% | best 0.990 |     36 st/s
    done(50): success=47 t_flicker=3
Ep 22750 | score  206.35 | avg100  198.89 | grasp100  93.0% | best 0.990 |     36 st/s
    done(50): success=46 t_flicker=3 t_touched=1
Ep 22800 | score  211.20 | avg100  201.51 | grasp100  95.0% | best 0.990 |     36 st/s
    done(50): success=49 t_touched=1
Ep 22850 | score  212.04 | avg100  206.61 | grasp100  98.0% | best 0.990 |     36 st/s
    done(50): success=49 t_flicker=1
Ep 22900 | score  199.06 | avg100  204.91 | grasp100  97.0% | best 0.990 |     36 st/s
    done(50): success=48 t_flicker=2
Ep 22950 | score  211.13 | avg100  204.49 | grasp100  97.0% | best 0.990 |     36 st/s
    done(50): success=49 t_flicker=1
Ep 23000 | score  206.77 | avg100  205.43 | grasp100  97.0% | best 0.990 |     36 st/s
    done(50): success=48 t_flicker=2
Ep 23050 | score  233.43 | avg100  201.72 | grasp100  94.0% | best 0.990 |     35 st/s
    done(50): success=46 t_flicker=4
Ep 23100 | score  208.17 | avg100  202.29 | grasp100  95.0% | best 0.990 |     35 st/s
    done(50): success=49 t_flicker=1
Ep 23150 | score  209.04 | avg100  200.07 | grasp100  93.0% | best 0.990 |     35 st/s
    done(50): success=44 t_flicker=6
Ep 23200 | score  211.80 | avg100  201.64 | grasp100  94.0% | best 0.990 |     35 st/s
    done(50): success=50
Ep 23250 | score  209.47 | avg100  202.94 | grasp100  96.0% | best 0.990 |     35 st/s
    done(50): success=46 t_flicker=3 t_touched=1
Ep 23300 | score  208.56 | avg100  200.32 | grasp100  94.0% | best 0.990 |     35 st/s
    done(50): success=48 t_flicker=2
Ep 23350 | score  210.51 | avg100  204.64 | grasp100  96.0% | best 0.990 |     35 st/s
    done(50): success=48 t_flicker=2
Ep 23400 | score  207.38 | avg100  204.67 | grasp100  96.0% | best 0.990 |     35 st/s
    done(50): success=48 t_flicker=2
Ep 23450 | score  202.18 | avg100  206.15 | grasp100  97.0% | best 0.990 |     35 st/s
    done(50): success=49 t_flicker=1
Ep 23500 | score  211.21 | avg100  204.10 | grasp100  96.0% | best 0.990 |     35 st/s
    done(50): success=47 t_flicker=3
Ep 23550 | score  208.77 | avg100  197.16 | grasp100  92.0% | best 0.990 |     35 st/s
    done(50): success=45 t_flicker=4 t_touched=1
Ep 23600 | score  209.68 | avg100  198.85 | grasp100  93.0% | best 0.990 |     35 st/s
    done(50): success=48 t_flicker=2
Ep 23650 | score  209.31 | avg100  203.84 | grasp100  96.0% | best 0.990 |     35 st/s
    done(50): success=48 t_flicker=2
Ep 23700 | score  216.00 | avg100  204.38 | grasp100  96.0% | best 0.990 |     35 st/s
    done(50): success=48 t_flicker=2
Ep 23750 | score  200.16 | avg100  202.91 | grasp100  95.0% | best 0.990 |     35 st/s
    done(50): success=47 t_flicker=3
  [primacy-bias reset of critic heads @ 350000 updates]
Ep 23800 | score  -78.53 | avg100  116.86 | grasp100  66.0% | best 0.990 |     36 st/s
    done(50): success=19 t_touched=4 t_no_reach=27
Ep 23850 | score   88.60 | avg100   60.21 | grasp100  41.0% | best 0.990 |     36 st/s
    done(50): success=22 t_flicker=13 t_touched=3 t_no_reach=12
Ep 23900 | score  210.28 | avg100  128.39 | grasp100  57.0% | best 0.990 |     36 st/s
    done(50): success=35 t_flicker=15
Ep 23950 | score  208.77 | avg100  178.08 | grasp100  76.0% | best 0.990 |     36 st/s
    done(50): success=41 t_flicker=8 t_no_reach=1
Ep 24000 | score  207.09 | avg100  195.50 | grasp100  89.0% | best 0.990 |     36 st/s
    done(50): success=48 t_flicker=1 t_touched=1
Ep 24050 | score  210.35 | avg100  201.72 | grasp100  95.0% | best 0.990 |     36 st/s
    done(50): success=47 t_flicker=3
Ep 24100 | score  209.39 | avg100  202.06 | grasp100  95.0% | best 0.990 |     36 st/s
    done(50): success=48 t_flicker=2
Ep 24150 | score  212.20 | avg100  204.64 | grasp100  96.0% | best 0.990 |     36 st/s
    done(50): success=48 t_flicker=2
Ep 24200 | score  211.20 | avg100  203.51 | grasp100  95.0% | best 0.990 |     36 st/s
    done(50): success=47 t_flicker=3
Ep 24250 | score  210.03 | avg100  206.26 | grasp100  97.0% | best 0.990 |     36 st/s
    done(50): success=50
Ep 24300 | score  207.82 | avg100  209.67 | grasp100 100.0% | best 0.990 |     36 st/s
    done(50): success=50
Ep 24350 | score  209.84 | avg100  206.30 | grasp100  98.0% | best 0.990 |     35 st/s
    done(50): success=48 t_flicker=2
Ep 24400 | score  210.57 | avg100  200.62 | grasp100  95.0% | best 0.990 |     35 st/s
    done(50): success=47 t_flicker=3
Ep 24450 | score  207.81 | avg100  202.36 | grasp100  96.0% | best 0.990 |     35 st/s
    done(50): success=49 t_flicker=1
Ep 24500 | score  211.06 | avg100  207.28 | grasp100  98.0% | best 0.990 |     35 st/s
    done(50): success=49 t_flicker=1
Ep 24550 | score  208.72 | avg100  203.54 | grasp100  95.0% | best 0.990 |     35 st/s
    done(50): success=46 t_flicker=4
Ep 24600 | score  211.44 | avg100  202.43 | grasp100  95.0% | best 0.990 |     35 st/s
    done(50): success=49 t_touched=1
Ep 24650 | score  207.10 | avg100  201.99 | grasp100  96.0% | best 0.990 |     35 st/s
    done(50): success=47 t_flicker=2 t_touched=1
Ep 24700 | score   92.32 | avg100  201.75 | grasp100  95.0% | best 0.990 |     35 st/s
    done(50): success=48 t_flicker=2
Ep 24750 | score  211.83 | avg100  204.75 | grasp100  96.0% | best 0.990 |     35 st/s
    done(50): success=48 t_flicker=2
Ep 24800 | score  209.46 | avg100  206.25 | grasp100  97.0% | best 0.990 |     35 st/s
    done(50): success=49 t_flicker=1
Ep 24850 | score  210.91 | avg100  204.61 | grasp100  96.0% | best 0.990 |     35 st/s
    done(50): success=47 t_flicker=3
Ep 24900 | score  206.73 | avg100  205.00 | grasp100  97.0% | best 0.990 |     35 st/s
    done(50): success=50
Ep 24950 | score  209.93 | avg100  206.78 | grasp100  98.0% | best 0.990 |     35 st/s
    done(50): success=48 t_flicker=2
Ep 25000 | score  241.20 | avg100  206.50 | grasp100  97.0% | best 0.990 |     35 st/s
    done(50): success=49 t_flicker=1

========================================================================
DONE  td3_ln_buf500k_s1
  Episodes     : 25000
  Env steps    : 924,790  (26155s)
  Best metric  : 0.990  (policy in /home/fahim/Thesis_fahim/pickandplace/checkpoints/td3_grasp_rand_td3_ln_buf500k_s1/best)
  Final grasp% : 97.0
  CSV          : /home/fahim/Thesis_fahim/pickandplace/logs/grasp_rand_td3_ln_buf500k_s1/episodes.csv
  Probe CSV    : /home/fahim/Thesis_fahim/pickandplace/logs/grasp_rand_td3_ln_buf500k_s1/probe.csv
  Manifest     : /home/fahim/Thesis_fahim/pickandplace/logs/grasp_rand_td3_ln_buf500k_s1/manifest.json
========================================================================

