========================================================================
RANDOM-SPAWN GRASP RETRAINING  |  algo=td3_ln  run=td3_ln_buf1000k_s1
========================================================================
  Envs                : 5 (subprocess-parallel, fork)
  Spawn level         : 2.0 (1.0 = full position box, 2.0 = + z-rotation)
  Updates/vec-step    : 2 (0.400 per env-step; historical baseline 0.5)
  Buffer              : 1,000,000
  Actor               : 64 -> 32  (5,216 weights)
  Warm start          : checkpoints/td3_grasp_rand_td3_ln_smallc64_s5/best
  Checkpoints         : /home/fahim/Thesis_fahim/pickandplace/checkpoints/td3_grasp_rand_td3_ln_buf1000k_s1
========================================================================

Spawning 5 subprocess environments (fork)...
[robosuite WARNING] No private macro file found! (__init__.py:7)
[robosuite WARNING] It is recommended to use a private macro file (__init__.py:8)
[robosuite WARNING] To setup, run: python /home/fahim/Thesis_fahim/venv/lib/python3.12/site-packages/robosuite/scripts/setup_macros.py (__init__.py:9)
[robosuite WARNING] No private macro file found! (__init__.py:7)
[robosuite WARNING] It is recommended to use a private macro file (__init__.py:8)
[robosuite WARNING] To setup, run: python /home/fahim/Thesis_fahim/venv/lib/python3.12/site-packages/robosuite/scripts/setup_macros.py (__init__.py:9)
[robosuite WARNING] No private macro file found! (__init__.py:7)
[robosuite WARNING] It is recommended to use a private macro file (__init__.py:8)
[robosuite WARNING] To setup, run: python /home/fahim/Thesis_fahim/venv/lib/python3.12/site-packages/robosuite/scripts/setup_macros.py (__init__.py:9)
[robosuite WARNING] No private macro file found! (__init__.py:7)
[robosuite WARNING] It is recommended to use a private macro file (__init__.py:8)
[robosuite WARNING] To setup, run: python /home/fahim/Thesis_fahim/venv/lib/python3.12/site-packages/robosuite/scripts/setup_macros.py (__init__.py:9)
[robosuite WARNING] No private macro file found! (__init__.py:7)
[robosuite WARNING] It is recommended to use a private macro file (__init__.py:8)
[robosuite WARNING] To setup, run: python /home/fahim/Thesis_fahim/venv/lib/python3.12/site-packages/robosuite/scripts/setup_macros.py (__init__.py:9)
Gym has been unmaintained since 2022 and does not support NumPy 2.0 amongst other critical functionality.
Please upgrade to Gymnasium, the maintained drop-in replacement of Gym, or contact the authors of your software and request that they upgrade.
See the migration guide at https://gymnasium.farama.org/introduction/migration_guide/ for additional information.
Gym has been unmaintained since 2022 and does not support NumPy 2.0 amongst other critical functionality.
Please upgrade to Gymnasium, the maintained drop-in replacement of Gym, or contact the authors of your software and request that they upgrade.
See the migration guide at https://gymnasium.farama.org/introduction/migration_guide/ for additional information.
Gym has been unmaintained since 2022 and does not support NumPy 2.0 amongst other critical functionality.
Please upgrade to Gymnasium, the maintained drop-in replacement of Gym, or contact the authors of your software and request that they upgrade.
See the migration guide at https://gymnasium.farama.org/introduction/migration_guide/ for additional information.
Gym has been unmaintained since 2022 and does not support NumPy 2.0 amongst other critical functionality.
Please upgrade to Gymnasium, the maintained drop-in replacement of Gym, or contact the authors of your software and request that they upgrade.
See the migration guide at https://gymnasium.farama.org/introduction/migration_guide/ for additional information.
Gym has been unmaintained since 2022 and does not support NumPy 2.0 amongst other critical functionality.
Please upgrade to Gymnasium, the maintained drop-in replacement of Gym, or contact the authors of your software and request that they upgrade.
See the migration guide at https://gymnasium.farama.org/introduction/migration_guide/ for additional information.
/home/fahim/Thesis_fahim/venv/lib/python3.12/site-packages/gym/spaces/box.py:84: UserWarning: [33mWARN: Box bound precision lowered by casting to float32[0m
  logger.warn(f"Box bound precision lowered by casting to {self.dtype}")
/home/fahim/Thesis_fahim/venv/lib/python3.12/site-packages/gym/spaces/box.py:84: UserWarning: [33mWARN: Box bound precision lowered by casting to float32[0m
  logger.warn(f"Box bound precision lowered by casting to {self.dtype}")
Gym has been unmaintained since 2022 and does not support NumPy 2.0 amongst other critical functionality.
Please upgrade to Gymnasium, the maintained drop-in replacement of Gym, or contact the authors of your software and request that they upgrade.
See the migration guide at https://gymnasium.farama.org/introduction/migration_guide/ for additional information.
5 environments ready.

/home/fahim/Thesis_fahim/venv/lib/python3.12/site-packages/gym/spaces/box.py:84: UserWarning: [33mWARN: Box bound precision lowered by casting to float32[0m
  logger.warn(f"Box bound precision lowered by casting to {self.dtype}")
/home/fahim/Thesis_fahim/venv/lib/python3.12/site-packages/gym/spaces/box.py:84: UserWarning: [33mWARN: Box bound precision lowered by casting to float32[0m
  logger.warn(f"Box bound precision lowered by casting to {self.dtype}")
/home/fahim/Thesis_fahim/venv/lib/python3.12/site-packages/gym/spaces/box.py:84: UserWarning: [33mWARN: Box bound precision lowered by casting to float32[0m
  logger.warn(f"Box bound precision lowered by casting to {self.dtype}")
  Actor QAT           : per-tensor INT8 fake-quant, STE grads
  Actor weight clip   : |w| <= 8.0 * std(w) per Linear tensor (bi_s0 baseline fc1 9.96 / fc2 10.82)
Init: warm-started (source: /home/fahim/Thesis_fahim/pickandplace/checkpoints/td3_grasp_rand_td3_ln_smallc64_s5/best)
Fresh replay buffer.

Training...

Ep    50 | score  197.57 | avg100  203.20 | grasp100  96.0% | best 0.000 |     47 st/s
    done(50): success=48 t_flicker=2
Ep   100 | score  210.93 | avg100  201.08 | grasp100  94.0% | best 0.000 |     47 st/s
    done(50): success=46 t_flicker=3 t_touched=1
Ep   150 | score  204.75 | avg100  200.33 | grasp100  93.0% | best 0.000 |     47 st/s
    done(50): success=47 t_flicker=2 t_touched=1
Ep   200 | * BEST  level200=2.00 grasp200= 91.5% metric=0.915 | score  211.87
Ep   250 | score  204.37 | avg100  189.49 | grasp100  85.0% | best 0.915 |     43 st/s
    done(50): success=43 t_flicker=6 t_touched=1
Ep   300 | score  208.13 | avg100  189.53 | grasp100  87.0% | best 0.915 |     42 st/s
    done(50): success=44 t_flicker=4 t_touched=2
Ep   350 | score  206.90 | avg100  187.90 | grasp100  85.0% | best 0.915 |     40 st/s
    done(50): success=41 t_flicker=6 t_touched=3
Ep   400 | score  206.99 | avg100  180.59 | grasp100  79.0% | best 0.915 |     40 st/s
    done(50): success=38 t_flicker=8 t_touched=4
Ep   450 | score  208.94 | avg100  181.03 | grasp100  80.0% | best 0.915 |     41 st/s
    done(50): success=42 t_flicker=6 t_touched=2
Ep   500 | score  207.28 | avg100  181.00 | grasp100  82.0% | best 0.915 |     41 st/s
    done(50): success=40 t_flicker=4 t_touched=3 t_no_reach=3
Ep   550 | score  211.50 | avg100  171.25 | grasp100  78.0% | best 0.915 |     40 st/s
    done(50): success=38 t_flicker=10 t_touched=2
Ep   600 | score  209.53 | avg100  168.23 | grasp100  76.0% | best 0.915 |     40 st/s
    done(50): success=38 t_flicker=8 t_touched=4
Ep   650 | score  211.08 | avg100  177.66 | grasp100  80.0% | best 0.915 |     40 st/s
    done(50): success=42 t_flicker=3 t_touched=5
Ep   700 | score  199.65 | avg100  190.25 | grasp100  87.0% | best 0.915 |     40 st/s
    done(50): success=45 t_flicker=5
Ep   750 | score  210.00 | avg100  195.00 | grasp100  89.0% | best 0.915 |     40 st/s
    done(50): success=44 t_flicker=6
Ep   800 | score   82.34 | avg100  194.65 | grasp100  88.0% | best 0.915 |     39 st/s
    done(50): success=44 t_flicker=5 t_touched=1
Ep   850 | score  204.01 | avg100  191.76 | grasp100  88.0% | best 0.915 |     39 st/s
    done(50): success=44 t_flicker=6
Ep   900 | score  211.23 | avg100  190.35 | grasp100  88.0% | best 0.915 |     39 st/s
    done(50): success=44 t_flicker=4 t_touched=2
Ep   950 | score  209.22 | avg100  191.39 | grasp100  87.0% | best 0.915 |     39 st/s
    done(50): success=43 t_flicker=6 t_touched=1
Ep  1000 | score  210.73 | avg100  192.15 | grasp100  87.0% | best 0.915 |     39 st/s
    done(50): success=44 t_flicker=4 t_touched=2
Ep  1050 | score  226.27 | avg100  177.93 | grasp100  80.0% | best 0.915 |     39 st/s
    done(50): success=36 t_flicker=8 t_touched=6
Ep  1100 | score   24.85 | avg100  171.74 | grasp100  77.0% | best 0.915 |     39 st/s
    done(50): success=41 t_flicker=6 t_touched=3
Ep  1150 | score  209.64 | avg100  184.06 | grasp100  83.0% | best 0.915 |     39 st/s
    done(50): success=42 t_flicker=4 t_touched=4
Ep  1200 | score  208.91 | avg100  182.75 | grasp100  82.0% | best 0.915 |     39 st/s
    done(50): success=40 t_flicker=6 t_touched=4
Ep  1250 | score  212.08 | avg100  185.65 | grasp100  85.0% | best 0.915 |     39 st/s
    done(50): success=45 t_flicker=3 t_touched=2
Ep  1300 | score  209.53 | avg100  196.79 | grasp100  92.0% | best 0.915 |     39 st/s
    done(50): success=47 t_flicker=3
Ep  1350 | score  213.22 | avg100  192.78 | grasp100  88.0% | best 0.915 |     39 st/s
    done(50): success=41 t_flicker=6 t_touched=3
Ep  1400 | score  209.48 | avg100  185.54 | grasp100  83.0% | best 0.915 |     38 st/s
    done(50): success=42 t_flicker=5 t_touched=3
Ep  1450 | score  206.89 | avg100  193.63 | grasp100  88.0% | best 0.915 |     38 st/s
    done(50): success=46 t_flicker=3 t_touched=1
Ep  1500 | score  207.08 | avg100  194.67 | grasp100  90.0% | best 0.915 |     38 st/s
    done(50): success=44 t_flicker=5 t_touched=1
Ep  1550 | score  109.08 | avg100  189.00 | grasp100  86.0% | best 0.915 |     38 st/s
    done(50): success=42 t_flicker=5 t_touched=3
  [primacy-bias reset of critic heads @ 25000 updates]
Ep  1600 | score    0.60 | avg100  160.21 | grasp100  72.0% | best 0.915 |     38 st/s
    done(50): success=30 t_flicker=10 t_touched=10
Ep  1650 | score  249.71 | avg100  106.93 | grasp100  51.0% | best 0.915 |     39 st/s
    done(50): success=21 t_flicker=14 t_touched=10 t_no_reach=5
Ep  1700 | score   57.86 | avg100  119.90 | grasp100  57.0% | best 0.915 |     40 st/s
    done(50): success=36 t_flicker=9 t_touched=4 t_no_reach=1
Ep  1750 | score   78.69 | avg100  158.52 | grasp100  70.0% | best 0.915 |     40 st/s
    done(50): success=34 t_flicker=10 t_touched=6
Ep  1800 | score  206.97 | avg100  167.76 | grasp100  72.0% | best 0.915 |     40 st/s
    done(50): success=38 t_flicker=10 t_touched=2
Ep  1850 | score  207.66 | avg100  182.15 | grasp100  81.0% | best 0.915 |     40 st/s
    done(50): success=43 t_flicker=6 t_touched=1
Ep  1900 | score  208.65 | avg100  190.94 | grasp100  88.0% | best 0.915 |     40 st/s
    done(50): success=45 t_flicker=4 t_touched=1
Ep  1950 | score  200.20 | avg100  180.46 | grasp100  82.0% | best 0.915 |     40 st/s
    done(50): success=37 t_flicker=11 t_touched=2
Ep  2000 | score  226.81 | avg100  177.63 | grasp100  79.0% | best 0.915 |     40 st/s
    done(50): success=42 t_flicker=6 t_touched=2
Ep  2050 | score  239.07 | avg100  185.93 | grasp100  82.0% | best 0.915 |     40 st/s
    done(50): success=40 t_flicker=10
Ep  2100 | score  208.05 | avg100  190.40 | grasp100  83.0% | best 0.915 |     40 st/s
    done(50): success=43 t_flicker=7
Ep  2150 | score  139.33 | avg100  190.39 | grasp100  85.0% | best 0.915 |     40 st/s
    done(50): success=42 t_flicker=6 t_touched=2
Ep  2200 | score  210.39 | avg100  190.29 | grasp100  87.0% | best 0.915 |     40 st/s
    done(50): success=45 t_flicker=3 t_touched=2
Ep  2250 | score  208.37 | avg100  192.72 | grasp100  89.0% | best 0.915 |     40 st/s
    done(50): success=44 t_flicker=4 t_touched=2
Ep  2300 | score  208.86 | avg100  183.19 | grasp100  86.0% | best 0.915 |     40 st/s
    done(50): success=42 t_flicker=5 t_touched=3
Ep  2350 | score  208.44 | avg100  178.60 | grasp100  84.0% | best 0.915 |     40 st/s
    done(50): success=42 t_flicker=5 t_touched=3
Ep  2400 | score  207.60 | avg100  184.78 | grasp100  86.0% | best 0.915 |     40 st/s
    done(50): success=44 t_flicker=4 t_touched=2
Ep  2450 | score   60.99 | avg100  187.72 | grasp100  86.0% | best 0.915 |     40 st/s
    done(50): success=42 t_flicker=8
Ep  2500 | score  202.32 | avg100  191.12 | grasp100  87.0% | best 0.915 |     40 st/s
    done(50): success=45 t_flicker=5
Ep  2550 | score  204.66 | avg100  194.13 | grasp100  90.0% | best 0.915 |     39 st/s
    done(50): success=45 t_flicker=5
Ep  2600 | score  197.92 | avg100  187.87 | grasp100  85.0% | best 0.915 |     39 st/s
    done(50): success=40 t_flicker=8 t_touched=2
Ep  2650 | score  208.65 | avg100  188.62 | grasp100  85.0% | best 0.915 |     39 st/s
    done(50): success=45 t_flicker=4 t_touched=1
Ep  2700 | score  210.91 | avg100  189.88 | grasp100  87.0% | best 0.915 |     39 st/s
    done(50): success=42 t_flicker=8
Ep  2750 | score  208.17 | avg100  187.65 | grasp100  87.0% | best 0.915 |     39 st/s
    done(50): success=45 t_flicker=2 t_touched=3
Ep  2800 | score  259.44 | avg100  187.77 | grasp100  89.0% | best 0.915 |     39 st/s
    done(50): success=44 t_flicker=4 t_touched=2
  [primacy-bias reset of critic heads @ 50000 updates]
Ep  2850 | score  209.18 | avg100  143.52 | grasp100  70.0% | best 0.915 |     40 st/s
    done(50): success=26 t_flicker=10 t_touched=9 t_no_reach=5
Ep  2900 | score  208.58 | avg100  108.26 | grasp100  50.0% | best 0.915 |     40 st/s
    done(50): success=24 t_flicker=15 t_touched=11
Ep  2950 | score   19.76 | avg100  133.26 | grasp100  56.0% | best 0.915 |     40 st/s
    done(50): success=32 t_flicker=16 t_touched=2
Ep  3000 | score  208.88 | avg100  158.60 | grasp100  66.0% | best 0.915 |     40 st/s
    done(50): success=34 t_flicker=14 t_touched=2
Ep  3050 | score  -13.20 | avg100  170.74 | grasp100  73.0% | best 0.915 |     40 st/s
    done(50): success=39 t_flicker=7 t_touched=4
Ep  3100 | score  211.53 | avg100  159.27 | grasp100  67.0% | best 0.915 |     40 st/s
    done(50): success=28 t_flicker=17 t_touched=5
Ep  3150 | score  201.76 | avg100  165.61 | grasp100  72.0% | best 0.915 |     40 st/s
    done(50): success=44 t_flicker=3 t_touched=3
Ep  3200 | score  211.07 | avg100  189.24 | grasp100  86.0% | best 0.915 |     40 st/s
    done(50): success=42 t_flicker=8
Ep  3250 | score  211.02 | avg100  191.01 | grasp100  87.0% | best 0.915 |     40 st/s
    done(50): success=45 t_flicker=4 t_touched=1
Ep  3300 | score  221.40 | avg100  192.80 | grasp100  89.0% | best 0.915 |     40 st/s
    done(50): success=44 t_flicker=4 t_touched=2
Ep  3350 | score  210.71 | avg100  191.38 | grasp100  86.0% | best 0.915 |     40 st/s
    done(50): success=42 t_flicker=6 t_touched=2
Ep  3400 | score   41.41 | avg100  191.21 | grasp100  86.0% | best 0.915 |     40 st/s
    done(50): success=44 t_flicker=5 t_touched=1
Ep  3450 | score  209.05 | avg100  190.39 | grasp100  87.0% | best 0.915 |     40 st/s
    done(50): success=43 t_flicker=6 t_touched=1
Ep  3500 | score  208.70 | avg100  185.36 | grasp100  83.0% | best 0.915 |     40 st/s
    done(50): success=40 t_flicker=9 t_touched=1
Ep  3550 | score  208.43 | avg100  189.59 | grasp100  86.0% | best 0.915 |     40 st/s
    done(50): success=46 t_flicker=4
Ep  3600 | score  208.92 | avg100  193.19 | grasp100  90.0% | best 0.915 |     40 st/s
    done(50): success=44 t_flicker=6
Ep  3650 | score  210.52 | avg100  190.55 | grasp100  88.0% | best 0.915 |     40 st/s
    done(50): success=44 t_flicker=4 t_touched=2
Ep  3700 | score  206.07 | avg100  193.83 | grasp100  90.0% | best 0.915 |     40 st/s
    done(50): success=46 t_flicker=4
Ep  3750 | score  206.59 | avg100  198.08 | grasp100  93.0% | best 0.915 |     40 st/s
    done(50): success=47 t_flicker=3
Ep  3800 | score  213.28 | avg100  194.35 | grasp100  91.0% | best 0.915 |     40 st/s
    done(50): success=44 t_flicker=3 t_touched=3
Ep  3850 | score  208.62 | avg100  196.09 | grasp100  91.0% | best 0.915 |     39 st/s
    done(50): success=47 t_flicker=3
Ep  3900 | score  210.42 | avg100  199.82 | grasp100  93.0% | best 0.915 |     39 st/s
    done(50): success=46 t_flicker=4
Ep  3950 | score  203.72 | avg100  194.02 | grasp100  89.0% | best 0.915 |     39 st/s
    done(50): success=43 t_flicker=7
Ep  4000 | score  207.98 | avg100  188.79 | grasp100  86.0% | best 0.915 |     39 st/s
    done(50): success=43 t_flicker=4 t_touched=3
Ep  4050 | score  208.91 | avg100  189.49 | grasp100  87.0% | best 0.915 |     39 st/s
    done(50): success=44 t_flicker=5 t_touched=1
Ep  4100 | score  207.19 | avg100  191.78 | grasp100  88.0% | best 0.915 |     39 st/s
    done(50): success=44 t_flicker=5 t_touched=1
Ep  4150 | score  214.48 | avg100  195.90 | grasp100  91.0% | best 0.915 |     39 st/s
    done(50): success=47 t_flicker=3
Ep  4200 | score  211.02 | avg100  196.90 | grasp100  92.0% | best 0.915 |     39 st/s
    done(50): success=45 t_flicker=3 t_touched=2
  [primacy-bias reset of critic heads @ 75000 updates]
Ep  4250 | score  -79.22 | avg100  129.18 | grasp100  68.0% | best 0.915 |     39 st/s
    done(50): success=23 t_flicker=4 t_no_reach=23
Ep  4300 | score   14.25 | avg100   45.35 | grasp100  35.0% | best 0.915 |     40 st/s
    done(50): success=12 t_flicker=12 t_touched=6 t_no_reach=20
Ep  4350 | score  206.98 | avg100   79.16 | grasp100  41.0% | best 0.915 |     40 st/s
    done(50): success=29 t_flicker=15 t_touched=3 t_no_reach=3
Ep  4400 | score  209.35 | avg100  153.33 | grasp100  68.0% | best 0.915 |     40 st/s
    done(50): success=39 t_flicker=7 t_touched=4
Ep  4450 | score  208.97 | avg100  176.63 | grasp100  79.0% | best 0.915 |     40 st/s
    done(50): success=40 t_flicker=8 t_touched=2
Ep  4500 | score  209.61 | avg100  189.76 | grasp100  87.0% | best 0.915 |     40 st/s
    done(50): success=47 t_flicker=2 t_no_reach=1
Ep  4550 | score  208.68 | avg100  200.55 | grasp100  94.0% | best 0.915 |     40 st/s
    done(50): success=47 t_flicker=2 t_touched=1
Ep  4600 | score  218.44 | avg100  201.57 | grasp100  94.0% | best 0.915 |     40 st/s
    done(50): success=47 t_flicker=3
Ep  4650 | score  211.93 | avg100  199.32 | grasp100  91.0% | best 0.915 |     40 st/s
    done(50): success=44 t_flicker=6
Ep  4700 | score  208.90 | avg100  196.66 | grasp100  90.0% | best 0.915 |     39 st/s
    done(50): success=46 t_flicker=3 t_touched=1
Ep  4750 | score  199.08 | avg100  200.13 | grasp100  94.0% | best 0.915 |     39 st/s
    done(50): success=48 t_flicker=2
Ep  4753 | * BEST  level200=2.00 grasp200= 93.0% metric=0.930 | score  209.41
Ep  4800 | score  207.44 | avg100  202.79 | grasp100  95.0% | best 0.930 |     39 st/s
    done(50): success=47 t_flicker=3
Ep  4821 | * BEST  level200=2.00 grasp200= 94.5% metric=0.945 | score  209.66
Ep  4850 | score  209.94 | avg100  197.22 | grasp100  92.0% | best 0.945 |     39 st/s
    done(50): success=45 t_flicker=4 t_touched=1
Ep  4900 | score   60.42 | avg100  197.01 | grasp100  92.0% | best 0.945 |     39 st/s
    done(50): success=47 t_flicker=1 t_touched=2
Ep  4950 | score  208.09 | avg100  202.51 | grasp100  95.0% | best 0.945 |     39 st/s
    done(50): success=48 t_flicker=2
Ep  5000 | score  208.10 | avg100  199.97 | grasp100  94.0% | best 0.945 |     39 st/s
    done(50): success=46 t_flicker=3 t_touched=1
Ep  5050 | score  208.68 | avg100  200.20 | grasp100  95.0% | best 0.945 |     39 st/s
    done(50): success=49 t_touched=1
Ep  5094 | * BEST  level200=2.00 grasp200= 96.0% metric=0.960 | score  206.48
Ep  5100 | score  210.11 | avg100  206.45 | grasp100  99.0% | best 0.960 |     39 st/s
    done(50): success=50
Ep  5150 | score  207.92 | avg100  203.00 | grasp100  97.0% | best 0.960 |     39 st/s
    done(50): success=47 t_flicker=2 t_touched=1
Ep  5200 | score  208.48 | avg100  192.77 | grasp100  90.0% | best 0.960 |     39 st/s
    done(50): success=43 t_flicker=6 t_touched=1
Ep  5250 | score  206.87 | avg100  196.57 | grasp100  91.0% | best 0.960 |     39 st/s
    done(50): success=48 t_flicker=2
Ep  5300 | score  -15.35 | avg100  202.66 | grasp100  95.0% | best 0.960 |     39 st/s
    done(50): success=47 t_flicker=3
Ep  5350 | score  205.55 | avg100  203.89 | grasp100  96.0% | best 0.960 |     39 st/s
    done(50): success=49 t_flicker=1
Ep  5400 | score  208.23 | avg100  201.70 | grasp100  94.0% | best 0.960 |     39 st/s
    done(50): success=45 t_flicker=4 t_touched=1
Ep  5450 | score  210.55 | avg100  201.89 | grasp100  94.0% | best 0.960 |     39 st/s
    done(50): success=49 t_touched=1
Ep  5500 | score  209.87 | avg100  207.26 | grasp100  98.0% | best 0.960 |     39 st/s
    done(50): success=49 t_flicker=1
Ep  5550 | score  209.23 | avg100  196.88 | grasp100  90.0% | best 0.960 |     39 st/s
    done(50): success=41 t_flicker=8 t_touched=1
Ep  5600 | score  205.63 | avg100  194.78 | grasp100  88.0% | best 0.960 |     39 st/s
    done(50): success=47 t_flicker=3
Ep  5650 | score  209.06 | avg100  202.13 | grasp100  93.0% | best 0.960 |     39 st/s
    done(50): success=46 t_flicker=4
Ep  5700 | score  201.60 | avg100  199.34 | grasp100  93.0% | best 0.960 |     39 st/s
    done(50): success=47 t_flicker=2 t_touched=1
Ep  5750 | score  209.12 | avg100  195.16 | grasp100  90.0% | best 0.960 |     39 st/s
    done(50): success=43 t_flicker=7
  [primacy-bias reset of critic heads @ 100000 updates]
Ep  5800 | score  -77.48 | avg100  169.92 | grasp100  77.0% | best 0.960 |     39 st/s
    done(50): success=34 t_flicker=8 t_touched=6 t_no_reach=2
Ep  5850 | score  -31.74 | avg100  118.47 | grasp100  60.0% | best 0.960 |     39 st/s
    done(50): success=26 t_flicker=6 t_touched=2 t_no_reach=16
Ep  5900 | score  208.49 | avg100  132.94 | grasp100  65.0% | best 0.960 |     39 st/s
    done(50): success=39 t_flicker=8 t_touched=3
Ep  5950 | score  207.71 | avg100  165.53 | grasp100  73.0% | best 0.960 |     39 st/s
    done(50): success=34 t_flicker=13 t_touched=3
Ep  6000 | score  210.76 | avg100  168.23 | grasp100  74.0% | best 0.960 |     39 st/s
    done(50): success=40 t_flicker=9 t_touched=1
Ep  6050 | score  209.08 | avg100  189.06 | grasp100  85.0% | best 0.960 |     39 st/s
    done(50): success=45 t_flicker=5
Ep  6100 | score  207.78 | avg100  191.86 | grasp100  87.0% | best 0.960 |     39 st/s
    done(50): success=42 t_flicker=7 t_touched=1
Ep  6150 | score  209.83 | avg100  182.65 | grasp100  82.0% | best 0.960 |     39 st/s
    done(50): success=40 t_flicker=8 t_touched=2
Ep  6200 | score  210.84 | avg100  192.01 | grasp100  89.0% | best 0.960 |     39 st/s
    done(50): success=49 t_touched=1
Ep  6250 | score  206.59 | avg100  205.10 | grasp100  97.0% | best 0.960 |     39 st/s
    done(50): success=48 t_flicker=2
Ep  6300 | score  207.78 | avg100  202.05 | grasp100  95.0% | best 0.960 |     39 st/s
    done(50): success=47 t_flicker=3
Ep  6350 | score  194.11 | avg100  200.14 | grasp100  95.0% | best 0.960 |     39 st/s
    done(50): success=48 t_flicker=1 t_touched=1
Ep  6400 | score  201.78 | avg100  203.38 | grasp100  97.0% | best 0.960 |     39 st/s
    done(50): success=49 t_flicker=1
Ep  6450 | score  209.49 | avg100  204.02 | grasp100  96.0% | best 0.960 |     39 st/s
    done(50): success=47 t_flicker=3
Ep  6500 | score  212.54 | avg100  200.33 | grasp100  93.0% | best 0.960 |     38 st/s
    done(50): success=46 t_flicker=4
Ep  6550 | score  210.57 | avg100  200.01 | grasp100  93.0% | best 0.960 |     38 st/s
    done(50): success=47 t_flicker=3
Ep  6600 | score  207.50 | avg100  204.41 | grasp100  96.0% | best 0.960 |     38 st/s
    done(50): success=49 t_flicker=1
Ep  6650 | score  208.38 | avg100  207.25 | grasp100  97.0% | best 0.960 |     38 st/s
    done(50): success=48 t_flicker=2
Ep  6700 | score  212.12 | avg100  204.79 | grasp100  95.0% | best 0.960 |     38 st/s
    done(50): success=47 t_flicker=3
Ep  6750 | score  213.36 | avg100  203.91 | grasp100  96.0% | best 0.960 |     38 st/s
    done(50): success=49 t_flicker=1
Ep  6800 | score  207.91 | avg100  200.68 | grasp100  94.0% | best 0.960 |     38 st/s
    done(50): success=45 t_flicker=4 t_no_reach=1
Ep  6850 | score  212.23 | avg100  202.04 | grasp100  94.0% | best 0.960 |     38 st/s
    done(50): success=49 t_flicker=1
Ep  6900 | score  208.09 | avg100  204.81 | grasp100  96.0% | best 0.960 |     38 st/s
    done(50): success=47 t_flicker=3
Ep  6950 | score  212.94 | avg100  202.59 | grasp100  95.0% | best 0.960 |     38 st/s
    done(50): success=48 t_flicker=2
Ep  7000 | score  206.78 | avg100  203.83 | grasp100  96.0% | best 0.960 |     38 st/s
    done(50): success=48 t_flicker=2
Ep  7050 | score  211.55 | avg100  197.88 | grasp100  92.0% | best 0.960 |     38 st/s
    done(50): success=44 t_flicker=5 t_touched=1
Ep  7100 | score  210.74 | avg100  196.22 | grasp100  91.0% | best 0.960 |     38 st/s
    done(50): success=47 t_flicker=3
Ep  7150 | score  208.41 | avg100  202.63 | grasp100  94.0% | best 0.960 |     38 st/s
    done(50): success=47 t_flicker=3
Ep  7200 | score  210.43 | avg100  195.90 | grasp100  90.0% | best 0.960 |     38 st/s
    done(50): success=43 t_flicker=6 t_touched=1
Ep  7250 | score  205.15 | avg100  196.03 | grasp100  91.0% | best 0.960 |     38 st/s
    done(50): success=48 t_flicker=2
Ep  7300 | score  209.30 | avg100  202.02 | grasp100  95.0% | best 0.960 |     38 st/s
    done(50): success=47 t_flicker=2 t_touched=1
Ep  7350 | score  209.35 | avg100  199.65 | grasp100  93.0% | best 0.960 |     38 st/s
    done(50): success=46 t_flicker=4
Ep  7400 | score   61.94 | avg100  197.56 | grasp100  91.0% | best 0.960 |     38 st/s
    done(50): success=45 t_flicker=5
Ep  7450 | score  208.48 | avg100  198.75 | grasp100  93.0% | best 0.960 |     38 st/s
    done(50): success=48 t_flicker=2
Ep  7500 | score  211.71 | avg100  200.34 | grasp100  93.0% | best 0.960 |     38 st/s
    done(50): success=45 t_flicker=5
Ep  7550 | score  205.32 | avg100  194.99 | grasp100  89.0% | best 0.960 |     38 st/s
    done(50): success=44 t_flicker=6
  [primacy-bias reset of critic heads @ 125000 updates]
Ep  7600 | score   46.64 | avg100  127.59 | grasp100  65.0% | best 0.960 |     38 st/s
    done(50): success=21 t_flicker=7 t_touched=3 t_no_reach=19
Ep  7650 | score  100.71 | avg100   86.67 | grasp100  44.0% | best 0.960 |     38 st/s
    done(50): success=23 t_flicker=19 t_touched=7 t_no_reach=1
Ep  7700 | score  210.31 | avg100  134.01 | grasp100  57.0% | best 0.960 |     38 st/s
    done(50): success=34 t_flicker=13 t_touched=2 t_no_reach=1
Ep  7750 | score  209.81 | avg100  173.98 | grasp100  77.0% | best 0.960 |     38 st/s
    done(50): success=43 t_flicker=7
Ep  7800 | score  208.21 | avg100  186.11 | grasp100  83.0% | best 0.960 |     38 st/s
    done(50): success=40 t_flicker=8 t_touched=1 t_no_reach=1
Ep  7850 | score  208.93 | avg100  189.16 | grasp100  84.0% | best 0.960 |     38 st/s
    done(50): success=44 t_flicker=6
Ep  7900 | score  210.59 | avg100  201.12 | grasp100  93.0% | best 0.960 |     38 st/s
    done(50): success=49 t_flicker=1
Ep  7950 | score  210.12 | avg100  202.07 | grasp100  96.0% | best 0.960 |     38 st/s
    done(50): success=47 t_flicker=3
Ep  8000 | score  210.23 | avg100  195.11 | grasp100  90.0% | best 0.960 |     38 st/s
    done(50): success=43 t_flicker=7
Ep  8050 | score  209.76 | avg100  197.61 | grasp100  91.0% | best 0.960 |     38 st/s
    done(50): success=48 t_flicker=2
Ep  8100 | score  208.91 | avg100  202.60 | grasp100  95.0% | best 0.960 |     38 st/s
    done(50): success=47 t_flicker=3
Ep  8150 | score  207.50 | avg100  204.65 | grasp100  96.0% | best 0.960 |     38 st/s
    done(50): success=49 t_flicker=1
Ep  8200 | score  206.08 | avg100  205.45 | grasp100  97.0% | best 0.960 |     38 st/s
    done(50): success=48 t_flicker=1 t_touched=1
Ep  8250 | score  210.89 | avg100  202.58 | grasp100  95.0% | best 0.960 |     38 st/s
    done(50): success=47 t_flicker=3
Ep  8300 | score  208.60 | avg100  202.83 | grasp100  95.0% | best 0.960 |     38 st/s
    done(50): success=48 t_flicker=2
Ep  8350 | score  205.47 | avg100  201.67 | grasp100  94.0% | best 0.960 |     38 st/s
    done(50): success=46 t_flicker=4
Ep  8400 | score  213.39 | avg100  204.44 | grasp100  96.0% | best 0.960 |     38 st/s
    done(50): success=50
Ep  8450 | score  206.88 | avg100  206.38 | grasp100  97.0% | best 0.960 |     38 st/s
    done(50): success=47 t_flicker=3
Ep  8500 | score  208.26 | avg100  200.35 | grasp100  93.0% | best 0.960 |     38 st/s
    done(50): success=46 t_flicker=4
Ep  8550 | score  208.45 | avg100  204.10 | grasp100  96.0% | best 0.960 |     37 st/s
    done(50): success=50
Ep  8600 | score  207.11 | avg100  206.89 | grasp100  98.0% | best 0.960 |     37 st/s
    done(50): success=48 t_flicker=2
Ep  8650 | score  210.62 | avg100  206.34 | grasp100  97.0% | best 0.960 |     37 st/s
    done(50): success=49 t_flicker=1
Ep  8665 | * BEST  level200=2.00 grasp200= 97.5% metric=0.975 | score  207.30
Ep  8700 | score  210.76 | avg100  207.47 | grasp100  98.0% | best 0.975 |     37 st/s
    done(50): success=49 t_flicker=1
Ep  8750 | score  205.99 | avg100  202.15 | grasp100  96.0% | best 0.975 |     37 st/s
    done(50): success=47 t_flicker=2 t_touched=1
Ep  8800 | score  210.39 | avg100  201.34 | grasp100  96.0% | best 0.975 |     37 st/s
    done(50): success=49 t_flicker=1
Ep  8850 | score  208.99 | avg100  204.36 | grasp100  97.0% | best 0.975 |     37 st/s
    done(50): success=48 t_flicker=1 t_touched=1
Ep  8900 | score  209.73 | avg100  207.26 | grasp100  98.0% | best 0.975 |     37 st/s
    done(50): success=50
Ep  8950 | score  210.51 | avg100  204.83 | grasp100  96.0% | best 0.975 |     37 st/s
    done(50): success=46 t_flicker=4
Ep  9000 | score  209.61 | avg100  204.07 | grasp100  95.0% | best 0.975 |     37 st/s
    done(50): success=49 t_flicker=1
Ep  9050 | score  210.89 | avg100  202.97 | grasp100  94.0% | best 0.975 |     37 st/s
    done(50): success=45 t_flicker=5
Ep  9100 | score  205.13 | avg100  201.31 | grasp100  93.0% | best 0.975 |     37 st/s
    done(50): success=48 t_flicker=2
Ep  9150 | score  210.96 | avg100  201.89 | grasp100  95.0% | best 0.975 |     37 st/s
    done(50): success=47 t_flicker=1 t_touched=2
Ep  9200 | score  211.52 | avg100  199.28 | grasp100  94.0% | best 0.975 |     37 st/s
    done(50): success=47 t_flicker=3
Ep  9250 | score  209.07 | avg100  197.13 | grasp100  93.0% | best 0.975 |     37 st/s
    done(50): success=46 t_flicker=2 t_touched=1 t_no_reach=1
Ep  9300 | score  207.81 | avg100  198.80 | grasp100  94.0% | best 0.975 |     37 st/s
    done(50): success=48 t_flicker=2
Ep  9350 | score  208.41 | avg100  205.23 | grasp100  97.0% | best 0.975 |     37 st/s
    done(50): success=49 t_flicker=1
  [primacy-bias reset of critic heads @ 150000 updates]
Ep  9400 | score  -70.77 | avg100  196.07 | grasp100  94.0% | best 0.975 |     37 st/s
    done(50): success=45 t_flicker=1 t_touched=2 t_no_reach=2
Ep  9450 | score  208.81 | avg100  125.61 | grasp100  68.0% | best 0.975 |     37 st/s
    done(50): success=23 t_flicker=4 t_touched=3 t_no_reach=20
Ep  9500 | score  209.23 | avg100  120.77 | grasp100  63.0% | best 0.975 |     37 st/s
    done(50): success=40 t_flicker=9 t_touched=1
Ep  9550 | score  199.78 | avg100  182.54 | grasp100  84.0% | best 0.975 |     37 st/s
    done(50): success=44 t_flicker=5 t_touched=1
Ep  9600 | score  208.48 | avg100  195.92 | grasp100  90.0% | best 0.975 |     37 st/s
    done(50): success=46 t_flicker=3 t_touched=1
Ep  9650 | score  210.35 | avg100  199.79 | grasp100  92.0% | best 0.975 |     37 st/s
    done(50): success=46 t_flicker=2 t_touched=2
Ep  9700 | score  207.39 | avg100  197.91 | grasp100  92.0% | best 0.975 |     37 st/s
    done(50): success=46 t_flicker=4
Ep  9750 | score  209.09 | avg100  199.33 | grasp100  93.0% | best 0.975 |     37 st/s
    done(50): success=47 t_flicker=2 t_touched=1
Ep  9800 | score  210.09 | avg100  200.23 | grasp100  94.0% | best 0.975 |     37 st/s
    done(50): success=47 t_flicker=3
Ep  9850 | score  211.03 | avg100  202.19 | grasp100  94.0% | best 0.975 |     37 st/s
    done(50): success=47 t_flicker=2 t_touched=1
Ep  9900 | score  208.93 | avg100  205.76 | grasp100  96.0% | best 0.975 |     37 st/s
    done(50): success=49 t_flicker=1
Ep  9950 | score  208.75 | avg100  204.18 | grasp100  96.0% | best 0.975 |     37 st/s
    done(50): success=47 t_flicker=3
Ep 10000 | score  208.87 | avg100  201.99 | grasp100  95.0% | best 0.975 |     37 st/s
    done(50): success=48 t_flicker=2
Ep 10050 | score  210.74 | avg100  201.67 | grasp100  95.0% | best 0.975 |     37 st/s
    done(50): success=47 t_flicker=3
Ep 10100 | score  207.86 | avg100  201.73 | grasp100  95.0% | best 0.975 |     37 st/s
    done(50): success=48 t_flicker=1 t_touched=1
Ep 10150 | score  201.65 | avg100  204.91 | grasp100  97.0% | best 0.975 |     37 st/s
    done(50): success=49 t_flicker=1
Ep 10200 | score  212.12 | avg100  202.93 | grasp100  95.0% | best 0.975 |     37 st/s
    done(50): success=46 t_flicker=3 t_touched=1
Ep 10250 | score  209.03 | avg100  201.61 | grasp100  94.0% | best 0.975 |     37 st/s
    done(50): success=48 t_flicker=2
Ep 10300 | score  210.84 | avg100  201.07 | grasp100  94.0% | best 0.975 |     37 st/s
    done(50): success=46 t_flicker=4
Ep 10350 | score  210.30 | avg100  198.00 | grasp100  93.0% | best 0.975 |     37 st/s
    done(50): success=47 t_flicker=2 t_touched=1
Ep 10400 | score  211.87 | avg100  196.03 | grasp100  92.0% | best 0.975 |     37 st/s
    done(50): success=45 t_flicker=4 t_touched=1
Ep 10450 | score  208.51 | avg100  198.07 | grasp100  92.0% | best 0.975 |     37 st/s
    done(50): success=47 t_flicker=3
Ep 10500 | score  206.95 | avg100  202.63 | grasp100  95.0% | best 0.975 |     37 st/s
    done(50): success=48 t_flicker=1 t_touched=1
Ep 10550 | score  207.80 | avg100  203.41 | grasp100  96.0% | best 0.975 |     37 st/s
    done(50): success=48 t_flicker=2
Ep 10600 | score  201.91 | avg100  204.96 | grasp100  97.0% | best 0.975 |     37 st/s
    done(50): success=49 t_flicker=1
Ep 10650 | score  209.80 | avg100  203.14 | grasp100  96.0% | best 0.975 |     37 st/s
    done(50): success=47 t_flicker=3
Ep 10700 | score  202.99 | avg100  201.41 | grasp100  95.0% | best 0.975 |     37 st/s
    done(50): success=48 t_flicker=2
Ep 10750 | score  209.87 | avg100  203.45 | grasp100  97.0% | best 0.975 |     37 st/s
    done(50): success=49 t_touched=1
Ep 10800 | score  214.70 | avg100  203.25 | grasp100  97.0% | best 0.975 |     37 st/s
    done(50): success=48 t_flicker=1 t_touched=1
Ep 10850 | score  209.68 | avg100  204.01 | grasp100  96.0% | best 0.975 |     37 st/s
    done(50): success=48 t_flicker=2
Ep 10900 | score  210.01 | avg100  202.54 | grasp100  95.0% | best 0.975 |     37 st/s
    done(50): success=47 t_flicker=2 t_touched=1
Ep 10950 | score  210.62 | avg100  199.16 | grasp100  94.0% | best 0.975 |     37 st/s
    done(50): success=47 t_flicker=3
Ep 11000 | score  207.49 | avg100  200.14 | grasp100  94.0% | best 0.975 |     37 st/s
    done(50): success=47 t_flicker=3
Ep 11050 | score  210.26 | avg100  204.90 | grasp100  96.0% | best 0.975 |     37 st/s
    done(50): success=49 t_flicker=1
Ep 11100 | score  214.06 | avg100  206.59 | grasp100  98.0% | best 0.975 |     37 st/s
    done(50): success=49 t_touched=1
Ep 11150 | score  212.09 | avg100  203.20 | grasp100  96.0% | best 0.975 |     37 st/s
    done(50): success=47 t_flicker=3
Ep 11200 | score  208.97 | avg100  201.18 | grasp100  95.0% | best 0.975 |     37 st/s
    done(50): success=48 t_flicker=1 t_touched=1
  [primacy-bias reset of critic heads @ 175000 updates]
Ep 11250 | score  -79.71 | avg100  117.70 | grasp100  66.0% | best 0.975 |     37 st/s
    done(50): success=18 t_flicker=2 t_touched=3 t_no_reach=27
Ep 11300 | score  212.50 | avg100   61.50 | grasp100  39.0% | best 0.975 |     37 st/s
    done(50): success=21 t_flicker=15 t_touched=8 t_no_reach=6
Ep 11350 | score  208.18 | avg100  138.65 | grasp100  64.0% | best 0.975 |     37 st/s
    done(50): success=43 t_flicker=6 t_touched=1
Ep 11400 | score  210.30 | avg100  184.35 | grasp100  84.0% | best 0.975 |     37 st/s
    done(50): success=41 t_flicker=8 t_touched=1
Ep 11450 | score  211.06 | avg100  192.05 | grasp100  89.0% | best 0.975 |     37 st/s
    done(50): success=48 t_flicker=2
Ep 11500 | score  208.21 | avg100  199.96 | grasp100  94.0% | best 0.975 |     37 st/s
    done(50): success=46 t_flicker=4
Ep 11550 | score  207.21 | avg100  199.49 | grasp100  94.0% | best 0.975 |     37 st/s
    done(50): success=48 t_flicker=1 t_touched=1
Ep 11600 | score  208.00 | avg100  204.34 | grasp100  96.0% | best 0.975 |     37 st/s
    done(50): success=48 t_flicker=2
Ep 11650 | score   98.60 | avg100  200.70 | grasp100  93.0% | best 0.975 |     37 st/s
    done(50): success=45 t_flicker=4 t_touched=1
Ep 11700 | score  207.04 | avg100  200.11 | grasp100  93.0% | best 0.975 |     37 st/s
    done(50): success=48 t_flicker=2
Ep 11750 | score  209.14 | avg100  204.36 | grasp100  96.0% | best 0.975 |     37 st/s
    done(50): success=48 t_flicker=2
Ep 11800 | score  206.61 | avg100  202.37 | grasp100  94.0% | best 0.975 |     37 st/s
    done(50): success=46 t_flicker=4
Ep 11850 | score  210.63 | avg100  200.34 | grasp100  93.0% | best 0.975 |     37 st/s
    done(50): success=47 t_flicker=3
Ep 11900 | score  208.20 | avg100  204.82 | grasp100  97.0% | best 0.975 |     37 st/s
    done(50): success=50
Ep 11950 | score  207.08 | avg100  208.01 | grasp100  99.0% | best 0.975 |     37 st/s
    done(50): success=49 t_flicker=1
Ep 12000 | score  211.82 | avg100  207.82 | grasp100  98.0% | best 0.975 |     37 st/s
    done(50): success=49 t_flicker=1
Ep 12050 | score  208.13 | avg100  205.35 | grasp100  97.0% | best 0.975 |     37 st/s
    done(50): success=48 t_flicker=2
Ep 12100 | score  209.30 | avg100  205.43 | grasp100  98.0% | best 0.975 |     37 st/s
    done(50): success=50
Ep 12150 | score  211.86 | avg100  207.61 | grasp100  99.0% | best 0.975 |     37 st/s
    done(50): success=49 t_flicker=1
Ep 12200 | score  209.20 | avg100  201.84 | grasp100  96.0% | best 0.975 |     37 st/s
    done(50): success=47 t_flicker=3
Ep 12250 | score  210.93 | avg100  200.71 | grasp100  95.0% | best 0.975 |     36 st/s
    done(50): success=48 t_flicker=2
Ep 12300 | score  209.95 | avg100  205.33 | grasp100  97.0% | best 0.975 |     36 st/s
    done(50): success=49 t_flicker=1
Ep 12350 | score  209.03 | avg100  207.82 | grasp100  99.0% | best 0.975 |     36 st/s
    done(50): success=50
Ep 12400 | score  208.38 | avg100  208.08 | grasp100  99.0% | best 0.975 |     36 st/s
    done(50): success=49 t_flicker=1
Ep 12450 | score  209.70 | avg100  205.42 | grasp100  97.0% | best 0.975 |     36 st/s
    done(50): success=48 t_flicker=2
Ep 12500 | score  209.79 | avg100  204.79 | grasp100  97.0% | best 0.975 |     36 st/s
    done(50): success=49 t_flicker=1
Ep 12550 | score  207.40 | avg100  201.89 | grasp100  96.0% | best 0.975 |     36 st/s
    done(50): success=47 t_flicker=2 t_touched=1
Ep 12600 | score  209.97 | avg100  201.40 | grasp100  95.0% | best 0.975 |     36 st/s
    done(50): success=48 t_flicker=2
Ep 12650 | score  207.10 | avg100  199.74 | grasp100  94.0% | best 0.975 |     36 st/s
    done(50): success=46 t_flicker=3 t_touched=1
Ep 12700 | score  206.25 | avg100  199.68 | grasp100  95.0% | best 0.975 |     36 st/s
    done(50): success=49 t_flicker=1
Ep 12750 | score  211.62 | avg100  199.25 | grasp100  94.0% | best 0.975 |     36 st/s
    done(50): success=45 t_flicker=5
Ep 12800 | score  202.15 | avg100  200.10 | grasp100  94.0% | best 0.975 |     36 st/s
    done(50): success=49 t_flicker=1
Ep 12850 | score  211.20 | avg100  196.52 | grasp100  91.0% | best 0.975 |     36 st/s
    done(50): success=42 t_flicker=8
Ep 12900 | score  208.41 | avg100  192.26 | grasp100  89.0% | best 0.975 |     36 st/s
    done(50): success=47 t_flicker=2 t_touched=1
Ep 12950 | score  211.51 | avg100  194.13 | grasp100  91.0% | best 0.975 |     36 st/s
    done(50): success=44 t_flicker=4 t_touched=2
Ep 13000 | score  106.58 | avg100  192.45 | grasp100  89.0% | best 0.975 |     36 st/s
    done(50): success=45 t_flicker=4 t_touched=1
  [primacy-bias reset of critic heads @ 200000 updates]
Ep 13050 | score  208.33 | avg100  102.52 | grasp100  59.0% | best 0.975 |     36 st/s
    done(50): success=14 t_flicker=5 t_touched=2 t_no_reach=29
Ep 13100 | score  -57.98 | avg100   49.98 | grasp100  36.0% | best 0.975 |     36 st/s
    done(50): success=22 t_flicker=13 t_touched=12 t_no_reach=3
Ep 13150 | score  207.46 | avg100  131.76 | grasp100  62.0% | best 0.975 |     36 st/s
    done(50): success=40 t_flicker=7 t_touched=3
Ep 13200 | score  209.08 | avg100  184.04 | grasp100  85.0% | best 0.975 |     36 st/s
    done(50): success=45 t_flicker=4 t_touched=1
Ep 13250 | score   96.19 | avg100  198.74 | grasp100  91.0% | best 0.975 |     36 st/s
    done(50): success=46 t_flicker=4
Ep 13300 | score  207.72 | avg100  203.72 | grasp100  94.0% | best 0.975 |     36 st/s
    done(50): success=48 t_flicker=1 t_touched=1
Ep 13350 | score  208.15 | avg100  196.76 | grasp100  91.0% | best 0.975 |     36 st/s
    done(50): success=43 t_flicker=7
Ep 13400 | score  210.27 | avg100  199.76 | grasp100  92.0% | best 0.975 |     36 st/s
    done(50): success=49 t_touched=1
Ep 13450 | score  210.77 | avg100  207.38 | grasp100  97.0% | best 0.975 |     36 st/s
    done(50): success=48 t_flicker=2
Ep 13500 | score  209.92 | avg100  205.46 | grasp100  97.0% | best 0.975 |     36 st/s
    done(50): success=49 t_flicker=1
Ep 13550 | score  213.16 | avg100  202.82 | grasp100  95.0% | best 0.975 |     36 st/s
    done(50): success=46 t_flicker=4
Ep 13600 | score  208.03 | avg100  204.55 | grasp100  96.0% | best 0.975 |     36 st/s
    done(50): success=50
Ep 13650 | score  210.30 | avg100  206.67 | grasp100  97.0% | best 0.975 |     36 st/s
    done(50): success=47 t_flicker=3
Ep 13700 | score  208.00 | avg100  200.10 | grasp100  92.0% | best 0.975 |     36 st/s
    done(50): success=45 t_flicker=5
Ep 13750 | score  205.17 | avg100  200.11 | grasp100  93.0% | best 0.975 |     36 st/s
    done(50): success=48 t_flicker=2
Ep 13800 | score  206.64 | avg100  205.98 | grasp100  98.0% | best 0.975 |     36 st/s
    done(50): success=50
Ep 13850 | score   94.66 | avg100  206.56 | grasp100  98.0% | best 0.975 |     36 st/s
    done(50): success=48 t_flicker=2
Ep 13900 | score  209.26 | avg100  201.52 | grasp100  94.0% | best 0.975 |     36 st/s
    done(50): success=46 t_flicker=4
Ep 13950 | score  207.22 | avg100  199.25 | grasp100  93.0% | best 0.975 |     36 st/s
    done(50): success=47 t_flicker=3
Ep 14000 | score  207.93 | avg100  203.42 | grasp100  96.0% | best 0.975 |     36 st/s
    done(50): success=49 t_flicker=1
Ep 14050 | score  213.70 | avg100  204.16 | grasp100  97.0% | best 0.975 |     36 st/s
    done(50): success=48 t_flicker=2
Ep 14100 | score  206.93 | avg100  205.52 | grasp100  98.0% | best 0.975 |     36 st/s
    done(50): success=50
Ep 14150 | score  249.47 | avg100  208.15 | grasp100  99.0% | best 0.975 |     36 st/s
    done(50): success=49 t_flicker=1
Ep 14200 | score  210.35 | avg100  206.31 | grasp100  98.0% | best 0.975 |     36 st/s
    done(50): success=49 t_flicker=1
Ep 14250 | score  205.45 | avg100  206.18 | grasp100  98.0% | best 0.975 |     36 st/s
    done(50): success=49 t_flicker=1
Ep 14300 | score  205.63 | avg100  205.37 | grasp100  97.0% | best 0.975 |     36 st/s
    done(50): success=48 t_flicker=2
Ep 14350 | score  208.42 | avg100  203.34 | grasp100  96.0% | best 0.975 |     36 st/s
    done(50): success=48 t_flicker=2
Ep 14400 | score  208.45 | avg100  201.63 | grasp100  95.0% | best 0.975 |     36 st/s
    done(50): success=47 t_flicker=3
Ep 14450 | score  207.60 | avg100  201.20 | grasp100  95.0% | best 0.975 |     36 st/s
    done(50): success=48 t_flicker=1 t_touched=1
Ep 14500 | score  208.68 | avg100  200.63 | grasp100  93.0% | best 0.975 |     36 st/s
    done(50): success=45 t_flicker=5
Ep 14550 | score  207.90 | avg100  204.67 | grasp100  95.0% | best 0.975 |     36 st/s
    done(50): success=50
Ep 14600 | score  208.20 | avg100  207.26 | grasp100  98.0% | best 0.975 |     36 st/s
    done(50): success=48 t_flicker=2
Ep 14650 | score  207.49 | avg100  202.91 | grasp100  95.0% | best 0.975 |     36 st/s
    done(50): success=47 t_flicker=3
Ep 14700 | score  231.68 | avg100  202.10 | grasp100  95.0% | best 0.975 |     36 st/s
    done(50): success=48 t_flicker=2
Ep 14750 | score  208.79 | avg100  204.42 | grasp100  97.0% | best 0.975 |     36 st/s
    done(50): success=49 t_flicker=1
Ep 14800 | score  208.39 | avg100  205.26 | grasp100  97.0% | best 0.975 |     36 st/s
    done(50): success=48 t_flicker=1 t_touched=1
Ep 14850 | score  210.05 | avg100  205.57 | grasp100  96.0% | best 0.975 |     36 st/s
    done(50): success=48 t_flicker=2
  [primacy-bias reset of critic heads @ 225000 updates]
Ep 14900 | score  -79.96 | avg100  159.54 | grasp100  81.0% | best 0.975 |     36 st/s
    done(50): success=33 t_flicker=1 t_touched=2 t_no_reach=14
Ep 14950 | score   58.66 | avg100   52.28 | grasp100  43.0% | best 0.975 |     36 st/s
    done(50): success=10 t_flicker=4 t_touched=2 t_no_reach=34
Ep 15000 | score  207.20 | avg100   95.49 | grasp100  57.0% | best 0.975 |     36 st/s
    done(50): success=47 t_flicker=1 t_touched=1 t_no_reach=1
Ep 15050 | score  211.35 | avg100  200.02 | grasp100  95.0% | best 0.975 |     36 st/s
    done(50): success=48 t_flicker=2
Ep 15100 | score  219.94 | avg100  194.90 | grasp100  91.0% | best 0.975 |     36 st/s
    done(50): success=43 t_flicker=6 t_touched=1
Ep 15150 | score  211.72 | avg100  200.10 | grasp100  93.0% | best 0.975 |     36 st/s
    done(50): success=50
Ep 15200 | score  209.81 | avg100  206.48 | grasp100  98.0% | best 0.975 |     36 st/s
    done(50): success=48 t_flicker=2
Ep 15250 | score  208.71 | avg100  202.65 | grasp100  96.0% | best 0.975 |     36 st/s
    done(50): success=48 t_flicker=2
Ep 15300 | score  209.24 | avg100  206.28 | grasp100  98.0% | best 0.975 |     36 st/s
    done(50): success=50
Ep 15350 | score  206.95 | avg100  207.31 | grasp100  99.0% | best 0.975 |     36 st/s
    done(50): success=49 t_flicker=1
Ep 15400 | score  208.65 | avg100  205.27 | grasp100  97.0% | best 0.975 |     36 st/s
    done(50): success=48 t_flicker=2
Ep 15450 | score  211.09 | avg100  208.14 | grasp100  98.0% | best 0.975 |     36 st/s
    done(50): success=50
Ep 15500 | score  205.99 | avg100  209.81 | grasp100  99.0% | best 0.975 |     36 st/s
    done(50): success=49 t_flicker=1
Ep 15550 | score  228.53 | avg100  204.68 | grasp100  96.0% | best 0.975 |     36 st/s
    done(50): success=47 t_flicker=3
Ep 15600 | score  219.28 | avg100  204.14 | grasp100  96.0% | best 0.975 |     36 st/s
    done(50): success=49 t_flicker=1
Ep 15650 | score  211.63 | avg100  208.43 | grasp100  99.0% | best 0.975 |     36 st/s
    done(50): success=50
Ep 15700 | score  207.87 | avg100  208.41 | grasp100  99.0% | best 0.975 |     36 st/s
    done(50): success=49 t_flicker=1
Ep 15750 | score  207.96 | avg100  205.95 | grasp100  98.0% | best 0.975 |     36 st/s
    done(50): success=49 t_flicker=1
Ep 15800 | score  207.85 | avg100  205.29 | grasp100  97.0% | best 0.975 |     36 st/s
    done(50): success=48 t_flicker=2
Ep 15850 | score  207.99 | avg100  208.49 | grasp100  98.0% | best 0.975 |     36 st/s
    done(50): success=50
Ep 15900 | score  212.79 | avg100  208.00 | grasp100  99.0% | best 0.975 |     36 st/s
    done(50): success=49 t_flicker=1
Ep 15950 | score   97.99 | avg100  203.16 | grasp100  96.0% | best 0.975 |     36 st/s
    done(50): success=47 t_flicker=3
Ep 16000 | score  206.94 | avg100  203.36 | grasp100  95.0% | best 0.975 |     36 st/s
    done(50): success=48 t_flicker=2
Ep 16050 | score  209.59 | avg100  200.01 | grasp100  93.0% | best 0.975 |     36 st/s
    done(50): success=45 t_flicker=4 t_touched=1
Ep 16100 | score  207.99 | avg100  202.84 | grasp100  95.0% | best 0.975 |     36 st/s
    done(50): success=50
Ep 16150 | score  208.94 | avg100  207.09 | grasp100  97.0% | best 0.975 |     36 st/s
    done(50): success=47 t_flicker=3
Ep 16200 | score  207.80 | avg100  200.10 | grasp100  93.0% | best 0.975 |     36 st/s
    done(50): success=46 t_flicker=3 t_touched=1
Ep 16250 | score  207.04 | avg100  196.86 | grasp100  91.0% | best 0.975 |     36 st/s
    done(50): success=45 t_flicker=5
Ep 16300 | score  208.44 | avg100  197.59 | grasp100  91.0% | best 0.975 |     36 st/s
    done(50): success=46 t_flicker=4
Ep 16350 | score  211.08 | avg100  196.30 | grasp100  91.0% | best 0.975 |     36 st/s
    done(50): success=45 t_flicker=4 t_touched=1
Ep 16400 | score  210.23 | avg100  194.58 | grasp100  90.0% | best 0.975 |     36 st/s
    done(50): success=45 t_flicker=4 t_touched=1
Ep 16450 | score  141.32 | avg100  195.50 | grasp100  90.0% | best 0.975 |     36 st/s
    done(50): success=45 t_flicker=4 t_touched=1
Ep 16500 | score  209.02 | avg100  201.58 | grasp100  94.0% | best 0.975 |     36 st/s
    done(50): success=49 t_flicker=1
Ep 16550 | score  208.80 | avg100  207.80 | grasp100  99.0% | best 0.975 |     36 st/s
    done(50): success=50
Ep 16600 | score  211.99 | avg100  204.01 | grasp100  96.0% | best 0.975 |     35 st/s
    done(50): success=46 t_flicker=4
Ep 16650 | score  210.40 | avg100  200.44 | grasp100  93.0% | best 0.975 |     35 st/s
    done(50): success=47 t_flicker=3
Ep 16700 | score  216.79 | avg100  204.06 | grasp100  96.0% | best 0.975 |     35 st/s
    done(50): success=49 t_flicker=1
Ep 16750 | score   68.18 | avg100  202.54 | grasp100  95.0% | best 0.975 |     35 st/s
    done(50): success=46 t_flicker=4
  [primacy-bias reset of critic heads @ 250000 updates]
Ep 16800 | score  -75.38 | avg100  161.14 | grasp100  79.0% | best 0.975 |     36 st/s
    done(50): success=33 t_flicker=4 t_touched=1 t_no_reach=12
Ep 16850 | score  209.49 | avg100   84.86 | grasp100  51.0% | best 0.975 |     36 st/s
    done(50): success=18 t_flicker=10 t_touched=2 t_no_reach=20
Ep 16900 | score  209.92 | avg100  107.36 | grasp100  57.0% | best 0.975 |     36 st/s
    done(50): success=39 t_flicker=4 t_touched=3 t_no_reach=4
Ep 16950 | score  207.28 | avg100  177.99 | grasp100  83.0% | best 0.975 |     36 st/s
    done(50): success=44 t_flicker=4 t_touched=2
Ep 17000 | score  207.85 | avg100  191.83 | grasp100  91.0% | best 0.975 |     36 st/s
    done(50): success=47 t_flicker=2 t_touched=1
Ep 17050 | score  207.03 | avg100  200.51 | grasp100  94.0% | best 0.975 |     36 st/s
    done(50): success=47 t_flicker=2 t_touched=1
Ep 17100 | score  211.67 | avg100  201.63 | grasp100  93.0% | best 0.975 |     36 st/s
    done(50): success=46 t_flicker=3 t_no_reach=1
Ep 17150 | score   88.33 | avg100  198.45 | grasp100  92.0% | best 0.975 |     36 st/s
    done(50): success=46 t_flicker=4
Ep 17200 | score  208.65 | avg100  202.06 | grasp100  94.0% | best 0.975 |     36 st/s
    done(50): success=48 t_flicker=2
Ep 17250 | score  208.61 | avg100  203.53 | grasp100  95.0% | best 0.975 |     36 st/s
    done(50): success=47 t_flicker=2 t_touched=1
Ep 17300 | score  208.28 | avg100  205.44 | grasp100  97.0% | best 0.975 |     36 st/s
    done(50): success=50
Ep 17350 | score  208.46 | avg100  208.38 | grasp100  99.0% | best 0.975 |     36 st/s
    done(50): success=49 t_flicker=1
Ep 17400 | score  210.50 | avg100  208.23 | grasp100  99.0% | best 0.975 |     36 st/s
    done(50): success=50
Ep 17414 | * BEST  level200=2.00 grasp200= 99.0% metric=0.990 | score  208.72
Ep 17450 | score  210.93 | avg100  206.00 | grasp100  97.0% | best 0.990 |     36 st/s
    done(50): success=47 t_flicker=3
Ep 17500 | score  207.48 | avg100  205.99 | grasp100  97.0% | best 0.990 |     36 st/s
    done(50): success=50
Ep 17550 | score  207.50 | avg100  209.14 | grasp100 100.0% | best 0.990 |     35 st/s
    done(50): success=50
Ep 17600 | score  206.78 | avg100  207.92 | grasp100  99.0% | best 0.990 |     35 st/s
    done(50): success=49 t_flicker=1
Ep 17650 | score  211.94 | avg100  208.61 | grasp100  99.0% | best 0.990 |     35 st/s
    done(50): success=50
Ep 17700 | score  207.66 | avg100  206.92 | grasp100  98.0% | best 0.990 |     35 st/s
    done(50): success=48 t_flicker=1 t_touched=1
Ep 17750 | score  208.21 | avg100  206.45 | grasp100  98.0% | best 0.990 |     35 st/s
    done(50): success=50
Ep 17800 | score   94.52 | avg100  202.47 | grasp100  94.0% | best 0.990 |     35 st/s
    done(50): success=44 t_flicker=6
Ep 17850 | score   56.55 | avg100  199.41 | grasp100  92.0% | best 0.990 |     35 st/s
    done(50): success=48 t_flicker=2
Ep 17900 | score  204.50 | avg100  205.28 | grasp100  97.0% | best 0.990 |     35 st/s
    done(50): success=49 t_flicker=1
Ep 17950 | score  210.37 | avg100  207.14 | grasp100  98.0% | best 0.990 |     35 st/s
    done(50): success=49 t_flicker=1
Ep 18000 | score  198.69 | avg100  203.54 | grasp100  96.0% | best 0.990 |     35 st/s
    done(50): success=47 t_flicker=3
Ep 18050 | score  230.02 | avg100  199.66 | grasp100  93.0% | best 0.990 |     35 st/s
    done(50): success=46 t_flicker=4
Ep 18100 | score  206.53 | avg100  202.56 | grasp100  95.0% | best 0.990 |     35 st/s
    done(50): success=49 t_flicker=1
Ep 18150 | score  207.28 | avg100  205.09 | grasp100  97.0% | best 0.990 |     35 st/s
    done(50): success=48 t_flicker=2
Ep 18200 | score  205.91 | avg100  202.77 | grasp100  96.0% | best 0.990 |     35 st/s
    done(50): success=48 t_flicker=2
Ep 18250 | score  246.84 | avg100  203.22 | grasp100  96.0% | best 0.990 |     35 st/s
    done(50): success=48 t_flicker=2
Ep 18300 | score  210.39 | avg100  207.11 | grasp100  98.0% | best 0.990 |     35 st/s
    done(50): success=50
Ep 18350 | score  208.61 | avg100  207.57 | grasp100  99.0% | best 0.990 |     35 st/s
    done(50): success=49 t_flicker=1
Ep 18400 | score  245.07 | avg100  205.98 | grasp100  98.0% | best 0.990 |     35 st/s
    done(50): success=49 t_flicker=1
Ep 18450 | score  206.67 | avg100  205.97 | grasp100  98.0% | best 0.990 |     35 st/s
    done(50): success=49 t_flicker=1
Ep 18500 | score  207.89 | avg100  204.68 | grasp100  97.0% | best 0.990 |     35 st/s
    done(50): success=48 t_flicker=2
Ep 18550 | score  211.33 | avg100  206.09 | grasp100  98.0% | best 0.990 |     35 st/s
    done(50): success=50
Ep 18600 | score  209.02 | avg100  203.98 | grasp100  96.0% | best 0.990 |     35 st/s
    done(50): success=46 t_flicker=4
Ep 18650 | score  206.65 | avg100  198.99 | grasp100  93.0% | best 0.990 |     35 st/s
    done(50): success=47 t_flicker=2 t_touched=1
  [primacy-bias reset of critic heads @ 275000 updates]
Ep 18700 | score  -77.84 | avg100  114.39 | grasp100  65.0% | best 0.990 |     35 st/s
    done(50): success=18 t_flicker=3 t_touched=2 t_no_reach=27
Ep 18750 | score  208.72 | avg100   73.37 | grasp100  46.0% | best 0.990 |     35 st/s
    done(50): success=28 t_flicker=11 t_touched=6 t_no_reach=5
Ep 18800 | score  208.33 | avg100  152.79 | grasp100  72.0% | best 0.990 |     35 st/s
    done(50): success=44 t_flicker=5 t_touched=1
Ep 18850 | score   87.16 | avg100  180.57 | grasp100  84.0% | best 0.990 |     35 st/s
    done(50): success=40 t_flicker=6 t_touched=2 t_no_reach=2
Ep 18900 | score  212.02 | avg100  187.62 | grasp100  87.0% | best 0.990 |     35 st/s
    done(50): success=47 t_flicker=3
Ep 18950 | score  209.98 | avg100  199.70 | grasp100  92.0% | best 0.990 |     35 st/s
    done(50): success=45 t_flicker=4 t_touched=1
Ep 19000 | score  210.68 | avg100  197.23 | grasp100  92.0% | best 0.990 |     35 st/s
    done(50): success=47 t_flicker=2 t_touched=1
Ep 19050 | score   96.76 | avg100  201.97 | grasp100  95.0% | best 0.990 |     35 st/s
    done(50): success=48 t_flicker=2
Ep 19100 | score  207.37 | avg100  207.58 | grasp100  98.0% | best 0.990 |     35 st/s
    done(50): success=50
Ep 19150 | score  206.35 | avg100  207.39 | grasp100  98.0% | best 0.990 |     35 st/s
    done(50): success=48 t_flicker=1 t_touched=1
Ep 19200 | score  205.32 | avg100  206.12 | grasp100  97.0% | best 0.990 |     35 st/s
    done(50): success=49 t_flicker=1
Ep 19250 | score  207.30 | avg100  207.69 | grasp100  99.0% | best 0.990 |     35 st/s
    done(50): success=50
Ep 19300 | score  209.32 | avg100  208.93 | grasp100  99.0% | best 0.990 |     35 st/s
    done(50): success=49 t_flicker=1
Ep 19350 | score  211.31 | avg100  208.70 | grasp100  98.0% | best 0.990 |     35 st/s
    done(50): success=49 t_flicker=1
Ep 19400 | score  208.90 | avg100  209.09 | grasp100  99.0% | best 0.990 |     35 st/s
    done(50): success=50
Ep 19450 | score  210.66 | avg100  207.77 | grasp100  98.0% | best 0.990 |     35 st/s
    done(50): success=48 t_flicker=2
Ep 19500 | score  210.60 | avg100  206.43 | grasp100  97.0% | best 0.990 |     35 st/s
    done(50): success=49 t_flicker=1
Ep 19550 | score  211.85 | avg100  207.15 | grasp100  98.0% | best 0.990 |     35 st/s
    done(50): success=49 t_flicker=1
Ep 19600 | score  206.95 | avg100  208.14 | grasp100  99.0% | best 0.990 |     35 st/s
    done(50): success=50
Ep 19650 | score  206.81 | avg100  207.25 | grasp100  98.0% | best 0.990 |     35 st/s
    done(50): success=48 t_flicker=2
Ep 19700 | score  209.96 | avg100  207.18 | grasp100  98.0% | best 0.990 |     35 st/s
    done(50): success=50
Ep 19750 | score  207.11 | avg100  209.47 | grasp100 100.0% | best 0.990 |     35 st/s
    done(50): success=50
Ep 19800 | score  203.23 | avg100  208.33 | grasp100  99.0% | best 0.990 |     35 st/s
    done(50): success=49 t_flicker=1
Ep 19850 | score  211.12 | avg100  208.30 | grasp100  99.0% | best 0.990 |     35 st/s
    done(50): success=50
Ep 19900 | score  212.22 | avg100  207.33 | grasp100  98.0% | best 0.990 |     35 st/s
    done(50): success=48 t_flicker=2
Ep 19950 | score  209.13 | avg100  201.21 | grasp100  95.0% | best 0.990 |     35 st/s
    done(50): success=47 t_flicker=1 t_touched=2
Ep 20000 | score  236.74 | avg100  200.70 | grasp100  95.0% | best 0.990 |     35 st/s
    done(50): success=48 t_flicker=2
Ep 20050 | score  207.63 | avg100  202.49 | grasp100  95.0% | best 0.990 |     35 st/s
    done(50): success=47 t_flicker=3
Ep 20100 | score  206.71 | avg100  204.41 | grasp100  96.0% | best 0.990 |     35 st/s
    done(50): success=49 t_flicker=1
Ep 20150 | score  206.27 | avg100  206.51 | grasp100  98.0% | best 0.990 |     35 st/s
    done(50): success=49 t_flicker=1
Ep 20200 | score  207.87 | avg100  202.11 | grasp100  96.0% | best 0.990 |     35 st/s
    done(50): success=47 t_flicker=2 t_touched=1
Ep 20250 | score  211.10 | avg100  202.74 | grasp100  96.0% | best 0.990 |     35 st/s
    done(50): success=49 t_flicker=1
Ep 20300 | score  206.41 | avg100  208.12 | grasp100  99.0% | best 0.990 |     35 st/s
    done(50): success=50
Ep 20350 | score  209.01 | avg100  208.37 | grasp100  99.0% | best 0.990 |     35 st/s
    done(50): success=49 t_flicker=1
Ep 20400 | score  207.55 | avg100  208.03 | grasp100  99.0% | best 0.990 |     35 st/s
    done(50): success=50
Ep 20450 | score  208.47 | avg100  199.60 | grasp100  94.0% | best 0.990 |     35 st/s
    done(50): success=44 t_flicker=5 t_touched=1
Ep 20500 | score  211.28 | avg100  198.93 | grasp100  93.0% | best 0.990 |     35 st/s
    done(50): success=49 t_flicker=1
Ep 20550 | score  209.11 | avg100  207.01 | grasp100  99.0% | best 0.990 |     35 st/s
    done(50): success=50
  [primacy-bias reset of critic heads @ 300000 updates]
Ep 20600 | score  206.95 | avg100  127.27 | grasp100  70.0% | best 0.990 |     35 st/s
    done(50): success=20 t_flicker=2 t_touched=11 t_no_reach=17
Ep 20650 | score  208.43 | avg100   79.30 | grasp100  48.0% | best 0.990 |     35 st/s
    done(50): success=28 t_flicker=10 t_touched=3 t_no_reach=9
Ep 20700 | score   98.41 | avg100  153.22 | grasp100  74.0% | best 0.990 |     35 st/s
    done(50): success=46 t_flicker=4
Ep 20750 | score  207.68 | avg100  192.75 | grasp100  90.0% | best 0.990 |     35 st/s
    done(50): success=44 t_flicker=3 t_touched=2 t_no_reach=1
Ep 20800 | score  212.91 | avg100  193.89 | grasp100  90.0% | best 0.990 |     35 st/s
    done(50): success=46 t_flicker=3 t_touched=1
Ep 20850 | score  207.62 | avg100  199.89 | grasp100  93.0% | best 0.990 |     35 st/s
    done(50): success=47 t_flicker=3
Ep 20900 | score  203.21 | avg100  203.64 | grasp100  95.0% | best 0.990 |     35 st/s
    done(50): success=48 t_flicker=2
Ep 20950 | score  210.56 | avg100  207.41 | grasp100  98.0% | best 0.990 |     35 st/s
    done(50): success=50
Ep 21000 | score  209.20 | avg100  208.32 | grasp100  99.0% | best 0.990 |     35 st/s
    done(50): success=49 t_flicker=1
Ep 21050 | score  209.50 | avg100  204.24 | grasp100  96.0% | best 0.990 |     35 st/s
    done(50): success=47 t_flicker=2 t_no_reach=1
Ep 21100 | score  207.20 | avg100  201.01 | grasp100  94.0% | best 0.990 |     35 st/s
    done(50): success=47 t_flicker=3
Ep 21150 | score  208.28 | avg100  205.76 | grasp100  97.0% | best 0.990 |     35 st/s
    done(50): success=50
Ep 21200 | score  209.79 | avg100  208.06 | grasp100  99.0% | best 0.990 |     35 st/s
    done(50): success=49 t_flicker=1
Ep 21250 | score  205.53 | avg100  207.26 | grasp100  99.0% | best 0.990 |     35 st/s
    done(50): success=50
Ep 21300 | score  209.44 | avg100  208.01 | grasp100  99.0% | best 0.990 |     35 st/s
    done(50): success=49 t_flicker=1
Ep 21350 | score  208.87 | avg100  203.21 | grasp100  95.0% | best 0.990 |     35 st/s
    done(50): success=46 t_flicker=4
Ep 21400 | score  212.75 | avg100  202.00 | grasp100  94.0% | best 0.990 |     35 st/s
    done(50): success=48 t_flicker=2
Ep 21450 | score  248.50 | avg100  207.81 | grasp100  98.0% | best 0.990 |     35 st/s
    done(50): success=50
Ep 21500 | score  208.50 | avg100  207.80 | grasp100  98.0% | best 0.990 |     35 st/s
    done(50): success=48 t_touched=2
Ep 21550 | score   68.15 | avg100  204.16 | grasp100  96.0% | best 0.990 |     35 st/s
    done(50): success=48 t_flicker=2
Ep 21600 | score  208.12 | avg100  204.66 | grasp100  96.0% | best 0.990 |     35 st/s
    done(50): success=48 t_flicker=1 t_touched=1
Ep 21650 | score  211.34 | avg100  206.23 | grasp100  97.0% | best 0.990 |     35 st/s
    done(50): success=49 t_flicker=1
Ep 21700 | score  209.56 | avg100  204.84 | grasp100  97.0% | best 0.990 |     35 st/s
    done(50): success=48 t_flicker=1 t_touched=1
Ep 21750 | score  212.25 | avg100  203.53 | grasp100  96.0% | best 0.990 |     35 st/s
    done(50): success=48 t_flicker=2
Ep 21800 | score  212.41 | avg100  205.19 | grasp100  96.0% | best 0.990 |     35 st/s
    done(50): success=48 t_flicker=1 t_touched=1
Ep 21850 | score  210.67 | avg100  207.77 | grasp100  98.0% | best 0.990 |     35 st/s
    done(50): success=50
Ep 21900 | score  206.53 | avg100  210.13 | grasp100 100.0% | best 0.990 |     35 st/s
    done(50): success=50
Ep 21950 | score  213.53 | avg100  209.76 | grasp100 100.0% | best 0.990 |     35 st/s
    done(50): success=50
Ep 22000 | score  205.45 | avg100  205.95 | grasp100  98.0% | best 0.990 |     35 st/s
    done(50): success=48 t_flicker=2
Ep 22050 | score  212.29 | avg100  202.56 | grasp100  95.0% | best 0.990 |     35 st/s
    done(50): success=47 t_flicker=3
Ep 22100 | score  207.51 | avg100  203.80 | grasp100  96.0% | best 0.990 |     35 st/s
    done(50): success=49 t_flicker=1
Ep 22150 | score  207.86 | avg100  205.74 | grasp100  98.0% | best 0.990 |     35 st/s
    done(50): success=49 t_flicker=1
Ep 22200 | score  211.44 | avg100  205.00 | grasp100  97.0% | best 0.990 |     35 st/s
    done(50): success=48 t_flicker=1 t_touched=1
Ep 22250 | score  207.04 | avg100  207.07 | grasp100  98.0% | best 0.990 |     35 st/s
    done(50): success=50
Ep 22300 | score  201.18 | avg100  209.44 | grasp100 100.0% | best 0.990 |     35 st/s
    done(50): success=50
Ep 22350 | score  210.70 | avg100  205.45 | grasp100  98.0% | best 0.990 |     35 st/s
    done(50): success=48 t_flicker=1 t_touched=1
Ep 22400 | score  208.68 | avg100  203.95 | grasp100  96.0% | best 0.990 |     35 st/s
    done(50): success=48 t_flicker=2
Ep 22450 | score  211.81 | avg100  206.20 | grasp100  97.0% | best 0.990 |     35 st/s
    done(50): success=49 t_flicker=1
  [primacy-bias reset of critic heads @ 325000 updates]
Ep 22500 | score  -78.37 | avg100  134.82 | grasp100  73.0% | best 0.990 |     35 st/s
    done(50): success=24 t_flicker=1 t_no_reach=25
Ep 22550 | score  208.38 | avg100   81.65 | grasp100  48.0% | best 0.990 |     35 st/s
    done(50): success=24 t_flicker=12 t_touched=3 t_no_reach=11
Ep 22600 | score  207.85 | avg100  146.36 | grasp100  68.0% | best 0.990 |     35 st/s
    done(50): success=44 t_flicker=6
Ep 22650 | score  207.22 | avg100  194.81 | grasp100  90.0% | best 0.990 |     35 st/s
    done(50): success=46 t_flicker=3 t_touched=1
Ep 22700 | score  210.79 | avg100  194.13 | grasp100  90.0% | best 0.990 |     35 st/s
    done(50): success=44 t_flicker=4 t_touched=2
Ep 22750 | score  208.41 | avg100  193.30 | grasp100  90.0% | best 0.990 |     35 st/s
    done(50): success=46 t_flicker=3 t_no_reach=1
Ep 22800 | score  212.16 | avg100  197.90 | grasp100  92.0% | best 0.990 |     35 st/s
    done(50): success=46 t_flicker=3 t_touched=1
Ep 22850 | score  254.96 | avg100  202.90 | grasp100  93.0% | best 0.990 |     35 st/s
    done(50): success=47 t_flicker=3
Ep 22900 | score  208.84 | avg100  205.49 | grasp100  95.0% | best 0.990 |     35 st/s
    done(50): success=48 t_flicker=2
Ep 22950 | score  210.08 | avg100  204.61 | grasp100  96.0% | best 0.990 |     35 st/s
    done(50): success=48 t_flicker=2
Ep 23000 | score  210.71 | avg100  202.69 | grasp100  96.0% | best 0.990 |     35 st/s
    done(50): success=48 t_flicker=1 t_touched=1
Ep 23050 | score  207.28 | avg100  203.46 | grasp100  97.0% | best 0.990 |     35 st/s
    done(50): success=49 t_flicker=1
Ep 23100 | score  210.36 | avg100  205.71 | grasp100  98.0% | best 0.990 |     35 st/s
    done(50): success=49 t_flicker=1
Ep 23150 | score  211.40 | avg100  207.65 | grasp100  99.0% | best 0.990 |     35 st/s
    done(50): success=50
Ep 23200 | score   75.49 | avg100  208.03 | grasp100  99.0% | best 0.990 |     35 st/s
    done(50): success=49 t_touched=1
Ep 23250 | score  208.31 | avg100  206.28 | grasp100  98.0% | best 0.990 |     35 st/s
    done(50): success=49 t_flicker=1
Ep 23300 | score  211.54 | avg100  205.91 | grasp100  98.0% | best 0.990 |     35 st/s
    done(50): success=49 t_flicker=1
Ep 23350 | score  210.11 | avg100  203.59 | grasp100  95.0% | best 0.990 |     35 st/s
    done(50): success=46 t_flicker=4
Ep 23400 | score  208.43 | avg100  201.77 | grasp100  94.0% | best 0.990 |     35 st/s
    done(50): success=48 t_flicker=2
Ep 23450 | score  210.24 | avg100  204.48 | grasp100  97.0% | best 0.990 |     35 st/s
    done(50): success=49 t_flicker=1
Ep 23500 | score  198.04 | avg100  206.51 | grasp100  98.0% | best 0.990 |     35 st/s
    done(50): success=49 t_flicker=1
Ep 23550 | score  256.10 | avg100  203.74 | grasp100  95.0% | best 0.990 |     35 st/s
    done(50): success=46 t_flicker=4
Ep 23600 | score  209.72 | avg100  204.81 | grasp100  96.0% | best 0.990 |     35 st/s
    done(50): success=50
Ep 23650 | score  205.94 | avg100  204.10 | grasp100  97.0% | best 0.990 |     35 st/s
    done(50): success=47 t_flicker=2 t_touched=1
Ep 23700 | score  209.39 | avg100  203.90 | grasp100  97.0% | best 0.990 |     35 st/s
    done(50): success=50
Ep 23750 | score  208.03 | avg100  207.64 | grasp100  99.0% | best 0.990 |     35 st/s
    done(50): success=49 t_flicker=1
Ep 23800 | score  207.18 | avg100  205.77 | grasp100  97.0% | best 0.990 |     35 st/s
    done(50): success=48 t_flicker=2
Ep 23850 | score  210.40 | avg100  201.97 | grasp100  94.0% | best 0.990 |     35 st/s
    done(50): success=46 t_flicker=4
Ep 23900 | score  207.44 | avg100  203.34 | grasp100  95.0% | best 0.990 |     35 st/s
    done(50): success=49 t_flicker=1
Ep 23950 | score  210.33 | avg100  207.65 | grasp100  97.0% | best 0.990 |     35 st/s
    done(50): success=48 t_flicker=2
Ep 24000 | score  208.89 | avg100  206.61 | grasp100  96.0% | best 0.990 |     35 st/s
    done(50): success=48 t_flicker=2
Ep 24050 | score  209.72 | avg100  203.67 | grasp100  95.0% | best 0.990 |     35 st/s
    done(50): success=47 t_flicker=3
Ep 24100 | score  210.02 | avg100  201.18 | grasp100  94.0% | best 0.990 |     35 st/s
    done(50): success=47 t_flicker=3
Ep 24150 | score  209.42 | avg100  200.89 | grasp100  94.0% | best 0.990 |     35 st/s
    done(50): success=47 t_flicker=3
Ep 24200 | score  207.97 | avg100  202.29 | grasp100  95.0% | best 0.990 |     35 st/s
    done(50): success=48 t_flicker=2
Ep 24250 | score  207.34 | avg100  204.08 | grasp100  96.0% | best 0.990 |     35 st/s
    done(50): success=48 t_flicker=2
Ep 24300 | score  209.11 | avg100  207.14 | grasp100  98.0% | best 0.990 |     34 st/s
    done(50): success=50
Ep 24350 | score  207.28 | avg100  206.76 | grasp100  98.0% | best 0.990 |     34 st/s
    done(50): success=48 t_flicker=2
  [primacy-bias reset of critic heads @ 350000 updates]
Ep 24400 | score  -79.36 | avg100  177.30 | grasp100  86.0% | best 0.990 |     35 st/s
    done(50): success=38 t_flicker=3 t_touched=2 t_no_reach=7
Ep 24450 | score   -5.39 | avg100   89.71 | grasp100  52.0% | best 0.990 |     35 st/s
    done(50): success=14 t_flicker=8 t_touched=6 t_no_reach=22
Ep 24500 | score  209.41 | avg100   98.17 | grasp100  53.0% | best 0.990 |     35 st/s
    done(50): success=39 t_flicker=5 t_touched=6
Ep 24550 | score  207.93 | avg100  183.97 | grasp100  87.0% | best 0.990 |     35 st/s
    done(50): success=48 t_flicker=1 t_touched=1
Ep 24600 | score  209.60 | avg100  204.23 | grasp100  97.0% | best 0.990 |     35 st/s
    done(50): success=49 t_flicker=1
Ep 24650 | score  207.05 | avg100  207.48 | grasp100  98.0% | best 0.990 |     35 st/s
    done(50): success=49 t_flicker=1
Ep 24700 | score  207.45 | avg100  204.48 | grasp100  96.0% | best 0.990 |     35 st/s
    done(50): success=47 t_flicker=3
Ep 24750 | score  216.78 | avg100  207.19 | grasp100  97.0% | best 0.990 |     35 st/s
    done(50): success=50
Ep 24800 | score  209.17 | avg100  209.14 | grasp100  98.0% | best 0.990 |     35 st/s
    done(50): success=48 t_flicker=2
Ep 24850 | score  210.00 | avg100  201.55 | grasp100  94.0% | best 0.990 |     35 st/s
    done(50): success=46 t_flicker=4
Ep 24900 | score  208.65 | avg100  203.58 | grasp100  96.0% | best 0.990 |     35 st/s
    done(50): success=50
Ep 24950 | score  209.12 | avg100  209.78 | grasp100 100.0% | best 0.990 |     35 st/s
    done(50): success=50
Ep 25000 | score  208.33 | avg100  205.67 | grasp100  97.0% | best 0.990 |     35 st/s
    done(50): success=47 t_flicker=3

========================================================================
DONE  td3_ln_buf1000k_s1
  Episodes     : 25001
  Env steps    : 905,435  (26239s)
  Best metric  : 0.990  (policy in /home/fahim/Thesis_fahim/pickandplace/checkpoints/td3_grasp_rand_td3_ln_buf1000k_s1/best)
  Final grasp% : 97.0
  CSV          : /home/fahim/Thesis_fahim/pickandplace/logs/grasp_rand_td3_ln_buf1000k_s1/episodes.csv
  Probe CSV    : /home/fahim/Thesis_fahim/pickandplace/logs/grasp_rand_td3_ln_buf1000k_s1/probe.csv
  Manifest     : /home/fahim/Thesis_fahim/pickandplace/logs/grasp_rand_td3_ln_buf1000k_s1/manifest.json
========================================================================

