========================================================================
RANDOM-SPAWN GRASP RETRAINING  |  algo=td3_ln  run=td3_ln_buf1000k_s0
========================================================================
  Envs                : 5 (subprocess-parallel, fork)
  Spawn level         : 2.0 (1.0 = full position box, 2.0 = + z-rotation)
  Updates/vec-step    : 2 (0.400 per env-step; historical baseline 0.5)
  Buffer              : 1,000,000
  Actor               : 64 -> 32  (5,216 weights)
  Warm start          : checkpoints/td3_grasp_rand_td3_ln_smallc64_s5/best
  Checkpoints         : /home/fahim/Thesis_fahim/pickandplace/checkpoints/td3_grasp_rand_td3_ln_buf1000k_s0
========================================================================

Spawning 5 subprocess environments (fork)...
[robosuite WARNING] No private macro file found! (__init__.py:7)
[robosuite WARNING] It is recommended to use a private macro file (__init__.py:8)
[robosuite WARNING] To setup, run: python /home/fahim/Thesis_fahim/venv/lib/python3.12/site-packages/robosuite/scripts/setup_macros.py (__init__.py:9)
[robosuite WARNING] No private macro file found! (__init__.py:7)
[robosuite WARNING] It is recommended to use a private macro file (__init__.py:8)
[robosuite WARNING] To setup, run: python /home/fahim/Thesis_fahim/venv/lib/python3.12/site-packages/robosuite/scripts/setup_macros.py (__init__.py:9)
[robosuite WARNING] No private macro file found! (__init__.py:7)
[robosuite WARNING] It is recommended to use a private macro file (__init__.py:8)
[robosuite WARNING] To setup, run: python /home/fahim/Thesis_fahim/venv/lib/python3.12/site-packages/robosuite/scripts/setup_macros.py (__init__.py:9)
[robosuite WARNING] No private macro file found! (__init__.py:7)
[robosuite WARNING] It is recommended to use a private macro file (__init__.py:8)
[robosuite WARNING] To setup, run: python /home/fahim/Thesis_fahim/venv/lib/python3.12/site-packages/robosuite/scripts/setup_macros.py (__init__.py:9)
[robosuite WARNING] No private macro file found! (__init__.py:7)
[robosuite WARNING] It is recommended to use a private macro file (__init__.py:8)
[robosuite WARNING] To setup, run: python /home/fahim/Thesis_fahim/venv/lib/python3.12/site-packages/robosuite/scripts/setup_macros.py (__init__.py:9)
Gym has been unmaintained since 2022 and does not support NumPy 2.0 amongst other critical functionality.
Please upgrade to Gymnasium, the maintained drop-in replacement of Gym, or contact the authors of your software and request that they upgrade.
See the migration guide at https://gymnasium.farama.org/introduction/migration_guide/ for additional information.
Gym has been unmaintained since 2022 and does not support NumPy 2.0 amongst other critical functionality.
Please upgrade to Gymnasium, the maintained drop-in replacement of Gym, or contact the authors of your software and request that they upgrade.
See the migration guide at https://gymnasium.farama.org/introduction/migration_guide/ for additional information.
Gym has been unmaintained since 2022 and does not support NumPy 2.0 amongst other critical functionality.
Please upgrade to Gymnasium, the maintained drop-in replacement of Gym, or contact the authors of your software and request that they upgrade.
See the migration guide at https://gymnasium.farama.org/introduction/migration_guide/ for additional information.
Gym has been unmaintained since 2022 and does not support NumPy 2.0 amongst other critical functionality.
Please upgrade to Gymnasium, the maintained drop-in replacement of Gym, or contact the authors of your software and request that they upgrade.
See the migration guide at https://gymnasium.farama.org/introduction/migration_guide/ for additional information.
Gym has been unmaintained since 2022 and does not support NumPy 2.0 amongst other critical functionality.
Please upgrade to Gymnasium, the maintained drop-in replacement of Gym, or contact the authors of your software and request that they upgrade.
See the migration guide at https://gymnasium.farama.org/introduction/migration_guide/ for additional information.
/home/fahim/Thesis_fahim/venv/lib/python3.12/site-packages/gym/spaces/box.py:84: UserWarning: [33mWARN: Box bound precision lowered by casting to float32[0m
  logger.warn(f"Box bound precision lowered by casting to {self.dtype}")
/home/fahim/Thesis_fahim/venv/lib/python3.12/site-packages/gym/spaces/box.py:84: UserWarning: [33mWARN: Box bound precision lowered by casting to float32[0m
  logger.warn(f"Box bound precision lowered by casting to {self.dtype}")
/home/fahim/Thesis_fahim/venv/lib/python3.12/site-packages/gym/spaces/box.py:84: UserWarning: [33mWARN: Box bound precision lowered by casting to float32[0m
  logger.warn(f"Box bound precision lowered by casting to {self.dtype}")
Gym has been unmaintained since 2022 and does not support NumPy 2.0 amongst other critical functionality.
Please upgrade to Gymnasium, the maintained drop-in replacement of Gym, or contact the authors of your software and request that they upgrade.
See the migration guide at https://gymnasium.farama.org/introduction/migration_guide/ for additional information.
5 environments ready.

/home/fahim/Thesis_fahim/venv/lib/python3.12/site-packages/gym/spaces/box.py:84: UserWarning: [33mWARN: Box bound precision lowered by casting to float32[0m
  logger.warn(f"Box bound precision lowered by casting to {self.dtype}")
/home/fahim/Thesis_fahim/venv/lib/python3.12/site-packages/gym/spaces/box.py:84: UserWarning: [33mWARN: Box bound precision lowered by casting to float32[0m
  logger.warn(f"Box bound precision lowered by casting to {self.dtype}")
  Actor QAT           : per-tensor INT8 fake-quant, STE grads
  Actor weight clip   : |w| <= 8.0 * std(w) per Linear tensor (bi_s0 baseline fc1 9.96 / fc2 10.82)
Init: warm-started (source: /home/fahim/Thesis_fahim/pickandplace/checkpoints/td3_grasp_rand_td3_ln_smallc64_s5/best)
Fresh replay buffer.

Training...

Ep    50 | score  211.31 | avg100  201.95 | grasp100  94.0% | best 0.000 |     52 st/s
    done(50): success=47 t_flicker=3
Ep   100 | score  209.42 | avg100  201.66 | grasp100  93.0% | best 0.000 |     52 st/s
    done(50): success=46 t_flicker=4
Ep   150 | score  208.22 | avg100  200.71 | grasp100  92.0% | best 0.000 |     52 st/s
    done(50): success=46 t_flicker=3 t_touched=1
Ep   200 | * BEST  level200=2.00 grasp200= 92.5% metric=0.925 | score  206.70
Ep   250 | score  208.51 | avg100  178.24 | grasp100  81.0% | best 0.925 |     45 st/s
    done(50): success=35 t_flicker=9 t_touched=6
Ep   300 | score  208.18 | avg100  163.87 | grasp100  73.0% | best 0.925 |     45 st/s
    done(50): success=38 t_flicker=6 t_touched=6
Ep   350 | score  -43.47 | avg100  176.46 | grasp100  81.0% | best 0.925 |     44 st/s
    done(50): success=43 t_flicker=3 t_touched=4
Ep   400 | score   69.67 | avg100  177.20 | grasp100  82.0% | best 0.925 |     44 st/s
    done(50): success=39 t_flicker=8 t_touched=3
Ep   450 | score  210.37 | avg100  178.17 | grasp100  81.0% | best 0.925 |     42 st/s
    done(50): success=42 t_flicker=6 t_touched=2
Ep   500 | score  209.23 | avg100  181.96 | grasp100  81.0% | best 0.925 |     42 st/s
    done(50): success=39 t_flicker=9 t_touched=2
Ep   550 | score  204.59 | avg100  178.03 | grasp100  80.0% | best 0.925 |     41 st/s
    done(50): success=41 t_flicker=6 t_touched=2 t_no_reach=1
Ep   600 | score  208.34 | avg100  177.05 | grasp100  81.0% | best 0.925 |     41 st/s
    done(50): success=40 t_flicker=5 t_touched=4 t_no_reach=1
Ep   650 | score  207.17 | avg100  177.46 | grasp100  78.0% | best 0.925 |     41 st/s
    done(50): success=38 t_flicker=10 t_touched=2
Ep   700 | score  207.76 | avg100  174.60 | grasp100  76.0% | best 0.925 |     41 st/s
    done(50): success=38 t_flicker=8 t_touched=4
Ep   750 | score  210.07 | avg100  175.09 | grasp100  78.0% | best 0.925 |     41 st/s
    done(50): success=40 t_flicker=7 t_touched=3
Ep   800 | score   54.45 | avg100  156.25 | grasp100  66.0% | best 0.925 |     42 st/s
    done(50): success=26 t_flicker=13 t_touched=11
Ep   850 | score  210.50 | avg100  123.74 | grasp100  46.0% | best 0.925 |     43 st/s
    done(50): success=20 t_flicker=21 t_touched=9
Ep   900 | score  210.06 | avg100  135.20 | grasp100  51.0% | best 0.925 |     43 st/s
    done(50): success=31 t_flicker=16 t_touched=3
Ep   950 | score  210.88 | avg100  156.50 | grasp100  65.0% | best 0.925 |     43 st/s
    done(50): success=34 t_flicker=9 t_touched=7
Ep  1000 | score  208.06 | avg100  168.96 | grasp100  73.0% | best 0.925 |     43 st/s
    done(50): success=39 t_flicker=9 t_touched=2
Ep  1050 | score  209.36 | avg100  171.06 | grasp100  72.0% | best 0.925 |     43 st/s
    done(50): success=33 t_flicker=10 t_touched=7
Ep  1100 | score  199.03 | avg100  163.48 | grasp100  69.0% | best 0.925 |     43 st/s
    done(50): success=36 t_flicker=7 t_touched=7
Ep  1150 | score  212.68 | avg100  179.33 | grasp100  80.0% | best 0.925 |     43 st/s
    done(50): success=44 t_flicker=6
Ep  1200 | score  209.47 | avg100  192.67 | grasp100  87.0% | best 0.925 |     42 st/s
    done(50): success=43 t_flicker=7
Ep  1250 | score  200.38 | avg100  190.29 | grasp100  86.0% | best 0.925 |     42 st/s
    done(50): success=43 t_flicker=4 t_touched=3
Ep  1300 | score  212.93 | avg100  185.00 | grasp100  84.0% | best 0.925 |     42 st/s
    done(50): success=41 t_flicker=4 t_touched=5
  [primacy-bias reset of critic heads @ 25000 updates]
Ep  1350 | score  203.76 | avg100  115.82 | grasp100  53.0% | best 0.925 |     43 st/s
    done(50): success=12 t_flicker=14 t_touched=14 t_no_reach=10
Ep  1400 | score  -63.83 | avg100   30.48 | grasp100  22.0% | best 0.925 |     44 st/s
    done(50): success=10 t_flicker=7 t_touched=19 t_no_reach=14
Ep  1450 | score  209.93 | avg100   57.22 | grasp100  38.0% | best 0.925 |     44 st/s
    done(50): success=28 t_flicker=10 t_touched=8 t_no_reach=4
Ep  1500 | score   60.70 | avg100  119.07 | grasp100  58.0% | best 0.925 |     44 st/s
    done(50): success=30 t_flicker=13 t_touched=7
Ep  1550 | score  204.11 | avg100  146.91 | grasp100  66.0% | best 0.925 |     44 st/s
    done(50): success=36 t_flicker=10 t_touched=4
Ep  1600 | score  106.05 | avg100  163.00 | grasp100  74.0% | best 0.925 |     44 st/s
    done(50): success=38 t_flicker=7 t_touched=5
Ep  1650 | score  205.99 | avg100  177.70 | grasp100  83.0% | best 0.925 |     44 st/s
    done(50): success=45 t_touched=5
Ep  1700 | score  206.42 | avg100  182.24 | grasp100  84.0% | best 0.925 |     44 st/s
    done(50): success=39 t_flicker=8 t_touched=3
Ep  1750 | score  210.61 | avg100  180.51 | grasp100  82.0% | best 0.925 |     43 st/s
    done(50): success=43 t_flicker=5 t_touched=2
Ep  1800 | score  211.63 | avg100  184.64 | grasp100  86.0% | best 0.925 |     43 st/s
    done(50): success=43 t_flicker=4 t_touched=3
Ep  1850 | score  211.58 | avg100  183.06 | grasp100  85.0% | best 0.925 |     43 st/s
    done(50): success=42 t_flicker=5 t_touched=3
Ep  1900 | score  211.45 | avg100  172.58 | grasp100  76.0% | best 0.925 |     43 st/s
    done(50): success=34 t_flicker=10 t_touched=6
Ep  1950 | score  209.14 | avg100  177.81 | grasp100  78.0% | best 0.925 |     43 st/s
    done(50): success=44 t_flicker=5 t_touched=1
Ep  2000 | score  211.81 | avg100  197.16 | grasp100  91.0% | best 0.925 |     43 st/s
    done(50): success=47 t_flicker=2 t_touched=1
Ep  2050 | score  236.24 | avg100  198.82 | grasp100  92.0% | best 0.925 |     43 st/s
    done(50): success=45 t_flicker=5
Ep  2100 | score  210.56 | avg100  191.72 | grasp100  89.0% | best 0.925 |     43 st/s
    done(50): success=44 t_flicker=2 t_touched=3 t_no_reach=1
Ep  2150 | score  210.19 | avg100  191.17 | grasp100  89.0% | best 0.925 |     43 st/s
    done(50): success=45 t_flicker=4 t_no_reach=1
Ep  2200 | score  211.45 | avg100  192.49 | grasp100  88.0% | best 0.925 |     42 st/s
    done(50): success=43 t_flicker=6 t_no_reach=1
Ep  2250 | score  207.85 | avg100  194.13 | grasp100  90.0% | best 0.925 |     42 st/s
    done(50): success=47 t_flicker=2 t_touched=1
Ep  2300 | score  213.09 | avg100  201.62 | grasp100  95.0% | best 0.925 |     42 st/s
    done(50): success=48 t_flicker=1 t_touched=1
Ep  2350 | score  212.86 | avg100  196.78 | grasp100  91.0% | best 0.925 |     42 st/s
    done(50): success=43 t_flicker=6 t_no_reach=1
Ep  2400 | score  209.77 | avg100  189.75 | grasp100  87.0% | best 0.925 |     42 st/s
    done(50): success=44 t_flicker=5 t_touched=1
  [primacy-bias reset of critic heads @ 50000 updates]
Ep  2450 | score  -75.81 | avg100   96.61 | grasp100  57.0% | best 0.925 |     43 st/s
    done(50): success=13 t_flicker=3 t_touched=2 t_no_reach=32
Ep  2500 | score   63.41 | avg100   37.95 | grasp100  36.0% | best 0.925 |     43 st/s
    done(50): success=23 t_flicker=6 t_touched=7 t_no_reach=14
Ep  2550 | score  211.68 | avg100  109.66 | grasp100  58.0% | best 0.925 |     43 st/s
    done(50): success=35 t_flicker=7 t_touched=6 t_no_reach=2
Ep  2600 | score   40.12 | avg100  160.02 | grasp100  73.0% | best 0.925 |     43 st/s
    done(50): success=38 t_flicker=11 t_no_reach=1
Ep  2650 | score  209.33 | avg100  175.54 | grasp100  77.0% | best 0.925 |     43 st/s
    done(50): success=39 t_flicker=10 t_touched=1
Ep  2700 | score  209.72 | avg100  179.42 | grasp100  79.0% | best 0.925 |     43 st/s
    done(50): success=40 t_flicker=10
Ep  2750 | score  210.28 | avg100  179.48 | grasp100  79.0% | best 0.925 |     43 st/s
    done(50): success=39 t_flicker=10 t_touched=1
Ep  2800 | score  216.48 | avg100  180.30 | grasp100  79.0% | best 0.925 |     42 st/s
    done(50): success=40 t_flicker=10
Ep  2850 | score  208.72 | avg100  189.00 | grasp100  83.0% | best 0.925 |     42 st/s
    done(50): success=43 t_flicker=7
Ep  2900 | score  209.61 | avg100  195.02 | grasp100  88.0% | best 0.925 |     42 st/s
    done(50): success=45 t_flicker=4 t_touched=1
Ep  2950 | score  209.66 | avg100  193.35 | grasp100  88.0% | best 0.925 |     42 st/s
    done(50): success=43 t_flicker=7
Ep  3000 | score  212.32 | avg100  183.44 | grasp100  82.0% | best 0.925 |     42 st/s
    done(50): success=39 t_flicker=7 t_touched=4
Ep  3050 | score  214.25 | avg100  174.42 | grasp100  77.0% | best 0.925 |     42 st/s
    done(50): success=38 t_flicker=8 t_touched=4
Ep  3100 | score  212.57 | avg100  187.38 | grasp100  84.0% | best 0.925 |     42 st/s
    done(50): success=46 t_flicker=4
Ep  3150 | score   59.39 | avg100  198.29 | grasp100  90.0% | best 0.925 |     42 st/s
    done(50): success=44 t_flicker=6
Ep  3200 | score  210.03 | avg100  202.12 | grasp100  93.0% | best 0.925 |     42 st/s
    done(50): success=49 t_flicker=1
Ep  3250 | score  210.87 | avg100  204.43 | grasp100  96.0% | best 0.925 |     42 st/s
    done(50): success=47 t_flicker=1 t_touched=2
Ep  3300 | score  206.65 | avg100  198.70 | grasp100  93.0% | best 0.925 |     41 st/s
    done(50): success=46 t_flicker=4
Ep  3350 | score  207.50 | avg100  195.07 | grasp100  90.0% | best 0.925 |     41 st/s
    done(50): success=44 t_flicker=5 t_touched=1
Ep  3400 | score  211.86 | avg100  195.25 | grasp100  90.0% | best 0.925 |     41 st/s
    done(50): success=46 t_flicker=4
Ep  3450 | score  210.70 | avg100  198.80 | grasp100  93.0% | best 0.925 |     41 st/s
    done(50): success=47 t_flicker=3
Ep  3500 | score  198.03 | avg100  200.86 | grasp100  94.0% | best 0.925 |     41 st/s
    done(50): success=47 t_flicker=2 t_touched=1
Ep  3542 | * BEST  level200=2.00 grasp200= 94.0% metric=0.940 | score  209.50
Ep  3550 | score  209.24 | avg100  204.35 | grasp100  96.0% | best 0.940 |     41 st/s
    done(50): success=49 t_flicker=1
Ep  3600 | score  208.06 | avg100  197.59 | grasp100  92.0% | best 0.940 |     41 st/s
    done(50): success=43 t_flicker=5 t_touched=2
Ep  3650 | score  210.07 | avg100  195.23 | grasp100  90.0% | best 0.940 |     41 st/s
    done(50): success=47 t_flicker=3
Ep  3700 | score  212.36 | avg100  204.31 | grasp100  96.0% | best 0.940 |     41 st/s
    done(50): success=49 t_flicker=1
Ep  3750 | score  207.53 | avg100  204.00 | grasp100  96.0% | best 0.940 |     41 st/s
    done(50): success=47 t_flicker=3
Ep  3800 | score  211.44 | avg100  196.92 | grasp100  92.0% | best 0.940 |     41 st/s
    done(50): success=45 t_flicker=4 t_touched=1
Ep  3850 | score  211.51 | avg100  190.15 | grasp100  87.0% | best 0.940 |     40 st/s
    done(50): success=42 t_flicker=8
  [primacy-bias reset of critic heads @ 75000 updates]
Ep  3900 | score  207.03 | avg100  196.93 | grasp100  91.0% | best 0.940 |     40 st/s
    done(50): success=49 t_flicker=1
Ep  3950 | score   55.22 | avg100  142.05 | grasp100  62.0% | best 0.940 |     41 st/s
    done(50): success=13 t_flicker=23 t_touched=9 t_no_reach=5
Ep  4000 | score  207.82 | avg100  101.25 | grasp100  45.0% | best 0.940 |     41 st/s
    done(50): success=32 t_flicker=6 t_touched=10 t_no_reach=2
Ep  4050 | score  207.01 | avg100  142.01 | grasp100  69.0% | best 0.940 |     41 st/s
    done(50): success=37 t_flicker=8 t_touched=5
Ep  4100 | score  207.90 | avg100  162.76 | grasp100  75.0% | best 0.940 |     41 st/s
    done(50): success=38 t_flicker=8 t_touched=3 t_no_reach=1
Ep  4150 | score   96.30 | avg100  180.75 | grasp100  82.0% | best 0.940 |     41 st/s
    done(50): success=44 t_flicker=5 t_touched=1
Ep  4200 | score  210.88 | avg100  201.52 | grasp100  93.0% | best 0.940 |     41 st/s
    done(50): success=49 t_flicker=1
Ep  4250 | score  206.61 | avg100  201.66 | grasp100  93.0% | best 0.940 |     40 st/s
    done(50): success=44 t_flicker=6
Ep  4300 | score  210.07 | avg100  198.83 | grasp100  91.0% | best 0.940 |     40 st/s
    done(50): success=47 t_flicker=3
Ep  4350 | score  209.14 | avg100  203.72 | grasp100  95.0% | best 0.940 |     40 st/s
    done(50): success=48 t_flicker=2
Ep  4400 | score  209.11 | avg100  203.36 | grasp100  95.0% | best 0.940 |     40 st/s
    done(50): success=47 t_flicker=3
Ep  4450 | score  204.07 | avg100  198.65 | grasp100  93.0% | best 0.940 |     40 st/s
    done(50): success=46 t_flicker=3 t_touched=1
Ep  4475 | * BEST  level200=2.00 grasp200= 95.5% metric=0.955 | score  207.10
Ep  4500 | score  208.22 | avg100  196.64 | grasp100  91.0% | best 0.955 |     40 st/s
    done(50): success=45 t_flicker=4 t_touched=1
Ep  4550 | score  211.14 | avg100  199.53 | grasp100  92.0% | best 0.955 |     40 st/s
    done(50): success=47 t_flicker=2 t_touched=1
Ep  4600 | score  211.10 | avg100  205.30 | grasp100  97.0% | best 0.955 |     40 st/s
    done(50): success=50
Ep  4650 | score  209.13 | avg100  205.09 | grasp100  96.0% | best 0.955 |     40 st/s
    done(50): success=46 t_flicker=4
Ep  4700 | score  211.96 | avg100  202.48 | grasp100  94.0% | best 0.955 |     40 st/s
    done(50): success=48 t_flicker=2
Ep  4750 | score  195.06 | avg100  202.97 | grasp100  95.0% | best 0.955 |     40 st/s
    done(50): success=47 t_flicker=2 t_touched=1
Ep  4800 | score  210.37 | avg100  200.09 | grasp100  93.0% | best 0.955 |     40 st/s
    done(50): success=46 t_flicker=4
Ep  4850 | score  208.75 | avg100  202.41 | grasp100  95.0% | best 0.955 |     40 st/s
    done(50): success=49 t_flicker=1
Ep  4900 | score  209.06 | avg100  200.42 | grasp100  93.0% | best 0.955 |     40 st/s
    done(50): success=44 t_flicker=3 t_touched=3
Ep  4950 | score  207.68 | avg100  201.11 | grasp100  93.0% | best 0.955 |     40 st/s
    done(50): success=49 t_flicker=1
Ep  5000 | score  210.15 | avg100  206.39 | grasp100  97.0% | best 0.955 |     40 st/s
    done(50): success=48 t_flicker=2
Ep  5050 | score  208.96 | avg100  205.54 | grasp100  97.0% | best 0.955 |     39 st/s
    done(50): success=49 t_flicker=1
Ep  5098 | * BEST  level200=2.00 grasp200= 97.0% metric=0.970 | score  210.13
Ep  5100 | score  208.72 | avg100  205.43 | grasp100  97.0% | best 0.970 |     39 st/s
    done(50): success=48 t_flicker=2
Ep  5150 | score  209.89 | avg100  202.97 | grasp100  95.0% | best 0.970 |     39 st/s
    done(50): success=47 t_flicker=3
Ep  5200 | score  208.21 | avg100  197.73 | grasp100  92.0% | best 0.970 |     39 st/s
    done(50): success=45 t_flicker=5
Ep  5250 | score  210.88 | avg100  193.74 | grasp100  90.0% | best 0.970 |     39 st/s
    done(50): success=45 t_flicker=5
Ep  5300 | score  209.87 | avg100  196.01 | grasp100  91.0% | best 0.970 |     39 st/s
    done(50): success=46 t_flicker=3 t_touched=1
Ep  5350 | score  206.62 | avg100  199.74 | grasp100  93.0% | best 0.970 |     39 st/s
    done(50): success=47 t_flicker=3
Ep  5400 | score  207.62 | avg100  200.77 | grasp100  94.0% | best 0.970 |     39 st/s
    done(50): success=47 t_flicker=3
Ep  5450 | score  210.05 | avg100  197.68 | grasp100  91.0% | best 0.970 |     39 st/s
    done(50): success=44 t_flicker=5 t_touched=1
Ep  5500 | score  209.90 | avg100  195.34 | grasp100  89.0% | best 0.970 |     39 st/s
    done(50): success=45 t_flicker=3 t_touched=2
Ep  5550 | score  208.50 | avg100  199.01 | grasp100  92.0% | best 0.970 |     39 st/s
    done(50): success=47 t_flicker=3
  [primacy-bias reset of critic heads @ 100000 updates]
Ep  5600 | score  -64.87 | avg100  173.22 | grasp100  76.0% | best 0.970 |     39 st/s
    done(50): success=29 t_flicker=20 t_touched=1
Ep  5650 | score  -63.03 | avg100  132.37 | grasp100  58.0% | best 0.970 |     39 st/s
    done(50): success=29 t_flicker=13 t_touched=3 t_no_reach=5
Ep  5700 | score  211.63 | avg100  105.97 | grasp100  53.0% | best 0.970 |     39 st/s
    done(50): success=24 t_flicker=12 t_touched=4 t_no_reach=10
Ep  5750 | score   53.52 | avg100  132.68 | grasp100  59.0% | best 0.970 |     39 st/s
    done(50): success=35 t_flicker=12 t_touched=3
Ep  5800 | score  209.75 | avg100  185.99 | grasp100  81.0% | best 0.970 |     39 st/s
    done(50): success=46 t_flicker=2 t_touched=1 t_no_reach=1
Ep  5850 | score  208.26 | avg100  198.83 | grasp100  93.0% | best 0.970 |     39 st/s
    done(50): success=47 t_flicker=3
Ep  5900 | score  211.43 | avg100  190.98 | grasp100  87.0% | best 0.970 |     39 st/s
    done(50): success=40 t_flicker=10
Ep  5950 | score  207.38 | avg100  188.76 | grasp100  83.0% | best 0.970 |     39 st/s
    done(50): success=43 t_flicker=7
Ep  6000 | score  259.82 | avg100  200.33 | grasp100  91.0% | best 0.970 |     39 st/s
    done(50): success=48 t_flicker=2
Ep  6050 | score  214.66 | avg100  201.14 | grasp100  93.0% | best 0.970 |     39 st/s
    done(50): success=45 t_flicker=3 t_touched=2
Ep  6100 | score  221.62 | avg100  198.89 | grasp100  91.0% | best 0.970 |     39 st/s
    done(50): success=46 t_flicker=4
Ep  6150 | score  205.65 | avg100  199.60 | grasp100  92.0% | best 0.970 |     39 st/s
    done(50): success=46 t_flicker=4
Ep  6200 | score  206.55 | avg100  198.95 | grasp100  92.0% | best 0.970 |     39 st/s
    done(50): success=46 t_flicker=4
Ep  6250 | score  209.15 | avg100  203.04 | grasp100  95.0% | best 0.970 |     39 st/s
    done(50): success=49 t_flicker=1
Ep  6300 | score  208.37 | avg100  204.83 | grasp100  97.0% | best 0.970 |     39 st/s
    done(50): success=48 t_flicker=2
Ep  6350 | score  213.00 | avg100  202.79 | grasp100  95.0% | best 0.970 |     39 st/s
    done(50): success=47 t_flicker=3
Ep  6400 | score  211.76 | avg100  200.90 | grasp100  94.0% | best 0.970 |     39 st/s
    done(50): success=47 t_flicker=3
Ep  6450 | score  206.36 | avg100  200.28 | grasp100  93.0% | best 0.970 |     39 st/s
    done(50): success=46 t_flicker=4
Ep  6500 | score  217.07 | avg100  201.68 | grasp100  93.0% | best 0.970 |     39 st/s
    done(50): success=47 t_flicker=3
Ep  6550 | score  208.17 | avg100  201.86 | grasp100  94.0% | best 0.970 |     39 st/s
    done(50): success=47 t_flicker=3
Ep  6600 | score  207.19 | avg100  196.53 | grasp100  91.0% | best 0.970 |     39 st/s
    done(50): success=44 t_flicker=5 t_touched=1
Ep  6650 | score  207.21 | avg100  198.04 | grasp100  92.0% | best 0.970 |     39 st/s
    done(50): success=48 t_flicker=2
Ep  6700 | score  206.67 | avg100  204.59 | grasp100  95.0% | best 0.970 |     38 st/s
    done(50): success=47 t_flicker=3
Ep  6750 | score  206.95 | avg100  204.96 | grasp100  96.0% | best 0.970 |     38 st/s
    done(50): success=49 t_flicker=1
Ep  6800 | score  213.10 | avg100  204.61 | grasp100  97.0% | best 0.970 |     38 st/s
    done(50): success=48 t_flicker=2
Ep  6850 | score  210.79 | avg100  202.78 | grasp100  95.0% | best 0.970 |     38 st/s
    done(50): success=47 t_flicker=3
Ep  6900 | score  209.67 | avg100  197.80 | grasp100  91.0% | best 0.970 |     38 st/s
    done(50): success=44 t_flicker=6
Ep  6950 | score  210.43 | avg100  196.25 | grasp100  90.0% | best 0.970 |     38 st/s
    done(50): success=46 t_flicker=3 t_touched=1
Ep  7000 | score   92.12 | avg100  194.89 | grasp100  89.0% | best 0.970 |     38 st/s
    done(50): success=43 t_flicker=7
Ep  7050 | score  209.71 | avg100  192.17 | grasp100  87.0% | best 0.970 |     38 st/s
    done(50): success=44 t_flicker=6
Ep  7100 | score   59.71 | avg100  193.55 | grasp100  88.0% | best 0.970 |     38 st/s
    done(50): success=44 t_flicker=6
Ep  7150 | score  211.33 | avg100  199.19 | grasp100  92.0% | best 0.970 |     38 st/s
    done(50): success=48 t_flicker=2
Ep  7200 | score  205.35 | avg100  207.08 | grasp100  97.0% | best 0.970 |     38 st/s
    done(50): success=49 t_flicker=1
Ep  7250 | score  214.26 | avg100  202.22 | grasp100  93.0% | best 0.970 |     38 st/s
    done(50): success=44 t_flicker=5 t_touched=1
Ep  7300 | score  206.98 | avg100  194.79 | grasp100  88.0% | best 0.970 |     38 st/s
    done(50): success=44 t_flicker=6
  [primacy-bias reset of critic heads @ 125000 updates]
Ep  7350 | score  210.00 | avg100  197.08 | grasp100  91.0% | best 0.970 |     38 st/s
    done(50): success=47 t_flicker=3
Ep  7400 | score  -15.85 | avg100  165.00 | grasp100  75.0% | best 0.970 |     38 st/s
    done(50): success=28 t_flicker=20 t_touched=2
Ep  7450 | score  206.97 | avg100  141.81 | grasp100  59.0% | best 0.970 |     38 st/s
    done(50): success=31 t_flicker=18 t_no_reach=1
Ep  7500 | score  209.55 | avg100  158.91 | grasp100  65.0% | best 0.970 |     38 st/s
    done(50): success=34 t_flicker=13 t_touched=3
Ep  7550 | score  210.99 | avg100  157.66 | grasp100  66.0% | best 0.970 |     38 st/s
    done(50): success=32 t_flicker=14 t_touched=4
Ep  7600 | score  207.35 | avg100  160.22 | grasp100  67.0% | best 0.970 |     38 st/s
    done(50): success=35 t_flicker=14 t_touched=1
Ep  7650 | score  213.17 | avg100  177.98 | grasp100  76.0% | best 0.970 |     38 st/s
    done(50): success=41 t_flicker=9
Ep  7700 | score  209.61 | avg100  194.82 | grasp100  88.0% | best 0.970 |     38 st/s
    done(50): success=47 t_flicker=3
Ep  7750 | score  207.09 | avg100  198.27 | grasp100  92.0% | best 0.970 |     38 st/s
    done(50): success=45 t_flicker=5
Ep  7800 | score  216.12 | avg100  197.66 | grasp100  92.0% | best 0.970 |     38 st/s
    done(50): success=47 t_flicker=3
Ep  7850 | score  209.45 | avg100  204.95 | grasp100  96.0% | best 0.970 |     38 st/s
    done(50): success=49 t_flicker=1
Ep  7900 | score  209.73 | avg100  206.13 | grasp100  97.0% | best 0.970 |     38 st/s
    done(50): success=48 t_flicker=2
Ep  7950 | score  209.98 | avg100  205.95 | grasp100  97.0% | best 0.970 |     38 st/s
    done(50): success=49 t_flicker=1
Ep  8000 | score  208.77 | avg100  204.91 | grasp100  96.0% | best 0.970 |     38 st/s
    done(50): success=47 t_flicker=3
Ep  8050 | score  207.46 | avg100  200.25 | grasp100  94.0% | best 0.970 |     38 st/s
    done(50): success=47 t_flicker=2 t_touched=1
Ep  8100 | score  208.26 | avg100  199.11 | grasp100  94.0% | best 0.970 |     38 st/s
    done(50): success=47 t_flicker=3
Ep  8150 | score  206.66 | avg100  204.52 | grasp100  96.0% | best 0.970 |     38 st/s
    done(50): success=49 t_flicker=1
Ep  8200 | score  207.67 | avg100  208.26 | grasp100  98.0% | best 0.970 |     38 st/s
    done(50): success=49 t_flicker=1
Ep  8250 | score  211.60 | avg100  207.40 | grasp100  98.0% | best 0.970 |     38 st/s
    done(50): success=49 t_flicker=1
Ep  8300 | score  208.33 | avg100  200.53 | grasp100  94.0% | best 0.970 |     38 st/s
    done(50): success=45 t_flicker=5
Ep  8350 | score  208.65 | avg100  198.06 | grasp100  92.0% | best 0.970 |     38 st/s
    done(50): success=47 t_flicker=3
Ep  8400 | score  210.19 | avg100  202.87 | grasp100  95.0% | best 0.970 |     38 st/s
    done(50): success=48 t_flicker=2
Ep  8450 | score  209.87 | avg100  203.24 | grasp100  95.0% | best 0.970 |     38 st/s
    done(50): success=47 t_flicker=3
Ep  8500 | score  208.42 | avg100  202.15 | grasp100  93.0% | best 0.970 |     38 st/s
    done(50): success=46 t_flicker=4
Ep  8550 | score  211.38 | avg100  204.32 | grasp100  95.0% | best 0.970 |     38 st/s
    done(50): success=49 t_flicker=1
Ep  8600 | score  204.44 | avg100  200.78 | grasp100  95.0% | best 0.970 |     38 st/s
    done(50): success=46 t_flicker=4
Ep  8650 | score  253.31 | avg100  194.78 | grasp100  91.0% | best 0.970 |     38 st/s
    done(50): success=45 t_flicker=5
Ep  8700 | score  207.16 | avg100  202.20 | grasp100  95.0% | best 0.970 |     38 st/s
    done(50): success=50
Ep  8750 | score  207.75 | avg100  199.89 | grasp100  94.0% | best 0.970 |     37 st/s
    done(50): success=44 t_flicker=5 t_touched=1
Ep  8800 | score  223.39 | avg100  197.00 | grasp100  91.0% | best 0.970 |     37 st/s
    done(50): success=47 t_flicker=3
Ep  8850 | score  206.98 | avg100  200.59 | grasp100  93.0% | best 0.970 |     37 st/s
    done(50): success=46 t_flicker=3 t_touched=1
Ep  8900 | score  209.88 | avg100  199.06 | grasp100  92.0% | best 0.970 |     37 st/s
    done(50): success=46 t_flicker=4
Ep  8950 | score  219.73 | avg100  202.91 | grasp100  94.0% | best 0.970 |     37 st/s
    done(50): success=48 t_flicker=2
Ep  9000 | score  210.08 | avg100  200.74 | grasp100  94.0% | best 0.970 |     37 st/s
    done(50): success=46 t_flicker=3 t_touched=1
Ep  9050 | score  209.93 | avg100  200.57 | grasp100  94.0% | best 0.970 |     37 st/s
    done(50): success=48 t_flicker=2
Ep  9100 | score  207.15 | avg100  204.70 | grasp100  96.0% | best 0.970 |     37 st/s
    done(50): success=48 t_flicker=2
Ep  9150 | score  208.40 | avg100  204.25 | grasp100  96.0% | best 0.970 |     37 st/s
    done(50): success=48 t_flicker=2
Ep  9200 | score  104.43 | avg100  202.50 | grasp100  95.0% | best 0.970 |     37 st/s
    done(50): success=47 t_flicker=3
  [primacy-bias reset of critic heads @ 150000 updates]
Ep  9250 | score   40.42 | avg100  185.54 | grasp100  86.0% | best 0.970 |     37 st/s
    done(50): success=39 t_flicker=7 t_touched=4
Ep  9300 | score  -75.09 | avg100   53.18 | grasp100  40.0% | best 0.970 |     38 st/s
    done(50): success=1 t_flicker=2 t_touched=3 t_no_reach=44
Ep  9350 | score  -10.32 | avg100   50.97 | grasp100  39.0% | best 0.970 |     38 st/s
    done(50): success=38 t_flicker=7 t_touched=3 t_no_reach=2
Ep  9400 | score  206.39 | avg100  180.73 | grasp100  84.0% | best 0.970 |     38 st/s
    done(50): success=46 t_flicker=3 t_touched=1
Ep  9450 | score  211.05 | avg100  196.88 | grasp100  92.0% | best 0.970 |     38 st/s
    done(50): success=46 t_flicker=4
Ep  9500 | score  208.95 | avg100  195.42 | grasp100  90.0% | best 0.970 |     38 st/s
    done(50): success=44 t_flicker=6
Ep  9550 | score  208.66 | avg100  197.10 | grasp100  91.0% | best 0.970 |     38 st/s
    done(50): success=47 t_flicker=3
Ep  9600 | score  207.88 | avg100  200.14 | grasp100  93.0% | best 0.970 |     38 st/s
    done(50): success=46 t_flicker=4
Ep  9650 | score  211.06 | avg100  202.96 | grasp100  94.0% | best 0.970 |     37 st/s
    done(50): success=48 t_flicker=2
Ep  9700 | score  207.61 | avg100  202.01 | grasp100  95.0% | best 0.970 |     37 st/s
    done(50): success=47 t_flicker=2 t_touched=1
Ep  9750 | score  208.39 | avg100  198.85 | grasp100  94.0% | best 0.970 |     37 st/s
    done(50): success=47 t_flicker=3
Ep  9800 | score  209.21 | avg100  197.39 | grasp100  92.0% | best 0.970 |     37 st/s
    done(50): success=45 t_flicker=4 t_touched=1
Ep  9850 | score  207.73 | avg100  197.57 | grasp100  91.0% | best 0.970 |     37 st/s
    done(50): success=46 t_flicker=4
Ep  9900 | score  206.52 | avg100  200.84 | grasp100  93.0% | best 0.970 |     37 st/s
    done(50): success=47 t_flicker=2 t_touched=1
Ep  9950 | score  207.17 | avg100  200.50 | grasp100  94.0% | best 0.970 |     37 st/s
    done(50): success=47 t_flicker=2 t_touched=1
Ep 10000 | score  206.02 | avg100  199.96 | grasp100  93.0% | best 0.970 |     37 st/s
    done(50): success=46 t_flicker=4
Ep 10050 | score  207.67 | avg100  200.06 | grasp100  93.0% | best 0.970 |     37 st/s
    done(50): success=47 t_flicker=3
Ep 10100 | score  208.06 | avg100  199.28 | grasp100  94.0% | best 0.970 |     37 st/s
    done(50): success=47 t_flicker=2 t_touched=1
Ep 10150 | score  218.20 | avg100  199.52 | grasp100  94.0% | best 0.970 |     37 st/s
    done(50): success=47 t_flicker=3
Ep 10200 | score  206.25 | avg100  204.34 | grasp100  96.0% | best 0.970 |     37 st/s
    done(50): success=49 t_flicker=1
Ep 10250 | score  212.82 | avg100  204.67 | grasp100  96.0% | best 0.970 |     37 st/s
    done(50): success=47 t_flicker=3
Ep 10300 | score  208.24 | avg100  195.02 | grasp100  91.0% | best 0.970 |     37 st/s
    done(50): success=44 t_flicker=3 t_touched=3
Ep 10350 | score  210.25 | avg100  199.11 | grasp100  94.0% | best 0.970 |     37 st/s
    done(50): success=50
Ep 10400 | score  208.77 | avg100  207.87 | grasp100  99.0% | best 0.970 |     37 st/s
    done(50): success=49 t_flicker=1
Ep 10450 | score  207.55 | avg100  205.93 | grasp100  98.0% | best 0.970 |     37 st/s
    done(50): success=49 t_flicker=1
Ep 10483 | * BEST  level200=2.00 grasp200= 98.5% metric=0.985 | score  208.35
Ep 10500 | score   53.43 | avg100  203.81 | grasp100  96.0% | best 0.985 |     37 st/s
    done(50): success=47 t_flicker=3
Ep 10550 | score  209.87 | avg100  202.59 | grasp100  94.0% | best 0.985 |     37 st/s
    done(50): success=47 t_flicker=2 t_touched=1
Ep 10600 | score  210.70 | avg100  203.15 | grasp100  95.0% | best 0.985 |     37 st/s
    done(50): success=48 t_flicker=1 t_no_reach=1
Ep 10650 | score  206.87 | avg100  203.34 | grasp100  96.0% | best 0.985 |     37 st/s
    done(50): success=48 t_flicker=2
Ep 10700 | score  210.16 | avg100  204.90 | grasp100  95.0% | best 0.985 |     37 st/s
    done(50): success=47 t_flicker=3
Ep 10750 | score  208.03 | avg100  204.43 | grasp100  94.0% | best 0.985 |     37 st/s
    done(50): success=47 t_flicker=2 t_touched=1
Ep 10800 | score  206.57 | avg100  203.68 | grasp100  95.0% | best 0.985 |     37 st/s
    done(50): success=48 t_flicker=2
Ep 10850 | score  208.38 | avg100  204.00 | grasp100  96.0% | best 0.985 |     37 st/s
    done(50): success=48 t_flicker=2
Ep 10900 | score  206.94 | avg100  205.11 | grasp100  97.0% | best 0.985 |     37 st/s
    done(50): success=49 t_flicker=1
Ep 10950 | score  208.43 | avg100  205.11 | grasp100  97.0% | best 0.985 |     37 st/s
    done(50): success=48 t_flicker=2
  [primacy-bias reset of critic heads @ 175000 updates]
Ep 11000 | score  199.50 | avg100  186.92 | grasp100  87.0% | best 0.985 |     37 st/s
    done(50): success=39 t_flicker=7 t_touched=4
Ep 11050 | score   75.61 | avg100  149.20 | grasp100  67.0% | best 0.985 |     37 st/s
    done(50): success=28 t_flicker=17 t_touched=2 t_no_reach=3
Ep 11100 | score  208.52 | avg100  142.50 | grasp100  60.0% | best 0.985 |     37 st/s
    done(50): success=32 t_flicker=14 t_touched=4
Ep 11150 | score  208.78 | avg100  171.73 | grasp100  75.0% | best 0.985 |     37 st/s
    done(50): success=43 t_flicker=4 t_touched=3
Ep 11200 | score  207.33 | avg100  188.47 | grasp100  86.0% | best 0.985 |     37 st/s
    done(50): success=43 t_flicker=6 t_touched=1
Ep 11250 | score  206.83 | avg100  193.16 | grasp100  88.0% | best 0.985 |     37 st/s
    done(50): success=45 t_flicker=5
Ep 11300 | score  209.12 | avg100  197.78 | grasp100  91.0% | best 0.985 |     37 st/s
    done(50): success=46 t_flicker=3 t_touched=1
Ep 11350 | score  206.79 | avg100  200.79 | grasp100  93.0% | best 0.985 |     37 st/s
    done(50): success=47 t_flicker=3
Ep 11400 | score  208.31 | avg100  199.07 | grasp100  92.0% | best 0.985 |     37 st/s
    done(50): success=45 t_flicker=5
Ep 11450 | score  208.14 | avg100  199.90 | grasp100  93.0% | best 0.985 |     37 st/s
    done(50): success=48 t_flicker=2
Ep 11500 | score  207.24 | avg100  202.27 | grasp100  95.0% | best 0.985 |     37 st/s
    done(50): success=47 t_flicker=3
Ep 11550 | score  212.22 | avg100  205.02 | grasp100  97.0% | best 0.985 |     37 st/s
    done(50): success=50
Ep 11600 | score  211.50 | avg100  205.19 | grasp100  97.0% | best 0.985 |     37 st/s
    done(50): success=47 t_flicker=3
Ep 11650 | score  206.23 | avg100  203.49 | grasp100  95.0% | best 0.985 |     37 st/s
    done(50): success=48 t_flicker=2
Ep 11700 | score  209.09 | avg100  204.80 | grasp100  96.0% | best 0.985 |     37 st/s
    done(50): success=48 t_flicker=2
Ep 11750 | score  205.75 | avg100  201.29 | grasp100  94.0% | best 0.985 |     37 st/s
    done(50): success=46 t_flicker=4
Ep 11800 | score   81.90 | avg100  199.32 | grasp100  93.0% | best 0.985 |     37 st/s
    done(50): success=47 t_flicker=2 t_touched=1
Ep 11850 | score  209.92 | avg100  203.47 | grasp100  96.0% | best 0.985 |     37 st/s
    done(50): success=49 t_flicker=1
Ep 11900 | score  208.72 | avg100  208.14 | grasp100  99.0% | best 0.985 |     37 st/s
    done(50): success=50
Ep 11950 | score  210.48 | avg100  206.80 | grasp100  98.0% | best 0.985 |     37 st/s
    done(50): success=48 t_flicker=2
Ep 12000 | score  208.67 | avg100  205.80 | grasp100  97.0% | best 0.985 |     37 st/s
    done(50): success=49 t_flicker=1
Ep 12050 | score  212.57 | avg100  205.71 | grasp100  97.0% | best 0.985 |     37 st/s
    done(50): success=48 t_flicker=2
Ep 12100 | score  209.37 | avg100  201.24 | grasp100  94.0% | best 0.985 |     36 st/s
    done(50): success=46 t_flicker=4
Ep 12150 | score  208.12 | avg100  199.66 | grasp100  93.0% | best 0.985 |     36 st/s
    done(50): success=47 t_flicker=3
Ep 12200 | score  210.70 | avg100  202.90 | grasp100  95.0% | best 0.985 |     36 st/s
    done(50): success=48 t_flicker=2
Ep 12250 | score  208.12 | avg100  205.54 | grasp100  97.0% | best 0.985 |     36 st/s
    done(50): success=49 t_flicker=1
Ep 12300 | score  208.01 | avg100  200.28 | grasp100  94.0% | best 0.985 |     36 st/s
    done(50): success=45 t_flicker=5
Ep 12350 | score  207.28 | avg100  195.95 | grasp100  91.0% | best 0.985 |     36 st/s
    done(50): success=46 t_flicker=4
Ep 12400 | score  209.75 | avg100  199.05 | grasp100  93.0% | best 0.985 |     36 st/s
    done(50): success=47 t_flicker=3
Ep 12450 | score  208.92 | avg100  203.68 | grasp100  96.0% | best 0.985 |     36 st/s
    done(50): success=49 t_flicker=1
Ep 12500 | score  206.93 | avg100  206.22 | grasp100  98.0% | best 0.985 |     36 st/s
    done(50): success=49 t_flicker=1
Ep 12550 | score  208.64 | avg100  202.35 | grasp100  96.0% | best 0.985 |     36 st/s
    done(50): success=47 t_flicker=2 t_touched=1
Ep 12600 | score  208.81 | avg100  202.28 | grasp100  95.0% | best 0.985 |     36 st/s
    done(50): success=48 t_flicker=2
Ep 12650 | score  210.43 | avg100  200.52 | grasp100  93.0% | best 0.985 |     36 st/s
    done(50): success=45 t_flicker=5
Ep 12700 | score  208.39 | avg100  200.04 | grasp100  93.0% | best 0.985 |     36 st/s
    done(50): success=48 t_flicker=2
Ep 12750 | score  211.44 | avg100  204.20 | grasp100  96.0% | best 0.985 |     36 st/s
    done(50): success=48 t_flicker=2
Ep 12800 | score  209.28 | avg100  205.14 | grasp100  97.0% | best 0.985 |     36 st/s
    done(50): success=49 t_touched=1
Ep 12850 | score  211.35 | avg100  204.97 | grasp100  97.0% | best 0.985 |     36 st/s
    done(50): success=48 t_flicker=2
Ep 12900 | score  208.68 | avg100  204.62 | grasp100  97.0% | best 0.985 |     36 st/s
    done(50): success=49 t_flicker=1
Ep 12950 | score  210.07 | avg100  204.18 | grasp100  97.0% | best 0.985 |     36 st/s
    done(50): success=48 t_flicker=1 t_touched=1
  [primacy-bias reset of critic heads @ 200000 updates]
Ep 13000 | score  213.60 | avg100  206.38 | grasp100  98.0% | best 0.985 |     36 st/s
    done(50): success=50
Ep 13050 | score  -15.25 | avg100  154.51 | grasp100  67.0% | best 0.985 |     36 st/s
    done(50): success=17 t_flicker=25 t_touched=7 t_no_reach=1
Ep 13100 | score  210.00 | avg100  134.98 | grasp100  55.0% | best 0.985 |     36 st/s
    done(50): success=38 t_flicker=11 t_touched=1
Ep 13150 | score  212.12 | avg100  174.61 | grasp100  77.0% | best 0.985 |     36 st/s
    done(50): success=39 t_flicker=8 t_touched=3
Ep 13200 | score  206.64 | avg100  183.30 | grasp100  80.0% | best 0.985 |     36 st/s
    done(50): success=41 t_flicker=7 t_touched=2
Ep 13250 | score  202.50 | avg100  192.22 | grasp100  85.0% | best 0.985 |     36 st/s
    done(50): success=44 t_flicker=6
Ep 13300 | score  207.87 | avg100  192.10 | grasp100  87.0% | best 0.985 |     36 st/s
    done(50): success=43 t_flicker=7
Ep 13350 | score  211.70 | avg100  193.78 | grasp100  89.0% | best 0.985 |     36 st/s
    done(50): success=46 t_flicker=4
Ep 13400 | score  212.50 | avg100  201.87 | grasp100  94.0% | best 0.985 |     36 st/s
    done(50): success=48 t_flicker=2
Ep 13450 | score  207.56 | avg100  200.87 | grasp100  94.0% | best 0.985 |     36 st/s
    done(50): success=46 t_flicker=4
Ep 13500 | score  208.53 | avg100  203.23 | grasp100  95.0% | best 0.985 |     36 st/s
    done(50): success=49 t_flicker=1
Ep 13550 | score  206.66 | avg100  202.37 | grasp100  94.0% | best 0.985 |     36 st/s
    done(50): success=45 t_flicker=5
Ep 13600 | score  211.03 | avg100  200.15 | grasp100  93.0% | best 0.985 |     36 st/s
    done(50): success=48 t_flicker=2
Ep 13650 | score  210.63 | avg100  197.30 | grasp100  91.0% | best 0.985 |     36 st/s
    done(50): success=43 t_flicker=7
Ep 13700 | score  207.30 | avg100  199.98 | grasp100  93.0% | best 0.985 |     36 st/s
    done(50): success=50
Ep 13750 | score  206.28 | avg100  205.32 | grasp100  97.0% | best 0.985 |     36 st/s
    done(50): success=47 t_flicker=3
Ep 13800 | score  207.64 | avg100  200.58 | grasp100  94.0% | best 0.985 |     36 st/s
    done(50): success=47 t_flicker=3
Ep 13850 | score  207.27 | avg100  201.81 | grasp100  95.0% | best 0.985 |     36 st/s
    done(50): success=48 t_flicker=1 t_touched=1
Ep 13900 | score  208.60 | avg100  199.87 | grasp100  94.0% | best 0.985 |     36 st/s
    done(50): success=46 t_flicker=4
Ep 13950 | score  254.57 | avg100  197.90 | grasp100  92.0% | best 0.985 |     36 st/s
    done(50): success=46 t_flicker=3 t_no_reach=1
Ep 14000 | score  210.57 | avg100  201.23 | grasp100  94.0% | best 0.985 |     36 st/s
    done(50): success=48 t_flicker=2
Ep 14050 | score  208.23 | avg100  200.66 | grasp100  94.0% | best 0.985 |     36 st/s
    done(50): success=46 t_flicker=2 t_touched=2
Ep 14100 | score  210.81 | avg100  202.14 | grasp100  95.0% | best 0.985 |     36 st/s
    done(50): success=49 t_flicker=1
Ep 14150 | score  209.54 | avg100  204.90 | grasp100  97.0% | best 0.985 |     36 st/s
    done(50): success=48 t_flicker=2
Ep 14200 | score  213.41 | avg100  203.69 | grasp100  96.0% | best 0.985 |     36 st/s
    done(50): success=48 t_flicker=2
Ep 14250 | score  208.56 | avg100  201.86 | grasp100  94.0% | best 0.985 |     36 st/s
    done(50): success=46 t_flicker=4
Ep 14300 | score  209.39 | avg100  198.20 | grasp100  91.0% | best 0.985 |     36 st/s
    done(50): success=45 t_flicker=5
Ep 14350 | score  208.50 | avg100  200.75 | grasp100  94.0% | best 0.985 |     36 st/s
    done(50): success=49 t_touched=1
Ep 14400 | score  206.49 | avg100  206.70 | grasp100  98.0% | best 0.985 |     36 st/s
    done(50): success=49 t_flicker=1
Ep 14450 | score  210.09 | avg100  207.13 | grasp100  98.0% | best 0.985 |     36 st/s
    done(50): success=49 t_flicker=1
Ep 14500 | score  211.29 | avg100  204.52 | grasp100  96.0% | best 0.985 |     36 st/s
    done(50): success=47 t_flicker=3
Ep 14550 | score  205.85 | avg100  205.38 | grasp100  96.0% | best 0.985 |     36 st/s
    done(50): success=49 t_flicker=1
Ep 14600 | score  210.47 | avg100  204.09 | grasp100  96.0% | best 0.985 |     36 st/s
    done(50): success=47 t_flicker=3
Ep 14650 | score  207.94 | avg100  205.05 | grasp100  97.0% | best 0.985 |     36 st/s
    done(50): success=50
Ep 14700 | score  210.62 | avg100  209.36 | grasp100 100.0% | best 0.985 |     36 st/s
    done(50): success=50
Ep 14750 | score  206.90 | avg100  208.02 | grasp100  99.0% | best 0.985 |     36 st/s
    done(50): success=49 t_flicker=1
Ep 14800 | score  207.42 | avg100  205.12 | grasp100  97.0% | best 0.985 |     36 st/s
    done(50): success=48 t_flicker=2
Ep 14850 | score  209.53 | avg100  200.47 | grasp100  93.0% | best 0.985 |     36 st/s
    done(50): success=45 t_flicker=5
Ep 14900 | score  209.59 | avg100  197.64 | grasp100  91.0% | best 0.985 |     36 st/s
    done(50): success=46 t_flicker=4
  [primacy-bias reset of critic heads @ 225000 updates]
Ep 14950 | score  -61.42 | avg100  179.52 | grasp100  83.0% | best 0.985 |     36 st/s
    done(50): success=37 t_flicker=9 t_touched=3 t_no_reach=1
Ep 15000 | score  211.40 | avg100  128.19 | grasp100  59.0% | best 0.985 |     36 st/s
    done(50): success=22 t_flicker=10 t_touched=6 t_no_reach=12
Ep 15050 | score  207.82 | avg100  139.15 | grasp100  63.0% | best 0.985 |     36 st/s
    done(50): success=41 t_flicker=6 t_touched=3
Ep 15100 | score  206.38 | avg100  179.56 | grasp100  80.0% | best 0.985 |     36 st/s
    done(50): success=39 t_flicker=9 t_touched=2
Ep 15150 | score  212.84 | avg100  174.46 | grasp100  77.0% | best 0.985 |     36 st/s
    done(50): success=38 t_flicker=11 t_touched=1
Ep 15200 | score  207.12 | avg100  184.76 | grasp100  84.0% | best 0.985 |     36 st/s
    done(50): success=46 t_flicker=4
Ep 15250 | score  208.78 | avg100  198.14 | grasp100  92.0% | best 0.985 |     36 st/s
    done(50): success=46 t_flicker=4
Ep 15300 | score  208.27 | avg100  199.94 | grasp100  93.0% | best 0.985 |     36 st/s
    done(50): success=47 t_flicker=3
Ep 15350 | score  208.07 | avg100  199.31 | grasp100  93.0% | best 0.985 |     36 st/s
    done(50): success=46 t_flicker=4
Ep 15400 | score  206.20 | avg100  197.46 | grasp100  92.0% | best 0.985 |     36 st/s
    done(50): success=46 t_flicker=4
Ep 15450 | score  211.95 | avg100  199.52 | grasp100  93.0% | best 0.985 |     36 st/s
    done(50): success=47 t_flicker=3
Ep 15500 | score  208.02 | avg100  201.96 | grasp100  94.0% | best 0.985 |     36 st/s
    done(50): success=47 t_flicker=3
Ep 15550 | score  208.60 | avg100  205.68 | grasp100  97.0% | best 0.985 |     36 st/s
    done(50): success=50
Ep 15600 | score  213.96 | avg100  204.95 | grasp100  97.0% | best 0.985 |     36 st/s
    done(50): success=47 t_flicker=3
Ep 15650 | score  209.34 | avg100  203.47 | grasp100  96.0% | best 0.985 |     36 st/s
    done(50): success=49 t_flicker=1
Ep 15700 | score  208.20 | avg100  204.38 | grasp100  96.0% | best 0.985 |     36 st/s
    done(50): success=47 t_flicker=3
Ep 15750 | score  207.86 | avg100  200.75 | grasp100  93.0% | best 0.985 |     36 st/s
    done(50): success=46 t_flicker=3 t_touched=1
Ep 15800 | score  210.45 | avg100  200.75 | grasp100  93.0% | best 0.985 |     36 st/s
    done(50): success=47 t_flicker=3
Ep 15850 | score  208.89 | avg100  200.18 | grasp100  93.0% | best 0.985 |     36 st/s
    done(50): success=46 t_flicker=4
Ep 15900 | score  208.38 | avg100  200.44 | grasp100  93.0% | best 0.985 |     36 st/s
    done(50): success=47 t_flicker=3
Ep 15950 | score  208.67 | avg100  201.58 | grasp100  94.0% | best 0.985 |     36 st/s
    done(50): success=47 t_flicker=3
Ep 16000 | score  209.65 | avg100  202.50 | grasp100  95.0% | best 0.985 |     36 st/s
    done(50): success=48 t_flicker=2
Ep 16050 | score  206.15 | avg100  203.60 | grasp100  95.0% | best 0.985 |     35 st/s
    done(50): success=47 t_flicker=3
Ep 16100 | score  208.27 | avg100  204.00 | grasp100  95.0% | best 0.985 |     35 st/s
    done(50): success=48 t_flicker=2
Ep 16150 | score  218.89 | avg100  204.18 | grasp100  95.0% | best 0.985 |     35 st/s
    done(50): success=47 t_flicker=3
Ep 16200 | score  208.11 | avg100  205.08 | grasp100  95.0% | best 0.985 |     35 st/s
    done(50): success=48 t_flicker=2
Ep 16250 | score  209.50 | avg100  203.76 | grasp100  95.0% | best 0.985 |     35 st/s
    done(50): success=47 t_flicker=3
Ep 16300 | score   50.30 | avg100  203.32 | grasp100  95.0% | best 0.985 |     35 st/s
    done(50): success=48 t_flicker=2
Ep 16350 | score  208.42 | avg100  206.89 | grasp100  98.0% | best 0.985 |     35 st/s
    done(50): success=50
Ep 16400 | score  209.13 | avg100  205.33 | grasp100  96.0% | best 0.985 |     35 st/s
    done(50): success=46 t_flicker=4
Ep 16450 | score  208.21 | avg100  204.09 | grasp100  94.0% | best 0.985 |     35 st/s
    done(50): success=48 t_flicker=2
Ep 16500 | score  208.79 | avg100  205.13 | grasp100  96.0% | best 0.985 |     35 st/s
    done(50): success=48 t_flicker=2
Ep 16550 | score  211.31 | avg100  202.22 | grasp100  94.0% | best 0.985 |     35 st/s
    done(50): success=46 t_flicker=4
Ep 16600 | score  208.26 | avg100  200.04 | grasp100  93.0% | best 0.985 |     35 st/s
    done(50): success=47 t_flicker=3
Ep 16650 | score  207.24 | avg100  201.47 | grasp100  94.0% | best 0.985 |     35 st/s
    done(50): success=47 t_flicker=3
Ep 16700 | score  208.97 | avg100  206.41 | grasp100  97.0% | best 0.985 |     35 st/s
    done(50): success=50
Ep 16750 | score  208.59 | avg100  207.33 | grasp100  99.0% | best 0.985 |     35 st/s
    done(50): success=49 t_flicker=1
Ep 16800 | score  210.38 | avg100  203.36 | grasp100  96.0% | best 0.985 |     35 st/s
    done(50): success=47 t_flicker=3
  [primacy-bias reset of critic heads @ 250000 updates]
Ep 16850 | score   57.37 | avg100  191.74 | grasp100  88.0% | best 0.985 |     35 st/s
    done(50): success=41 t_flicker=9
Ep 16900 | score  208.62 | avg100  149.46 | grasp100  67.0% | best 0.985 |     35 st/s
    done(50): success=26 t_flicker=13 t_touched=6 t_no_reach=5
Ep 16950 | score  117.15 | avg100  136.99 | grasp100  60.0% | best 0.985 |     35 st/s
    done(50): success=34 t_flicker=14 t_touched=2
Ep 17000 | score  210.51 | avg100  155.74 | grasp100  66.0% | best 0.985 |     35 st/s
    done(50): success=32 t_flicker=16 t_touched=2
Ep 17050 | score  209.90 | avg100  159.56 | grasp100  67.0% | best 0.985 |     35 st/s
    done(50): success=35 t_flicker=12 t_touched=3
Ep 17100 | score  207.16 | avg100  180.89 | grasp100  81.0% | best 0.985 |     35 st/s
    done(50): success=46 t_flicker=4
Ep 17150 | score  212.64 | avg100  198.96 | grasp100  93.0% | best 0.985 |     35 st/s
    done(50): success=47 t_flicker=3
Ep 17200 | score  209.57 | avg100  197.79 | grasp100  91.0% | best 0.985 |     35 st/s
    done(50): success=44 t_flicker=5 t_touched=1
Ep 17250 | score  209.73 | avg100  198.97 | grasp100  91.0% | best 0.985 |     35 st/s
    done(50): success=47 t_flicker=3
Ep 17300 | score  208.91 | avg100  204.44 | grasp100  96.0% | best 0.985 |     35 st/s
    done(50): success=49 t_flicker=1
Ep 17350 | score  208.63 | avg100  203.98 | grasp100  96.0% | best 0.985 |     35 st/s
    done(50): success=47 t_flicker=3
Ep 17400 | score   96.58 | avg100  201.51 | grasp100  94.0% | best 0.985 |     35 st/s
    done(50): success=47 t_flicker=3
Ep 17450 | score  208.39 | avg100  204.40 | grasp100  96.0% | best 0.985 |     35 st/s
    done(50): success=49 t_flicker=1
Ep 17500 | score  206.24 | avg100  199.09 | grasp100  93.0% | best 0.985 |     35 st/s
    done(50): success=44 t_flicker=5 t_touched=1
Ep 17550 | score  210.96 | avg100  199.26 | grasp100  93.0% | best 0.985 |     35 st/s
    done(50): success=49 t_touched=1
Ep 17600 | score  207.44 | avg100  208.11 | grasp100  99.0% | best 0.985 |     35 st/s
    done(50): success=50
Ep 17650 | score  208.12 | avg100  208.06 | grasp100  99.0% | best 0.985 |     35 st/s
    done(50): success=49 t_flicker=1
Ep 17700 | score  209.25 | avg100  205.43 | grasp100  97.0% | best 0.985 |     35 st/s
    done(50): success=48 t_flicker=1 t_touched=1
Ep 17750 | score  208.73 | avg100  202.55 | grasp100  95.0% | best 0.985 |     35 st/s
    done(50): success=47 t_flicker=2 t_touched=1
Ep 17800 | score  207.95 | avg100  205.89 | grasp100  97.0% | best 0.985 |     35 st/s
    done(50): success=50
Ep 17850 | score  207.79 | avg100  207.94 | grasp100  99.0% | best 0.985 |     35 st/s
    done(50): success=49 t_flicker=1
Ep 17900 | score  211.86 | avg100  205.60 | grasp100  98.0% | best 0.985 |     35 st/s
    done(50): success=49 t_flicker=1
Ep 17950 | score  207.43 | avg100  204.81 | grasp100  97.0% | best 0.985 |     35 st/s
    done(50): success=48 t_flicker=2
Ep 18000 | score  207.92 | avg100  206.34 | grasp100  97.0% | best 0.985 |     35 st/s
    done(50): success=49 t_flicker=1
Ep 18050 | score  205.89 | avg100  205.58 | grasp100  97.0% | best 0.985 |     35 st/s
    done(50): success=48 t_flicker=2
Ep 18100 | score  211.10 | avg100  206.22 | grasp100  98.0% | best 0.985 |     35 st/s
    done(50): success=50
Ep 18150 | score  205.83 | avg100  210.09 | grasp100 100.0% | best 0.985 |     35 st/s
    done(50): success=50
Ep 18200 | score  205.00 | avg100  207.19 | grasp100  98.0% | best 0.985 |     35 st/s
    done(50): success=48 t_flicker=2
Ep 18250 | score  211.85 | avg100  205.29 | grasp100  97.0% | best 0.985 |     35 st/s
    done(50): success=49 t_flicker=1
Ep 18300 | score  209.00 | avg100  208.37 | grasp100  99.0% | best 0.985 |     35 st/s
    done(50): success=50
Ep 18350 | score  207.78 | avg100  207.89 | grasp100  99.0% | best 0.985 |     35 st/s
    done(50): success=49 t_flicker=1
Ep 18400 | score  209.05 | avg100  203.49 | grasp100  97.0% | best 0.985 |     35 st/s
    done(50): success=48 t_flicker=2
Ep 18450 | score  211.66 | avg100  203.34 | grasp100  97.0% | best 0.985 |     35 st/s
    done(50): success=49 t_flicker=1
Ep 18500 | score  207.61 | avg100  204.13 | grasp100  97.0% | best 0.985 |     35 st/s
    done(50): success=48 t_flicker=2
Ep 18550 | score  208.89 | avg100  203.22 | grasp100  96.0% | best 0.985 |     35 st/s
    done(50): success=48 t_flicker=2
Ep 18600 | score  206.43 | avg100  203.22 | grasp100  96.0% | best 0.985 |     35 st/s
    done(50): success=48 t_flicker=2
Ep 18650 | score  210.07 | avg100  205.95 | grasp100  98.0% | best 0.985 |     35 st/s
    done(50): success=50
Ep 18700 | score  206.96 | avg100  204.43 | grasp100  97.0% | best 0.985 |     35 st/s
    done(50): success=47 t_flicker=3
Ep 18750 | score  209.60 | avg100  205.40 | grasp100  97.0% | best 0.985 |     35 st/s
    done(50): success=50
Ep 18800 | score  208.88 | avg100  207.25 | grasp100  98.0% | best 0.985 |     35 st/s
    done(50): success=48 t_flicker=2
  [primacy-bias reset of critic heads @ 275000 updates]
Ep 18850 | score   56.63 | avg100  202.08 | grasp100  95.0% | best 0.985 |     35 st/s
    done(50): success=47 t_flicker=3
Ep 18900 | score  209.56 | avg100  119.35 | grasp100  61.0% | best 0.985 |     35 st/s
    done(50): success=14 t_flicker=9 t_touched=12 t_no_reach=15
Ep 18950 | score   66.19 | avg100   95.11 | grasp100  46.0% | best 0.985 |     35 st/s
    done(50): success=32 t_flicker=13 t_touched=5
Ep 19000 | score   63.71 | avg100  158.73 | grasp100  69.0% | best 0.985 |     35 st/s
    done(50): success=37 t_flicker=12 t_touched=1
Ep 19050 | score  206.14 | avg100  181.11 | grasp100  82.0% | best 0.985 |     35 st/s
    done(50): success=45 t_flicker=5
Ep 19100 | score  147.56 | avg100  194.45 | grasp100  87.0% | best 0.985 |     35 st/s
    done(50): success=42 t_flicker=8
Ep 19150 | score  209.60 | avg100  196.07 | grasp100  88.0% | best 0.985 |     35 st/s
    done(50): success=46 t_flicker=4
Ep 19200 | score  207.80 | avg100  198.15 | grasp100  91.0% | best 0.985 |     35 st/s
    done(50): success=45 t_flicker=4 t_touched=1
Ep 19250 | score  210.71 | avg100  197.92 | grasp100  91.0% | best 0.985 |     35 st/s
    done(50): success=46 t_flicker=4
Ep 19300 | score  207.23 | avg100  200.17 | grasp100  93.0% | best 0.985 |     35 st/s
    done(50): success=47 t_flicker=3
Ep 19350 | score  210.09 | avg100  203.19 | grasp100  96.0% | best 0.985 |     35 st/s
    done(50): success=49 t_flicker=1
Ep 19400 | score  208.77 | avg100  205.54 | grasp100  98.0% | best 0.985 |     35 st/s
    done(50): success=49 t_flicker=1
Ep 19450 | score  208.20 | avg100  207.39 | grasp100  99.0% | best 0.985 |     35 st/s
    done(50): success=50
Ep 19500 | score  209.46 | avg100  207.05 | grasp100  98.0% | best 0.985 |     35 st/s
    done(50): success=48 t_flicker=2
Ep 19550 | score  209.17 | avg100  206.90 | grasp100  98.0% | best 0.985 |     35 st/s
    done(50): success=50
Ep 19600 | score  207.88 | avg100  208.61 | grasp100 100.0% | best 0.985 |     35 st/s
    done(50): success=50
Ep 19650 | score  208.66 | avg100  208.60 | grasp100 100.0% | best 0.985 |     35 st/s
    done(50): success=50
Ep 19700 | score  209.12 | avg100  207.20 | grasp100  99.0% | best 0.985 |     35 st/s
    done(50): success=49 t_flicker=1
Ep 19750 | score  210.84 | avg100  205.24 | grasp100  97.0% | best 0.985 |     35 st/s
    done(50): success=48 t_flicker=2
Ep 19800 | score  206.79 | avg100  205.50 | grasp100  97.0% | best 0.985 |     35 st/s
    done(50): success=49 t_flicker=1
Ep 19850 | score  206.64 | avg100  206.97 | grasp100  99.0% | best 0.985 |     35 st/s
    done(50): success=50
Ep 19900 | score  211.12 | avg100  203.31 | grasp100  96.0% | best 0.985 |     35 st/s
    done(50): success=46 t_flicker=2 t_touched=2
Ep 19950 | score  212.90 | avg100  202.69 | grasp100  95.0% | best 0.985 |     35 st/s
    done(50): success=49 t_flicker=1
Ep 20000 | score  206.34 | avg100  206.01 | grasp100  98.0% | best 0.985 |     35 st/s
    done(50): success=49 t_flicker=1
Ep 20050 | score  206.08 | avg100  203.48 | grasp100  97.0% | best 0.985 |     35 st/s
    done(50): success=48 t_flicker=1 t_touched=1
Ep 20100 | score  208.40 | avg100  202.26 | grasp100  96.0% | best 0.985 |     35 st/s
    done(50): success=48 t_flicker=2
Ep 20150 | score  205.83 | avg100  202.33 | grasp100  95.0% | best 0.985 |     35 st/s
    done(50): success=47 t_flicker=3
Ep 20200 | score  207.49 | avg100  204.75 | grasp100  96.0% | best 0.985 |     35 st/s
    done(50): success=49 t_flicker=1
Ep 20250 | score  208.00 | avg100  207.57 | grasp100  98.0% | best 0.985 |     35 st/s
    done(50): success=49 t_flicker=1
Ep 20300 | score  209.55 | avg100  205.97 | grasp100  97.0% | best 0.985 |     35 st/s
    done(50): success=48 t_flicker=2
Ep 20350 | score  209.61 | avg100  205.07 | grasp100  97.0% | best 0.985 |     35 st/s
    done(50): success=49 t_flicker=1
Ep 20400 | score  208.97 | avg100  202.53 | grasp100  95.0% | best 0.985 |     35 st/s
    done(50): success=46 t_flicker=3 t_touched=1
Ep 20450 | score  208.75 | avg100  204.31 | grasp100  96.0% | best 0.985 |     35 st/s
    done(50): success=50
Ep 20500 | score  206.82 | avg100  202.63 | grasp100  96.0% | best 0.985 |     35 st/s
    done(50): success=46 t_flicker=4
Ep 20550 | score  208.70 | avg100  201.49 | grasp100  95.0% | best 0.985 |     35 st/s
    done(50): success=49 t_flicker=1
Ep 20600 | score  209.57 | avg100  206.33 | grasp100  98.0% | best 0.985 |     35 st/s
    done(50): success=49 t_flicker=1
Ep 20650 | score  208.27 | avg100  207.58 | grasp100  99.0% | best 0.985 |     35 st/s
    done(50): success=50
Ep 20700 | score  207.97 | avg100  209.18 | grasp100 100.0% | best 0.985 |     35 st/s
    done(50): success=50
Ep 20750 | score  208.54 | avg100  204.14 | grasp100  96.0% | best 0.985 |     35 st/s
    done(50): success=46 t_flicker=3 t_touched=1
Ep 20800 | score  206.94 | avg100  202.80 | grasp100  95.0% | best 0.985 |     35 st/s
    done(50): success=49 t_flicker=1
  [primacy-bias reset of critic heads @ 300000 updates]
Ep 20850 | score  211.30 | avg100  130.65 | grasp100  68.0% | best 0.985 |     35 st/s
    done(50): success=19 t_flicker=5 t_touched=15 t_no_reach=11
Ep 20900 | score  210.73 | avg100  107.71 | grasp100  52.0% | best 0.985 |     35 st/s
    done(50): success=33 t_flicker=15 t_touched=2
Ep 20950 | score  207.70 | avg100  179.34 | grasp100  79.0% | best 0.985 |     35 st/s
    done(50): success=46 t_flicker=4
Ep 21000 | score   90.72 | avg100  195.04 | grasp100  90.0% | best 0.985 |     35 st/s
    done(50): success=44 t_flicker=6
Ep 21050 | score  210.49 | avg100  199.10 | grasp100  93.0% | best 0.985 |     35 st/s
    done(50): success=49 t_flicker=1
Ep 21100 | score  207.05 | avg100  200.31 | grasp100  92.0% | best 0.985 |     35 st/s
    done(50): success=43 t_flicker=7
Ep 21150 | score  207.93 | avg100  198.40 | grasp100  90.0% | best 0.985 |     35 st/s
    done(50): success=47 t_flicker=3
Ep 21200 | score  209.57 | avg100  201.30 | grasp100  93.0% | best 0.985 |     35 st/s
    done(50): success=46 t_flicker=3 t_touched=1
Ep 21250 | score  210.38 | avg100  197.47 | grasp100  91.0% | best 0.985 |     35 st/s
    done(50): success=45 t_flicker=5
Ep 21300 | score  210.23 | avg100  200.52 | grasp100  94.0% | best 0.985 |     35 st/s
    done(50): success=49 t_flicker=1
Ep 21350 | score  209.81 | avg100  202.06 | grasp100  95.0% | best 0.985 |     35 st/s
    done(50): success=46 t_flicker=4
Ep 21400 | score  207.85 | avg100  198.92 | grasp100  93.0% | best 0.985 |     35 st/s
    done(50): success=47 t_flicker=3
Ep 21450 | score  208.11 | avg100  199.61 | grasp100  93.0% | best 0.985 |     35 st/s
    done(50): success=46 t_flicker=3 t_touched=1
Ep 21500 | score  206.33 | avg100  202.71 | grasp100  95.0% | best 0.985 |     35 st/s
    done(50): success=49 t_flicker=1
Ep 21550 | score  209.81 | avg100  205.28 | grasp100  97.0% | best 0.985 |     35 st/s
    done(50): success=48 t_flicker=2
Ep 21600 | score  207.34 | avg100  203.02 | grasp100  95.0% | best 0.985 |     35 st/s
    done(50): success=47 t_flicker=3
Ep 21650 | score  208.16 | avg100  203.29 | grasp100  96.0% | best 0.985 |     35 st/s
    done(50): success=49 t_flicker=1
Ep 21700 | score  209.94 | avg100  205.07 | grasp100  98.0% | best 0.985 |     35 st/s
    done(50): success=49 t_flicker=1
Ep 21750 | score  207.42 | avg100  205.22 | grasp100  98.0% | best 0.985 |     35 st/s
    done(50): success=49 t_flicker=1
Ep 21800 | score  209.85 | avg100  206.31 | grasp100  98.0% | best 0.985 |     35 st/s
    done(50): success=49 t_flicker=1
Ep 21850 | score  211.25 | avg100  205.89 | grasp100  97.0% | best 0.985 |     35 st/s
    done(50): success=48 t_flicker=2
Ep 21900 | score  208.29 | avg100  205.35 | grasp100  97.0% | best 0.985 |     35 st/s
    done(50): success=49 t_flicker=1
Ep 21950 | score  210.03 | avg100  202.35 | grasp100  95.0% | best 0.985 |     35 st/s
    done(50): success=46 t_flicker=3 t_touched=1
Ep 22000 | score  208.09 | avg100  202.97 | grasp100  95.0% | best 0.985 |     35 st/s
    done(50): success=49 t_flicker=1
Ep 22050 | score  207.71 | avg100  201.66 | grasp100  95.0% | best 0.985 |     34 st/s
    done(50): success=46 t_flicker=4
Ep 22100 | score  208.28 | avg100  199.68 | grasp100  94.0% | best 0.985 |     34 st/s
    done(50): success=48 t_flicker=2
Ep 22150 | score  210.07 | avg100  206.30 | grasp100  98.0% | best 0.985 |     34 st/s
    done(50): success=50
Ep 22200 | score  207.57 | avg100  209.10 | grasp100 100.0% | best 0.985 |     34 st/s
    done(50): success=50
Ep 22250 | score  207.64 | avg100  207.82 | grasp100  99.0% | best 0.985 |     34 st/s
    done(50): success=49 t_flicker=1
Ep 22300 | score  207.51 | avg100  203.44 | grasp100  96.0% | best 0.985 |     34 st/s
    done(50): success=47 t_flicker=3
Ep 22350 | score  209.48 | avg100  203.26 | grasp100  96.0% | best 0.985 |     34 st/s
    done(50): success=49 t_flicker=1
Ep 22400 | score  209.24 | avg100  205.73 | grasp100  97.0% | best 0.985 |     34 st/s
    done(50): success=48 t_flicker=2
Ep 22450 | score  211.61 | avg100  204.95 | grasp100  96.0% | best 0.985 |     34 st/s
    done(50): success=48 t_flicker=2
Ep 22500 | score  211.05 | avg100  207.03 | grasp100  98.0% | best 0.985 |     34 st/s
    done(50): success=50
Ep 22550 | score  211.62 | avg100  207.55 | grasp100  98.0% | best 0.985 |     34 st/s
    done(50): success=48 t_flicker=2
Ep 22600 | score  210.61 | avg100  206.26 | grasp100  97.0% | best 0.985 |     34 st/s
    done(50): success=49 t_flicker=1
Ep 22650 | score  209.88 | avg100  206.10 | grasp100  98.0% | best 0.985 |     34 st/s
    done(50): success=49 t_flicker=1
Ep 22700 | score  208.10 | avg100  203.39 | grasp100  96.0% | best 0.985 |     34 st/s
    done(50): success=47 t_flicker=3
Ep 22750 | score  205.49 | avg100  203.07 | grasp100  95.0% | best 0.985 |     34 st/s
    done(50): success=48 t_flicker=2
Ep 22800 | score  208.70 | avg100  203.90 | grasp100  96.0% | best 0.985 |     34 st/s
    done(50): success=48 t_flicker=2
Ep 22850 | score  207.87 | avg100  205.05 | grasp100  97.0% | best 0.985 |     34 st/s
    done(50): success=49 t_flicker=1
  [primacy-bias reset of critic heads @ 325000 updates]
Ep 22900 | score  213.11 | avg100  140.52 | grasp100  65.0% | best 0.985 |     34 st/s
    done(50): success=16 t_flicker=16 t_touched=11 t_no_reach=7
Ep 22950 | score  209.25 | avg100  102.37 | grasp100  41.0% | best 0.985 |     34 st/s
    done(50): success=25 t_flicker=21 t_touched=4
Ep 23000 | score  211.12 | avg100  156.87 | grasp100  67.0% | best 0.985 |     34 st/s
    done(50): success=42 t_flicker=7 t_touched=1
Ep 23050 | score  206.77 | avg100  188.46 | grasp100  87.0% | best 0.985 |     34 st/s
    done(50): success=45 t_flicker=4 t_touched=1
Ep 23100 | score  208.78 | avg100  193.53 | grasp100  88.0% | best 0.985 |     34 st/s
    done(50): success=43 t_flicker=7
Ep 23150 | score  209.77 | avg100  193.58 | grasp100  86.0% | best 0.985 |     34 st/s
    done(50): success=43 t_flicker=7
Ep 23200 | score  208.97 | avg100  197.60 | grasp100  89.0% | best 0.985 |     34 st/s
    done(50): success=46 t_flicker=4
Ep 23250 | score  206.89 | avg100  203.47 | grasp100  94.0% | best 0.985 |     34 st/s
    done(50): success=48 t_flicker=2
Ep 23300 | score  209.54 | avg100  203.29 | grasp100  95.0% | best 0.985 |     34 st/s
    done(50): success=47 t_flicker=3
Ep 23350 | score  206.17 | avg100  199.22 | grasp100  93.0% | best 0.985 |     34 st/s
    done(50): success=46 t_flicker=4
Ep 23400 | score  203.28 | avg100  201.24 | grasp100  94.0% | best 0.985 |     34 st/s
    done(50): success=48 t_flicker=2
Ep 23450 | score  209.14 | avg100  205.43 | grasp100  97.0% | best 0.985 |     34 st/s
    done(50): success=49 t_flicker=1
Ep 23500 | score  206.46 | avg100  205.80 | grasp100  98.0% | best 0.985 |     34 st/s
    done(50): success=49 t_flicker=1
Ep 23550 | score  209.10 | avg100  205.69 | grasp100  98.0% | best 0.985 |     34 st/s
    done(50): success=49 t_flicker=1
Ep 23600 | score  204.88 | avg100  204.76 | grasp100  97.0% | best 0.985 |     34 st/s
    done(50): success=48 t_flicker=2
Ep 23650 | score  207.91 | avg100  206.51 | grasp100  98.0% | best 0.985 |     34 st/s
    done(50): success=50
Ep 23700 | score  205.53 | avg100  207.61 | grasp100  99.0% | best 0.985 |     34 st/s
    done(50): success=49 t_flicker=1
Ep 23750 | score  206.41 | avg100  201.48 | grasp100  95.0% | best 0.985 |     34 st/s
    done(50): success=46 t_flicker=4
Ep 23800 | score  206.92 | avg100  201.78 | grasp100  95.0% | best 0.985 |     34 st/s
    done(50): success=49 t_flicker=1
Ep 23850 | score  211.06 | avg100  205.61 | grasp100  98.0% | best 0.985 |     34 st/s
    done(50): success=49 t_flicker=1
Ep 23900 | score  209.69 | avg100  205.61 | grasp100  98.0% | best 0.985 |     34 st/s
    done(50): success=49 t_flicker=1
Ep 23950 | score  213.78 | avg100  206.52 | grasp100  98.0% | best 0.985 |     34 st/s
    done(50): success=49 t_flicker=1
Ep 24000 | score  207.88 | avg100  207.33 | grasp100  98.0% | best 0.985 |     34 st/s
    done(50): success=49 t_flicker=1
Ep 24050 | score  209.27 | avg100  206.36 | grasp100  97.0% | best 0.985 |     34 st/s
    done(50): success=48 t_flicker=2
Ep 24100 | score  207.22 | avg100  204.70 | grasp100  96.0% | best 0.985 |     34 st/s
    done(50): success=48 t_flicker=2
Ep 24150 | score  209.45 | avg100  205.58 | grasp100  97.0% | best 0.985 |     34 st/s
    done(50): success=49 t_flicker=1
Ep 24200 | score  209.16 | avg100  206.02 | grasp100  98.0% | best 0.985 |     34 st/s
    done(50): success=49 t_flicker=1
Ep 24250 | score  209.62 | avg100  203.77 | grasp100  96.0% | best 0.985 |     34 st/s
    done(50): success=47 t_flicker=3
Ep 24300 | score  208.30 | avg100  204.75 | grasp100  97.0% | best 0.985 |     34 st/s
    done(50): success=50
Ep 24350 | score  210.47 | avg100  203.36 | grasp100  97.0% | best 0.985 |     34 st/s
    done(50): success=47 t_flicker=3
Ep 24400 | score  207.71 | avg100  201.34 | grasp100  96.0% | best 0.985 |     34 st/s
    done(50): success=49 t_flicker=1
Ep 24450 | score  213.00 | avg100  206.23 | grasp100  99.0% | best 0.985 |     34 st/s
    done(50): success=50
Ep 24500 | score  208.06 | avg100  207.57 | grasp100  98.0% | best 0.985 |     34 st/s
    done(50): success=48 t_flicker=2
Ep 24550 | score  210.38 | avg100  206.88 | grasp100  97.0% | best 0.985 |     34 st/s
    done(50): success=49 t_flicker=1
Ep 24600 | score  211.57 | avg100  206.60 | grasp100  98.0% | best 0.985 |     34 st/s
    done(50): success=49 t_flicker=1
Ep 24650 | score  211.23 | avg100  203.15 | grasp100  96.0% | best 0.985 |     34 st/s
    done(50): success=47 t_flicker=2 t_touched=1
Ep 24700 | score  206.68 | avg100  204.11 | grasp100  96.0% | best 0.985 |     34 st/s
    done(50): success=49 t_flicker=1
Ep 24750 | score  205.83 | avg100  206.85 | grasp100  98.0% | best 0.985 |     34 st/s
    done(50): success=49 t_flicker=1
Ep 24800 | score  208.16 | avg100  205.98 | grasp100  98.0% | best 0.985 |     34 st/s
    done(50): success=49 t_flicker=1
Ep 24850 | score  206.27 | avg100  202.96 | grasp100  96.0% | best 0.985 |     34 st/s
    done(50): success=47 t_flicker=3
  [primacy-bias reset of critic heads @ 350000 updates]
Ep 24900 | score  -79.88 | avg100  183.96 | grasp100  88.0% | best 0.985 |     34 st/s
    done(50): success=41 t_flicker=2 t_touched=3 t_no_reach=4
Ep 24950 | score  211.29 | avg100  103.90 | grasp100  58.0% | best 0.985 |     34 st/s
    done(50): success=17 t_flicker=6 t_touched=3 t_no_reach=24
Ep 25000 | score   62.31 | avg100   97.54 | grasp100  52.0% | best 0.985 |     34 st/s
    done(50): success=35 t_flicker=10 t_touched=5

========================================================================
DONE  td3_ln_buf1000k_s0
  Episodes     : 25000
  Env steps    : 891,350  (26111s)
  Best metric  : 0.985  (policy in /home/fahim/Thesis_fahim/pickandplace/checkpoints/td3_grasp_rand_td3_ln_buf1000k_s0/best)
  Final grasp% : 52.0
  CSV          : /home/fahim/Thesis_fahim/pickandplace/logs/grasp_rand_td3_ln_buf1000k_s0/episodes.csv
  Probe CSV    : /home/fahim/Thesis_fahim/pickandplace/logs/grasp_rand_td3_ln_buf1000k_s0/probe.csv
  Manifest     : /home/fahim/Thesis_fahim/pickandplace/logs/grasp_rand_td3_ln_buf1000k_s0/manifest.json
========================================================================

