[robosuite WARNING] No private macro file found! (__init__.py:7)
[robosuite WARNING] It is recommended to use a private macro file (__init__.py:8)
[robosuite WARNING] To setup, run: python /home/fahim/Thesis_fahim/venv/lib/python3.12/site-packages/robosuite/scripts/setup_macros.py (__init__.py:9)
Gym has been unmaintained since 2022 and does not support NumPy 2.0 amongst other critical functionality.
Please upgrade to Gymnasium, the maintained drop-in replacement of Gym, or contact the authors of your software and request that they upgrade.
See the migration guide at https://gymnasium.farama.org/introduction/migration_guide/ for additional information.
/home/fahim/Thesis_fahim/venv/lib/python3.12/site-packages/gym/spaces/box.py:84: UserWarning: [33mWARN: Box bound precision lowered by casting to float32[0m
  logger.warn(f"Box bound precision lowered by casting to {self.dtype}")
  [PlaceWrapper] Grasp agent loaded from /home/fahim/Thesis_fahim/pickandplace/checkpoints/td3_grasp_rand_td3_ln_cereal_alignwarm_s0/best
  ep 0: transport_stall        steps  92  R_custom   -27.39  R_builtin   46.43
  ep 1: fell_off_table         steps  96  R_custom   -30.17  R_builtin   23.91
  ep 2: transport_stall        steps 176  R_custom   -56.22  R_builtin   34.39
  ep 3: timeout_dropped        steps 200  R_custom   -69.73  R_builtin   22.48
  ep 4: transport_stall        steps 104  R_custom   -29.11  R_builtin   53.10
  ep 5: timeout_dropped        steps 200  R_custom   -27.74  R_builtin   11.74
  ep 6: transport_stall        steps  85  R_custom   -27.56  R_builtin   43.69
  ep 7: timeout_dropped        steps 200  R_custom   -61.99  R_builtin   14.63
  ep 8: transport_stall        steps 101  R_custom   -26.97  R_builtin   40.73
  ep 9: transport_stall        steps  87  R_custom   -26.01  R_builtin   34.13
  ep 10: transport_stall        steps  88  R_custom   -33.90  R_builtin   33.91
  ep 11: timeout_dropped        steps 200  R_custom   -38.05  R_builtin   17.46
  ep 12: timeout_dropped        steps 200  R_custom   -69.80  R_builtin   19.02
  ep 13: transport_stall        steps  99  R_custom   -28.69  R_builtin   50.40
  ep 14: transport_stall        steps 101  R_custom   -74.82  R_builtin   30.02
  ep 15: timeout_dropped        steps 200  R_custom   -54.84  R_builtin   59.60
  ep 16: timeout_dropped        steps 200  R_custom   -30.12  R_builtin   15.09
  ep 17: success                steps  44  R_custom   147.54  R_builtin   23.10
  ep 18: transport_stall        steps 138  R_custom   -53.65  R_builtin   36.99
  ep 19: transport_stall        steps 140  R_custom  -116.11  R_builtin   31.93
