[robosuite WARNING] No private macro file found! (__init__.py:7)
[robosuite WARNING] It is recommended to use a private macro file (__init__.py:8)
[robosuite WARNING] To setup, run: python /home/fahim/Thesis_fahim/venv/lib/python3.12/site-packages/robosuite/scripts/setup_macros.py (__init__.py:9)
Gym has been unmaintained since 2022 and does not support NumPy 2.0 amongst other critical functionality.
Please upgrade to Gymnasium, the maintained drop-in replacement of Gym, or contact the authors of your software and request that they upgrade.
See the migration guide at https://gymnasium.farama.org/introduction/migration_guide/ for additional information.
/home/fahim/Thesis_fahim/venv/lib/python3.12/site-packages/gym/spaces/box.py:84: UserWarning: [33mWARN: Box bound precision lowered by casting to float32[0m
  logger.warn(f"Box bound precision lowered by casting to {self.dtype}")
  [PlaceWrapper] Grasp agent loaded from /home/fahim/Thesis_fahim/pickandplace/checkpoints/td3_grasp_rand_td3_ln_cereal_alignwarm_s0/best
  ep 0: success                steps   9  R_custom   149.33  R_builtin    5.01
  ep 1: success                steps  29  R_custom   147.58  R_builtin   15.65
  ep 2: success                steps  27  R_custom   152.59  R_builtin   12.12
  ep 3: success                steps  20  R_custom   148.50  R_builtin   11.14
  ep 4: success                steps   7  R_custom   149.53  R_builtin    4.31
  ep 5: success                steps   5  R_custom   149.65  R_builtin    2.90
  ep 6: success                steps  64  R_custom   145.72  R_builtin   33.20
  ep 7: success                steps  33  R_custom   147.55  R_builtin   17.85
  ep 8: success                steps  45  R_custom   146.25  R_builtin   23.69
  ep 9: success                steps  38  R_custom   146.89  R_builtin   20.24
  ep 10: success                steps  46  R_custom   147.03  R_builtin   24.21
  ep 11: success                steps  22  R_custom   148.24  R_builtin   12.23
  ep 12: success                steps   7  R_custom   149.51  R_builtin    4.32
  ep 13: success                steps  25  R_custom   148.15  R_builtin   13.75
  ep 14: success                steps  46  R_custom   147.00  R_builtin   23.76
  ep 15: success                steps  21  R_custom   148.75  R_builtin   11.60
  ep 16: success                steps   5  R_custom   149.68  R_builtin    2.91
  ep 17: success                steps  25  R_custom   148.27  R_builtin   13.68
  ep 18: transport_stall        steps  91  R_custom   -24.97  R_builtin   44.18
  ep 19: success                steps   5  R_custom   149.69  R_builtin    3.24
