========================================================================
RANDOM-SPAWN GRASP RETRAINING  |  algo=td3_ln  run=td3_ln_wide128_s2
========================================================================
  Envs                : 5 (subprocess-parallel, fork)
  Spawn level         : 2.0 (1.0 = full position box, 2.0 = + z-rotation)
  Updates/vec-step    : 2 (0.400 per env-step; historical baseline 0.5)
  Buffer              : 200,000
  Actor               : 128 -> 64  (14,528 weights)  [critics 64->32]
  Warm start          : checkpoints/wide128_from_qat8_s2
  Checkpoints         : /home/fahim/Thesis_fahim/pickandplace/checkpoints/td3_grasp_rand_td3_ln_wide128_s2
========================================================================

Spawning 5 subprocess environments (fork)...
[robosuite WARNING] No private macro file found! (__init__.py:7)
[robosuite WARNING] It is recommended to use a private macro file (__init__.py:8)
[robosuite WARNING] To setup, run: python /home/fahim/Thesis_fahim/venv/lib/python3.12/site-packages/robosuite/scripts/setup_macros.py (__init__.py:9)
[robosuite WARNING] No private macro file found! (__init__.py:7)
[robosuite WARNING] It is recommended to use a private macro file (__init__.py:8)
[robosuite WARNING] To setup, run: python /home/fahim/Thesis_fahim/venv/lib/python3.12/site-packages/robosuite/scripts/setup_macros.py (__init__.py:9)
[robosuite WARNING] No private macro file found! (__init__.py:7)
[robosuite WARNING] It is recommended to use a private macro file (__init__.py:8)
[robosuite WARNING] To setup, run: python /home/fahim/Thesis_fahim/venv/lib/python3.12/site-packages/robosuite/scripts/setup_macros.py (__init__.py:9)
[robosuite WARNING] No private macro file found! (__init__.py:7)
[robosuite WARNING] It is recommended to use a private macro file (__init__.py:8)
[robosuite WARNING] To setup, run: python /home/fahim/Thesis_fahim/venv/lib/python3.12/site-packages/robosuite/scripts/setup_macros.py (__init__.py:9)
[robosuite WARNING] No private macro file found! (__init__.py:7)
[robosuite WARNING] It is recommended to use a private macro file (__init__.py:8)
[robosuite WARNING] To setup, run: python /home/fahim/Thesis_fahim/venv/lib/python3.12/site-packages/robosuite/scripts/setup_macros.py (__init__.py:9)
Gym has been unmaintained since 2022 and does not support NumPy 2.0 amongst other critical functionality.
Please upgrade to Gymnasium, the maintained drop-in replacement of Gym, or contact the authors of your software and request that they upgrade.
See the migration guide at https://gymnasium.farama.org/introduction/migration_guide/ for additional information.
Gym has been unmaintained since 2022 and does not support NumPy 2.0 amongst other critical functionality.
Please upgrade to Gymnasium, the maintained drop-in replacement of Gym, or contact the authors of your software and request that they upgrade.
See the migration guide at https://gymnasium.farama.org/introduction/migration_guide/ for additional information.
Gym has been unmaintained since 2022 and does not support NumPy 2.0 amongst other critical functionality.
Please upgrade to Gymnasium, the maintained drop-in replacement of Gym, or contact the authors of your software and request that they upgrade.
See the migration guide at https://gymnasium.farama.org/introduction/migration_guide/ for additional information.
Gym has been unmaintained since 2022 and does not support NumPy 2.0 amongst other critical functionality.
Please upgrade to Gymnasium, the maintained drop-in replacement of Gym, or contact the authors of your software and request that they upgrade.
See the migration guide at https://gymnasium.farama.org/introduction/migration_guide/ for additional information.
Gym has been unmaintained since 2022 and does not support NumPy 2.0 amongst other critical functionality.
Please upgrade to Gymnasium, the maintained drop-in replacement of Gym, or contact the authors of your software and request that they upgrade.
See the migration guide at https://gymnasium.farama.org/introduction/migration_guide/ for additional information.
/home/fahim/Thesis_fahim/venv/lib/python3.12/site-packages/gym/spaces/box.py:84: UserWarning: [33mWARN: Box bound precision lowered by casting to float32[0m
  logger.warn(f"Box bound precision lowered by casting to {self.dtype}")
/home/fahim/Thesis_fahim/venv/lib/python3.12/site-packages/gym/spaces/box.py:84: UserWarning: [33mWARN: Box bound precision lowered by casting to float32[0m
  logger.warn(f"Box bound precision lowered by casting to {self.dtype}")
/home/fahim/Thesis_fahim/venv/lib/python3.12/site-packages/gym/spaces/box.py:84: UserWarning: [33mWARN: Box bound precision lowered by casting to float32[0m
  logger.warn(f"Box bound precision lowered by casting to {self.dtype}")
/home/fahim/Thesis_fahim/venv/lib/python3.12/site-packages/gym/spaces/box.py:84: UserWarning: [33mWARN: Box bound precision lowered by casting to float32[0m
  logger.warn(f"Box bound precision lowered by casting to {self.dtype}")
/home/fahim/Thesis_fahim/venv/lib/python3.12/site-packages/gym/spaces/box.py:84: UserWarning: [33mWARN: Box bound precision lowered by casting to float32[0m
  logger.warn(f"Box bound precision lowered by casting to {self.dtype}")
Gym has been unmaintained since 2022 and does not support NumPy 2.0 amongst other critical functionality.
Please upgrade to Gymnasium, the maintained drop-in replacement of Gym, or contact the authors of your software and request that they upgrade.
See the migration guide at https://gymnasium.farama.org/introduction/migration_guide/ for additional information.
5 environments ready.

  Actor QAT           : per-tensor INT8 fake-quant, STE grads
  Actor weight clip   : |w| <= 8.0 * std(w) per Linear tensor (bi_s0 baseline fc1 9.96 / fc2 10.82)
Init: warm-started (source: /home/fahim/Thesis_fahim/pickandplace/checkpoints/wide128_from_qat8_s2)
Fresh replay buffer.

Training...

Ep    50 | score   57.27 | avg100  192.77 | grasp100  88.0% | best 0.000 |     49 st/s
    done(50): success=44 t_flicker=6
Ep   100 | score  209.22 | avg100  191.21 | grasp100  89.0% | best 0.000 |     51 st/s
    done(50): success=45 t_flicker=2 t_touched=3
Ep   150 | score  208.70 | avg100  186.84 | grasp100  89.0% | best 0.000 |     50 st/s
    done(50): success=44 t_flicker=2 t_touched=3 t_no_reach=1
Ep   200 | * BEST  level200=2.00 grasp200= 87.0% metric=0.870 | score  205.75
Ep   250 | score  203.46 | avg100  173.69 | grasp100  78.0% | best 0.870 |     42 st/s
    done(50): success=37 t_flicker=11 t_touched=2
Ep   300 | score   68.23 | avg100  168.56 | grasp100  74.0% | best 0.870 |     41 st/s
    done(50): success=37 t_flicker=10 t_touched=3
Ep   350 | score  205.35 | avg100  142.94 | grasp100  62.0% | best 0.870 |     41 st/s
    done(50): success=25 t_flicker=19 t_touched=5 t_no_reach=1
Ep   400 | score  202.95 | avg100  130.06 | grasp100  57.0% | best 0.870 |     42 st/s
    done(50): success=32 t_flicker=12 t_touched=5 t_no_reach=1
Ep   450 | score  206.64 | avg100  147.40 | grasp100  66.0% | best 0.870 |     41 st/s
    done(50): success=34 t_flicker=9 t_touched=7
Ep   500 | score  210.46 | avg100  169.04 | grasp100  76.0% | best 0.870 |     41 st/s
    done(50): success=42 t_flicker=6 t_touched=2
Ep   550 | score  206.62 | avg100  180.65 | grasp100  82.0% | best 0.870 |     40 st/s
    done(50): success=40 t_flicker=9 t_touched=1
Ep   600 | score  209.21 | avg100  173.44 | grasp100  80.0% | best 0.870 |     40 st/s
    done(50): success=40 t_flicker=8 t_touched=2
Ep   650 | score  214.01 | avg100  167.45 | grasp100  76.0% | best 0.870 |     40 st/s
    done(50): success=36 t_flicker=8 t_touched=6
Ep   700 | score  210.55 | avg100  176.01 | grasp100  79.0% | best 0.870 |     39 st/s
    done(50): success=43 t_flicker=7
Ep   750 | score  115.13 | avg100  178.23 | grasp100  80.0% | best 0.870 |     39 st/s
    done(50): success=37 t_flicker=9 t_touched=4
Ep   800 | score  209.44 | avg100  173.82 | grasp100  80.0% | best 0.870 |     39 st/s
    done(50): success=43 t_flicker=4 t_touched=3
Ep   850 | score  211.13 | avg100  178.13 | grasp100  84.0% | best 0.870 |     39 st/s
    done(50): success=41 t_flicker=5 t_touched=4
Ep   900 | score  207.84 | avg100  170.32 | grasp100  79.0% | best 0.870 |     39 st/s
    done(50): success=38 t_flicker=9 t_touched=3
Ep   950 | score  112.14 | avg100  171.10 | grasp100  77.0% | best 0.870 |     39 st/s
    done(50): success=39 t_flicker=9 t_touched=2
Ep  1000 | score  200.40 | avg100  176.16 | grasp100  78.0% | best 0.870 |     39 st/s
    done(50): success=39 t_flicker=7 t_touched=4
Ep  1050 | score  211.89 | avg100  173.93 | grasp100  76.0% | best 0.870 |     39 st/s
    done(50): success=37 t_flicker=10 t_touched=3
Ep  1100 | score  206.04 | avg100  178.79 | grasp100  79.0% | best 0.870 |     39 st/s
    done(50): success=42 t_flicker=7 t_touched=1
Ep  1150 | score   91.12 | avg100  185.97 | grasp100  83.0% | best 0.870 |     39 st/s
    done(50): success=41 t_flicker=8 t_touched=1
Ep  1200 | score  206.44 | avg100  181.68 | grasp100  79.0% | best 0.870 |     39 st/s
    done(50): success=38 t_flicker=11 t_touched=1
Ep  1250 | score  205.11 | avg100  174.06 | grasp100  75.0% | best 0.870 |     39 st/s
    done(50): success=37 t_flicker=10 t_touched=3
Ep  1300 | score  205.63 | avg100  178.99 | grasp100  80.0% | best 0.870 |     39 st/s
    done(50): success=43 t_flicker=7
  [primacy-bias reset of critic heads @ 25000 updates]
Ep  1350 | score  -41.81 | avg100  175.53 | grasp100  80.0% | best 0.870 |     39 st/s
    done(50): success=37 t_flicker=8 t_touched=4 t_no_reach=1
Ep  1400 | score  -75.63 | avg100   58.92 | grasp100  38.0% | best 0.870 |     40 st/s
    done(50): success=1 t_flicker=5 t_touched=8 t_no_reach=36
Ep  1450 | score  -65.85 | avg100  -11.19 | grasp100  13.0% | best 0.870 |     41 st/s
    done(50): success=12 t_flicker=6 t_touched=5 t_no_reach=27
Ep  1500 | score  211.16 | avg100   85.06 | grasp100  46.0% | best 0.870 |     41 st/s
    done(50): success=34 t_flicker=10 t_touched=2 t_no_reach=4
Ep  1550 | score  207.89 | avg100  156.85 | grasp100  71.0% | best 0.870 |     41 st/s
    done(50): success=37 t_flicker=10 t_touched=3
Ep  1600 | score    8.23 | avg100  168.36 | grasp100  75.0% | best 0.870 |     41 st/s
    done(50): success=38 t_flicker=8 t_touched=4
Ep  1650 | score   58.94 | avg100  163.64 | grasp100  74.0% | best 0.870 |     41 st/s
    done(50): success=36 t_flicker=8 t_touched=6
Ep  1700 | score  200.38 | avg100  159.89 | grasp100  72.0% | best 0.870 |     41 st/s
    done(50): success=36 t_flicker=11 t_touched=3
Ep  1750 | score  206.98 | avg100  167.76 | grasp100  74.0% | best 0.870 |     41 st/s
    done(50): success=38 t_flicker=11 t_touched=1
Ep  1800 | score   90.87 | avg100  164.92 | grasp100  71.0% | best 0.870 |     41 st/s
    done(50): success=33 t_flicker=15 t_touched=2
Ep  1850 | score  207.29 | avg100  157.90 | grasp100  66.0% | best 0.870 |     41 st/s
    done(50): success=33 t_flicker=11 t_touched=6
Ep  1900 | score  -28.24 | avg100  159.96 | grasp100  69.0% | best 0.870 |     41 st/s
    done(50): success=36 t_flicker=11 t_touched=3
Ep  1950 | score  207.21 | avg100  169.54 | grasp100  77.0% | best 0.870 |     41 st/s
    done(50): success=41 t_flicker=5 t_touched=4
Ep  2000 | score  207.87 | avg100  174.28 | grasp100  78.0% | best 0.870 |     41 st/s
    done(50): success=37 t_flicker=11 t_touched=2
Ep  2050 | score  209.27 | avg100  175.51 | grasp100  77.0% | best 0.870 |     41 st/s
    done(50): success=40 t_flicker=8 t_touched=2
Ep  2100 | score  210.32 | avg100  181.01 | grasp100  81.0% | best 0.870 |     41 st/s
    done(50): success=41 t_flicker=7 t_touched=2
Ep  2150 | score  204.62 | avg100  179.64 | grasp100  81.0% | best 0.870 |     41 st/s
    done(50): success=40 t_flicker=5 t_touched=5
Ep  2200 | score  207.23 | avg100  183.70 | grasp100  84.0% | best 0.870 |     41 st/s
    done(50): success=44 t_flicker=4 t_touched=2
Ep  2250 | score  207.69 | avg100  190.21 | grasp100  89.0% | best 0.870 |     41 st/s
    done(50): success=45 t_flicker=3 t_touched=2
Ep  2300 | score  207.84 | avg100  186.52 | grasp100  85.0% | best 0.870 |     41 st/s
    done(50): success=40 t_flicker=7 t_touched=3
  [primacy-bias reset of critic heads @ 50000 updates]
Ep  2350 | score  -58.62 | avg100  150.94 | grasp100  67.0% | best 0.870 |     41 st/s
    done(50): success=27 t_flicker=10 t_touched=8 t_no_reach=5
Ep  2400 | score   85.74 | avg100  110.85 | grasp100  47.0% | best 0.870 |     42 st/s
    done(50): success=20 t_flicker=14 t_touched=13 t_no_reach=3
Ep  2450 | score   66.80 | avg100  117.52 | grasp100  51.0% | best 0.870 |     42 st/s
    done(50): success=31 t_flicker=9 t_touched=9 t_no_reach=1
Ep  2500 | score  228.15 | avg100  151.18 | grasp100  70.0% | best 0.870 |     42 st/s
    done(50): success=39 t_flicker=5 t_touched=6
Ep  2550 | score  207.31 | avg100  178.80 | grasp100  82.0% | best 0.870 |     42 st/s
    done(50): success=43 t_flicker=6 t_touched=1
Ep  2600 | score  205.59 | avg100  190.29 | grasp100  88.0% | best 0.870 |     42 st/s
    done(50): success=45 t_flicker=4 t_touched=1
Ep  2650 | score  207.59 | avg100  186.64 | grasp100  86.0% | best 0.870 |     42 st/s
    done(50): success=41 t_flicker=7 t_touched=2
Ep  2700 | score  208.85 | avg100  187.00 | grasp100  86.0% | best 0.870 |     42 st/s
    done(50): success=45 t_flicker=4 t_touched=1
Ep  2750 | score  205.37 | avg100  192.83 | grasp100  89.0% | best 0.870 |     42 st/s
    done(50): success=44 t_flicker=6
Ep  2770 | * BEST  level200=2.00 grasp200= 88.5% metric=0.885 | score  214.57
Ep  2800 | score  201.49 | avg100  196.73 | grasp100  92.0% | best 0.885 |     42 st/s
    done(50): success=48 t_flicker=2
Ep  2807 | * BEST  level200=2.00 grasp200= 90.0% metric=0.900 | score  205.73
Ep  2850 | score  207.21 | avg100  194.21 | grasp100  90.0% | best 0.900 |     42 st/s
    done(50): success=42 t_flicker=7 t_touched=1
Ep  2900 | score  211.61 | avg100  165.57 | grasp100  72.0% | best 0.900 |     42 st/s
    done(50): success=30 t_flicker=16 t_touched=4
Ep  2950 | score  205.38 | avg100  161.21 | grasp100  69.0% | best 0.900 |     42 st/s
    done(50): success=39 t_flicker=10 t_touched=1
Ep  3000 | score  207.94 | avg100  177.21 | grasp100  76.0% | best 0.900 |     42 st/s
    done(50): success=37 t_flicker=11 t_touched=2
Ep  3050 | score  209.40 | avg100  179.85 | grasp100  78.0% | best 0.900 |     42 st/s
    done(50): success=41 t_flicker=7 t_touched=2
Ep  3100 | score  206.09 | avg100  182.99 | grasp100  82.0% | best 0.900 |     42 st/s
    done(50): success=41 t_flicker=9
Ep  3150 | score  195.19 | avg100  187.76 | grasp100  87.0% | best 0.900 |     42 st/s
    done(50): success=46 t_touched=4
Ep  3200 | score   78.01 | avg100  191.63 | grasp100  89.0% | best 0.900 |     42 st/s
    done(50): success=43 t_flicker=7
Ep  3250 | score  210.28 | avg100  185.80 | grasp100  84.0% | best 0.900 |     42 st/s
    done(50): success=41 t_flicker=8 t_touched=1
Ep  3300 | score  198.93 | avg100  186.02 | grasp100  86.0% | best 0.900 |     42 st/s
    done(50): success=45 t_flicker=2 t_touched=3
Ep  3350 | score  202.46 | avg100  189.35 | grasp100  90.0% | best 0.900 |     42 st/s
    done(50): success=45 t_flicker=2 t_touched=3
Ep  3400 | score  210.23 | avg100  191.58 | grasp100  91.0% | best 0.900 |     42 st/s
    done(50): success=46 t_flicker=4
Ep  3450 | score  206.89 | avg100  193.62 | grasp100  91.0% | best 0.900 |     42 st/s
    done(50): success=45 t_flicker=4 t_touched=1
Ep  3456 | * BEST  level200=2.00 grasp200= 91.5% metric=0.915 | score  207.80
Ep  3500 | score  207.00 | avg100  195.62 | grasp100  92.0% | best 0.915 |     42 st/s
    done(50): success=47 t_flicker=2 t_touched=1
Ep  3550 | score  199.61 | avg100  191.15 | grasp100  90.0% | best 0.915 |     42 st/s
    done(50): success=43 t_flicker=5 t_touched=2
Ep  3600 | score  202.43 | avg100  190.84 | grasp100  90.0% | best 0.915 |     42 st/s
    done(50): success=47 t_flicker=2 t_touched=1

Target reached: 95.0% over 100 episodes at spawn level 2.0.

========================================================================
DONE  td3_ln_wide128_s2
  Episodes     : 3628
  Env steps    : 192,180  (4531s)
  Best metric  : 0.915  (policy in /home/fahim/Thesis_fahim/pickandplace/checkpoints/td3_grasp_rand_td3_ln_wide128_s2/best)
  Final grasp% : 95.0
  CSV          : /home/fahim/Thesis_fahim/pickandplace/logs/grasp_rand_td3_ln_wide128_s2/episodes.csv
  Probe CSV    : /home/fahim/Thesis_fahim/pickandplace/logs/grasp_rand_td3_ln_wide128_s2/probe.csv
  Manifest     : /home/fahim/Thesis_fahim/pickandplace/logs/grasp_rand_td3_ln_wide128_s2/manifest.json
========================================================================

