========================================================================
RANDOM-SPAWN GRASP RETRAINING  |  algo=td3_ln  run=td3_ln_wide128_s4
========================================================================
  Envs                : 5 (subprocess-parallel, fork)
  Spawn level         : 2.0 (1.0 = full position box, 2.0 = + z-rotation)
  Updates/vec-step    : 2 (0.400 per env-step; historical baseline 0.5)
  Buffer              : 200,000
  Actor               : 128 -> 64  (14,528 weights)  [critics 64->32]
  Warm start          : checkpoints/wide128_from_qat8_s4
  Checkpoints         : /home/fahim/Thesis_fahim/pickandplace/checkpoints/td3_grasp_rand_td3_ln_wide128_s4
========================================================================

Spawning 5 subprocess environments (fork)...
[robosuite WARNING] No private macro file found! (__init__.py:7)
[robosuite WARNING] It is recommended to use a private macro file (__init__.py:8)
[robosuite WARNING] To setup, run: python /home/fahim/Thesis_fahim/venv/lib/python3.12/site-packages/robosuite/scripts/setup_macros.py (__init__.py:9)
[robosuite WARNING] No private macro file found! (__init__.py:7)
[robosuite WARNING] It is recommended to use a private macro file (__init__.py:8)
[robosuite WARNING] To setup, run: python /home/fahim/Thesis_fahim/venv/lib/python3.12/site-packages/robosuite/scripts/setup_macros.py (__init__.py:9)
[robosuite WARNING] No private macro file found! (__init__.py:7)
[robosuite WARNING] It is recommended to use a private macro file (__init__.py:8)
[robosuite WARNING] To setup, run: python /home/fahim/Thesis_fahim/venv/lib/python3.12/site-packages/robosuite/scripts/setup_macros.py (__init__.py:9)
[robosuite WARNING] No private macro file found! (__init__.py:7)
[robosuite WARNING] It is recommended to use a private macro file (__init__.py:8)
[robosuite WARNING] To setup, run: python /home/fahim/Thesis_fahim/venv/lib/python3.12/site-packages/robosuite/scripts/setup_macros.py (__init__.py:9)
[robosuite WARNING] No private macro file found! (__init__.py:7)
[robosuite WARNING] It is recommended to use a private macro file (__init__.py:8)
[robosuite WARNING] To setup, run: python /home/fahim/Thesis_fahim/venv/lib/python3.12/site-packages/robosuite/scripts/setup_macros.py (__init__.py:9)
Gym has been unmaintained since 2022 and does not support NumPy 2.0 amongst other critical functionality.
Please upgrade to Gymnasium, the maintained drop-in replacement of Gym, or contact the authors of your software and request that they upgrade.
See the migration guide at https://gymnasium.farama.org/introduction/migration_guide/ for additional information.
Gym has been unmaintained since 2022 and does not support NumPy 2.0 amongst other critical functionality.
Please upgrade to Gymnasium, the maintained drop-in replacement of Gym, or contact the authors of your software and request that they upgrade.
See the migration guide at https://gymnasium.farama.org/introduction/migration_guide/ for additional information.
Gym has been unmaintained since 2022 and does not support NumPy 2.0 amongst other critical functionality.
Please upgrade to Gymnasium, the maintained drop-in replacement of Gym, or contact the authors of your software and request that they upgrade.
See the migration guide at https://gymnasium.farama.org/introduction/migration_guide/ for additional information.
Gym has been unmaintained since 2022 and does not support NumPy 2.0 amongst other critical functionality.
Please upgrade to Gymnasium, the maintained drop-in replacement of Gym, or contact the authors of your software and request that they upgrade.
See the migration guide at https://gymnasium.farama.org/introduction/migration_guide/ for additional information.
Gym has been unmaintained since 2022 and does not support NumPy 2.0 amongst other critical functionality.
Please upgrade to Gymnasium, the maintained drop-in replacement of Gym, or contact the authors of your software and request that they upgrade.
See the migration guide at https://gymnasium.farama.org/introduction/migration_guide/ for additional information.
/home/fahim/Thesis_fahim/venv/lib/python3.12/site-packages/gym/spaces/box.py:84: UserWarning: [33mWARN: Box bound precision lowered by casting to float32[0m
  logger.warn(f"Box bound precision lowered by casting to {self.dtype}")
/home/fahim/Thesis_fahim/venv/lib/python3.12/site-packages/gym/spaces/box.py:84: UserWarning: [33mWARN: Box bound precision lowered by casting to float32[0m
  logger.warn(f"Box bound precision lowered by casting to {self.dtype}")
/home/fahim/Thesis_fahim/venv/lib/python3.12/site-packages/gym/spaces/box.py:84: UserWarning: [33mWARN: Box bound precision lowered by casting to float32[0m
  logger.warn(f"Box bound precision lowered by casting to {self.dtype}")
/home/fahim/Thesis_fahim/venv/lib/python3.12/site-packages/gym/spaces/box.py:84: UserWarning: [33mWARN: Box bound precision lowered by casting to float32[0m
  logger.warn(f"Box bound precision lowered by casting to {self.dtype}")
/home/fahim/Thesis_fahim/venv/lib/python3.12/site-packages/gym/spaces/box.py:84: UserWarning: [33mWARN: Box bound precision lowered by casting to float32[0m
  logger.warn(f"Box bound precision lowered by casting to {self.dtype}")
Gym has been unmaintained since 2022 and does not support NumPy 2.0 amongst other critical functionality.
Please upgrade to Gymnasium, the maintained drop-in replacement of Gym, or contact the authors of your software and request that they upgrade.
See the migration guide at https://gymnasium.farama.org/introduction/migration_guide/ for additional information.
5 environments ready.

  Actor QAT           : per-tensor INT8 fake-quant, STE grads
  Actor weight clip   : |w| <= 8.0 * std(w) per Linear tensor (bi_s0 baseline fc1 9.96 / fc2 10.82)
Init: warm-started (source: /home/fahim/Thesis_fahim/pickandplace/checkpoints/wide128_from_qat8_s4)
Fresh replay buffer.

Training...

Ep    50 | score  209.82 | avg100  200.86 | grasp100  94.0% | best 0.000 |     51 st/s
    done(50): success=47 t_flicker=1 t_touched=2
Ep   100 | score  208.72 | avg100  195.52 | grasp100  91.0% | best 0.000 |     50 st/s
    done(50): success=44 t_flicker=6
Ep   150 | score  232.47 | avg100  194.37 | grasp100  91.0% | best 0.000 |     48 st/s
    done(50): success=47 t_flicker=3
Ep   200 | * BEST  level200=2.00 grasp200= 89.0% metric=0.890 | score   99.99
Ep   250 | score  -15.00 | avg100  183.57 | grasp100  81.0% | best 0.890 |     41 st/s
    done(50): success=41 t_flicker=8 t_touched=1
Ep   300 | score  216.47 | avg100  184.05 | grasp100  82.0% | best 0.890 |     39 st/s
    done(50): success=41 t_flicker=4 t_touched=4 t_no_reach=1
Ep   350 | score   49.63 | avg100  179.41 | grasp100  80.0% | best 0.890 |     39 st/s
    done(50): success=39 t_flicker=5 t_touched=6
Ep   400 | score  207.28 | avg100  180.74 | grasp100  81.0% | best 0.890 |     38 st/s
    done(50): success=42 t_flicker=5 t_touched=3
Ep   450 | score  209.77 | avg100  180.78 | grasp100  79.0% | best 0.890 |     38 st/s
    done(50): success=37 t_flicker=12 t_touched=1
Ep   500 | score    3.50 | avg100  162.59 | grasp100  71.0% | best 0.890 |     38 st/s
    done(50): success=34 t_flicker=10 t_touched=3 t_no_reach=3
Ep   550 | score  277.00 | avg100  156.45 | grasp100  72.0% | best 0.890 |     38 st/s
    done(50): success=38 t_flicker=8 t_touched=2 t_no_reach=2
Ep   600 | score  209.63 | avg100  168.50 | grasp100  75.0% | best 0.890 |     38 st/s
    done(50): success=37 t_flicker=10 t_touched=2 t_no_reach=1
Ep   650 | score  198.39 | avg100  165.48 | grasp100  73.0% | best 0.890 |     38 st/s
    done(50): success=36 t_flicker=10 t_touched=4
Ep   700 | score   92.79 | avg100  161.64 | grasp100  73.0% | best 0.890 |     38 st/s
    done(50): success=37 t_flicker=9 t_touched=4
Ep   750 | score  209.57 | avg100  170.93 | grasp100  78.0% | best 0.890 |     38 st/s
    done(50): success=41 t_flicker=6 t_touched=2 t_no_reach=1
Ep   800 | score  -12.43 | avg100  168.91 | grasp100  79.0% | best 0.890 |     38 st/s
    done(50): success=38 t_flicker=7 t_touched=3 t_no_reach=2
Ep   850 | score  206.02 | avg100  171.42 | grasp100  80.0% | best 0.890 |     38 st/s
    done(50): success=42 t_flicker=7 t_touched=1
Ep   900 | score  204.53 | avg100  173.66 | grasp100  82.0% | best 0.890 |     38 st/s
    done(50): success=40 t_flicker=6 t_touched=2 t_no_reach=2
Ep   950 | score  206.43 | avg100  171.14 | grasp100  82.0% | best 0.890 |     38 st/s
    done(50): success=42 t_flicker=6 t_touched=2
Ep  1000 | score  208.98 | avg100  174.24 | grasp100  80.0% | best 0.890 |     38 st/s
    done(50): success=38 t_flicker=11 t_touched=1
Ep  1050 | score  205.69 | avg100  179.59 | grasp100  81.0% | best 0.890 |     37 st/s
    done(50): success=43 t_flicker=6 t_touched=1
Ep  1100 | score  196.76 | avg100  192.07 | grasp100  89.0% | best 0.890 |     37 st/s
    done(50): success=46 t_flicker=4
Ep  1150 | score   57.83 | avg100  193.31 | grasp100  90.0% | best 0.890 |     37 st/s
    done(50): success=44 t_flicker=5 t_touched=1
Ep  1200 | score  209.56 | avg100  176.18 | grasp100  79.0% | best 0.890 |     37 st/s
    done(50): success=35 t_flicker=11 t_touched=4
Ep  1250 | score  209.44 | avg100  174.34 | grasp100  77.0% | best 0.890 |     37 st/s
    done(50): success=42 t_flicker=8
Ep  1300 | score  206.25 | avg100  176.57 | grasp100  80.0% | best 0.890 |     37 st/s
    done(50): success=38 t_flicker=11 t_touched=1
Ep  1350 | score   95.30 | avg100  182.18 | grasp100  84.0% | best 0.890 |     37 st/s
    done(50): success=46 t_flicker=2 t_touched=2
Ep  1400 | score  192.24 | avg100  195.51 | grasp100  90.0% | best 0.890 |     37 st/s
    done(50): success=44 t_flicker=5 t_touched=1
  [primacy-bias reset of critic heads @ 25000 updates]
Ep  1450 | score  -78.38 | avg100  101.86 | grasp100  56.0% | best 0.890 |     38 st/s
    done(50): success=12 t_flicker=6 t_touched=3 t_no_reach=29
Ep  1500 | score   57.47 | avg100    2.86 | grasp100  22.0% | best 0.890 |     39 st/s
    done(50): success=10 t_flicker=3 t_touched=4 t_no_reach=33
Ep  1550 | score  211.51 | avg100   54.77 | grasp100  37.0% | best 0.890 |     39 st/s
    done(50): success=27 t_flicker=10 t_touched=6 t_no_reach=7
Ep  1600 | score  219.74 | avg100  143.75 | grasp100  66.0% | best 0.890 |     39 st/s
    done(50): success=39 t_flicker=5 t_touched=6
Ep  1650 | score    7.60 | avg100  167.82 | grasp100  73.0% | best 0.890 |     39 st/s
    done(50): success=34 t_flicker=13 t_touched=2 t_no_reach=1
Ep  1700 | score   98.01 | avg100  168.07 | grasp100  73.0% | best 0.890 |     39 st/s
    done(50): success=39 t_flicker=8 t_touched=2 t_no_reach=1
Ep  1750 | score  209.40 | avg100  166.95 | grasp100  71.0% | best 0.890 |     39 st/s
    done(50): success=32 t_flicker=12 t_touched=5 t_no_reach=1
Ep  1800 | score  207.74 | avg100  171.40 | grasp100  73.0% | best 0.890 |     39 st/s
    done(50): success=41 t_flicker=5 t_touched=3 t_no_reach=1
Ep  1850 | score  211.42 | avg100  173.34 | grasp100  77.0% | best 0.890 |     39 st/s
    done(50): success=36 t_flicker=12 t_touched=2
Ep  1900 | score  206.74 | avg100  169.56 | grasp100  75.0% | best 0.890 |     39 st/s
    done(50): success=39 t_flicker=9 t_touched=2
Ep  1950 | score  209.20 | avg100  176.68 | grasp100  79.0% | best 0.890 |     39 st/s
    done(50): success=40 t_flicker=6 t_touched=3 t_no_reach=1
Ep  2000 | score  192.71 | avg100  171.15 | grasp100  75.0% | best 0.890 |     39 st/s
    done(50): success=35 t_flicker=10 t_touched=4 t_no_reach=1
Ep  2050 | score  208.52 | avg100  160.22 | grasp100  70.0% | best 0.890 |     39 st/s
    done(50): success=35 t_flicker=9 t_touched=5 t_no_reach=1
Ep  2100 | score   55.56 | avg100  161.09 | grasp100  72.0% | best 0.890 |     39 st/s
    done(50): success=37 t_flicker=12 t_touched=1
Ep  2150 | score  202.26 | avg100  169.07 | grasp100  73.0% | best 0.890 |     40 st/s
    done(50): success=36 t_flicker=9 t_touched=5
Ep  2200 | score  205.68 | avg100  167.14 | grasp100  70.0% | best 0.890 |     40 st/s
    done(50): success=34 t_flicker=13 t_touched=3
Ep  2250 | score  211.06 | avg100  174.09 | grasp100  76.0% | best 0.890 |     40 st/s
    done(50): success=42 t_flicker=7 t_touched=1
Ep  2300 | score  206.64 | avg100  185.28 | grasp100  84.0% | best 0.890 |     40 st/s
    done(50): success=42 t_flicker=8
Ep  2350 | score  200.07 | avg100  183.41 | grasp100  84.0% | best 0.890 |     40 st/s
    done(50): success=42 t_flicker=6 t_touched=1 t_no_reach=1
  [primacy-bias reset of critic heads @ 50000 updates]
Ep  2400 | score  -78.95 | avg100  181.43 | grasp100  84.0% | best 0.890 |     40 st/s
    done(50): success=42 t_flicker=4 t_touched=2 t_no_reach=2
Ep  2450 | score  209.40 | avg100   92.73 | grasp100  52.0% | best 0.890 |     41 st/s
    done(50): success=10 t_flicker=7 t_touched=5 t_no_reach=28
Ep  2500 | score  209.23 | avg100   62.69 | grasp100  37.0% | best 0.890 |     41 st/s
    done(50): success=27 t_flicker=11 t_touched=9 t_no_reach=3
Ep  2550 | score  209.79 | avg100  144.75 | grasp100  66.0% | best 0.890 |     41 st/s
    done(50): success=39 t_flicker=7 t_touched=4
Ep  2600 | score  210.74 | avg100  171.67 | grasp100  77.0% | best 0.890 |     41 st/s
    done(50): success=38 t_flicker=10 t_touched=2
Ep  2650 | score  -49.67 | avg100  172.07 | grasp100  77.0% | best 0.890 |     41 st/s
    done(50): success=39 t_flicker=9 t_touched=2
Ep  2700 | score  209.19 | avg100  180.87 | grasp100  83.0% | best 0.890 |     41 st/s
    done(50): success=44 t_flicker=5 t_touched=1
Ep  2750 | score  206.91 | avg100  184.54 | grasp100  84.0% | best 0.890 |     41 st/s
    done(50): success=40 t_flicker=9 t_touched=1
Ep  2800 | score   50.54 | avg100  175.65 | grasp100  80.0% | best 0.890 |     41 st/s
    done(50): success=40 t_flicker=6 t_touched=4
Ep  2850 | score  207.51 | avg100  181.77 | grasp100  83.0% | best 0.890 |     41 st/s
    done(50): success=43 t_flicker=7
Ep  2900 | score   57.98 | avg100  189.22 | grasp100  86.0% | best 0.890 |     41 st/s
    done(50): success=43 t_flicker=6 t_touched=1
Ep  2950 | score  208.83 | avg100  184.70 | grasp100  84.0% | best 0.890 |     41 st/s
    done(50): success=41 t_flicker=7 t_touched=2
Ep  3000 | score  210.75 | avg100  178.76 | grasp100  81.0% | best 0.890 |     41 st/s
    done(50): success=40 t_flicker=8 t_touched=2
Ep  3050 | score  205.48 | avg100  178.53 | grasp100  82.0% | best 0.890 |     41 st/s
    done(50): success=42 t_flicker=3 t_touched=5
Ep  3100 | score  209.58 | avg100  183.09 | grasp100  85.0% | best 0.890 |     41 st/s
    done(50): success=43 t_flicker=7
Ep  3150 | score  208.78 | avg100  187.31 | grasp100  85.0% | best 0.890 |     41 st/s
    done(50): success=42 t_flicker=6 t_touched=2
Ep  3200 | score  200.32 | avg100  182.09 | grasp100  81.0% | best 0.890 |     42 st/s
    done(50): success=39 t_flicker=10 t_touched=1
Ep  3250 | score  210.01 | avg100  181.19 | grasp100  82.0% | best 0.890 |     42 st/s
    done(50): success=43 t_flicker=6 t_touched=1
Ep  3300 | score  201.16 | avg100  188.31 | grasp100  86.0% | best 0.890 |     42 st/s
    done(50): success=43 t_flicker=6 t_touched=1
Ep  3350 | score  207.52 | avg100  182.40 | grasp100  83.0% | best 0.890 |     42 st/s
    done(50): success=40 t_flicker=7 t_touched=3
Ep  3400 | score  208.47 | avg100  178.73 | grasp100  82.0% | best 0.890 |     42 st/s
    done(50): success=42 t_flicker=7 t_touched=1
Ep  3450 | score  205.00 | avg100  187.42 | grasp100  85.0% | best 0.890 |     42 st/s
    done(50): success=43 t_flicker=5 t_touched=2
Ep  3500 | score  206.21 | avg100  182.86 | grasp100  82.0% | best 0.890 |     42 st/s
    done(50): success=39 t_flicker=10 t_touched=1
Ep  3550 | score  200.90 | avg100  186.59 | grasp100  86.0% | best 0.890 |     42 st/s
    done(50): success=47 t_flicker=2 t_touched=1
Ep  3600 | score  208.98 | avg100  192.35 | grasp100  91.0% | best 0.890 |     42 st/s
    done(50): success=44 t_flicker=4 t_no_reach=2
Ep  3650 | score  210.42 | avg100  186.59 | grasp100  88.0% | best 0.890 |     42 st/s
    done(50): success=44 t_flicker=4 t_touched=2
  [primacy-bias reset of critic heads @ 75000 updates]
Ep  3700 | score  -79.07 | avg100  152.57 | grasp100  74.0% | best 0.890 |     42 st/s
    done(50): success=30 t_flicker=7 t_touched=3 t_no_reach=10
Ep  3750 | score  -63.83 | avg100   46.87 | grasp100  36.0% | best 0.890 |     43 st/s
    done(50): success=6 t_flicker=4 t_touched=11 t_no_reach=29
Ep  3800 | score  -40.37 | avg100   41.82 | grasp100  33.0% | best 0.890 |     43 st/s
    done(50): success=27 t_flicker=8 t_touched=8 t_no_reach=7
Ep  3850 | score  207.85 | avg100  138.94 | grasp100  65.0% | best 0.890 |     43 st/s
    done(50): success=38 t_flicker=9 t_touched=3
Ep  3900 | score  207.10 | avg100  164.70 | grasp100  72.0% | best 0.890 |     44 st/s
    done(50): success=34 t_flicker=13 t_touched=3
Ep  3950 | score  211.69 | avg100  174.67 | grasp100  77.0% | best 0.890 |     44 st/s
    done(50): success=43 t_flicker=5 t_touched=2
Ep  4000 | score   95.24 | avg100  187.70 | grasp100  85.0% | best 0.890 |     44 st/s
    done(50): success=42 t_flicker=6 t_touched=2
Ep  4050 | score   85.11 | avg100  193.54 | grasp100  88.0% | best 0.890 |     44 st/s
    done(50): success=46 t_flicker=4
Ep  4100 | score  208.10 | avg100  195.90 | grasp100  90.0% | best 0.890 |     44 st/s
    done(50): success=44 t_flicker=4 t_touched=2
Ep  4150 | score  214.33 | avg100  194.27 | grasp100  91.0% | best 0.890 |     44 st/s
    done(50): success=47 t_flicker=1 t_touched=2
Ep  4178 | * BEST  level200=2.00 grasp200= 90.5% metric=0.905 | score  211.78

Target reached: 95.0% over 100 episodes at spawn level 2.0.

========================================================================
DONE  td3_ln_wide128_s4
  Episodes     : 4182
  Env steps    : 223,855  (5136s)
  Best metric  : 0.905  (policy in /home/fahim/Thesis_fahim/pickandplace/checkpoints/td3_grasp_rand_td3_ln_wide128_s4/best)
  Final grasp% : 95.0
  CSV          : /home/fahim/Thesis_fahim/pickandplace/logs/grasp_rand_td3_ln_wide128_s4/episodes.csv
  Probe CSV    : /home/fahim/Thesis_fahim/pickandplace/logs/grasp_rand_td3_ln_wide128_s4/probe.csv
  Manifest     : /home/fahim/Thesis_fahim/pickandplace/logs/grasp_rand_td3_ln_wide128_s4/manifest.json
========================================================================

