========================================================================
RANDOM-SPAWN GRASP RETRAINING  |  algo=td3_ln  run=td3_ln_wide128_s3
========================================================================
  Envs                : 5 (subprocess-parallel, fork)
  Spawn level         : 2.0 (1.0 = full position box, 2.0 = + z-rotation)
  Updates/vec-step    : 2 (0.400 per env-step; historical baseline 0.5)
  Buffer              : 200,000
  Actor               : 128 -> 64  (14,528 weights)  [critics 64->32]
  Warm start          : checkpoints/wide128_from_qat8_s3
  Checkpoints         : /home/fahim/Thesis_fahim/pickandplace/checkpoints/td3_grasp_rand_td3_ln_wide128_s3
========================================================================

Spawning 5 subprocess environments (fork)...
[robosuite WARNING] No private macro file found! (__init__.py:7)
[robosuite WARNING] It is recommended to use a private macro file (__init__.py:8)
[robosuite WARNING] To setup, run: python /home/fahim/Thesis_fahim/venv/lib/python3.12/site-packages/robosuite/scripts/setup_macros.py (__init__.py:9)
[robosuite WARNING] No private macro file found! (__init__.py:7)
[robosuite WARNING] It is recommended to use a private macro file (__init__.py:8)
[robosuite WARNING] To setup, run: python /home/fahim/Thesis_fahim/venv/lib/python3.12/site-packages/robosuite/scripts/setup_macros.py (__init__.py:9)
[robosuite WARNING] No private macro file found! (__init__.py:7)
[robosuite WARNING] It is recommended to use a private macro file (__init__.py:8)
[robosuite WARNING] To setup, run: python /home/fahim/Thesis_fahim/venv/lib/python3.12/site-packages/robosuite/scripts/setup_macros.py (__init__.py:9)
[robosuite WARNING] No private macro file found! (__init__.py:7)
[robosuite WARNING] It is recommended to use a private macro file (__init__.py:8)
[robosuite WARNING] To setup, run: python /home/fahim/Thesis_fahim/venv/lib/python3.12/site-packages/robosuite/scripts/setup_macros.py (__init__.py:9)
[robosuite WARNING] No private macro file found! (__init__.py:7)
[robosuite WARNING] It is recommended to use a private macro file (__init__.py:8)
[robosuite WARNING] To setup, run: python /home/fahim/Thesis_fahim/venv/lib/python3.12/site-packages/robosuite/scripts/setup_macros.py (__init__.py:9)
Gym has been unmaintained since 2022 and does not support NumPy 2.0 amongst other critical functionality.
Please upgrade to Gymnasium, the maintained drop-in replacement of Gym, or contact the authors of your software and request that they upgrade.
See the migration guide at https://gymnasium.farama.org/introduction/migration_guide/ for additional information.
Gym has been unmaintained since 2022 and does not support NumPy 2.0 amongst other critical functionality.
Please upgrade to Gymnasium, the maintained drop-in replacement of Gym, or contact the authors of your software and request that they upgrade.
See the migration guide at https://gymnasium.farama.org/introduction/migration_guide/ for additional information.
Gym has been unmaintained since 2022 and does not support NumPy 2.0 amongst other critical functionality.
Please upgrade to Gymnasium, the maintained drop-in replacement of Gym, or contact the authors of your software and request that they upgrade.
See the migration guide at https://gymnasium.farama.org/introduction/migration_guide/ for additional information.
Gym has been unmaintained since 2022 and does not support NumPy 2.0 amongst other critical functionality.
Please upgrade to Gymnasium, the maintained drop-in replacement of Gym, or contact the authors of your software and request that they upgrade.
See the migration guide at https://gymnasium.farama.org/introduction/migration_guide/ for additional information.
Gym has been unmaintained since 2022 and does not support NumPy 2.0 amongst other critical functionality.
Please upgrade to Gymnasium, the maintained drop-in replacement of Gym, or contact the authors of your software and request that they upgrade.
See the migration guide at https://gymnasium.farama.org/introduction/migration_guide/ for additional information.
/home/fahim/Thesis_fahim/venv/lib/python3.12/site-packages/gym/spaces/box.py:84: UserWarning: [33mWARN: Box bound precision lowered by casting to float32[0m
  logger.warn(f"Box bound precision lowered by casting to {self.dtype}")
/home/fahim/Thesis_fahim/venv/lib/python3.12/site-packages/gym/spaces/box.py:84: UserWarning: [33mWARN: Box bound precision lowered by casting to float32[0m
  logger.warn(f"Box bound precision lowered by casting to {self.dtype}")
/home/fahim/Thesis_fahim/venv/lib/python3.12/site-packages/gym/spaces/box.py:84: UserWarning: [33mWARN: Box bound precision lowered by casting to float32[0m
  logger.warn(f"Box bound precision lowered by casting to {self.dtype}")
/home/fahim/Thesis_fahim/venv/lib/python3.12/site-packages/gym/spaces/box.py:84: UserWarning: [33mWARN: Box bound precision lowered by casting to float32[0m
  logger.warn(f"Box bound precision lowered by casting to {self.dtype}")
/home/fahim/Thesis_fahim/venv/lib/python3.12/site-packages/gym/spaces/box.py:84: UserWarning: [33mWARN: Box bound precision lowered by casting to float32[0m
  logger.warn(f"Box bound precision lowered by casting to {self.dtype}")
Gym has been unmaintained since 2022 and does not support NumPy 2.0 amongst other critical functionality.
Please upgrade to Gymnasium, the maintained drop-in replacement of Gym, or contact the authors of your software and request that they upgrade.
See the migration guide at https://gymnasium.farama.org/introduction/migration_guide/ for additional information.
5 environments ready.

  Actor QAT           : per-tensor INT8 fake-quant, STE grads
  Actor weight clip   : |w| <= 8.0 * std(w) per Linear tensor (bi_s0 baseline fc1 9.96 / fc2 10.82)
Init: warm-started (source: /home/fahim/Thesis_fahim/pickandplace/checkpoints/wide128_from_qat8_s3)
Fresh replay buffer.

Training...

Ep    50 | score  208.87 | avg100  193.87 | grasp100  92.0% | best 0.000 |     50 st/s
    done(50): success=46 t_flicker=3 t_touched=1
Ep   100 | score  208.89 | avg100  197.45 | grasp100  93.0% | best 0.000 |     49 st/s
    done(50): success=47 t_flicker=1 t_touched=2
Ep   150 | score  208.86 | avg100  199.10 | grasp100  93.0% | best 0.000 |     48 st/s
    done(50): success=46 t_flicker=4
Ep   200 | * BEST  level200=2.00 grasp200= 90.0% metric=0.900 | score  207.80
Ep   250 | score  204.87 | avg100  189.25 | grasp100  86.0% | best 0.900 |     37 st/s
    done(50): success=45 t_flicker=5
Ep   300 | score  207.36 | avg100  192.44 | grasp100  88.0% | best 0.900 |     35 st/s
    done(50): success=43 t_flicker=7
Ep   350 | score  206.68 | avg100  193.13 | grasp100  89.0% | best 0.900 |     34 st/s
    done(50): success=46 t_flicker=3 t_touched=1
Ep   400 | score  213.60 | avg100  186.27 | grasp100  86.0% | best 0.900 |     35 st/s
    done(50): success=40 t_flicker=7 t_touched=3
Ep   450 | score  204.84 | avg100  184.32 | grasp100  85.0% | best 0.900 |     34 st/s
    done(50): success=45 t_flicker=5
Ep   500 | score   90.58 | avg100  189.69 | grasp100  87.0% | best 0.900 |     33 st/s
    done(50): success=42 t_flicker=8
Ep   550 | score  206.60 | avg100  185.95 | grasp100  85.0% | best 0.900 |     33 st/s
    done(50): success=43 t_flicker=5 t_touched=2
Ep   600 | score  210.44 | avg100  192.34 | grasp100  90.0% | best 0.900 |     33 st/s
    done(50): success=47 t_flicker=3
Ep   650 | score  206.87 | avg100  199.66 | grasp100  93.0% | best 0.900 |     33 st/s
    done(50): success=46 t_flicker=4
Ep   700 | * BEST  level200=2.00 grasp200= 91.5% metric=0.915 | score  208.42
Ep   750 | score  204.94 | avg100  195.81 | grasp100  91.0% | best 0.915 |     33 st/s
    done(50): success=44 t_flicker=6
Ep   800 | score  207.67 | avg100  194.20 | grasp100  90.0% | best 0.915 |     32 st/s
    done(50): success=46 t_flicker=4
Ep   850 | score  205.63 | avg100  185.87 | grasp100  87.0% | best 0.915 |     32 st/s
    done(50): success=41 t_flicker=7 t_touched=2
Ep   900 | score  201.99 | avg100  178.06 | grasp100  83.0% | best 0.915 |     33 st/s
    done(50): success=42 t_flicker=5 t_touched=3
Ep   950 | score  211.72 | avg100  190.32 | grasp100  89.0% | best 0.915 |     32 st/s
    done(50): success=47 t_flicker=3
Ep  1000 | score  209.37 | avg100  187.27 | grasp100  87.0% | best 0.915 |     33 st/s
    done(50): success=40 t_flicker=7 t_touched=3
Ep  1050 | score  199.98 | avg100  176.45 | grasp100  81.0% | best 0.915 |     33 st/s
    done(50): success=41 t_flicker=7 t_touched=2
Ep  1100 | score  216.32 | avg100  173.98 | grasp100  79.0% | best 0.915 |     33 st/s
    done(50): success=38 t_flicker=9 t_touched=3
Ep  1150 | score  213.18 | avg100  174.76 | grasp100  78.0% | best 0.915 |     33 st/s
    done(50): success=40 t_flicker=9 t_touched=1
Ep  1200 | score   37.64 | avg100  178.13 | grasp100  80.0% | best 0.915 |     33 st/s
    done(50): success=40 t_flicker=7 t_touched=3
Ep  1250 | score  208.93 | avg100  164.33 | grasp100  74.0% | best 0.915 |     34 st/s
    done(50): success=34 t_flicker=13 t_touched=3
Ep  1300 | score   55.11 | avg100  161.39 | grasp100  72.0% | best 0.915 |     34 st/s
    done(50): success=38 t_flicker=9 t_touched=3
Ep  1350 | score  209.37 | avg100  176.03 | grasp100  80.0% | best 0.915 |     34 st/s
    done(50): success=42 t_flicker=5 t_touched=2 t_no_reach=1
Ep  1400 | score  206.64 | avg100  174.19 | grasp100  79.0% | best 0.915 |     34 st/s
    done(50): success=37 t_flicker=10 t_touched=3
Ep  1450 | score   95.70 | avg100  169.33 | grasp100  77.0% | best 0.915 |     34 st/s
    done(50): success=40 t_flicker=8 t_touched=2
Ep  1500 | score  207.28 | avg100  175.35 | grasp100  83.0% | best 0.915 |     34 st/s
    done(50): success=43 t_flicker=5 t_touched=1 t_no_reach=1
Ep  1550 | score  211.11 | avg100  186.69 | grasp100  89.0% | best 0.915 |     34 st/s
    done(50): success=46 t_flicker=2 t_touched=2
Ep  1600 | score  210.58 | avg100  186.14 | grasp100  87.0% | best 0.915 |     34 st/s
    done(50): success=41 t_flicker=7 t_touched=1 t_no_reach=1
Ep  1650 | score  225.66 | avg100  187.06 | grasp100  86.0% | best 0.915 |     34 st/s
    done(50): success=45 t_flicker=4 t_touched=1
Ep  1700 | score  211.51 | avg100  195.14 | grasp100  91.0% | best 0.915 |     34 st/s
    done(50): success=46 t_flicker=3 t_touched=1
  [primacy-bias reset of critic heads @ 25000 updates]
Ep  1750 | score  -70.43 | avg100   84.68 | grasp100  55.0% | best 0.915 |     35 st/s
    done(50): success=9 t_touched=1 t_no_reach=40
Ep  1800 | score  145.45 | avg100   25.99 | grasp100  24.0% | best 0.915 |     36 st/s
    done(50): success=15 t_flicker=18 t_touched=12 t_no_reach=5
Ep  1850 | score  206.39 | avg100  132.97 | grasp100  58.0% | best 0.915 |     36 st/s
    done(50): success=43 t_flicker=3 t_touched=4
Ep  1900 | score  133.54 | avg100  188.24 | grasp100  84.0% | best 0.915 |     36 st/s
    done(50): success=41 t_flicker=8 t_touched=1
Ep  1950 | score  210.60 | avg100  181.37 | grasp100  81.0% | best 0.915 |     36 st/s
    done(50): success=40 t_flicker=7 t_touched=3
Ep  2000 | score  209.35 | avg100  167.94 | grasp100  75.0% | best 0.915 |     37 st/s
    done(50): success=35 t_flicker=9 t_touched=5 t_no_reach=1
Ep  2050 | score   93.40 | avg100  158.93 | grasp100  71.0% | best 0.915 |     37 st/s
    done(50): success=36 t_flicker=10 t_touched=3 t_no_reach=1
Ep  2100 | score  207.96 | avg100  163.17 | grasp100  74.0% | best 0.915 |     37 st/s
    done(50): success=38 t_flicker=9 t_touched=3
Ep  2150 | score  208.36 | avg100  161.18 | grasp100  71.0% | best 0.915 |     37 st/s
    done(50): success=33 t_flicker=16 t_touched=1
Ep  2200 | score  202.26 | avg100  171.49 | grasp100  76.0% | best 0.915 |     37 st/s
    done(50): success=43 t_flicker=5 t_touched=2
Ep  2250 | score  221.75 | avg100  185.24 | grasp100  85.0% | best 0.915 |     37 st/s
    done(50): success=42 t_flicker=8
Ep  2300 | score  201.35 | avg100  192.97 | grasp100  91.0% | best 0.915 |     37 st/s
    done(50): success=49 t_flicker=1

Target reached: 95.0% over 100 episodes at spawn level 2.0.

========================================================================
DONE  td3_ln_wide128_s3
  Episodes     : 2317
  Env steps    : 108,000  (2917s)
  Best metric  : 0.915  (policy in /home/fahim/Thesis_fahim/pickandplace/checkpoints/td3_grasp_rand_td3_ln_wide128_s3/best)
  Final grasp% : 95.0
  CSV          : /home/fahim/Thesis_fahim/pickandplace/logs/grasp_rand_td3_ln_wide128_s3/episodes.csv
  Probe CSV    : /home/fahim/Thesis_fahim/pickandplace/logs/grasp_rand_td3_ln_wide128_s3/probe.csv
  Manifest     : /home/fahim/Thesis_fahim/pickandplace/logs/grasp_rand_td3_ln_wide128_s3/manifest.json
========================================================================

