========================================================================
RANDOM-SPAWN GRASP RETRAINING  |  algo=td3_ln  run=td3_ln_cont64_s2
========================================================================
  Envs                : 5 (subprocess-parallel, fork)
  Spawn level         : 2.0 (1.0 = full position box, 2.0 = + z-rotation)
  Updates/vec-step    : 2 (0.400 per env-step; historical baseline 0.5)
  Buffer              : 200,000
  Actor               : 64 -> 32  (5,216 weights)
  Warm start          : checkpoints/td3_grasp_rand_td3_ln_qat8_s2/best
  Checkpoints         : /home/fahim/Thesis_fahim/pickandplace/checkpoints/td3_grasp_rand_td3_ln_cont64_s2
========================================================================

Spawning 5 subprocess environments (fork)...
[robosuite WARNING] No private macro file found! (__init__.py:7)
[robosuite WARNING] It is recommended to use a private macro file (__init__.py:8)
[robosuite WARNING] To setup, run: python /home/fahim/Thesis_fahim/venv/lib/python3.12/site-packages/robosuite/scripts/setup_macros.py (__init__.py:9)
[robosuite WARNING] No private macro file found! (__init__.py:7)
[robosuite WARNING] It is recommended to use a private macro file (__init__.py:8)
[robosuite WARNING] To setup, run: python /home/fahim/Thesis_fahim/venv/lib/python3.12/site-packages/robosuite/scripts/setup_macros.py (__init__.py:9)
[robosuite WARNING] No private macro file found! (__init__.py:7)
[robosuite WARNING] It is recommended to use a private macro file (__init__.py:8)
[robosuite WARNING] To setup, run: python /home/fahim/Thesis_fahim/venv/lib/python3.12/site-packages/robosuite/scripts/setup_macros.py (__init__.py:9)
[robosuite WARNING] No private macro file found! (__init__.py:7)
[robosuite WARNING] It is recommended to use a private macro file (__init__.py:8)
[robosuite WARNING] To setup, run: python /home/fahim/Thesis_fahim/venv/lib/python3.12/site-packages/robosuite/scripts/setup_macros.py (__init__.py:9)
[robosuite WARNING] No private macro file found! (__init__.py:7)
[robosuite WARNING] It is recommended to use a private macro file (__init__.py:8)
[robosuite WARNING] To setup, run: python /home/fahim/Thesis_fahim/venv/lib/python3.12/site-packages/robosuite/scripts/setup_macros.py (__init__.py:9)
Gym has been unmaintained since 2022 and does not support NumPy 2.0 amongst other critical functionality.
Please upgrade to Gymnasium, the maintained drop-in replacement of Gym, or contact the authors of your software and request that they upgrade.
See the migration guide at https://gymnasium.farama.org/introduction/migration_guide/ for additional information.
Gym has been unmaintained since 2022 and does not support NumPy 2.0 amongst other critical functionality.
Please upgrade to Gymnasium, the maintained drop-in replacement of Gym, or contact the authors of your software and request that they upgrade.
See the migration guide at https://gymnasium.farama.org/introduction/migration_guide/ for additional information.
Gym has been unmaintained since 2022 and does not support NumPy 2.0 amongst other critical functionality.
Please upgrade to Gymnasium, the maintained drop-in replacement of Gym, or contact the authors of your software and request that they upgrade.
See the migration guide at https://gymnasium.farama.org/introduction/migration_guide/ for additional information.
Gym has been unmaintained since 2022 and does not support NumPy 2.0 amongst other critical functionality.
Please upgrade to Gymnasium, the maintained drop-in replacement of Gym, or contact the authors of your software and request that they upgrade.
See the migration guide at https://gymnasium.farama.org/introduction/migration_guide/ for additional information.
Gym has been unmaintained since 2022 and does not support NumPy 2.0 amongst other critical functionality.
Please upgrade to Gymnasium, the maintained drop-in replacement of Gym, or contact the authors of your software and request that they upgrade.
See the migration guide at https://gymnasium.farama.org/introduction/migration_guide/ for additional information.
/home/fahim/Thesis_fahim/venv/lib/python3.12/site-packages/gym/spaces/box.py:84: UserWarning: [33mWARN: Box bound precision lowered by casting to float32[0m
  logger.warn(f"Box bound precision lowered by casting to {self.dtype}")
/home/fahim/Thesis_fahim/venv/lib/python3.12/site-packages/gym/spaces/box.py:84: UserWarning: [33mWARN: Box bound precision lowered by casting to float32[0m
  logger.warn(f"Box bound precision lowered by casting to {self.dtype}")
/home/fahim/Thesis_fahim/venv/lib/python3.12/site-packages/gym/spaces/box.py:84: UserWarning: [33mWARN: Box bound precision lowered by casting to float32[0m
  logger.warn(f"Box bound precision lowered by casting to {self.dtype}")
/home/fahim/Thesis_fahim/venv/lib/python3.12/site-packages/gym/spaces/box.py:84: UserWarning: [33mWARN: Box bound precision lowered by casting to float32[0m
  logger.warn(f"Box bound precision lowered by casting to {self.dtype}")
Gym has been unmaintained since 2022 and does not support NumPy 2.0 amongst other critical functionality.
Please upgrade to Gymnasium, the maintained drop-in replacement of Gym, or contact the authors of your software and request that they upgrade.
See the migration guide at https://gymnasium.farama.org/introduction/migration_guide/ for additional information.
5 environments ready.

/home/fahim/Thesis_fahim/venv/lib/python3.12/site-packages/gym/spaces/box.py:84: UserWarning: [33mWARN: Box bound precision lowered by casting to float32[0m
  logger.warn(f"Box bound precision lowered by casting to {self.dtype}")
  Actor QAT           : per-tensor INT8 fake-quant, STE grads
  Actor weight clip   : |w| <= 8.0 * std(w) per Linear tensor (bi_s0 baseline fc1 9.96 / fc2 10.82)
Init: warm-started (source: /home/fahim/Thesis_fahim/pickandplace/checkpoints/td3_grasp_rand_td3_ln_qat8_s2/best)
Fresh replay buffer.

Training...

Ep    50 | score  208.65 | avg100  182.89 | grasp100  84.0% | best 0.000 |     61 st/s
    done(50): success=42 t_flicker=5 t_touched=2 t_no_reach=1
Ep   100 | score  208.55 | avg100  188.09 | grasp100  87.0% | best 0.000 |     57 st/s
    done(50): success=45 t_flicker=4 t_touched=1
Ep   150 | score  236.66 | avg100  196.50 | grasp100  92.0% | best 0.000 |     50 st/s
    done(50): success=47 t_flicker=1 t_touched=1 t_no_reach=1
Ep   200 | * BEST  level200=2.00 grasp200= 85.0% metric=0.850 | score  207.93
Ep   250 | score  207.86 | avg100  159.50 | grasp100  73.0% | best 0.850 |     44 st/s
    done(50): success=37 t_flicker=7 t_touched=5 t_no_reach=1
Ep   300 | score  207.02 | avg100  160.71 | grasp100  72.0% | best 0.850 |     43 st/s
    done(50): success=35 t_flicker=12 t_touched=3
Ep   350 | score  208.02 | avg100  171.30 | grasp100  78.0% | best 0.850 |     42 st/s
    done(50): success=43 t_flicker=5 t_touched=2
Ep   400 | score  204.15 | avg100  178.42 | grasp100  83.0% | best 0.850 |     41 st/s
    done(50): success=40 t_flicker=7 t_touched=1 t_no_reach=2
Ep   450 | score  208.11 | avg100  171.29 | grasp100  79.0% | best 0.850 |     40 st/s
    done(50): success=39 t_flicker=5 t_touched=1 t_no_reach=5
Ep   500 | score  208.55 | avg100  168.67 | grasp100  78.0% | best 0.850 |     40 st/s
    done(50): success=39 t_flicker=10 t_touched=1
Ep   550 | score  203.43 | avg100  171.24 | grasp100  78.0% | best 0.850 |     40 st/s
    done(50): success=39 t_flicker=7 t_touched=4
Ep   600 | score    0.87 | avg100  165.35 | grasp100  74.0% | best 0.850 |     40 st/s
    done(50): success=35 t_flicker=12 t_touched=3
Ep   650 | score  205.06 | avg100  167.85 | grasp100  75.0% | best 0.850 |     40 st/s
    done(50): success=40 t_flicker=7 t_touched=3
Ep   700 | score  206.20 | avg100  163.45 | grasp100  75.0% | best 0.850 |     40 st/s
    done(50): success=35 t_flicker=9 t_touched=6
Ep   750 | score  207.43 | avg100  155.63 | grasp100  70.0% | best 0.850 |     40 st/s
    done(50): success=35 t_flicker=10 t_touched=5
Ep   800 | score  200.90 | avg100  167.71 | grasp100  74.0% | best 0.850 |     40 st/s
    done(50): success=39 t_flicker=11
Ep   850 | score  210.64 | avg100  176.68 | grasp100  79.0% | best 0.850 |     39 st/s
    done(50): success=40 t_flicker=7 t_touched=3
Ep   900 | score  202.38 | avg100  177.09 | grasp100  82.0% | best 0.850 |     39 st/s
    done(50): success=42 t_flicker=4 t_touched=4
Ep   950 | score  200.15 | avg100  176.87 | grasp100  83.0% | best 0.850 |     39 st/s
    done(50): success=41 t_flicker=7 t_touched=2
Ep  1000 | score  210.94 | avg100  169.09 | grasp100  76.0% | best 0.850 |     39 st/s
    done(50): success=35 t_flicker=12 t_touched=3
Ep  1050 | score  207.90 | avg100  169.93 | grasp100  76.0% | best 0.850 |     39 st/s
    done(50): success=41 t_flicker=7 t_touched=2
Ep  1100 | score  206.47 | avg100  176.93 | grasp100  79.0% | best 0.850 |     39 st/s
    done(50): success=38 t_flicker=9 t_touched=3
Ep  1150 | score  205.66 | avg100  172.11 | grasp100  76.0% | best 0.850 |     40 st/s
    done(50): success=38 t_flicker=9 t_touched=3
Ep  1200 | score  194.15 | avg100  169.83 | grasp100  76.0% | best 0.850 |     40 st/s
    done(50): success=38 t_flicker=9 t_touched=3
  [primacy-bias reset of critic heads @ 25000 updates]
Ep  1250 | score  202.53 | avg100  169.04 | grasp100  74.0% | best 0.850 |     40 st/s
    done(50): success=36 t_flicker=13 t_touched=1
Ep  1300 | score  -19.61 | avg100   81.63 | grasp100  38.0% | best 0.850 |     41 st/s
    done(50): success=2 t_flicker=15 t_touched=16 t_no_reach=17
Ep  1350 | score  210.73 | avg100   41.30 | grasp100  18.0% | best 0.850 |     41 st/s
    done(50): success=16 t_flicker=16 t_touched=9 t_no_reach=9
Ep  1400 | score  210.23 | avg100  105.58 | grasp100  41.0% | best 0.850 |     41 st/s
    done(50): success=25 t_flicker=14 t_touched=8 t_no_reach=3
Ep  1450 | score   58.09 | avg100  144.01 | grasp100  61.0% | best 0.850 |     41 st/s
    done(50): success=36 t_flicker=11 t_touched=1 t_no_reach=2
Ep  1500 | score  212.39 | avg100  172.45 | grasp100  76.0% | best 0.850 |     41 st/s
    done(50): success=40 t_flicker=8 t_touched=2
Ep  1550 | score  211.85 | avg100  185.91 | grasp100  85.0% | best 0.850 |     41 st/s
    done(50): success=45 t_flicker=4 t_no_reach=1
Ep  1600 | score  -23.69 | avg100  193.81 | grasp100  92.0% | best 0.850 |     41 st/s
    done(50): success=47 t_flicker=3
Ep  1638 | * BEST  level200=2.00 grasp200= 86.5% metric=0.865 | score  198.48
Ep  1650 | score  209.65 | avg100  191.90 | grasp100  90.0% | best 0.865 |     41 st/s
    done(50): success=43 t_flicker=6 t_touched=1
Ep  1651 | * BEST  level200=2.00 grasp200= 88.0% metric=0.880 | score  228.52
Ep  1700 | score  209.75 | avg100  178.33 | grasp100  83.0% | best 0.880 |     41 st/s
    done(50): success=40 t_flicker=3 t_touched=6 t_no_reach=1
Ep  1750 | score  209.79 | avg100  178.40 | grasp100  81.0% | best 0.880 |     41 st/s
    done(50): success=41 t_flicker=7 t_touched=2
Ep  1800 | score  208.00 | avg100  193.38 | grasp100  88.0% | best 0.880 |     41 st/s
    done(50): success=47 t_flicker=2 t_touched=1
Ep  1850 | score  201.50 | avg100  195.87 | grasp100  92.0% | best 0.880 |     40 st/s
    done(50): success=45 t_flicker=5
Ep  1900 | score  208.89 | avg100  189.99 | grasp100  87.0% | best 0.880 |     40 st/s
    done(50): success=42 t_flicker=5 t_touched=3
Ep  1927 | * BEST  level200=2.00 grasp200= 89.5% metric=0.895 | score  208.13
Ep  1946 | * BEST  level200=2.00 grasp200= 91.0% metric=0.910 | score  207.96
Ep  1950 | score  209.45 | avg100  194.45 | grasp100  90.0% | best 0.910 |     40 st/s
    done(50): success=48 t_flicker=2

Target reached: 95.0% over 100 episodes at spawn level 2.0.

========================================================================
DONE  td3_ln_cont64_s2
  Episodes     : 1988
  Env steps    : 114,055  (2839s)
  Best metric  : 0.910  (policy in /home/fahim/Thesis_fahim/pickandplace/checkpoints/td3_grasp_rand_td3_ln_cont64_s2/best)
  Final grasp% : 95.0
  CSV          : /home/fahim/Thesis_fahim/pickandplace/logs/grasp_rand_td3_ln_cont64_s2/episodes.csv
  Probe CSV    : /home/fahim/Thesis_fahim/pickandplace/logs/grasp_rand_td3_ln_cont64_s2/probe.csv
  Manifest     : /home/fahim/Thesis_fahim/pickandplace/logs/grasp_rand_td3_ln_cont64_s2/manifest.json
========================================================================

