========================================================================
RANDOM-SPAWN GRASP RETRAINING  |  algo=td3_ln  run=td3_ln_cont64_s5
========================================================================
  Envs                : 5 (subprocess-parallel, fork)
  Spawn level         : 2.0 (1.0 = full position box, 2.0 = + z-rotation)
  Updates/vec-step    : 2 (0.400 per env-step; historical baseline 0.5)
  Buffer              : 200,000
  Actor               : 64 -> 32  (5,216 weights)
  Warm start          : checkpoints/td3_grasp_rand_td3_ln_qat8_s5/best
  Checkpoints         : /home/fahim/Thesis_fahim/pickandplace/checkpoints/td3_grasp_rand_td3_ln_cont64_s5
========================================================================

Spawning 5 subprocess environments (fork)...
[robosuite WARNING] No private macro file found! (__init__.py:7)
[robosuite WARNING] It is recommended to use a private macro file (__init__.py:8)
[robosuite WARNING] To setup, run: python /home/fahim/Thesis_fahim/venv/lib/python3.12/site-packages/robosuite/scripts/setup_macros.py (__init__.py:9)
[robosuite WARNING] No private macro file found! (__init__.py:7)
[robosuite WARNING] It is recommended to use a private macro file (__init__.py:8)
[robosuite WARNING] To setup, run: python /home/fahim/Thesis_fahim/venv/lib/python3.12/site-packages/robosuite/scripts/setup_macros.py (__init__.py:9)
[robosuite WARNING] No private macro file found! (__init__.py:7)
[robosuite WARNING] It is recommended to use a private macro file (__init__.py:8)
[robosuite WARNING] To setup, run: python /home/fahim/Thesis_fahim/venv/lib/python3.12/site-packages/robosuite/scripts/setup_macros.py (__init__.py:9)
[robosuite WARNING] No private macro file found! (__init__.py:7)
[robosuite WARNING] It is recommended to use a private macro file (__init__.py:8)
[robosuite WARNING] To setup, run: python /home/fahim/Thesis_fahim/venv/lib/python3.12/site-packages/robosuite/scripts/setup_macros.py (__init__.py:9)
[robosuite WARNING] No private macro file found! (__init__.py:7)
[robosuite WARNING] It is recommended to use a private macro file (__init__.py:8)
[robosuite WARNING] To setup, run: python /home/fahim/Thesis_fahim/venv/lib/python3.12/site-packages/robosuite/scripts/setup_macros.py (__init__.py:9)
Gym has been unmaintained since 2022 and does not support NumPy 2.0 amongst other critical functionality.
Please upgrade to Gymnasium, the maintained drop-in replacement of Gym, or contact the authors of your software and request that they upgrade.
See the migration guide at https://gymnasium.farama.org/introduction/migration_guide/ for additional information.
Gym has been unmaintained since 2022 and does not support NumPy 2.0 amongst other critical functionality.
Please upgrade to Gymnasium, the maintained drop-in replacement of Gym, or contact the authors of your software and request that they upgrade.
See the migration guide at https://gymnasium.farama.org/introduction/migration_guide/ for additional information.
Gym has been unmaintained since 2022 and does not support NumPy 2.0 amongst other critical functionality.
Please upgrade to Gymnasium, the maintained drop-in replacement of Gym, or contact the authors of your software and request that they upgrade.
See the migration guide at https://gymnasium.farama.org/introduction/migration_guide/ for additional information.
Gym has been unmaintained since 2022 and does not support NumPy 2.0 amongst other critical functionality.
Please upgrade to Gymnasium, the maintained drop-in replacement of Gym, or contact the authors of your software and request that they upgrade.
See the migration guide at https://gymnasium.farama.org/introduction/migration_guide/ for additional information.
Gym has been unmaintained since 2022 and does not support NumPy 2.0 amongst other critical functionality.
Please upgrade to Gymnasium, the maintained drop-in replacement of Gym, or contact the authors of your software and request that they upgrade.
See the migration guide at https://gymnasium.farama.org/introduction/migration_guide/ for additional information.
/home/fahim/Thesis_fahim/venv/lib/python3.12/site-packages/gym/spaces/box.py:84: UserWarning: [33mWARN: Box bound precision lowered by casting to float32[0m
  logger.warn(f"Box bound precision lowered by casting to {self.dtype}")
/home/fahim/Thesis_fahim/venv/lib/python3.12/site-packages/gym/spaces/box.py:84: UserWarning: [33mWARN: Box bound precision lowered by casting to float32[0m
  logger.warn(f"Box bound precision lowered by casting to {self.dtype}")
/home/fahim/Thesis_fahim/venv/lib/python3.12/site-packages/gym/spaces/box.py:84: UserWarning: [33mWARN: Box bound precision lowered by casting to float32[0m
  logger.warn(f"Box bound precision lowered by casting to {self.dtype}")
/home/fahim/Thesis_fahim/venv/lib/python3.12/site-packages/gym/spaces/box.py:84: UserWarning: [33mWARN: Box bound precision lowered by casting to float32[0m
  logger.warn(f"Box bound precision lowered by casting to {self.dtype}")
/home/fahim/Thesis_fahim/venv/lib/python3.12/site-packages/gym/spaces/box.py:84: UserWarning: [33mWARN: Box bound precision lowered by casting to float32[0m
  logger.warn(f"Box bound precision lowered by casting to {self.dtype}")
Gym has been unmaintained since 2022 and does not support NumPy 2.0 amongst other critical functionality.
Please upgrade to Gymnasium, the maintained drop-in replacement of Gym, or contact the authors of your software and request that they upgrade.
See the migration guide at https://gymnasium.farama.org/introduction/migration_guide/ for additional information.
5 environments ready.

  Actor QAT           : per-tensor INT8 fake-quant, STE grads
  Actor weight clip   : |w| <= 8.0 * std(w) per Linear tensor (bi_s0 baseline fc1 9.96 / fc2 10.82)
Init: warm-started (source: /home/fahim/Thesis_fahim/pickandplace/checkpoints/td3_grasp_rand_td3_ln_qat8_s5/best)
Fresh replay buffer.

Training...

Ep    50 | score  117.30 | avg100  193.37 | grasp100  86.0% | best 0.000 |     61 st/s
    done(50): success=43 t_flicker=5 t_touched=2
Ep   100 | score  209.81 | avg100  189.25 | grasp100  82.0% | best 0.000 |     67 st/s
    done(50): success=39 t_flicker=4 t_touched=7
Ep   150 | score  209.37 | avg100  186.46 | grasp100  77.0% | best 0.000 |     53 st/s
    done(50): success=38 t_flicker=12
Ep   200 | * BEST  level200=2.00 grasp200= 79.5% metric=0.795 | score  208.16
Ep   223 | * BEST  level200=2.00 grasp200= 81.0% metric=0.810 | score  207.87
Ep   250 | score   52.31 | avg100  187.46 | grasp100  82.0% | best 0.810 |     44 st/s
    done(50): success=43 t_flicker=5 t_touched=2
Ep   300 | score  206.88 | avg100  182.01 | grasp100  80.0% | best 0.810 |     42 st/s
    done(50): success=37 t_flicker=11 t_touched=2
Ep   350 | score  212.40 | avg100  179.01 | grasp100  79.0% | best 0.810 |     40 st/s
    done(50): success=42 t_flicker=6 t_touched=2
Ep   369 | * BEST  level200=2.00 grasp200= 82.5% metric=0.825 | score  211.68
Ep   398 | * BEST  level200=2.00 grasp200= 84.0% metric=0.840 | score  204.53
Ep   400 | score  208.06 | avg100  191.43 | grasp100  88.0% | best 0.840 |     38 st/s
    done(50): success=46 t_flicker=3 t_touched=1
Ep   450 | score  207.45 | avg100  193.14 | grasp100  89.0% | best 0.840 |     37 st/s
    done(50): success=43 t_flicker=4 t_touched=3
Ep   465 | * BEST  level200=2.00 grasp200= 85.5% metric=0.855 | score  230.27
Ep   480 | * BEST  level200=2.00 grasp200= 87.0% metric=0.870 | score  207.28
Ep   493 | * BEST  level200=2.00 grasp200= 88.5% metric=0.885 | score  208.53
Ep   500 | score  197.02 | avg100  192.63 | grasp100  89.0% | best 0.885 |     37 st/s
    done(50): success=46 t_flicker=4
Ep   550 | score  203.50 | avg100  191.14 | grasp100  87.0% | best 0.885 |     36 st/s
    done(50): success=41 t_flicker=9
Ep   600 | score   73.83 | avg100  186.58 | grasp100  81.0% | best 0.885 |     36 st/s
    done(50): success=40 t_flicker=8 t_touched=2
Ep   650 | score  212.24 | avg100  189.88 | grasp100  82.0% | best 0.885 |     36 st/s
    done(50): success=42 t_flicker=7 t_touched=1
Ep   700 | score  212.11 | avg100  187.17 | grasp100  81.0% | best 0.885 |     36 st/s
    done(50): success=39 t_flicker=9 t_touched=2
Ep   750 | score   48.61 | avg100  176.73 | grasp100  77.0% | best 0.885 |     36 st/s
    done(50): success=38 t_flicker=7 t_touched=5
Ep   800 | score  207.73 | avg100  181.95 | grasp100  81.0% | best 0.885 |     36 st/s
    done(50): success=43 t_flicker=6 t_touched=1
Ep   850 | score  207.18 | avg100  198.25 | grasp100  91.0% | best 0.885 |     36 st/s
    done(50): success=48 t_flicker=1 t_touched=1
Ep   900 | score  211.05 | avg100  194.09 | grasp100  88.0% | best 0.885 |     36 st/s
    done(50): success=40 t_flicker=8 t_touched=2
Ep   950 | score  212.95 | avg100  180.69 | grasp100  79.0% | best 0.885 |     36 st/s
    done(50): success=39 t_flicker=8 t_touched=3
Ep  1000 | score  200.45 | avg100  181.95 | grasp100  81.0% | best 0.885 |     36 st/s
    done(50): success=42 t_flicker=5 t_touched=3
Ep  1050 | score   16.35 | avg100  186.56 | grasp100  82.0% | best 0.885 |     35 st/s
    done(50): success=40 t_flicker=9 t_touched=1
Ep  1100 | score  229.93 | avg100  184.25 | grasp100  81.0% | best 0.885 |     35 st/s
    done(50): success=41 t_flicker=8 t_touched=1
Ep  1150 | score  209.03 | avg100  185.33 | grasp100  84.0% | best 0.885 |     35 st/s
    done(50): success=43 t_flicker=7
Ep  1200 | score  208.90 | avg100  180.36 | grasp100  79.0% | best 0.885 |     35 st/s
    done(50): success=36 t_flicker=13 t_touched=1
Ep  1250 | score  206.22 | avg100  176.19 | grasp100  76.0% | best 0.885 |     35 st/s
    done(50): success=40 t_flicker=9 t_touched=1
Ep  1300 | score  213.22 | avg100  181.50 | grasp100  81.0% | best 0.885 |     35 st/s
    done(50): success=41 t_flicker=7 t_touched=2
Ep  1350 | score  207.62 | avg100  185.72 | grasp100  84.0% | best 0.885 |     35 st/s
    done(50): success=43 t_flicker=7
Ep  1400 | score  121.95 | avg100  189.12 | grasp100  84.0% | best 0.885 |     35 st/s
    done(50): success=41 t_flicker=8 t_touched=1
Ep  1450 | score  207.42 | avg100  194.95 | grasp100  87.0% | best 0.885 |     35 st/s
    done(50): success=46 t_flicker=4
Ep  1500 | score   50.18 | avg100  188.20 | grasp100  86.0% | best 0.885 |     35 st/s
    done(50): success=40 t_flicker=9 t_touched=1
  [primacy-bias reset of critic heads @ 25000 updates]
Ep  1550 | score  -73.19 | avg100  146.17 | grasp100  69.0% | best 0.885 |     36 st/s
    done(50): success=29 t_flicker=4 t_touched=9 t_no_reach=8
Ep  1600 | score  206.52 | avg100   79.53 | grasp100  41.0% | best 0.885 |     37 st/s
    done(50): success=12 t_flicker=7 t_touched=15 t_no_reach=16
Ep  1650 | score  210.10 | avg100   89.95 | grasp100  41.0% | best 0.885 |     37 st/s
    done(50): success=29 t_flicker=11 t_touched=10
Ep  1700 | score  208.19 | avg100  149.80 | grasp100  62.0% | best 0.885 |     37 st/s
    done(50): success=33 t_flicker=13 t_touched=4
Ep  1750 | score   66.85 | avg100  168.47 | grasp100  71.0% | best 0.885 |     37 st/s
    done(50): success=38 t_flicker=10 t_touched=2
Ep  1800 | score  209.95 | avg100  179.58 | grasp100  79.0% | best 0.885 |     37 st/s
    done(50): success=41 t_flicker=6 t_touched=3
Ep  1850 | score  206.38 | avg100  185.56 | grasp100  81.0% | best 0.885 |     37 st/s
    done(50): success=40 t_flicker=10
Ep  1900 | score  209.34 | avg100  187.57 | grasp100  84.0% | best 0.885 |     37 st/s
    done(50): success=44 t_flicker=3 t_touched=3
Ep  1950 | score   96.82 | avg100  184.73 | grasp100  84.0% | best 0.885 |     37 st/s
    done(50): success=40 t_flicker=7 t_touched=3
Ep  2000 | score  209.60 | avg100  182.30 | grasp100  82.0% | best 0.885 |     37 st/s
    done(50): success=42 t_flicker=5 t_touched=3
Ep  2050 | score  209.84 | avg100  187.95 | grasp100  86.0% | best 0.885 |     37 st/s
    done(50): success=44 t_flicker=6
Ep  2100 | score  205.82 | avg100  188.60 | grasp100  86.0% | best 0.885 |     37 st/s
    done(50): success=42 t_flicker=6 t_touched=2
Ep  2150 | score  207.50 | avg100  191.27 | grasp100  88.0% | best 0.885 |     37 st/s
    done(50): success=46 t_flicker=3 t_touched=1
Ep  2200 | score  296.97 | avg100  194.28 | grasp100  89.0% | best 0.885 |     37 st/s
    done(50): success=43 t_flicker=5 t_touched=2
Ep  2250 | score  207.57 | avg100  192.34 | grasp100  86.0% | best 0.885 |     37 st/s
    done(50): success=43 t_flicker=7
Ep  2300 | score  208.05 | avg100  191.70 | grasp100  85.0% | best 0.885 |     37 st/s
    done(50): success=42 t_flicker=7 t_touched=1
Ep  2350 | score  207.62 | avg100  191.68 | grasp100  87.0% | best 0.885 |     37 st/s
    done(50): success=45 t_flicker=4 t_touched=1
Ep  2387 | * BEST  level200=2.00 grasp200= 90.0% metric=0.900 | score  266.88

Target reached: 95.0% over 100 episodes at spawn level 2.0.

========================================================================
DONE  td3_ln_cont64_s5
  Episodes     : 2392
  Env steps    : 112,455  (3055s)
  Best metric  : 0.900  (policy in /home/fahim/Thesis_fahim/pickandplace/checkpoints/td3_grasp_rand_td3_ln_cont64_s5/best)
  Final grasp% : 95.0
  CSV          : /home/fahim/Thesis_fahim/pickandplace/logs/grasp_rand_td3_ln_cont64_s5/episodes.csv
  Probe CSV    : /home/fahim/Thesis_fahim/pickandplace/logs/grasp_rand_td3_ln_cont64_s5/probe.csv
  Manifest     : /home/fahim/Thesis_fahim/pickandplace/logs/grasp_rand_td3_ln_cont64_s5/manifest.json
========================================================================

