========================================================================
RANDOM-SPAWN GRASP RETRAINING  |  algo=td3_ln  run=td3_ln_wide128_s1
========================================================================
  Envs                : 5 (subprocess-parallel, fork)
  Spawn level         : 2.0 (1.0 = full position box, 2.0 = + z-rotation)
  Updates/vec-step    : 2 (0.400 per env-step; historical baseline 0.5)
  Buffer              : 200,000
  Actor               : 128 -> 64  (14,528 weights)  [critics 64->32]
  Warm start          : checkpoints/wide128_from_qat8_s1
  Checkpoints         : /home/fahim/Thesis_fahim/pickandplace/checkpoints/td3_grasp_rand_td3_ln_wide128_s1
========================================================================

Spawning 5 subprocess environments (fork)...
[robosuite WARNING] No private macro file found! (__init__.py:7)
[robosuite WARNING] It is recommended to use a private macro file (__init__.py:8)
[robosuite WARNING] To setup, run: python /home/fahim/Thesis_fahim/venv/lib/python3.12/site-packages/robosuite/scripts/setup_macros.py (__init__.py:9)
[robosuite WARNING] No private macro file found! (__init__.py:7)
[robosuite WARNING] It is recommended to use a private macro file (__init__.py:8)
[robosuite WARNING] To setup, run: python /home/fahim/Thesis_fahim/venv/lib/python3.12/site-packages/robosuite/scripts/setup_macros.py (__init__.py:9)
[robosuite WARNING] No private macro file found! (__init__.py:7)
[robosuite WARNING] It is recommended to use a private macro file (__init__.py:8)
[robosuite WARNING] To setup, run: python /home/fahim/Thesis_fahim/venv/lib/python3.12/site-packages/robosuite/scripts/setup_macros.py (__init__.py:9)
[robosuite WARNING] No private macro file found! (__init__.py:7)
[robosuite WARNING] It is recommended to use a private macro file (__init__.py:8)
[robosuite WARNING] To setup, run: python /home/fahim/Thesis_fahim/venv/lib/python3.12/site-packages/robosuite/scripts/setup_macros.py (__init__.py:9)
[robosuite WARNING] No private macro file found! (__init__.py:7)
[robosuite WARNING] It is recommended to use a private macro file (__init__.py:8)
[robosuite WARNING] To setup, run: python /home/fahim/Thesis_fahim/venv/lib/python3.12/site-packages/robosuite/scripts/setup_macros.py (__init__.py:9)
Gym has been unmaintained since 2022 and does not support NumPy 2.0 amongst other critical functionality.
Please upgrade to Gymnasium, the maintained drop-in replacement of Gym, or contact the authors of your software and request that they upgrade.
See the migration guide at https://gymnasium.farama.org/introduction/migration_guide/ for additional information.
Gym has been unmaintained since 2022 and does not support NumPy 2.0 amongst other critical functionality.
Please upgrade to Gymnasium, the maintained drop-in replacement of Gym, or contact the authors of your software and request that they upgrade.
See the migration guide at https://gymnasium.farama.org/introduction/migration_guide/ for additional information.
Gym has been unmaintained since 2022 and does not support NumPy 2.0 amongst other critical functionality.
Please upgrade to Gymnasium, the maintained drop-in replacement of Gym, or contact the authors of your software and request that they upgrade.
See the migration guide at https://gymnasium.farama.org/introduction/migration_guide/ for additional information.
Gym has been unmaintained since 2022 and does not support NumPy 2.0 amongst other critical functionality.
Please upgrade to Gymnasium, the maintained drop-in replacement of Gym, or contact the authors of your software and request that they upgrade.
See the migration guide at https://gymnasium.farama.org/introduction/migration_guide/ for additional information.
Gym has been unmaintained since 2022 and does not support NumPy 2.0 amongst other critical functionality.
Please upgrade to Gymnasium, the maintained drop-in replacement of Gym, or contact the authors of your software and request that they upgrade.
See the migration guide at https://gymnasium.farama.org/introduction/migration_guide/ for additional information.
/home/fahim/Thesis_fahim/venv/lib/python3.12/site-packages/gym/spaces/box.py:84: UserWarning: [33mWARN: Box bound precision lowered by casting to float32[0m
  logger.warn(f"Box bound precision lowered by casting to {self.dtype}")
/home/fahim/Thesis_fahim/venv/lib/python3.12/site-packages/gym/spaces/box.py:84: UserWarning: [33mWARN: Box bound precision lowered by casting to float32[0m
  logger.warn(f"Box bound precision lowered by casting to {self.dtype}")
/home/fahim/Thesis_fahim/venv/lib/python3.12/site-packages/gym/spaces/box.py:84: UserWarning: [33mWARN: Box bound precision lowered by casting to float32[0m
  logger.warn(f"Box bound precision lowered by casting to {self.dtype}")
/home/fahim/Thesis_fahim/venv/lib/python3.12/site-packages/gym/spaces/box.py:84: UserWarning: [33mWARN: Box bound precision lowered by casting to float32[0m
  logger.warn(f"Box bound precision lowered by casting to {self.dtype}")
/home/fahim/Thesis_fahim/venv/lib/python3.12/site-packages/gym/spaces/box.py:84: UserWarning: [33mWARN: Box bound precision lowered by casting to float32[0m
  logger.warn(f"Box bound precision lowered by casting to {self.dtype}")
Gym has been unmaintained since 2022 and does not support NumPy 2.0 amongst other critical functionality.
Please upgrade to Gymnasium, the maintained drop-in replacement of Gym, or contact the authors of your software and request that they upgrade.
See the migration guide at https://gymnasium.farama.org/introduction/migration_guide/ for additional information.
5 environments ready.

  Actor QAT           : per-tensor INT8 fake-quant, STE grads
  Actor weight clip   : |w| <= 8.0 * std(w) per Linear tensor (bi_s0 baseline fc1 9.96 / fc2 10.82)
Init: warm-started (source: /home/fahim/Thesis_fahim/pickandplace/checkpoints/wide128_from_qat8_s1)
Fresh replay buffer.

Training...

Ep    50 | score   72.20 | avg100  187.43 | grasp100  88.0% | best 0.000 |     56 st/s
    done(50): success=44 t_flicker=6
Ep   100 | score  220.74 | avg100  196.35 | grasp100  91.0% | best 0.000 |     56 st/s
    done(50): success=47 t_flicker=1 t_touched=2
Ep   150 | score  209.52 | avg100  194.70 | grasp100  88.0% | best 0.000 |     49 st/s
    done(50): success=41 t_flicker=7 t_touched=2
Ep   200 | * BEST  level200=2.00 grasp200= 87.0% metric=0.870 | score  201.70
Ep   250 | score  203.90 | avg100  185.96 | grasp100  82.0% | best 0.870 |     42 st/s
    done(50): success=40 t_flicker=7 t_touched=3
Ep   300 | score  209.91 | avg100  174.89 | grasp100  75.0% | best 0.870 |     43 st/s
    done(50): success=35 t_flicker=8 t_touched=7
Ep   350 | score  197.26 | avg100  164.47 | grasp100  71.0% | best 0.870 |     41 st/s
    done(50): success=36 t_flicker=11 t_touched=3
Ep   400 | score   20.24 | avg100  170.12 | grasp100  76.0% | best 0.870 |     41 st/s
    done(50): success=40 t_flicker=5 t_touched=5
Ep   450 | score  237.07 | avg100  174.12 | grasp100  78.0% | best 0.870 |     40 st/s
    done(50): success=38 t_flicker=8 t_touched=3 t_no_reach=1
Ep   500 | score    4.75 | avg100  170.61 | grasp100  75.0% | best 0.870 |     40 st/s
    done(50): success=37 t_flicker=7 t_touched=5 t_no_reach=1
Ep   550 | score  209.94 | avg100  147.71 | grasp100  63.0% | best 0.870 |     41 st/s
    done(50): success=26 t_flicker=13 t_touched=8 t_no_reach=3
Ep   600 | score   57.23 | avg100  148.73 | grasp100  61.0% | best 0.870 |     41 st/s
    done(50): success=35 t_flicker=8 t_touched=6 t_no_reach=1
Ep   650 | score  269.85 | avg100  171.06 | grasp100  70.0% | best 0.870 |     41 st/s
    done(50): success=35 t_flicker=12 t_touched=3
Ep   700 | score  211.72 | avg100  177.55 | grasp100  76.0% | best 0.870 |     40 st/s
    done(50): success=41 t_flicker=6 t_touched=2 t_no_reach=1
Ep   750 | score  207.87 | avg100  183.62 | grasp100  82.0% | best 0.870 |     40 st/s
    done(50): success=41 t_flicker=5 t_touched=4
Ep   800 | score  207.94 | avg100  179.16 | grasp100  77.0% | best 0.870 |     40 st/s
    done(50): success=36 t_flicker=12 t_touched=2
Ep   850 | score  208.62 | avg100  173.84 | grasp100  74.0% | best 0.870 |     40 st/s
    done(50): success=38 t_flicker=5 t_touched=7
Ep   900 | score  205.30 | avg100  170.05 | grasp100  73.0% | best 0.870 |     40 st/s
    done(50): success=35 t_flicker=12 t_touched=3
Ep   950 | score   95.91 | avg100  169.96 | grasp100  70.0% | best 0.870 |     40 st/s
    done(50): success=35 t_flicker=14 t_touched=1
Ep  1000 | score  206.09 | avg100  172.24 | grasp100  70.0% | best 0.870 |     40 st/s
    done(50): success=35 t_flicker=14 t_touched=1
Ep  1050 | score  201.19 | avg100  181.27 | grasp100  78.0% | best 0.870 |     40 st/s
    done(50): success=43 t_flicker=6 t_touched=1
Ep  1100 | score  205.19 | avg100  193.10 | grasp100  88.0% | best 0.870 |     40 st/s
    done(50): success=45 t_flicker=3 t_touched=2
Ep  1150 | score  210.32 | avg100  194.57 | grasp100  88.0% | best 0.870 |     40 st/s
    done(50): success=43 t_flicker=7
Ep  1200 | score  209.12 | avg100  193.31 | grasp100  86.0% | best 0.870 |     39 st/s
    done(50): success=43 t_flicker=7
Ep  1250 | score  207.46 | avg100  188.82 | grasp100  83.0% | best 0.870 |     40 st/s
    done(50): success=40 t_flicker=6 t_touched=4
  [primacy-bias reset of critic heads @ 25000 updates]
Ep  1300 | score  208.93 | avg100  114.62 | grasp100  54.0% | best 0.870 |     40 st/s
    done(50): success=14 t_flicker=12 t_touched=11 t_no_reach=13
Ep  1350 | score  207.35 | avg100   89.93 | grasp100  39.0% | best 0.870 |     41 st/s
    done(50): success=25 t_flicker=15 t_touched=10
Ep  1400 | score   62.72 | avg100  152.54 | grasp100  62.0% | best 0.870 |     40 st/s
    done(50): success=37 t_flicker=9 t_touched=4
Ep  1450 | score  206.76 | avg100  171.27 | grasp100  74.0% | best 0.870 |     40 st/s
    done(50): success=37 t_flicker=10 t_touched=3
Ep  1500 | score  206.74 | avg100  185.26 | grasp100  81.0% | best 0.870 |     40 st/s
    done(50): success=44 t_flicker=5 t_touched=1
Ep  1550 | score   52.62 | avg100  184.67 | grasp100  82.0% | best 0.870 |     40 st/s
    done(50): success=38 t_flicker=10 t_touched=1 t_no_reach=1
Ep  1600 | score  200.69 | avg100  171.04 | grasp100  71.0% | best 0.870 |     40 st/s
    done(50): success=33 t_flicker=17
Ep  1650 | score  208.05 | avg100  175.08 | grasp100  72.0% | best 0.870 |     40 st/s
    done(50): success=39 t_flicker=9 t_touched=2
Ep  1700 | score  104.64 | avg100  179.49 | grasp100  78.0% | best 0.870 |     40 st/s
    done(50): success=39 t_flicker=9 t_touched=2
Ep  1750 | score   57.81 | avg100  184.03 | grasp100  80.0% | best 0.870 |     40 st/s
    done(50): success=41 t_flicker=8 t_touched=1
Ep  1800 | score  208.74 | avg100  187.24 | grasp100  81.0% | best 0.870 |     40 st/s
    done(50): success=40 t_flicker=8 t_touched=2
Ep  1850 | score  212.85 | avg100  184.19 | grasp100  78.0% | best 0.870 |     40 st/s
    done(50): success=38 t_flicker=11 t_touched=1
Ep  1900 | score  209.41 | avg100  191.53 | grasp100  82.0% | best 0.870 |     40 st/s
    done(50): success=44 t_flicker=6
Ep  1950 | score  199.28 | avg100  192.80 | grasp100  85.0% | best 0.870 |     40 st/s
    done(50): success=41 t_flicker=7 t_touched=2
Ep  2000 | score   95.46 | avg100  189.67 | grasp100  84.0% | best 0.870 |     40 st/s
    done(50): success=43 t_flicker=5 t_touched=2
Ep  2050 | score  206.88 | avg100  188.51 | grasp100  84.0% | best 0.870 |     40 st/s
    done(50): success=41 t_flicker=7 t_touched=2
Ep  2100 | score  233.80 | avg100  193.15 | grasp100  87.0% | best 0.870 |     40 st/s
    done(50): success=46 t_flicker=4
Ep  2150 | score  209.21 | avg100  200.19 | grasp100  91.0% | best 0.870 |     39 st/s
    done(50): success=45 t_flicker=4 t_touched=1
Ep  2156 | * BEST  level200=2.00 grasp200= 88.5% metric=0.885 | score  211.09
Ep  2200 | score  131.95 | avg100  191.39 | grasp100  87.0% | best 0.885 |     39 st/s
    done(50): success=42 t_flicker=5 t_touched=3
Ep  2250 | score  209.26 | avg100  189.91 | grasp100  86.0% | best 0.885 |     39 st/s
    done(50): success=44 t_flicker=4 t_touched=2
Ep  2300 | score  208.04 | avg100  188.39 | grasp100  85.0% | best 0.885 |     39 st/s
    done(50): success=41 t_flicker=9
Ep  2350 | score  208.17 | avg100  189.60 | grasp100  85.0% | best 0.885 |     39 st/s
    done(50): success=44 t_flicker=5 t_touched=1
Ep  2400 | score  206.82 | avg100  196.50 | grasp100  90.0% | best 0.885 |     39 st/s
    done(50): success=46 t_flicker=4
Ep  2450 | score  208.93 | avg100  195.76 | grasp100  90.0% | best 0.885 |     39 st/s
    done(50): success=44 t_flicker=5 t_touched=1
Ep  2500 | score  209.31 | avg100  192.30 | grasp100  87.0% | best 0.885 |     39 st/s
    done(50): success=43 t_flicker=7
  [primacy-bias reset of critic heads @ 50000 updates]
Ep  2550 | score  -79.75 | avg100  148.38 | grasp100  70.0% | best 0.885 |     40 st/s
    done(50): success=27 t_flicker=8 t_touched=4 t_no_reach=11
Ep  2600 | score   43.19 | avg100  102.54 | grasp100  52.0% | best 0.885 |     40 st/s
    done(50): success=25 t_flicker=11 t_touched=8 t_no_reach=6
Ep  2650 | score  155.50 | avg100  118.15 | grasp100  53.0% | best 0.885 |     40 st/s
    done(50): success=28 t_flicker=13 t_touched=9
Ep  2700 | score  206.32 | avg100  155.49 | grasp100  66.0% | best 0.885 |     41 st/s
    done(50): success=38 t_flicker=6 t_touched=3 t_no_reach=3
Ep  2750 | score  211.39 | avg100  176.43 | grasp100  78.0% | best 0.885 |     41 st/s
    done(50): success=40 t_flicker=6 t_touched=4
Ep  2800 | score   33.10 | avg100  180.82 | grasp100  82.0% | best 0.885 |     41 st/s
    done(50): success=42 t_flicker=3 t_touched=2 t_no_reach=3
Ep  2850 | score  207.51 | avg100  187.72 | grasp100  88.0% | best 0.885 |     41 st/s
    done(50): success=46 t_flicker=1 t_touched=2 t_no_reach=1

Target reached: 95.0% over 100 episodes at spawn level 2.0.

========================================================================
DONE  td3_ln_wide128_s1
  Episodes     : 2897
  Env steps    : 153,095  (3775s)
  Best metric  : 0.885  (policy in /home/fahim/Thesis_fahim/pickandplace/checkpoints/td3_grasp_rand_td3_ln_wide128_s1/best)
  Final grasp% : 95.0
  CSV          : /home/fahim/Thesis_fahim/pickandplace/logs/grasp_rand_td3_ln_wide128_s1/episodes.csv
  Probe CSV    : /home/fahim/Thesis_fahim/pickandplace/logs/grasp_rand_td3_ln_wide128_s1/probe.csv
  Manifest     : /home/fahim/Thesis_fahim/pickandplace/logs/grasp_rand_td3_ln_wide128_s1/manifest.json
========================================================================

