========================================================================
RANDOM-SPAWN GRASP RETRAINING  |  algo=td3_ln  run=td3_ln_wide128_s5
========================================================================
  Envs                : 5 (subprocess-parallel, fork)
  Spawn level         : 2.0 (1.0 = full position box, 2.0 = + z-rotation)
  Updates/vec-step    : 2 (0.400 per env-step; historical baseline 0.5)
  Buffer              : 200,000
  Actor               : 128 -> 64  (14,528 weights)  [critics 64->32]
  Warm start          : checkpoints/wide128_from_qat8_s5
  Checkpoints         : /home/fahim/Thesis_fahim/pickandplace/checkpoints/td3_grasp_rand_td3_ln_wide128_s5
========================================================================

Spawning 5 subprocess environments (fork)...
[robosuite WARNING] No private macro file found! (__init__.py:7)
[robosuite WARNING] It is recommended to use a private macro file (__init__.py:8)
[robosuite WARNING] To setup, run: python /home/fahim/Thesis_fahim/venv/lib/python3.12/site-packages/robosuite/scripts/setup_macros.py (__init__.py:9)
[robosuite WARNING] No private macro file found! (__init__.py:7)
[robosuite WARNING] It is recommended to use a private macro file (__init__.py:8)
[robosuite WARNING] To setup, run: python /home/fahim/Thesis_fahim/venv/lib/python3.12/site-packages/robosuite/scripts/setup_macros.py (__init__.py:9)
[robosuite WARNING] No private macro file found! (__init__.py:7)
[robosuite WARNING] It is recommended to use a private macro file (__init__.py:8)
[robosuite WARNING] To setup, run: python /home/fahim/Thesis_fahim/venv/lib/python3.12/site-packages/robosuite/scripts/setup_macros.py (__init__.py:9)
[robosuite WARNING] No private macro file found! (__init__.py:7)
[robosuite WARNING] It is recommended to use a private macro file (__init__.py:8)
[robosuite WARNING] To setup, run: python /home/fahim/Thesis_fahim/venv/lib/python3.12/site-packages/robosuite/scripts/setup_macros.py (__init__.py:9)
[robosuite WARNING] No private macro file found! (__init__.py:7)
[robosuite WARNING] It is recommended to use a private macro file (__init__.py:8)
[robosuite WARNING] To setup, run: python /home/fahim/Thesis_fahim/venv/lib/python3.12/site-packages/robosuite/scripts/setup_macros.py (__init__.py:9)
Gym has been unmaintained since 2022 and does not support NumPy 2.0 amongst other critical functionality.
Please upgrade to Gymnasium, the maintained drop-in replacement of Gym, or contact the authors of your software and request that they upgrade.
See the migration guide at https://gymnasium.farama.org/introduction/migration_guide/ for additional information.
Gym has been unmaintained since 2022 and does not support NumPy 2.0 amongst other critical functionality.
Please upgrade to Gymnasium, the maintained drop-in replacement of Gym, or contact the authors of your software and request that they upgrade.
See the migration guide at https://gymnasium.farama.org/introduction/migration_guide/ for additional information.
Gym has been unmaintained since 2022 and does not support NumPy 2.0 amongst other critical functionality.
Please upgrade to Gymnasium, the maintained drop-in replacement of Gym, or contact the authors of your software and request that they upgrade.
See the migration guide at https://gymnasium.farama.org/introduction/migration_guide/ for additional information.
Gym has been unmaintained since 2022 and does not support NumPy 2.0 amongst other critical functionality.
Please upgrade to Gymnasium, the maintained drop-in replacement of Gym, or contact the authors of your software and request that they upgrade.
See the migration guide at https://gymnasium.farama.org/introduction/migration_guide/ for additional information.
Gym has been unmaintained since 2022 and does not support NumPy 2.0 amongst other critical functionality.
Please upgrade to Gymnasium, the maintained drop-in replacement of Gym, or contact the authors of your software and request that they upgrade.
See the migration guide at https://gymnasium.farama.org/introduction/migration_guide/ for additional information.
/home/fahim/Thesis_fahim/venv/lib/python3.12/site-packages/gym/spaces/box.py:84: UserWarning: [33mWARN: Box bound precision lowered by casting to float32[0m
  logger.warn(f"Box bound precision lowered by casting to {self.dtype}")
/home/fahim/Thesis_fahim/venv/lib/python3.12/site-packages/gym/spaces/box.py:84: UserWarning: [33mWARN: Box bound precision lowered by casting to float32[0m
  logger.warn(f"Box bound precision lowered by casting to {self.dtype}")
/home/fahim/Thesis_fahim/venv/lib/python3.12/site-packages/gym/spaces/box.py:84: UserWarning: [33mWARN: Box bound precision lowered by casting to float32[0m
  logger.warn(f"Box bound precision lowered by casting to {self.dtype}")
/home/fahim/Thesis_fahim/venv/lib/python3.12/site-packages/gym/spaces/box.py:84: UserWarning: [33mWARN: Box bound precision lowered by casting to float32[0m
  logger.warn(f"Box bound precision lowered by casting to {self.dtype}")
/home/fahim/Thesis_fahim/venv/lib/python3.12/site-packages/gym/spaces/box.py:84: UserWarning: [33mWARN: Box bound precision lowered by casting to float32[0m
  logger.warn(f"Box bound precision lowered by casting to {self.dtype}")
Gym has been unmaintained since 2022 and does not support NumPy 2.0 amongst other critical functionality.
Please upgrade to Gymnasium, the maintained drop-in replacement of Gym, or contact the authors of your software and request that they upgrade.
See the migration guide at https://gymnasium.farama.org/introduction/migration_guide/ for additional information.
5 environments ready.

  Actor QAT           : per-tensor INT8 fake-quant, STE grads
  Actor weight clip   : |w| <= 8.0 * std(w) per Linear tensor (bi_s0 baseline fc1 9.96 / fc2 10.82)
Init: warm-started (source: /home/fahim/Thesis_fahim/pickandplace/checkpoints/wide128_from_qat8_s5)
Fresh replay buffer.

Training...

Ep    50 | score  210.82 | avg100  196.81 | grasp100  88.0% | best 0.000 |     64 st/s
    done(50): success=44 t_flicker=3 t_touched=3
Ep   100 | score  281.99 | avg100  189.26 | grasp100  82.0% | best 0.000 |     67 st/s
    done(50): success=38 t_flicker=7 t_touched=5
Ep   150 | score  212.77 | avg100  179.57 | grasp100  76.0% | best 0.000 |     53 st/s
    done(50): success=38 t_flicker=6 t_touched=6
Ep   200 | * BEST  level200=2.00 grasp200= 78.5% metric=0.785 | score  213.49
Ep   250 | score  212.61 | avg100  174.96 | grasp100  75.0% | best 0.785 |     45 st/s
    done(50): success=38 t_flicker=10 t_touched=2
Ep   300 | score   53.57 | avg100  170.36 | grasp100  74.0% | best 0.785 |     43 st/s
    done(50): success=36 t_flicker=12 t_touched=2
Ep   350 | score  207.80 | avg100  167.72 | grasp100  73.0% | best 0.785 |     42 st/s
    done(50): success=37 t_flicker=6 t_touched=7
Ep   400 | score  205.98 | avg100  175.23 | grasp100  75.0% | best 0.785 |     41 st/s
    done(50): success=38 t_flicker=8 t_touched=4
Ep   450 | score  -27.19 | avg100  182.46 | grasp100  80.0% | best 0.785 |     40 st/s
    done(50): success=42 t_flicker=4 t_touched=4
Ep   500 | score  207.64 | avg100  176.29 | grasp100  77.0% | best 0.785 |     40 st/s
    done(50): success=35 t_flicker=12 t_touched=3
Ep   550 | score  208.87 | avg100  173.89 | grasp100  75.0% | best 0.785 |     40 st/s
    done(50): success=40 t_flicker=6 t_touched=4
Ep   599 | * BEST  level200=2.00 grasp200= 80.0% metric=0.800 | score  208.37
Ep   600 | score  208.03 | avg100  186.56 | grasp100  83.0% | best 0.800 |     39 st/s
    done(50): success=43 t_flicker=7
Ep   650 | score  200.51 | avg100  186.29 | grasp100  82.0% | best 0.800 |     39 st/s
    done(50): success=39 t_flicker=7 t_touched=4
Ep   686 | * BEST  level200=2.00 grasp200= 81.5% metric=0.815 | score  207.78
Ep   699 | * BEST  level200=2.00 grasp200= 83.0% metric=0.830 | score  212.27
Ep   700 | score  213.90 | avg100  186.80 | grasp100  83.0% | best 0.830 |     39 st/s
    done(50): success=44 t_flicker=3 t_touched=3
Ep   750 | score  207.52 | avg100  182.98 | grasp100  80.0% | best 0.830 |     39 st/s
    done(50): success=36 t_flicker=11 t_touched=3
Ep   800 | score  -36.26 | avg100  165.84 | grasp100  71.0% | best 0.830 |     39 st/s
    done(50): success=35 t_flicker=10 t_touched=5
Ep   850 | score  214.95 | avg100  168.26 | grasp100  74.0% | best 0.830 |     39 st/s
    done(50): success=39 t_flicker=4 t_touched=7
Ep   900 | score   58.12 | avg100  171.99 | grasp100  77.0% | best 0.830 |     39 st/s
    done(50): success=38 t_flicker=6 t_touched=5 t_no_reach=1
Ep   950 | score  202.67 | avg100  179.54 | grasp100  83.0% | best 0.830 |     39 st/s
    done(50): success=45 t_flicker=2 t_touched=3
Ep  1000 | score  202.22 | avg100  185.61 | grasp100  84.0% | best 0.830 |     38 st/s
    done(50): success=39 t_flicker=8 t_touched=3
Ep  1050 | score  217.50 | avg100  166.18 | grasp100  73.0% | best 0.830 |     39 st/s
    done(50): success=34 t_flicker=10 t_touched=4 t_no_reach=2
Ep  1100 | score  206.46 | avg100  160.69 | grasp100  70.0% | best 0.830 |     39 st/s
    done(50): success=36 t_flicker=8 t_touched=6
Ep  1150 | score  207.69 | avg100  160.79 | grasp100  71.0% | best 0.830 |     39 st/s
    done(50): success=35 t_flicker=7 t_touched=7 t_no_reach=1
Ep  1200 | score  211.41 | avg100  161.73 | grasp100  71.0% | best 0.830 |     39 st/s
    done(50): success=36 t_flicker=11 t_touched=3
  [primacy-bias reset of critic heads @ 25000 updates]
Ep  1250 | score  -64.78 | avg100  122.04 | grasp100  59.0% | best 0.830 |     40 st/s
    done(50): success=23 t_flicker=5 t_touched=5 t_no_reach=17
Ep  1300 | score   82.29 | avg100   72.19 | grasp100  38.0% | best 0.830 |     40 st/s
    done(50): success=15 t_flicker=16 t_touched=14 t_no_reach=5
Ep  1350 | score   98.44 | avg100  105.64 | grasp100  43.0% | best 0.830 |     40 st/s
    done(50): success=28 t_flicker=14 t_touched=7 t_no_reach=1
Ep  1400 | score  208.50 | avg100  160.54 | grasp100  69.0% | best 0.830 |     40 st/s
    done(50): success=41 t_flicker=3 t_touched=4 t_no_reach=2
Ep  1450 | score    5.44 | avg100  176.50 | grasp100  81.0% | best 0.830 |     40 st/s
    done(50): success=40 t_flicker=6 t_no_reach=4
Ep  1500 | score  208.77 | avg100  173.64 | grasp100  77.0% | best 0.830 |     40 st/s
    done(50): success=37 t_flicker=7 t_touched=6
Ep  1550 | score  207.96 | avg100  176.91 | grasp100  76.0% | best 0.830 |     40 st/s
    done(50): success=39 t_flicker=6 t_touched=5
Ep  1600 | score  210.22 | avg100  182.93 | grasp100  82.0% | best 0.830 |     40 st/s
    done(50): success=43 t_flicker=6 t_touched=1
Ep  1650 | score  205.92 | avg100  175.23 | grasp100  79.0% | best 0.830 |     40 st/s
    done(50): success=36 t_flicker=12 t_touched=2
Ep  1700 | score  207.65 | avg100  174.56 | grasp100  80.0% | best 0.830 |     40 st/s
    done(50): success=44 t_flicker=5 t_touched=1
Ep  1750 | score  209.37 | avg100  178.34 | grasp100  81.0% | best 0.830 |     40 st/s
    done(50): success=37 t_flicker=9 t_touched=4
Ep  1800 | score   96.55 | avg100  170.58 | grasp100  75.0% | best 0.830 |     40 st/s
    done(50): success=38 t_flicker=9 t_touched=3
Ep  1850 | score  210.06 | avg100  173.92 | grasp100  79.0% | best 0.830 |     40 st/s
    done(50): success=41 t_flicker=6 t_touched=3
Ep  1900 | score   57.18 | avg100  179.87 | grasp100  80.0% | best 0.830 |     40 st/s
    done(50): success=39 t_flicker=9 t_touched=2
Ep  1950 | score  261.05 | avg100  175.00 | grasp100  76.0% | best 0.830 |     40 st/s
    done(50): success=37 t_flicker=11 t_touched=1 t_no_reach=1
Ep  2000 | score  202.67 | avg100  169.56 | grasp100  75.0% | best 0.830 |     40 st/s
    done(50): success=38 t_flicker=6 t_touched=3 t_no_reach=3
Ep  2050 | score  209.60 | avg100  157.88 | grasp100  69.0% | best 0.830 |     40 st/s
    done(50): success=31 t_flicker=15 t_touched=2 t_no_reach=2
Ep  2100 | score  207.96 | avg100  159.56 | grasp100  72.0% | best 0.830 |     40 st/s
    done(50): success=41 t_flicker=3 t_touched=5 t_no_reach=1
Ep  2150 | score  207.59 | avg100  180.00 | grasp100  85.0% | best 0.830 |     40 st/s
    done(50): success=44 t_flicker=3 t_touched=1 t_no_reach=2
Ep  2200 | score  209.49 | avg100  183.83 | grasp100  87.0% | best 0.830 |     40 st/s
    done(50): success=43 t_flicker=4 t_touched=2 t_no_reach=1
Ep  2250 | score  211.06 | avg100  172.10 | grasp100  78.0% | best 0.830 |     40 st/s
    done(50): success=35 t_flicker=11 t_touched=3 t_no_reach=1
  [primacy-bias reset of critic heads @ 50000 updates]
Ep  2300 | score  -78.28 | avg100  112.13 | grasp100  57.0% | best 0.830 |     41 st/s
    done(50): success=22 t_flicker=2 t_touched=5 t_no_reach=21
Ep  2350 | score   69.83 | avg100   41.25 | grasp100  36.0% | best 0.830 |     42 st/s
    done(50): success=14 t_flicker=8 t_no_reach=28
Ep  2400 | score  209.19 | avg100   90.38 | grasp100  48.0% | best 0.830 |     42 st/s
    done(50): success=34 t_flicker=11 t_touched=3 t_no_reach=2
Ep  2450 | score   65.29 | avg100  164.43 | grasp100  69.0% | best 0.830 |     42 st/s
    done(50): success=35 t_flicker=12 t_touched=3
Ep  2500 | score  209.74 | avg100  169.21 | grasp100  71.0% | best 0.830 |     42 st/s
    done(50): success=36 t_flicker=13 t_touched=1
Ep  2550 | score  205.62 | avg100  180.74 | grasp100  80.0% | best 0.830 |     42 st/s
    done(50): success=44 t_flicker=6
Ep  2600 | score  208.26 | avg100  177.08 | grasp100  79.0% | best 0.830 |     42 st/s
    done(50): success=35 t_flicker=13 t_touched=1 t_no_reach=1
Ep  2650 | score   13.16 | avg100  165.42 | grasp100  74.0% | best 0.830 |     42 st/s
    done(50): success=39 t_flicker=8 t_touched=3
Ep  2700 | score  199.48 | avg100  166.15 | grasp100  76.0% | best 0.830 |     42 st/s
    done(50): success=37 t_flicker=9 t_touched=2 t_no_reach=2
Ep  2750 | score  207.46 | avg100  172.83 | grasp100  78.0% | best 0.830 |     42 st/s
    done(50): success=41 t_flicker=7 t_touched=1 t_no_reach=1
Ep  2800 | score  214.64 | avg100  187.81 | grasp100  86.0% | best 0.830 |     42 st/s
    done(50): success=45 t_flicker=4 t_no_reach=1
Ep  2850 | score  208.58 | avg100  191.07 | grasp100  88.0% | best 0.830 |     42 st/s
    done(50): success=43 t_flicker=4 t_touched=3
Ep  2872 | * BEST  level200=2.00 grasp200= 84.5% metric=0.845 | score  212.01
Ep  2900 | score  209.10 | avg100  186.40 | grasp100  85.0% | best 0.845 |     42 st/s
    done(50): success=42 t_flicker=8
Ep  2903 | * BEST  level200=2.00 grasp200= 86.0% metric=0.860 | score  194.38
Ep  2929 | * BEST  level200=2.00 grasp200= 87.5% metric=0.875 | score  208.13
Ep  2950 | score  199.36 | avg100  187.38 | grasp100  86.0% | best 0.875 |     42 st/s
    done(50): success=44 t_flicker=5 t_touched=1
Ep  3000 | score  206.24 | avg100  188.87 | grasp100  87.0% | best 0.875 |     42 st/s
    done(50): success=43 t_flicker=7
Ep  3050 | score   58.37 | avg100  189.51 | grasp100  86.0% | best 0.875 |     42 st/s
    done(50): success=43 t_flicker=7
Ep  3100 | score  -17.14 | avg100  191.79 | grasp100  88.0% | best 0.875 |     42 st/s
    done(50): success=45 t_flicker=3 t_touched=2
Ep  3150 | score  207.50 | avg100  195.08 | grasp100  89.0% | best 0.875 |     42 st/s
    done(50): success=44 t_flicker=3 t_touched=3
Ep  3200 | score  209.26 | avg100  191.22 | grasp100  84.0% | best 0.875 |     42 st/s
    done(50): success=40 t_flicker=9 t_touched=1
Ep  3250 | score   96.05 | avg100  190.55 | grasp100  85.0% | best 0.875 |     42 st/s
    done(50): success=45 t_flicker=4 t_touched=1
Ep  3300 | score  210.05 | avg100  188.38 | grasp100  87.0% | best 0.875 |     42 st/s
    done(50): success=42 t_flicker=8
Ep  3350 | score  211.44 | avg100  188.47 | grasp100  87.0% | best 0.875 |     42 st/s
    done(50): success=45 t_flicker=5
Ep  3400 | score  213.39 | avg100  187.36 | grasp100  85.0% | best 0.875 |     42 st/s
    done(50): success=40 t_flicker=9 t_touched=1
Ep  3450 | score  210.71 | avg100  180.97 | grasp100  82.0% | best 0.875 |     42 st/s
    done(50): success=42 t_flicker=7 t_touched=1
Ep  3500 | score  206.60 | avg100  184.34 | grasp100  84.0% | best 0.875 |     43 st/s
    done(50): success=42 t_flicker=4 t_touched=4
  [primacy-bias reset of critic heads @ 75000 updates]
Ep  3550 | score   10.33 | avg100  130.97 | grasp100  61.0% | best 0.875 |     43 st/s
    done(50): success=19 t_flicker=11 t_touched=14 t_no_reach=6
Ep  3600 | score  204.63 | avg100   79.88 | grasp100  45.0% | best 0.875 |     43 st/s
    done(50): success=26 t_flicker=4 t_touched=5 t_no_reach=15
Ep  3650 | score  207.26 | avg100  118.86 | grasp100  61.0% | best 0.875 |     44 st/s
    done(50): success=35 t_flicker=10 t_touched=3 t_no_reach=2
Ep  3700 | score  209.19 | avg100  156.55 | grasp100  70.0% | best 0.875 |     44 st/s
    done(50): success=35 t_flicker=9 t_touched=5 t_no_reach=1
Ep  3750 | score  209.35 | avg100  174.22 | grasp100  79.0% | best 0.875 |     44 st/s
    done(50): success=44 t_flicker=2 t_touched=4
Ep  3800 | score  203.76 | avg100  190.52 | grasp100  88.0% | best 0.875 |     44 st/s
    done(50): success=44 t_flicker=4 t_touched=2
Ep  3850 | score  209.32 | avg100  194.74 | grasp100  91.0% | best 0.875 |     44 st/s
    done(50): success=47 t_flicker=2 t_touched=1
Ep  3897 | * BEST  level200=2.00 grasp200= 89.0% metric=0.890 | score  209.22
Ep  3900 | score  208.34 | avg100  195.53 | grasp100  91.0% | best 0.890 |     44 st/s
    done(50): success=44 t_flicker=3 t_touched=2 t_no_reach=1
Ep  3950 | score  212.24 | avg100  181.84 | grasp100  80.0% | best 0.890 |     44 st/s
    done(50): success=36 t_flicker=13 t_touched=1
Ep  4000 | score  208.25 | avg100  184.33 | grasp100  82.0% | best 0.890 |     44 st/s
    done(50): success=46 t_flicker=3 t_touched=1
Ep  4050 | score  209.98 | avg100  192.59 | grasp100  88.0% | best 0.890 |     44 st/s
    done(50): success=42 t_flicker=8
Ep  4100 | score  209.04 | avg100  194.64 | grasp100  89.0% | best 0.890 |     44 st/s
    done(50): success=47 t_flicker=3
Ep  4147 | * BEST  level200=2.00 grasp200= 90.5% metric=0.905 | score  205.36
Ep  4150 | score  208.64 | avg100  201.72 | grasp100  94.0% | best 0.905 |     44 st/s
    done(50): success=47 t_flicker=3

Target reached: 95.0% over 100 episodes at spawn level 2.0.

========================================================================
DONE  td3_ln_wide128_s5
  Episodes     : 4159
  Env steps    : 226,460  (5156s)
  Best metric  : 0.905  (policy in /home/fahim/Thesis_fahim/pickandplace/checkpoints/td3_grasp_rand_td3_ln_wide128_s5/best)
  Final grasp% : 95.0
  CSV          : /home/fahim/Thesis_fahim/pickandplace/logs/grasp_rand_td3_ln_wide128_s5/episodes.csv
  Probe CSV    : /home/fahim/Thesis_fahim/pickandplace/logs/grasp_rand_td3_ln_wide128_s5/probe.csv
  Manifest     : /home/fahim/Thesis_fahim/pickandplace/logs/grasp_rand_td3_ln_wide128_s5/manifest.json
========================================================================

