========================================================================
RANDOM-SPAWN GRASP RETRAINING  |  algo=td3_ln  run=td3_ln_cont64_s1
========================================================================
  Envs                : 5 (subprocess-parallel, fork)
  Spawn level         : 2.0 (1.0 = full position box, 2.0 = + z-rotation)
  Updates/vec-step    : 2 (0.400 per env-step; historical baseline 0.5)
  Buffer              : 200,000
  Actor               : 64 -> 32  (5,216 weights)
  Warm start          : checkpoints/td3_grasp_rand_td3_ln_qat8_s1/best
  Checkpoints         : /home/fahim/Thesis_fahim/pickandplace/checkpoints/td3_grasp_rand_td3_ln_cont64_s1
========================================================================

Spawning 5 subprocess environments (fork)...
[robosuite WARNING] No private macro file found! (__init__.py:7)
[robosuite WARNING] It is recommended to use a private macro file (__init__.py:8)
[robosuite WARNING] To setup, run: python /home/fahim/Thesis_fahim/venv/lib/python3.12/site-packages/robosuite/scripts/setup_macros.py (__init__.py:9)
[robosuite WARNING] No private macro file found! (__init__.py:7)
[robosuite WARNING] It is recommended to use a private macro file (__init__.py:8)
[robosuite WARNING] To setup, run: python /home/fahim/Thesis_fahim/venv/lib/python3.12/site-packages/robosuite/scripts/setup_macros.py (__init__.py:9)
[robosuite WARNING] No private macro file found! (__init__.py:7)
[robosuite WARNING] It is recommended to use a private macro file (__init__.py:8)
[robosuite WARNING] To setup, run: python /home/fahim/Thesis_fahim/venv/lib/python3.12/site-packages/robosuite/scripts/setup_macros.py (__init__.py:9)
[robosuite WARNING] No private macro file found! (__init__.py:7)
[robosuite WARNING] It is recommended to use a private macro file (__init__.py:8)
[robosuite WARNING] To setup, run: python /home/fahim/Thesis_fahim/venv/lib/python3.12/site-packages/robosuite/scripts/setup_macros.py (__init__.py:9)
[robosuite WARNING] No private macro file found! (__init__.py:7)
[robosuite WARNING] It is recommended to use a private macro file (__init__.py:8)
[robosuite WARNING] To setup, run: python /home/fahim/Thesis_fahim/venv/lib/python3.12/site-packages/robosuite/scripts/setup_macros.py (__init__.py:9)
Gym has been unmaintained since 2022 and does not support NumPy 2.0 amongst other critical functionality.
Please upgrade to Gymnasium, the maintained drop-in replacement of Gym, or contact the authors of your software and request that they upgrade.
See the migration guide at https://gymnasium.farama.org/introduction/migration_guide/ for additional information.
Gym has been unmaintained since 2022 and does not support NumPy 2.0 amongst other critical functionality.
Please upgrade to Gymnasium, the maintained drop-in replacement of Gym, or contact the authors of your software and request that they upgrade.
See the migration guide at https://gymnasium.farama.org/introduction/migration_guide/ for additional information.
Gym has been unmaintained since 2022 and does not support NumPy 2.0 amongst other critical functionality.
Please upgrade to Gymnasium, the maintained drop-in replacement of Gym, or contact the authors of your software and request that they upgrade.
See the migration guide at https://gymnasium.farama.org/introduction/migration_guide/ for additional information.
Gym has been unmaintained since 2022 and does not support NumPy 2.0 amongst other critical functionality.
Please upgrade to Gymnasium, the maintained drop-in replacement of Gym, or contact the authors of your software and request that they upgrade.
See the migration guide at https://gymnasium.farama.org/introduction/migration_guide/ for additional information.
Gym has been unmaintained since 2022 and does not support NumPy 2.0 amongst other critical functionality.
Please upgrade to Gymnasium, the maintained drop-in replacement of Gym, or contact the authors of your software and request that they upgrade.
See the migration guide at https://gymnasium.farama.org/introduction/migration_guide/ for additional information.
/home/fahim/Thesis_fahim/venv/lib/python3.12/site-packages/gym/spaces/box.py:84: UserWarning: [33mWARN: Box bound precision lowered by casting to float32[0m
  logger.warn(f"Box bound precision lowered by casting to {self.dtype}")
/home/fahim/Thesis_fahim/venv/lib/python3.12/site-packages/gym/spaces/box.py:84: UserWarning: [33mWARN: Box bound precision lowered by casting to float32[0m
  logger.warn(f"Box bound precision lowered by casting to {self.dtype}")
/home/fahim/Thesis_fahim/venv/lib/python3.12/site-packages/gym/spaces/box.py:84: UserWarning: [33mWARN: Box bound precision lowered by casting to float32[0m
  logger.warn(f"Box bound precision lowered by casting to {self.dtype}")
/home/fahim/Thesis_fahim/venv/lib/python3.12/site-packages/gym/spaces/box.py:84: UserWarning: [33mWARN: Box bound precision lowered by casting to float32[0m
  logger.warn(f"Box bound precision lowered by casting to {self.dtype}")
/home/fahim/Thesis_fahim/venv/lib/python3.12/site-packages/gym/spaces/box.py:84: UserWarning: [33mWARN: Box bound precision lowered by casting to float32[0m
  logger.warn(f"Box bound precision lowered by casting to {self.dtype}")
Gym has been unmaintained since 2022 and does not support NumPy 2.0 amongst other critical functionality.
Please upgrade to Gymnasium, the maintained drop-in replacement of Gym, or contact the authors of your software and request that they upgrade.
See the migration guide at https://gymnasium.farama.org/introduction/migration_guide/ for additional information.
5 environments ready.

  Actor QAT           : per-tensor INT8 fake-quant, STE grads
  Actor weight clip   : |w| <= 8.0 * std(w) per Linear tensor (bi_s0 baseline fc1 9.96 / fc2 10.82)
Init: warm-started (source: /home/fahim/Thesis_fahim/pickandplace/checkpoints/td3_grasp_rand_td3_ln_qat8_s1/best)
Fresh replay buffer.

Training...

Ep    50 | score  209.61 | avg100  195.74 | grasp100  92.0% | best 0.000 |     53 st/s
    done(50): success=46 t_flicker=3 t_touched=1
Ep   100 | score  209.91 | avg100  195.16 | grasp100  90.0% | best 0.000 |     55 st/s
    done(50): success=44 t_flicker=4 t_touched=2
Ep   150 | score  210.82 | avg100  193.56 | grasp100  86.0% | best 0.000 |     51 st/s
    done(50): success=42 t_flicker=8
Ep   200 | * BEST  level200=2.00 grasp200= 87.0% metric=0.870 | score  205.48
Ep   250 | score  207.87 | avg100  182.38 | grasp100  80.0% | best 0.870 |     44 st/s
    done(50): success=38 t_flicker=9 t_touched=3
Ep   300 | score   89.66 | avg100  165.92 | grasp100  72.0% | best 0.870 |     42 st/s
    done(50): success=34 t_flicker=15 t_touched=1
Ep   350 | score   36.32 | avg100  153.71 | grasp100  62.0% | best 0.870 |     42 st/s
    done(50): success=28 t_flicker=16 t_touched=6
Ep   400 | score  216.94 | avg100  157.49 | grasp100  62.0% | best 0.870 |     41 st/s
    done(50): success=34 t_flicker=10 t_touched=6
Ep   450 | score  208.02 | avg100  174.28 | grasp100  74.0% | best 0.870 |     40 st/s
    done(50): success=40 t_flicker=9 t_touched=1
Ep   500 | score  198.70 | avg100  177.29 | grasp100  78.0% | best 0.870 |     40 st/s
    done(50): success=38 t_flicker=9 t_touched=3
Ep   550 | score  203.04 | avg100  178.86 | grasp100  79.0% | best 0.870 |     39 st/s
    done(50): success=41 t_flicker=7 t_touched=2
Ep   600 | score  209.39 | avg100  186.49 | grasp100  84.0% | best 0.870 |     39 st/s
    done(50): success=43 t_flicker=6 t_touched=1
Ep   650 | score  210.33 | avg100  175.59 | grasp100  79.0% | best 0.870 |     39 st/s
    done(50): success=36 t_flicker=10 t_touched=4
Ep   700 | score  144.78 | avg100  171.17 | grasp100  73.0% | best 0.870 |     39 st/s
    done(50): success=37 t_flicker=12 t_touched=1
Ep   750 | score  207.79 | avg100  181.00 | grasp100  77.0% | best 0.870 |     39 st/s
    done(50): success=40 t_flicker=7 t_touched=3
Ep   800 | score  208.77 | avg100  176.06 | grasp100  77.0% | best 0.870 |     39 st/s
    done(50): success=37 t_flicker=11 t_touched=2
Ep   850 | score  196.91 | avg100  177.97 | grasp100  78.0% | best 0.870 |     39 st/s
    done(50): success=41 t_flicker=7 t_touched=2
Ep   900 | score  233.93 | avg100  184.34 | grasp100  82.0% | best 0.870 |     38 st/s
    done(50): success=41 t_flicker=6 t_touched=3
Ep   950 | score  124.88 | avg100  173.10 | grasp100  76.0% | best 0.870 |     38 st/s
    done(50): success=35 t_flicker=13 t_touched=1 t_no_reach=1
Ep  1000 | score  209.53 | avg100  166.17 | grasp100  72.0% | best 0.870 |     38 st/s
    done(50): success=37 t_flicker=11 t_touched=2
Ep  1050 | score  205.55 | avg100  182.40 | grasp100  82.0% | best 0.870 |     38 st/s
    done(50): success=45 t_flicker=2 t_touched=2 t_no_reach=1
Ep  1100 | score  198.61 | avg100  182.41 | grasp100  83.0% | best 0.870 |     38 st/s
    done(50): success=38 t_flicker=10 t_touched=2
Ep  1150 | score  209.21 | avg100  184.83 | grasp100  83.0% | best 0.870 |     38 st/s
    done(50): success=45 t_flicker=5
Ep  1200 | score  209.33 | avg100  193.18 | grasp100  85.0% | best 0.870 |     38 st/s
    done(50): success=40 t_flicker=9 t_touched=1
Ep  1250 | score  207.73 | avg100  174.19 | grasp100  74.0% | best 0.870 |     38 st/s
    done(50): success=34 t_flicker=14 t_touched=2
Ep  1300 | score   50.44 | avg100  176.75 | grasp100  77.0% | best 0.870 |     38 st/s
    done(50): success=43 t_flicker=6 t_touched=1
Ep  1350 | score   85.33 | avg100  173.88 | grasp100  75.0% | best 0.870 |     38 st/s
    done(50): success=32 t_flicker=13 t_touched=5
  [primacy-bias reset of critic heads @ 25000 updates]
Ep  1400 | score  -40.76 | avg100   91.17 | grasp100  39.0% | best 0.870 |     39 st/s
    done(50): success=7 t_flicker=13 t_touched=24 t_no_reach=6
Ep  1450 | score   67.59 | avg100   62.23 | grasp100  28.0% | best 0.870 |     40 st/s
    done(50): success=21 t_flicker=18 t_touched=7 t_no_reach=4
Ep  1500 | score  113.07 | avg100   97.89 | grasp100  45.0% | best 0.870 |     40 st/s
    done(50): success=24 t_flicker=9 t_touched=8 t_no_reach=9
Ep  1550 | score  211.06 | avg100  115.02 | grasp100  53.0% | best 0.870 |     40 st/s
    done(50): success=29 t_flicker=13 t_touched=4 t_no_reach=4
Ep  1600 | score  207.64 | avg100  137.83 | grasp100  63.0% | best 0.870 |     40 st/s
    done(50): success=34 t_flicker=7 t_touched=6 t_no_reach=3
Ep  1650 | score  211.47 | avg100  154.53 | grasp100  71.0% | best 0.870 |     40 st/s
    done(50): success=37 t_flicker=12 t_touched=1
Ep  1700 | score  208.26 | avg100  176.68 | grasp100  78.0% | best 0.870 |     40 st/s
    done(50): success=41 t_flicker=8 t_touched=1
Ep  1750 | score  236.21 | avg100  181.69 | grasp100  81.0% | best 0.870 |     40 st/s
    done(50): success=40 t_flicker=9 t_no_reach=1
Ep  1800 | score  -18.11 | avg100  170.09 | grasp100  75.0% | best 0.870 |     40 st/s
    done(50): success=35 t_flicker=11 t_touched=4
Ep  1850 | score  300.95 | avg100  172.34 | grasp100  73.0% | best 0.870 |     40 st/s
    done(50): success=38 t_flicker=10 t_touched=2
Ep  1900 | score  208.57 | avg100  177.97 | grasp100  74.0% | best 0.870 |     41 st/s
    done(50): success=36 t_flicker=9 t_touched=5
Ep  1950 | score  210.11 | avg100  183.36 | grasp100  79.0% | best 0.870 |     41 st/s
    done(50): success=43 t_flicker=6 t_touched=1
Ep  2000 | score  207.09 | avg100  178.62 | grasp100  76.0% | best 0.870 |     41 st/s
    done(50): success=33 t_flicker=12 t_touched=5
Ep  2050 | score  207.90 | avg100  172.99 | grasp100  71.0% | best 0.870 |     41 st/s
    done(50): success=38 t_flicker=6 t_touched=6
Ep  2100 | score   47.14 | avg100  177.87 | grasp100  76.0% | best 0.870 |     41 st/s
    done(50): success=38 t_flicker=11 t_touched=1
Ep  2150 | score   59.12 | avg100  178.59 | grasp100  76.0% | best 0.870 |     41 st/s
    done(50): success=38 t_flicker=10 t_touched=2
Ep  2200 | score  202.59 | avg100  185.33 | grasp100  82.0% | best 0.870 |     41 st/s
    done(50): success=44 t_flicker=5 t_touched=1
Ep  2250 | score  207.05 | avg100  181.71 | grasp100  82.0% | best 0.870 |     41 st/s
    done(50): success=38 t_flicker=9 t_touched=3
  [primacy-bias reset of critic heads @ 50000 updates]
Ep  2300 | score   96.45 | avg100  139.66 | grasp100  62.0% | best 0.870 |     41 st/s
    done(50): success=24 t_flicker=9 t_touched=8 t_no_reach=9
Ep  2350 | score  210.53 | avg100   86.00 | grasp100  36.0% | best 0.870 |     42 st/s
    done(50): success=12 t_flicker=21 t_touched=16 t_no_reach=1
Ep  2400 | score   98.61 | avg100   92.48 | grasp100  34.0% | best 0.870 |     42 st/s
    done(50): success=22 t_flicker=18 t_touched=6 t_no_reach=4
Ep  2450 | score  208.39 | avg100  123.06 | grasp100  48.0% | best 0.870 |     43 st/s
    done(50): success=26 t_flicker=12 t_touched=11 t_no_reach=1
Ep  2500 | score  209.56 | avg100  147.96 | grasp100  62.0% | best 0.870 |     43 st/s
    done(50): success=36 t_flicker=10 t_touched=4
Ep  2550 | score   95.56 | avg100  173.57 | grasp100  74.0% | best 0.870 |     43 st/s
    done(50): success=38 t_flicker=11 t_no_reach=1
Ep  2600 | score  210.45 | avg100  188.14 | grasp100  83.0% | best 0.870 |     43 st/s
    done(50): success=45 t_flicker=4 t_touched=1
Ep  2650 | score  205.62 | avg100  191.88 | grasp100  87.0% | best 0.870 |     43 st/s
    done(50): success=42 t_flicker=6 t_touched=2
Ep  2700 | score  209.33 | avg100  187.33 | grasp100  84.0% | best 0.870 |     43 st/s
    done(50): success=42 t_flicker=6 t_touched=2
Ep  2750 | score   46.54 | avg100  192.41 | grasp100  88.0% | best 0.870 |     43 st/s
    done(50): success=46 t_flicker=4
Ep  2800 | score  208.65 | avg100  195.89 | grasp100  90.0% | best 0.870 |     43 st/s
    done(50): success=44 t_flicker=4 t_touched=2
Ep  2810 | * BEST  level200=2.00 grasp200= 88.5% metric=0.885 | score  205.50
Ep  2837 | * BEST  level200=2.00 grasp200= 90.0% metric=0.900 | score  207.96
Ep  2850 | score  212.67 | avg100  199.60 | grasp100  92.0% | best 0.900 |     43 st/s
    done(50): success=48 t_flicker=2
Ep  2900 | score  210.02 | avg100  189.62 | grasp100  85.0% | best 0.900 |     43 st/s
    done(50): success=37 t_flicker=12 t_touched=1
Ep  2950 | score  202.44 | avg100  182.12 | grasp100  80.0% | best 0.900 |     43 st/s
    done(50): success=43 t_flicker=6 t_touched=1
Ep  3000 | score  207.33 | avg100  187.43 | grasp100  84.0% | best 0.900 |     43 st/s
    done(50): success=41 t_flicker=8 t_touched=1
Ep  3050 | score  208.71 | avg100  191.66 | grasp100  86.0% | best 0.900 |     43 st/s
    done(50): success=45 t_flicker=5
Ep  3100 | score  209.13 | avg100  199.82 | grasp100  92.0% | best 0.900 |     43 st/s
    done(50): success=47 t_flicker=2 t_touched=1
Ep  3150 | score  205.41 | avg100  200.46 | grasp100  93.0% | best 0.900 |     42 st/s
    done(50): success=46 t_flicker=4
Ep  3200 | score  210.31 | avg100  191.47 | grasp100  88.0% | best 0.900 |     43 st/s
    done(50): success=42 t_flicker=7 t_touched=1
Ep  3250 | score  206.58 | avg100  186.62 | grasp100  84.0% | best 0.900 |     43 st/s
    done(50): success=42 t_flicker=8
Ep  3300 | score  206.27 | avg100  184.37 | grasp100  82.0% | best 0.900 |     43 st/s
    done(50): success=40 t_flicker=9 t_touched=1
Ep  3350 | score  208.06 | avg100  187.30 | grasp100  85.0% | best 0.900 |     43 st/s
    done(50): success=45 t_flicker=4 t_touched=1
Ep  3400 | score  212.92 | avg100  196.55 | grasp100  91.0% | best 0.900 |     43 st/s
    done(50): success=46 t_flicker=4
Ep  3450 | score  208.00 | avg100  193.50 | grasp100  87.0% | best 0.900 |     43 st/s
    done(50): success=41 t_flicker=8 t_touched=1
Ep  3500 | score  204.83 | avg100  192.98 | grasp100  85.0% | best 0.900 |     43 st/s
    done(50): success=44 t_flicker=3 t_touched=3
Ep  3550 | score  205.59 | avg100  195.66 | grasp100  88.0% | best 0.900 |     43 st/s
    done(50): success=44 t_flicker=6
Ep  3600 | score  212.70 | avg100  193.93 | grasp100  88.0% | best 0.900 |     43 st/s
    done(50): success=44 t_flicker=6
  [primacy-bias reset of critic heads @ 75000 updates]
Ep  3650 | score  -59.63 | avg100  122.29 | grasp100  61.0% | best 0.900 |     43 st/s
    done(50): success=17 t_flicker=8 t_touched=8 t_no_reach=17
Ep  3700 | score  -23.71 | avg100   99.01 | grasp100  48.0% | best 0.900 |     43 st/s
    done(50): success=31 t_flicker=15 t_touched=3 t_no_reach=1
Ep  3750 | score  207.73 | avg100  156.26 | grasp100  69.0% | best 0.900 |     44 st/s
    done(50): success=38 t_flicker=7 t_touched=5
Ep  3800 | score  210.10 | avg100  168.19 | grasp100  76.0% | best 0.900 |     44 st/s
    done(50): success=38 t_flicker=9 t_touched=2 t_no_reach=1
Ep  3850 | score  106.66 | avg100  179.40 | grasp100  81.0% | best 0.900 |     44 st/s
    done(50): success=43 t_flicker=6 t_touched=1
Ep  3900 | score  208.16 | avg100  182.34 | grasp100  83.0% | best 0.900 |     44 st/s
    done(50): success=40 t_flicker=10
Ep  3950 | score   63.75 | avg100  183.28 | grasp100  84.0% | best 0.900 |     44 st/s
    done(50): success=44 t_flicker=5 t_touched=1
Ep  4000 | score  206.91 | avg100  192.94 | grasp100  89.0% | best 0.900 |     44 st/s
    done(50): success=45 t_flicker=5
Ep  4050 | score  210.04 | avg100  192.25 | grasp100  89.0% | best 0.900 |     44 st/s
    done(50): success=44 t_flicker=5 t_touched=1
Ep  4100 | score  211.17 | avg100  195.17 | grasp100  92.0% | best 0.900 |     44 st/s
    done(50): success=48 t_flicker=1 t_touched=1
Ep  4126 | * BEST  level200=2.00 grasp200= 91.5% metric=0.915 | score  206.44
Ep  4150 | score   79.64 | avg100  198.28 | grasp100  92.0% | best 0.915 |     44 st/s
    done(50): success=44 t_flicker=6
Ep  4200 | score  208.21 | avg100  197.68 | grasp100  91.0% | best 0.915 |     44 st/s
    done(50): success=47 t_flicker=1 t_touched=2
Ep  4250 | score  207.65 | avg100  194.86 | grasp100  91.0% | best 0.915 |     44 st/s
    done(50): success=44 t_flicker=4 t_touched=2
Ep  4300 | score  206.79 | avg100  197.47 | grasp100  92.0% | best 0.915 |     44 st/s
    done(50): success=48 t_flicker=2

Target reached: 95.0% over 100 episodes at spawn level 2.0.

========================================================================
DONE  td3_ln_cont64_s1
  Episodes     : 4320
  Env steps    : 227,005  (5183s)
  Best metric  : 0.915  (policy in /home/fahim/Thesis_fahim/pickandplace/checkpoints/td3_grasp_rand_td3_ln_cont64_s1/best)
  Final grasp% : 95.0
  CSV          : /home/fahim/Thesis_fahim/pickandplace/logs/grasp_rand_td3_ln_cont64_s1/episodes.csv
  Probe CSV    : /home/fahim/Thesis_fahim/pickandplace/logs/grasp_rand_td3_ln_cont64_s1/probe.csv
  Manifest     : /home/fahim/Thesis_fahim/pickandplace/logs/grasp_rand_td3_ln_cont64_s1/manifest.json
========================================================================

