========================================================================
RANDOM-SPAWN GRASP RETRAINING  |  algo=td3_ln  run=td3_ln_cont64_s4
========================================================================
  Envs                : 5 (subprocess-parallel, fork)
  Spawn level         : 2.0 (1.0 = full position box, 2.0 = + z-rotation)
  Updates/vec-step    : 2 (0.400 per env-step; historical baseline 0.5)
  Buffer              : 200,000
  Actor               : 64 -> 32  (5,216 weights)
  Warm start          : checkpoints/td3_grasp_rand_td3_ln_qat8_s4/best
  Checkpoints         : /home/fahim/Thesis_fahim/pickandplace/checkpoints/td3_grasp_rand_td3_ln_cont64_s4
========================================================================

Spawning 5 subprocess environments (fork)...
[robosuite WARNING] No private macro file found! (__init__.py:7)
[robosuite WARNING] It is recommended to use a private macro file (__init__.py:8)
[robosuite WARNING] To setup, run: python /home/fahim/Thesis_fahim/venv/lib/python3.12/site-packages/robosuite/scripts/setup_macros.py (__init__.py:9)
[robosuite WARNING] No private macro file found! (__init__.py:7)
[robosuite WARNING] It is recommended to use a private macro file (__init__.py:8)
[robosuite WARNING] To setup, run: python /home/fahim/Thesis_fahim/venv/lib/python3.12/site-packages/robosuite/scripts/setup_macros.py (__init__.py:9)
[robosuite WARNING] No private macro file found! (__init__.py:7)
[robosuite WARNING] It is recommended to use a private macro file (__init__.py:8)
[robosuite WARNING] To setup, run: python /home/fahim/Thesis_fahim/venv/lib/python3.12/site-packages/robosuite/scripts/setup_macros.py (__init__.py:9)
[robosuite WARNING] No private macro file found! (__init__.py:7)
[robosuite WARNING] It is recommended to use a private macro file (__init__.py:8)
[robosuite WARNING] To setup, run: python /home/fahim/Thesis_fahim/venv/lib/python3.12/site-packages/robosuite/scripts/setup_macros.py (__init__.py:9)
[robosuite WARNING] No private macro file found! (__init__.py:7)
[robosuite WARNING] It is recommended to use a private macro file (__init__.py:8)
[robosuite WARNING] To setup, run: python /home/fahim/Thesis_fahim/venv/lib/python3.12/site-packages/robosuite/scripts/setup_macros.py (__init__.py:9)
Gym has been unmaintained since 2022 and does not support NumPy 2.0 amongst other critical functionality.
Please upgrade to Gymnasium, the maintained drop-in replacement of Gym, or contact the authors of your software and request that they upgrade.
See the migration guide at https://gymnasium.farama.org/introduction/migration_guide/ for additional information.
Gym has been unmaintained since 2022 and does not support NumPy 2.0 amongst other critical functionality.
Please upgrade to Gymnasium, the maintained drop-in replacement of Gym, or contact the authors of your software and request that they upgrade.
See the migration guide at https://gymnasium.farama.org/introduction/migration_guide/ for additional information.
Gym has been unmaintained since 2022 and does not support NumPy 2.0 amongst other critical functionality.
Please upgrade to Gymnasium, the maintained drop-in replacement of Gym, or contact the authors of your software and request that they upgrade.
See the migration guide at https://gymnasium.farama.org/introduction/migration_guide/ for additional information.
Gym has been unmaintained since 2022 and does not support NumPy 2.0 amongst other critical functionality.
Please upgrade to Gymnasium, the maintained drop-in replacement of Gym, or contact the authors of your software and request that they upgrade.
See the migration guide at https://gymnasium.farama.org/introduction/migration_guide/ for additional information.
Gym has been unmaintained since 2022 and does not support NumPy 2.0 amongst other critical functionality.
Please upgrade to Gymnasium, the maintained drop-in replacement of Gym, or contact the authors of your software and request that they upgrade.
See the migration guide at https://gymnasium.farama.org/introduction/migration_guide/ for additional information.
/home/fahim/Thesis_fahim/venv/lib/python3.12/site-packages/gym/spaces/box.py:84: UserWarning: [33mWARN: Box bound precision lowered by casting to float32[0m
  logger.warn(f"Box bound precision lowered by casting to {self.dtype}")
Gym has been unmaintained since 2022 and does not support NumPy 2.0 amongst other critical functionality.
Please upgrade to Gymnasium, the maintained drop-in replacement of Gym, or contact the authors of your software and request that they upgrade.
See the migration guide at https://gymnasium.farama.org/introduction/migration_guide/ for additional information.
5 environments ready.

/home/fahim/Thesis_fahim/venv/lib/python3.12/site-packages/gym/spaces/box.py:84: UserWarning: [33mWARN: Box bound precision lowered by casting to float32[0m
  logger.warn(f"Box bound precision lowered by casting to {self.dtype}")
/home/fahim/Thesis_fahim/venv/lib/python3.12/site-packages/gym/spaces/box.py:84: UserWarning: [33mWARN: Box bound precision lowered by casting to float32[0m
  logger.warn(f"Box bound precision lowered by casting to {self.dtype}")
/home/fahim/Thesis_fahim/venv/lib/python3.12/site-packages/gym/spaces/box.py:84: UserWarning: [33mWARN: Box bound precision lowered by casting to float32[0m
  logger.warn(f"Box bound precision lowered by casting to {self.dtype}")
/home/fahim/Thesis_fahim/venv/lib/python3.12/site-packages/gym/spaces/box.py:84: UserWarning: [33mWARN: Box bound precision lowered by casting to float32[0m
  logger.warn(f"Box bound precision lowered by casting to {self.dtype}")
  Actor QAT           : per-tensor INT8 fake-quant, STE grads
  Actor weight clip   : |w| <= 8.0 * std(w) per Linear tensor (bi_s0 baseline fc1 9.96 / fc2 10.82)
Init: warm-started (source: /home/fahim/Thesis_fahim/pickandplace/checkpoints/td3_grasp_rand_td3_ln_qat8_s4/best)
Fresh replay buffer.

Training...

Ep    50 | score  211.91 | avg100  202.21 | grasp100  96.0% | best 0.000 |     53 st/s
    done(50): success=48 t_flicker=2
Ep   100 | score  210.54 | avg100  196.79 | grasp100  92.0% | best 0.000 |     53 st/s
    done(50): success=44 t_flicker=4 t_touched=2
Ep   150 | score   57.00 | avg100  191.57 | grasp100  88.0% | best 0.000 |     49 st/s
    done(50): success=44 t_flicker=5 t_touched=1
Ep   200 | * BEST  level200=2.00 grasp200= 90.0% metric=0.900 | score  236.30
Ep   250 | score   94.14 | avg100  193.75 | grasp100  87.0% | best 0.900 |     41 st/s
    done(50): success=43 t_flicker=6 t_touched=1
Ep   300 | score  207.85 | avg100  183.33 | grasp100  84.0% | best 0.900 |     40 st/s
    done(50): success=41 t_flicker=3 t_touched=6
Ep   350 | score  209.35 | avg100  184.02 | grasp100  85.0% | best 0.900 |     39 st/s
    done(50): success=44 t_flicker=4 t_touched=2
Ep   400 | score  199.79 | avg100  192.26 | grasp100  90.0% | best 0.900 |     38 st/s
    done(50): success=46 t_flicker=4
Ep   450 | score  208.13 | avg100  182.28 | grasp100  86.0% | best 0.900 |     38 st/s
    done(50): success=40 t_flicker=5 t_touched=5
Ep   500 | score  206.96 | avg100  179.15 | grasp100  82.0% | best 0.900 |     37 st/s
    done(50): success=42 t_flicker=7 t_touched=1
Ep   550 | score  204.75 | avg100  185.64 | grasp100  84.0% | best 0.900 |     36 st/s
    done(50): success=42 t_flicker=5 t_touched=3
Ep   600 | score  189.36 | avg100  184.42 | grasp100  85.0% | best 0.900 |     36 st/s
    done(50): success=43 t_flicker=5 t_touched=2
Ep   650 | score  208.95 | avg100  173.78 | grasp100  79.0% | best 0.900 |     37 st/s
    done(50): success=36 t_flicker=12 t_touched=2
Ep   700 | score  227.29 | avg100  157.30 | grasp100  69.0% | best 0.900 |     37 st/s
    done(50): success=33 t_flicker=12 t_touched=4 t_no_reach=1
Ep   750 | score  -63.98 | avg100  149.85 | grasp100  64.0% | best 0.900 |     37 st/s
    done(50): success=31 t_flicker=10 t_touched=6 t_no_reach=3
Ep   800 | score  199.69 | avg100  152.96 | grasp100  67.0% | best 0.900 |     38 st/s
    done(50): success=36 t_flicker=10 t_touched=2 t_no_reach=2
Ep   850 | score  231.82 | avg100  167.21 | grasp100  73.0% | best 0.900 |     38 st/s
    done(50): success=37 t_flicker=9 t_touched=4
Ep   900 | score   57.80 | avg100  184.96 | grasp100  79.0% | best 0.900 |     38 st/s
    done(50): success=42 t_flicker=7 t_touched=1
Ep   950 | score  203.53 | avg100  183.32 | grasp100  80.0% | best 0.900 |     37 st/s
    done(50): success=38 t_flicker=10 t_touched=1 t_no_reach=1
Ep  1000 | score  209.00 | avg100  173.06 | grasp100  76.0% | best 0.900 |     38 st/s
    done(50): success=38 t_flicker=9 t_touched=3
Ep  1050 | score  209.80 | avg100  182.52 | grasp100  80.0% | best 0.900 |     38 st/s
    done(50): success=42 t_flicker=5 t_touched=1 t_no_reach=2
Ep  1100 | score  208.08 | avg100  192.73 | grasp100  86.0% | best 0.900 |     38 st/s
    done(50): success=44 t_flicker=3 t_touched=3
Ep  1150 | score  203.50 | avg100  194.65 | grasp100  88.0% | best 0.900 |     38 st/s
    done(50): success=44 t_flicker=5 t_touched=1
Ep  1200 | score  208.00 | avg100  192.48 | grasp100  89.0% | best 0.900 |     38 st/s
    done(50): success=45 t_flicker=3 t_touched=2
Ep  1250 | score  211.16 | avg100  188.57 | grasp100  88.0% | best 0.900 |     37 st/s
    done(50): success=43 t_flicker=5 t_touched=2
Ep  1300 | score  211.32 | avg100  178.42 | grasp100  79.0% | best 0.900 |     38 st/s
    done(50): success=36 t_flicker=11 t_touched=3
Ep  1350 | score  211.71 | avg100  175.86 | grasp100  75.0% | best 0.900 |     38 st/s
    done(50): success=39 t_flicker=11
  [primacy-bias reset of critic heads @ 25000 updates]
Ep  1400 | score  207.16 | avg100  178.42 | grasp100  78.0% | best 0.900 |     37 st/s
    done(50): success=39 t_flicker=9 t_touched=2
Ep  1450 | score  217.17 | avg100   87.48 | grasp100  45.0% | best 0.900 |     38 st/s
    done(50): success=6 t_flicker=14 t_touched=10 t_no_reach=20
Ep  1500 | score   91.57 | avg100   56.91 | grasp100  32.0% | best 0.900 |     39 st/s
    done(50): success=26 t_flicker=14 t_touched=8 t_no_reach=2
Ep  1550 | score  206.88 | avg100  131.02 | grasp100  60.0% | best 0.900 |     39 st/s
    done(50): success=34 t_flicker=9 t_touched=7
Ep  1600 | score  212.86 | avg100  153.28 | grasp100  70.0% | best 0.900 |     39 st/s
    done(50): success=36 t_flicker=6 t_touched=8
Ep  1650 | score   91.71 | avg100  164.17 | grasp100  73.0% | best 0.900 |     39 st/s
    done(50): success=37 t_flicker=9 t_touched=4
Ep  1700 | score  235.87 | avg100  180.60 | grasp100  79.0% | best 0.900 |     39 st/s
    done(50): success=42 t_flicker=6 t_touched=2
Ep  1750 | score  204.81 | avg100  180.70 | grasp100  78.0% | best 0.900 |     39 st/s
    done(50): success=36 t_flicker=11 t_touched=3
Ep  1800 | score   43.09 | avg100  175.56 | grasp100  77.0% | best 0.900 |     39 st/s
    done(50): success=41 t_flicker=6 t_touched=3
Ep  1850 | score  199.67 | avg100  191.56 | grasp100  89.0% | best 0.900 |     39 st/s
    done(50): success=48 t_flicker=2
Ep  1900 | score  213.74 | avg100  199.91 | grasp100  93.0% | best 0.900 |     39 st/s
    done(50): success=45 t_flicker=5
Ep  1950 | score  208.04 | avg100  193.37 | grasp100  88.0% | best 0.900 |     39 st/s
    done(50): success=43 t_flicker=6 t_touched=1
Ep  2000 | score  209.15 | avg100  192.87 | grasp100  88.0% | best 0.900 |     39 st/s
    done(50): success=45 t_flicker=5
Ep  2050 | score  204.56 | avg100  191.01 | grasp100  86.0% | best 0.900 |     39 st/s
    done(50): success=41 t_flicker=8 t_touched=1
Ep  2100 | score  209.87 | avg100  191.84 | grasp100  87.0% | best 0.900 |     38 st/s
    done(50): success=46 t_flicker=4
Ep  2150 | score  206.55 | avg100  193.72 | grasp100  89.0% | best 0.900 |     38 st/s
    done(50): success=43 t_flicker=7
Ep  2200 | score  199.09 | avg100  183.52 | grasp100  84.0% | best 0.900 |     38 st/s
    done(50): success=41 t_flicker=7 t_touched=1 t_no_reach=1
Ep  2250 | score   82.86 | avg100  181.03 | grasp100  84.0% | best 0.900 |     38 st/s
    done(50): success=43 t_flicker=5 t_no_reach=2
Ep  2300 | score  220.62 | avg100  184.03 | grasp100  84.0% | best 0.900 |     38 st/s
    done(50): success=41 t_flicker=8 t_no_reach=1
Ep  2350 | score  209.84 | avg100  186.49 | grasp100  86.0% | best 0.900 |     38 st/s
    done(50): success=45 t_flicker=3 t_touched=1 t_no_reach=1
Ep  2400 | score  210.58 | avg100  188.78 | grasp100  88.0% | best 0.900 |     39 st/s
    done(50): success=43 t_flicker=5 t_touched=1 t_no_reach=1
Ep  2450 | score  200.61 | avg100  186.02 | grasp100  86.0% | best 0.900 |     39 st/s
    done(50): success=43 t_flicker=6 t_touched=1
Ep  2500 | score  210.91 | avg100  180.50 | grasp100  81.0% | best 0.900 |     39 st/s
    done(50): success=38 t_flicker=7 t_touched=5
Ep  2550 | score  223.34 | avg100  187.09 | grasp100  82.0% | best 0.900 |     39 st/s
    done(50): success=44 t_flicker=6
Ep  2600 | score  209.18 | avg100  202.20 | grasp100  93.0% | best 0.900 |     39 st/s
    done(50): success=49 t_flicker=1
  [primacy-bias reset of critic heads @ 50000 updates]
Ep  2650 | score  -38.21 | avg100  138.16 | grasp100  64.0% | best 0.900 |     39 st/s
    done(50): success=15 t_flicker=11 t_touched=15 t_no_reach=9
Ep  2700 | score  210.30 | avg100  105.09 | grasp100  44.0% | best 0.900 |     40 st/s
    done(50): success=29 t_flicker=13 t_touched=7 t_no_reach=1
Ep  2750 | score  211.34 | avg100  135.69 | grasp100  55.0% | best 0.900 |     40 st/s
    done(50): success=26 t_flicker=13 t_touched=9 t_no_reach=2
Ep  2800 | score  207.22 | avg100  141.38 | grasp100  58.0% | best 0.900 |     40 st/s
    done(50): success=32 t_flicker=12 t_touched=6
Ep  2850 | score  209.56 | avg100  174.09 | grasp100  76.0% | best 0.900 |     40 st/s
    done(50): success=44 t_flicker=5 t_touched=1
Ep  2900 | score  201.20 | avg100  193.04 | grasp100  87.0% | best 0.900 |     40 st/s
    done(50): success=43 t_flicker=6 t_touched=1
Ep  2950 | score  208.37 | avg100  185.48 | grasp100  83.0% | best 0.900 |     41 st/s
    done(50): success=40 t_flicker=10
Ep  3000 | score  208.07 | avg100  186.65 | grasp100  84.0% | best 0.900 |     41 st/s
    done(50): success=44 t_flicker=6
Ep  3050 | score  231.67 | avg100  194.85 | grasp100  88.0% | best 0.900 |     41 st/s
    done(50): success=44 t_flicker=3 t_touched=3
Ep  3100 | score  210.52 | avg100  199.43 | grasp100  90.0% | best 0.900 |     41 st/s
    done(50): success=46 t_flicker=4
Ep  3150 | score   89.94 | avg100  202.30 | grasp100  93.0% | best 0.900 |     41 st/s
    done(50): success=47 t_flicker=3
Ep  3200 | score  210.55 | avg100  196.36 | grasp100  90.0% | best 0.900 |     41 st/s
    done(50): success=43 t_flicker=4 t_touched=3
Ep  3239 | * BEST  level200=2.00 grasp200= 91.5% metric=0.915 | score  221.00
Ep  3250 | score  210.43 | avg100  194.78 | grasp100  90.0% | best 0.915 |     41 st/s
    done(50): success=47 t_flicker=3
Ep  3300 | score  208.69 | avg100  196.41 | grasp100  91.0% | best 0.915 |     41 st/s
    done(50): success=44 t_flicker=5 t_touched=1
Ep  3350 | score  207.08 | avg100  197.29 | grasp100  91.0% | best 0.915 |     41 st/s
    done(50): success=47 t_flicker=3
Ep  3400 | score  209.57 | avg100  198.70 | grasp100  92.0% | best 0.915 |     41 st/s
    done(50): success=45 t_flicker=5
Ep  3450 | score  207.59 | avg100  200.65 | grasp100  93.0% | best 0.915 |     41 st/s
    done(50): success=48 t_flicker=2
Ep  3500 | score  222.51 | avg100  195.82 | grasp100  90.0% | best 0.915 |     41 st/s
    done(50): success=42 t_flicker=7 t_touched=1
Ep  3550 | score  213.31 | avg100  187.99 | grasp100  86.0% | best 0.915 |     41 st/s
    done(50): success=44 t_flicker=6
Ep  3600 | score  207.66 | avg100  196.32 | grasp100  93.0% | best 0.915 |     41 st/s
    done(50): success=49 t_flicker=1

Target reached: 95.0% over 100 episodes at spawn level 2.0.

========================================================================
DONE  td3_ln_cont64_s4
  Episodes     : 3649
  Env steps    : 181,420  (4443s)
  Best metric  : 0.915  (policy in /home/fahim/Thesis_fahim/pickandplace/checkpoints/td3_grasp_rand_td3_ln_cont64_s4/best)
  Final grasp% : 95.0
  CSV          : /home/fahim/Thesis_fahim/pickandplace/logs/grasp_rand_td3_ln_cont64_s4/episodes.csv
  Probe CSV    : /home/fahim/Thesis_fahim/pickandplace/logs/grasp_rand_td3_ln_cont64_s4/probe.csv
  Manifest     : /home/fahim/Thesis_fahim/pickandplace/logs/grasp_rand_td3_ln_cont64_s4/manifest.json
========================================================================

