========================================================================
RANDOM-SPAWN GRASP RETRAINING  |  algo=td3_ln  run=td3_ln_can_warm_s4
========================================================================
  Envs                : 5 (subprocess-parallel, fork)
  Spawn level         : 2.0 (1.0 = full position box, 2.0 = + z-rotation)
  Updates/vec-step    : 2 (0.400 per env-step; historical baseline 0.5)
  Buffer              : 2,000,000
  Actor               : 64 -> 32  (5,216 weights)  [critics 512->256]
  Warm start          : checkpoints/td3_grasp_rand_td3_ln_c2m512_s1/best
  Checkpoints         : /home/fahim/Thesis_fahim/pickandplace/checkpoints/td3_grasp_rand_td3_ln_can_warm_s4
========================================================================

Spawning 5 subprocess environments (fork)...
[robosuite WARNING] No private macro file found! (__init__.py:7)
[robosuite WARNING] It is recommended to use a private macro file (__init__.py:8)
[robosuite WARNING] To setup, run: python /home/fahim/Thesis_fahim/venv/lib/python3.12/site-packages/robosuite/scripts/setup_macros.py (__init__.py:9)
[robosuite WARNING] No private macro file found! (__init__.py:7)
[robosuite WARNING] It is recommended to use a private macro file (__init__.py:8)
[robosuite WARNING] To setup, run: python /home/fahim/Thesis_fahim/venv/lib/python3.12/site-packages/robosuite/scripts/setup_macros.py (__init__.py:9)
[robosuite WARNING] No private macro file found! (__init__.py:7)
[robosuite WARNING] It is recommended to use a private macro file (__init__.py:8)
[robosuite WARNING] To setup, run: python /home/fahim/Thesis_fahim/venv/lib/python3.12/site-packages/robosuite/scripts/setup_macros.py (__init__.py:9)
[robosuite WARNING] No private macro file found! (__init__.py:7)
[robosuite WARNING] It is recommended to use a private macro file (__init__.py:8)
[robosuite WARNING] To setup, run: python /home/fahim/Thesis_fahim/venv/lib/python3.12/site-packages/robosuite/scripts/setup_macros.py (__init__.py:9)
[robosuite WARNING] No private macro file found! (__init__.py:7)
[robosuite WARNING] It is recommended to use a private macro file (__init__.py:8)
[robosuite WARNING] To setup, run: python /home/fahim/Thesis_fahim/venv/lib/python3.12/site-packages/robosuite/scripts/setup_macros.py (__init__.py:9)
Gym has been unmaintained since 2022 and does not support NumPy 2.0 amongst other critical functionality.
Please upgrade to Gymnasium, the maintained drop-in replacement of Gym, or contact the authors of your software and request that they upgrade.
See the migration guide at https://gymnasium.farama.org/introduction/migration_guide/ for additional information.
Gym has been unmaintained since 2022 and does not support NumPy 2.0 amongst other critical functionality.
Please upgrade to Gymnasium, the maintained drop-in replacement of Gym, or contact the authors of your software and request that they upgrade.
See the migration guide at https://gymnasium.farama.org/introduction/migration_guide/ for additional information.
Gym has been unmaintained since 2022 and does not support NumPy 2.0 amongst other critical functionality.
Please upgrade to Gymnasium, the maintained drop-in replacement of Gym, or contact the authors of your software and request that they upgrade.
See the migration guide at https://gymnasium.farama.org/introduction/migration_guide/ for additional information.
Gym has been unmaintained since 2022 and does not support NumPy 2.0 amongst other critical functionality.
Please upgrade to Gymnasium, the maintained drop-in replacement of Gym, or contact the authors of your software and request that they upgrade.
See the migration guide at https://gymnasium.farama.org/introduction/migration_guide/ for additional information.
Gym has been unmaintained since 2022 and does not support NumPy 2.0 amongst other critical functionality.
Please upgrade to Gymnasium, the maintained drop-in replacement of Gym, or contact the authors of your software and request that they upgrade.
See the migration guide at https://gymnasium.farama.org/introduction/migration_guide/ for additional information.
/home/fahim/Thesis_fahim/venv/lib/python3.12/site-packages/gym/spaces/box.py:84: UserWarning: [33mWARN: Box bound precision lowered by casting to float32[0m
  logger.warn(f"Box bound precision lowered by casting to {self.dtype}")
/home/fahim/Thesis_fahim/venv/lib/python3.12/site-packages/gym/spaces/box.py:84: UserWarning: [33mWARN: Box bound precision lowered by casting to float32[0m
  logger.warn(f"Box bound precision lowered by casting to {self.dtype}")
/home/fahim/Thesis_fahim/venv/lib/python3.12/site-packages/gym/spaces/box.py:84: UserWarning: [33mWARN: Box bound precision lowered by casting to float32[0m
  logger.warn(f"Box bound precision lowered by casting to {self.dtype}")
Gym has been unmaintained since 2022 and does not support NumPy 2.0 amongst other critical functionality.
Please upgrade to Gymnasium, the maintained drop-in replacement of Gym, or contact the authors of your software and request that they upgrade.
See the migration guide at https://gymnasium.farama.org/introduction/migration_guide/ for additional information.
5 environments ready.

/home/fahim/Thesis_fahim/venv/lib/python3.12/site-packages/gym/spaces/box.py:84: UserWarning: [33mWARN: Box bound precision lowered by casting to float32[0m
  logger.warn(f"Box bound precision lowered by casting to {self.dtype}")
/home/fahim/Thesis_fahim/venv/lib/python3.12/site-packages/gym/spaces/box.py:84: UserWarning: [33mWARN: Box bound precision lowered by casting to float32[0m
  logger.warn(f"Box bound precision lowered by casting to {self.dtype}")
  Actor QAT           : per-tensor INT8 fake-quant, STE grads
  Actor weight clip   : |w| <= 8.0 * std(w) per Linear tensor (bi_s0 baseline fc1 9.96 / fc2 10.82)
Init: warm-started (actor only, critics fresh) (source: /home/fahim/Thesis_fahim/pickandplace/checkpoints/td3_grasp_rand_td3_ln_c2m512_s1/best)
Fresh replay buffer.

Training...

Ep    50 | score  214.30 | avg100  191.90 | grasp100  82.0% | best 0.000 |     49 st/s
    done(50): success=41 t_flicker=6 t_touched=3
Ep   100 | score  213.05 | avg100  195.31 | grasp100  85.0% | best 0.000 |     49 st/s
    done(50): success=44 t_flicker=4 t_touched=2
Ep   150 | score  210.27 | avg100  199.11 | grasp100  88.0% | best 0.000 |     50 st/s
    done(50): success=44 t_flicker=1 t_touched=5
Ep   200 | * BEST  level200=2.00 grasp200= 88.0% metric=0.880 | score  213.73
Ep   208 | * BEST  level200=2.00 grasp200= 89.5% metric=0.895 | score  211.63
Ep   250 | score  222.02 | avg100  203.13 | grasp100  88.0% | best 0.895 |     50 st/s
    done(50): success=41 t_flicker=7 t_touched=2
Ep   300 | score  248.85 | avg100  201.92 | grasp100  87.0% | best 0.895 |     50 st/s
    done(50): success=46 t_flicker=3 t_touched=1
Ep   350 | score  -27.95 | avg100  128.96 | grasp100  61.0% | best 0.895 |     47 st/s
    done(50): success=15 t_touched=1 t_no_reach=34
Ep   400 | score  -27.97 | avg100   10.62 | grasp100  15.0% | best 0.895 |     46 st/s
    done(50): t_no_reach=50
Ep   450 | score   -2.43 | avg100  -25.99 | grasp100   0.0% | best 0.895 |     44 st/s
    done(50): t_flicker=1 t_touched=2 t_no_reach=47
Ep   500 | score  -17.78 | avg100  -18.95 | grasp100   0.0% | best 0.895 |     43 st/s
    done(50): t_touched=19 t_no_reach=31
Ep   550 | score  -23.74 | avg100   -5.06 | grasp100   3.0% | best 0.895 |     42 st/s
    done(50): success=3 t_flicker=5 t_touched=10 t_no_reach=32
Ep   600 | score  -26.06 | avg100   -2.40 | grasp100   4.0% | best 0.895 |     41 st/s
    done(50): success=1 t_flicker=1 t_touched=14 t_no_reach=34
Ep   650 | score   16.40 | avg100   -0.02 | grasp100   5.0% | best 0.895 |     41 st/s
    done(50): success=4 t_flicker=4 t_touched=8 t_no_reach=34
Ep   700 | score  -17.74 | avg100   10.43 | grasp100   9.0% | best 0.895 |     40 st/s
    done(50): success=5 t_flicker=3 t_touched=11 t_no_reach=31
Ep   750 | score  -12.09 | avg100    3.55 | grasp100   6.0% | best 0.895 |     40 st/s
    done(50): success=1 t_touched=8 t_no_reach=41
Ep   800 | score   -0.76 | avg100   -3.99 | grasp100   2.0% | best 0.895 |     40 st/s
    done(50): success=1 t_flicker=3 t_touched=9 t_no_reach=37
Ep   850 | score  -17.83 | avg100   -4.40 | grasp100   2.0% | best 0.895 |     40 st/s
    done(50): success=1 t_flicker=2 t_touched=11 t_no_reach=36
Ep   900 | score  -17.03 | avg100    4.97 | grasp100   6.0% | best 0.895 |     40 st/s
    done(50): success=5 t_flicker=6 t_touched=11 t_no_reach=28
Ep   950 | score  -21.46 | avg100   25.04 | grasp100  15.0% | best 0.895 |     40 st/s
    done(50): success=10 t_flicker=3 t_touched=15 t_no_reach=22
Ep  1000 | score   -7.76 | avg100   10.18 | grasp100  10.0% | best 0.895 |     40 st/s
    done(50): t_flicker=2 t_touched=11 t_no_reach=37
Ep  1050 | score   -3.30 | avg100   -7.02 | grasp100   3.0% | best 0.895 |     39 st/s
    done(50): success=3 t_flicker=3 t_touched=10 t_no_reach=34
Ep  1100 | score  -27.47 | avg100   -6.53 | grasp100   4.0% | best 0.895 |     39 st/s
    done(50): success=1 t_touched=10 t_no_reach=39
Ep  1150 | score    0.49 | avg100  -12.25 | grasp100   2.0% | best 0.895 |     39 st/s
    done(50): success=1 t_flicker=3 t_touched=4 t_no_reach=42
Ep  1200 | score  -11.49 | avg100   -5.71 | grasp100   4.0% | best 0.895 |     39 st/s
    done(50): success=3 t_touched=8 t_no_reach=39
  [primacy-bias reset of critic heads @ 25000 updates]
Ep  1250 | score  -27.20 | avg100    1.46 | grasp100   6.0% | best 0.895 |     39 st/s
    done(50): success=3 t_flicker=2 t_touched=8 t_no_reach=37
Ep  1300 | score  -27.88 | avg100  -12.66 | grasp100   3.0% | best 0.895 |     40 st/s
    done(50): t_no_reach=50
Ep  1350 | score  -25.61 | avg100  -27.40 | grasp100   0.0% | best 0.895 |     40 st/s
    done(50): t_no_reach=50
Ep  1400 | score  -27.98 | avg100  -27.22 | grasp100   0.0% | best 0.895 |     40 st/s
    done(50): t_no_reach=50
Ep  1450 | score  -17.94 | avg100  -26.79 | grasp100   0.0% | best 0.895 |     40 st/s
    done(50): t_touched=2 t_no_reach=48
Ep  1500 | score  200.52 | avg100  -17.40 | grasp100   1.0% | best 0.895 |     40 st/s
    done(50): success=1 t_flicker=1 t_touched=8 t_no_reach=40
Ep  1550 | score  -22.30 | avg100   -5.36 | grasp100   1.0% | best 0.895 |     39 st/s
    done(50): t_flicker=5 t_touched=12 t_no_reach=33
Ep  1600 | score   18.33 | avg100    6.21 | grasp100   4.0% | best 0.895 |     40 st/s
    done(50): success=4 t_flicker=3 t_touched=12 t_no_reach=31
Ep  1650 | score   -4.00 | avg100   14.62 | grasp100   7.0% | best 0.895 |     40 st/s
    done(50): success=3 t_flicker=5 t_touched=22 t_no_reach=20
Ep  1700 | score    3.03 | avg100   28.17 | grasp100  12.0% | best 0.895 |     39 st/s
    done(50): success=9 t_flicker=5 t_touched=20 t_no_reach=16
Ep  1750 | score    6.31 | avg100   54.61 | grasp100  23.0% | best 0.895 |     39 st/s
    done(50): success=14 t_flicker=7 t_touched=21 t_no_reach=8
Ep  1800 | score   15.36 | avg100   57.64 | grasp100  23.0% | best 0.895 |     39 st/s
    done(50): success=9 t_flicker=6 t_touched=29 t_no_reach=6
Ep  1850 | score   13.16 | avg100   49.86 | grasp100  19.0% | best 0.895 |     39 st/s
    done(50): success=10 t_flicker=7 t_touched=26 t_no_reach=7
Ep  1900 | score   11.82 | avg100   49.36 | grasp100  19.0% | best 0.895 |     39 st/s
    done(50): success=9 t_flicker=6 t_touched=27 t_no_reach=8
Ep  1950 | score    8.13 | avg100   34.59 | grasp100  12.0% | best 0.895 |     39 st/s
    done(50): success=3 t_flicker=1 t_touched=36 t_no_reach=10
Ep  2000 | score    4.23 | avg100   14.80 | grasp100   4.0% | best 0.895 |     39 st/s
    done(50): success=1 t_flicker=2 t_touched=31 t_no_reach=16
Ep  2050 | score   10.06 | avg100   16.69 | grasp100   6.0% | best 0.895 |     39 st/s
    done(50): success=5 t_flicker=6 t_touched=24 t_no_reach=15
Ep  2100 | score   -9.92 | avg100   30.53 | grasp100  10.0% | best 0.895 |     39 st/s
    done(50): success=5 t_flicker=11 t_touched=27 t_no_reach=7
Ep  2150 | score   48.15 | avg100   45.30 | grasp100  17.0% | best 0.895 |     39 st/s
    done(50): success=12 t_flicker=3 t_touched=31 t_no_reach=4
  [primacy-bias reset of critic heads @ 50000 updates]
Ep  2200 | score    5.17 | avg100   36.48 | grasp100  15.0% | best 0.895 |     39 st/s
    done(50): success=3 t_flicker=7 t_touched=21 t_no_reach=19
Ep  2250 | score  -26.16 | avg100    4.53 | grasp100   3.0% | best 0.895 |     39 st/s
    done(50): t_flicker=1 t_touched=23 t_no_reach=26
Ep  2300 | score  -11.58 | avg100  -13.71 | grasp100   0.0% | best 0.895 |     39 st/s
    done(50): t_touched=7 t_no_reach=43
Ep  2350 | score    4.75 | avg100  -10.83 | grasp100   0.0% | best 0.895 |     39 st/s
    done(50): t_flicker=6 t_touched=13 t_no_reach=31
Ep  2400 | score   -3.65 | avg100    3.27 | grasp100   0.0% | best 0.895 |     39 st/s
    done(50): t_flicker=5 t_touched=25 t_no_reach=20
Ep  2450 | score   19.40 | avg100   29.70 | grasp100   8.0% | best 0.895 |     39 st/s
    done(50): success=8 t_flicker=7 t_touched=35
Ep  2500 | score   10.69 | avg100   54.26 | grasp100  19.0% | best 0.895 |     39 st/s
    done(50): success=11 t_flicker=6 t_touched=28 t_no_reach=5
Ep  2550 | score   12.92 | avg100   51.89 | grasp100  19.0% | best 0.895 |     39 st/s
    done(50): success=8 t_flicker=7 t_touched=30 t_no_reach=5
Ep  2600 | score   84.34 | avg100   66.77 | grasp100  24.0% | best 0.895 |     39 st/s
    done(50): success=16 t_flicker=10 t_touched=21 t_no_reach=3
Ep  2650 | score   28.68 | avg100   86.83 | grasp100  31.0% | best 0.895 |     39 st/s
    done(50): success=15 t_flicker=16 t_touched=18 t_no_reach=1
Ep  2700 | score  213.71 | avg100  106.96 | grasp100  41.0% | best 0.895 |     39 st/s
    done(50): success=26 t_flicker=12 t_touched=12
Ep  2750 | score   26.40 | avg100  140.53 | grasp100  60.0% | best 0.895 |     39 st/s
    done(50): success=34 t_flicker=7 t_touched=8 t_no_reach=1
Ep  2800 | score  210.14 | avg100  160.84 | grasp100  72.0% | best 0.895 |     39 st/s
    done(50): success=38 t_flicker=5 t_touched=6 t_no_reach=1
Ep  2850 | score  234.49 | avg100  155.61 | grasp100  69.0% | best 0.895 |     39 st/s
    done(50): success=31 t_flicker=5 t_touched=14
Ep  2900 | score  207.97 | avg100  156.26 | grasp100  70.0% | best 0.895 |     39 st/s
    done(50): success=39 t_flicker=3 t_touched=8
Ep  2950 | score  210.94 | avg100  177.77 | grasp100  81.0% | best 0.895 |     39 st/s
    done(50): success=42 t_flicker=4 t_touched=4
Ep  3000 | score  205.23 | avg100  173.19 | grasp100  78.0% | best 0.895 |     39 st/s
    done(50): success=36 t_flicker=4 t_touched=9 t_no_reach=1
Ep  3050 | score  212.69 | avg100  164.08 | grasp100  74.0% | best 0.895 |     38 st/s
    done(50): success=38 t_flicker=4 t_touched=8
Ep  3100 | score  218.54 | avg100  178.50 | grasp100  82.0% | best 0.895 |     38 st/s
    done(50): success=44 t_flicker=1 t_touched=5
Ep  3150 | score  215.69 | avg100  189.14 | grasp100  88.0% | best 0.895 |     38 st/s
    done(50): success=44 t_flicker=2 t_touched=3 t_no_reach=1
Ep  3200 | score  207.87 | avg100  193.29 | grasp100  90.0% | best 0.895 |     38 st/s
    done(50): success=46 t_flicker=1 t_touched=3
Ep  3250 | score  207.88 | avg100  186.69 | grasp100  86.0% | best 0.895 |     38 st/s
    done(50): success=40 t_flicker=3 t_touched=7
Ep  3300 | score  209.40 | avg100  181.72 | grasp100  83.0% | best 0.895 |     38 st/s
    done(50): success=43 t_flicker=3 t_touched=4
Ep  3350 | score  211.53 | avg100  185.39 | grasp100  85.0% | best 0.895 |     38 st/s
    done(50): success=42 t_flicker=3 t_touched=5
Ep  3400 | score  211.26 | avg100  188.43 | grasp100  87.0% | best 0.895 |     38 st/s
    done(50): success=45 t_flicker=3 t_touched=2
Ep  3450 | score  209.00 | avg100  195.14 | grasp100  91.0% | best 0.895 |     38 st/s
    done(50): success=46 t_flicker=1 t_touched=3
Ep  3492 | * BEST  level200=2.00 grasp200= 91.0% metric=0.910 | score  209.87
Ep  3500 | score  208.50 | avg100  202.14 | grasp100  95.0% | best 0.910 |     38 st/s
    done(50): success=49 t_touched=1
Ep  3508 | * BEST  level200=2.00 grasp200= 92.5% metric=0.925 | score  208.88
Ep  3550 | score  210.55 | avg100  201.01 | grasp100  94.0% | best 0.925 |     37 st/s
    done(50): success=45 t_flicker=2 t_touched=3
  [primacy-bias reset of critic heads @ 75000 updates]
Ep  3600 | score  -10.64 | avg100  179.85 | grasp100  84.0% | best 0.925 |     37 st/s
    done(50): success=39 t_flicker=1 t_touched=8 t_no_reach=2
Ep  3650 | score  -11.29 | avg100   82.74 | grasp100  40.0% | best 0.925 |     37 st/s
    done(50): success=1 t_flicker=4 t_touched=21 t_no_reach=24
Ep  3700 | score  208.89 | avg100    2.97 | grasp100   6.0% | best 0.925 |     37 st/s
    done(50): success=5 t_flicker=1 t_touched=12 t_no_reach=32
Ep  3750 | score  207.40 | avg100   42.62 | grasp100  24.0% | best 0.925 |     37 st/s
    done(50): success=19 t_flicker=2 t_touched=27 t_no_reach=2
Ep  3800 | score  211.06 | avg100   82.26 | grasp100  36.0% | best 0.925 |     37 st/s
    done(50): success=17 t_flicker=9 t_touched=22 t_no_reach=2
Ep  3850 | score  209.02 | avg100  106.89 | grasp100  46.0% | best 0.925 |     37 st/s
    done(50): success=29 t_flicker=7 t_touched=14
Ep  3900 | score  208.37 | avg100  148.17 | grasp100  67.0% | best 0.925 |     37 st/s
    done(50): success=38 t_flicker=7 t_touched=5
Ep  3950 | score  210.82 | avg100  166.53 | grasp100  75.0% | best 0.925 |     37 st/s
    done(50): success=37 t_flicker=7 t_touched=6
Ep  4000 | score   16.86 | avg100  165.76 | grasp100  74.0% | best 0.925 |     37 st/s
    done(50): success=37 t_flicker=11 t_touched=2
Ep  4050 | score   46.42 | avg100  164.19 | grasp100  73.0% | best 0.925 |     37 st/s
    done(50): success=36 t_flicker=9 t_touched=5
Ep  4100 | score  210.64 | avg100  169.89 | grasp100  77.0% | best 0.925 |     37 st/s
    done(50): success=41 t_flicker=2 t_touched=7
Ep  4150 | score  209.92 | avg100  179.95 | grasp100  83.0% | best 0.925 |     37 st/s
    done(50): success=42 t_flicker=5 t_touched=3
Ep  4200 | score  211.26 | avg100  182.71 | grasp100  84.0% | best 0.925 |     37 st/s
    done(50): success=42 t_flicker=6 t_touched=2
Ep  4250 | score  209.71 | avg100  187.24 | grasp100  87.0% | best 0.925 |     37 st/s
    done(50): success=45 t_flicker=2 t_touched=3
Ep  4300 | score  232.56 | avg100  192.08 | grasp100  89.0% | best 0.925 |     37 st/s
    done(50): success=44 t_flicker=6
Ep  4350 | score  218.23 | avg100  192.52 | grasp100  89.0% | best 0.925 |     37 st/s
    done(50): success=45 t_flicker=4 t_touched=1
Ep  4400 | score  207.82 | avg100  188.66 | grasp100  88.0% | best 0.925 |     37 st/s
    done(50): success=43 t_flicker=2 t_touched=5
Ep  4450 | score  213.85 | avg100  190.47 | grasp100  88.0% | best 0.925 |     37 st/s
    done(50): success=45 t_flicker=2 t_touched=3
Ep  4500 | score  209.59 | avg100  189.42 | grasp100  86.0% | best 0.925 |     37 st/s
    done(50): success=41 t_flicker=6 t_touched=3
Ep  4550 | score  208.37 | avg100  192.41 | grasp100  87.0% | best 0.925 |     36 st/s
    done(50): success=46 t_flicker=3 t_touched=1
Ep  4600 | score  208.67 | avg100  199.10 | grasp100  91.0% | best 0.925 |     36 st/s
    done(50): success=45 t_flicker=3 t_touched=2
Ep  4650 | score  208.13 | avg100  198.93 | grasp100  92.0% | best 0.925 |     36 st/s
    done(50): success=47 t_touched=3
Ep  4700 | score  219.56 | avg100  197.78 | grasp100  92.0% | best 0.925 |     36 st/s
    done(50): success=45 t_flicker=1 t_touched=4
Ep  4750 | score  228.47 | avg100  188.87 | grasp100  87.0% | best 0.925 |     36 st/s
    done(50): success=42 t_flicker=3 t_touched=5
Ep  4800 | score  223.17 | avg100  188.80 | grasp100  87.0% | best 0.925 |     36 st/s
    done(50): success=45 t_flicker=1 t_touched=3 t_no_reach=1
Ep  4850 | score  214.19 | avg100  194.35 | grasp100  90.0% | best 0.925 |     36 st/s
    done(50): success=45 t_flicker=2 t_touched=3
Ep  4900 | score  209.84 | avg100  190.05 | grasp100  88.0% | best 0.925 |     36 st/s
    done(50): success=43 t_flicker=1 t_touched=5 t_no_reach=1
Ep  4950 | score  208.79 | avg100  194.99 | grasp100  90.0% | best 0.925 |     36 st/s
    done(50): success=47 t_flicker=2 t_touched=1
Ep  5000 | score  207.60 | avg100  202.09 | grasp100  93.0% | best 0.925 |     36 st/s
    done(50): success=46 t_flicker=2 t_touched=1 t_no_reach=1
Ep  5050 | score  209.72 | avg100  194.75 | grasp100  90.0% | best 0.925 |     36 st/s
    done(50): success=44 t_flicker=1 t_touched=4 t_no_reach=1
Ep  5100 | score  211.98 | avg100  197.39 | grasp100  92.0% | best 0.925 |     36 st/s
    done(50): success=48 t_flicker=1 t_touched=1
Ep  5150 | score  209.68 | avg100  201.85 | grasp100  94.0% | best 0.925 |     36 st/s
    done(50): success=46 t_flicker=2 t_touched=2
Ep  5200 | score  211.63 | avg100  199.90 | grasp100  92.0% | best 0.925 |     35 st/s
    done(50): success=46 t_flicker=2 t_touched=2
Ep  5250 | score  231.77 | avg100  198.99 | grasp100  92.0% | best 0.925 |     35 st/s
    done(50): success=46 t_flicker=2 t_touched=2
Ep  5300 | score  207.73 | avg100  194.93 | grasp100  91.0% | best 0.925 |     35 st/s
    done(50): success=45 t_flicker=3 t_touched=2
  [primacy-bias reset of critic heads @ 100000 updates]
Ep  5350 | score    4.67 | avg100  190.46 | grasp100  88.0% | best 0.925 |     35 st/s
    done(50): success=43 t_flicker=2 t_touched=5
Ep  5400 | score  -11.50 | avg100   91.01 | grasp100  43.0% | best 0.925 |     35 st/s
    done(50): t_flicker=5 t_touched=25 t_no_reach=20
Ep  5450 | score   -7.70 | avg100   -0.03 | grasp100   2.0% | best 0.925 |     35 st/s
    done(50): success=2 t_flicker=5 t_touched=28 t_no_reach=15
Ep  5500 | score  209.93 | avg100    5.39 | grasp100   4.0% | best 0.925 |     36 st/s
    done(50): success=2 t_flicker=6 t_touched=23 t_no_reach=19
Ep  5550 | score    3.79 | avg100   59.93 | grasp100  28.0% | best 0.925 |     35 st/s
    done(50): success=26 t_flicker=4 t_touched=19 t_no_reach=1
Ep  5600 | score  209.45 | avg100  129.96 | grasp100  59.0% | best 0.925 |     35 st/s
    done(50): success=33 t_flicker=8 t_touched=9
Ep  5650 | score  209.70 | avg100  150.80 | grasp100  68.0% | best 0.925 |     35 st/s
    done(50): success=35 t_flicker=10 t_touched=5
Ep  5700 | score  209.21 | avg100  171.17 | grasp100  78.0% | best 0.925 |     35 st/s
    done(50): success=43 t_flicker=3 t_touched=4
Ep  5750 | score  209.41 | avg100  190.08 | grasp100  88.0% | best 0.925 |     35 st/s
    done(50): success=45 t_flicker=4 t_touched=1
Ep  5800 | score  207.67 | avg100  198.64 | grasp100  93.0% | best 0.925 |     35 st/s
    done(50): success=48 t_flicker=1 t_touched=1
Ep  5850 | score  209.27 | avg100  201.01 | grasp100  95.0% | best 0.925 |     35 st/s
    done(50): success=47 t_flicker=1 t_touched=2
Ep  5883 | * BEST  level200=2.00 grasp200= 94.0% metric=0.940 | score  211.95
Ep  5900 | score  216.29 | avg100  204.97 | grasp100  97.0% | best 0.940 |     35 st/s
    done(50): success=50
Ep  5903 | * BEST  level200=2.00 grasp200= 95.5% metric=0.955 | score  207.00
Ep  5950 | score  208.20 | avg100  204.44 | grasp100  97.0% | best 0.955 |     35 st/s
    done(50): success=47 t_touched=3
Ep  6000 | score  208.88 | avg100  202.86 | grasp100  96.0% | best 0.955 |     35 st/s
    done(50): success=49 t_touched=1
Ep  6010 | * BEST  level200=2.00 grasp200= 97.0% metric=0.970 | score  209.22
Ep  6050 | score  208.96 | avg100  207.33 | grasp100  98.0% | best 0.970 |     35 st/s
    done(50): success=49 t_flicker=1
Ep  6100 | score  209.87 | avg100  207.79 | grasp100  98.0% | best 0.970 |     35 st/s
    done(50): success=49 t_flicker=1
Ep  6136 | * BEST  level200=2.00 grasp200= 98.5% metric=0.985 | score  211.15
Ep  6150 | score  208.60 | avg100  209.20 | grasp100  99.0% | best 0.985 |     35 st/s
    done(50): success=50
Ep  6200 | score  209.37 | avg100  209.46 | grasp100  99.0% | best 0.985 |     35 st/s
    done(50): success=49 t_touched=1
Ep  6250 | score  209.49 | avg100  207.68 | grasp100  97.0% | best 0.985 |     35 st/s
    done(50): success=48 t_flicker=1 t_touched=1
Ep  6300 | score  208.95 | avg100  203.00 | grasp100  94.0% | best 0.985 |     35 st/s
    done(50): success=46 t_flicker=4
Ep  6350 | score  209.66 | avg100  201.39 | grasp100  94.0% | best 0.985 |     35 st/s
    done(50): success=48 t_flicker=1 t_touched=1
Ep  6400 | score  208.43 | avg100  207.96 | grasp100  98.0% | best 0.985 |     35 st/s
    done(50): success=50
Ep  6450 | score  207.68 | avg100  212.44 | grasp100 100.0% | best 0.985 |     35 st/s
    done(50): success=50
Ep  6500 | score  211.52 | avg100  207.00 | grasp100  96.0% | best 0.985 |     35 st/s
    done(50): success=46 t_flicker=4
Ep  6550 | score  212.28 | avg100  206.39 | grasp100  95.0% | best 0.985 |     34 st/s
    done(50): success=49 t_flicker=1
Ep  6600 | score  207.79 | avg100  210.78 | grasp100  98.0% | best 0.985 |     34 st/s
    done(50): success=49 t_flicker=1
Ep  6650 | score  208.03 | avg100  209.06 | grasp100  98.0% | best 0.985 |     34 st/s
    done(50): success=49 t_touched=1
Ep  6700 | score  205.95 | avg100  204.50 | grasp100  96.0% | best 0.985 |     34 st/s
    done(50): success=47 t_flicker=2 t_touched=1
Ep  6750 | score  231.62 | avg100  204.77 | grasp100  95.0% | best 0.985 |     34 st/s
    done(50): success=48 t_flicker=1 t_touched=1
Ep  6800 | score  207.38 | avg100  204.74 | grasp100  94.0% | best 0.985 |     34 st/s
    done(50): success=46 t_flicker=3 t_touched=1
Ep  6850 | score  215.47 | avg100  201.27 | grasp100  93.0% | best 0.985 |     34 st/s
    done(50): success=47 t_flicker=2 t_touched=1
Ep  6900 | score  210.25 | avg100  205.73 | grasp100  96.0% | best 0.985 |     34 st/s
    done(50): success=49 t_flicker=1
Ep  6950 | score  213.00 | avg100  210.90 | grasp100  99.0% | best 0.985 |     34 st/s
    done(50): success=50
Ep  7000 | score  227.41 | avg100  211.51 | grasp100 100.0% | best 0.985 |     34 st/s
    done(50): success=50
Ep  7050 | score  207.64 | avg100  210.33 | grasp100  99.0% | best 0.985 |     34 st/s
    done(50): success=49 t_flicker=1
Ep  7100 | score  206.31 | avg100  210.87 | grasp100  99.0% | best 0.985 |     34 st/s
    done(50): success=50
Ep  7150 | score  209.43 | avg100  207.21 | grasp100  97.0% | best 0.985 |     34 st/s
    done(50): success=47 t_flicker=2 t_touched=1
Ep  7200 | score  209.17 | avg100  202.69 | grasp100  94.0% | best 0.985 |     34 st/s
    done(50): success=47 t_flicker=3
Ep  7250 | score   -3.61 | avg100  203.68 | grasp100  95.0% | best 0.985 |     34 st/s
    done(50): success=48 t_touched=2
  [primacy-bias reset of critic heads @ 125000 updates]
Ep  7300 | score  -27.53 | avg100  158.96 | grasp100  77.0% | best 0.985 |     34 st/s
    done(50): success=29 t_flicker=1 t_touched=2 t_no_reach=18
Ep  7350 | score  -27.04 | avg100   44.07 | grasp100  29.0% | best 0.985 |     34 st/s
    done(50): t_no_reach=50
Ep  7400 | score  211.80 | avg100  -21.35 | grasp100   1.0% | best 0.985 |     34 st/s
    done(50): success=1 t_touched=8 t_no_reach=41
Ep  7450 | score   10.48 | avg100   40.30 | grasp100  23.0% | best 0.985 |     34 st/s
    done(50): success=22 t_flicker=7 t_touched=16 t_no_reach=5
Ep  7500 | score  207.79 | avg100  129.23 | grasp100  59.0% | best 0.985 |     34 st/s
    done(50): success=37 t_flicker=7 t_touched=6
Ep  7550 | score  206.35 | avg100  175.97 | grasp100  82.0% | best 0.985 |     34 st/s
    done(50): success=45 t_flicker=2 t_touched=3
Ep  7600 | score  206.72 | avg100  197.16 | grasp100  93.0% | best 0.985 |     34 st/s
    done(50): success=48 t_flicker=2
Ep  7650 | score  209.35 | avg100  204.34 | grasp100  96.0% | best 0.985 |     34 st/s
    done(50): success=48 t_flicker=1 t_touched=1
Ep  7700 | score  231.39 | avg100  205.64 | grasp100  96.0% | best 0.985 |     34 st/s
    done(50): success=48 t_flicker=1 t_touched=1
Ep  7750 | score  208.26 | avg100  207.95 | grasp100  97.0% | best 0.985 |     34 st/s
    done(50): success=49 t_flicker=1
Ep  7800 | score  204.91 | avg100  211.49 | grasp100  99.0% | best 0.985 |     34 st/s
    done(50): success=50
Ep  7850 | score  209.78 | avg100  212.44 | grasp100 100.0% | best 0.985 |     34 st/s
    done(50): success=50
Ep  7900 | score  218.52 | avg100  210.18 | grasp100  99.0% | best 0.985 |     34 st/s
    done(50): success=49 t_flicker=1
Ep  7950 | score  210.42 | avg100  209.92 | grasp100  98.0% | best 0.985 |     34 st/s
    done(50): success=49 t_flicker=1
Ep  8000 | score  208.86 | avg100  212.07 | grasp100  98.0% | best 0.985 |     34 st/s
    done(50): success=49 t_flicker=1
Ep  8050 | score  209.59 | avg100  211.21 | grasp100  98.0% | best 0.985 |     34 st/s
    done(50): success=49 t_flicker=1
Ep  8100 | score  207.61 | avg100  209.54 | grasp100  97.0% | best 0.985 |     34 st/s
    done(50): success=48 t_flicker=1 t_touched=1
Ep  8150 | score  209.75 | avg100  208.99 | grasp100  96.0% | best 0.985 |     33 st/s
    done(50): success=48 t_flicker=1 t_touched=1
Ep  8200 | score  209.71 | avg100  211.17 | grasp100  98.0% | best 0.985 |     33 st/s
    done(50): success=50
Ep  8250 | score  208.35 | avg100  212.72 | grasp100  99.0% | best 0.985 |     33 st/s
    done(50): success=49 t_flicker=1
Ep  8300 | score  207.36 | avg100  210.45 | grasp100  98.0% | best 0.985 |     33 st/s
    done(50): success=49 t_flicker=1
Ep  8350 | score  208.69 | avg100  206.60 | grasp100  97.0% | best 0.985 |     33 st/s
    done(50): success=48 t_flicker=2
Ep  8400 | score  224.86 | avg100  208.31 | grasp100  98.0% | best 0.985 |     33 st/s
    done(50): success=50
Ep  8450 | score  207.37 | avg100  209.82 | grasp100  98.0% | best 0.985 |     33 st/s
    done(50): success=48 t_flicker=1 t_touched=1
Ep  8500 | score  207.19 | avg100  209.92 | grasp100  98.0% | best 0.985 |     33 st/s
    done(50): success=50
Ep  8550 | score  208.66 | avg100  212.36 | grasp100 100.0% | best 0.985 |     33 st/s
    done(50): success=50
Ep  8600 | score  219.34 | avg100  212.55 | grasp100 100.0% | best 0.985 |     33 st/s
    done(50): success=50
Ep  8650 | score  208.02 | avg100  210.93 | grasp100  98.0% | best 0.985 |     33 st/s
    done(50): success=48 t_flicker=1 t_touched=1
Ep  8700 | score  209.40 | avg100  210.83 | grasp100  98.0% | best 0.985 |     33 st/s
    done(50): success=50
Ep  8750 | score  205.56 | avg100  210.51 | grasp100  99.0% | best 0.985 |     33 st/s
    done(50): success=49 t_flicker=1
Ep  8800 | score  210.30 | avg100  204.71 | grasp100  95.0% | best 0.985 |     33 st/s
    done(50): success=46 t_flicker=4
Ep  8850 | score  221.15 | avg100  206.19 | grasp100  95.0% | best 0.985 |     33 st/s
    done(50): success=49 t_flicker=1
Ep  8900 | score  206.59 | avg100  209.21 | grasp100  98.0% | best 0.985 |     33 st/s
    done(50): success=49 t_flicker=1
Ep  8950 | score  207.07 | avg100  207.84 | grasp100  97.0% | best 0.985 |     33 st/s
    done(50): success=48 t_flicker=2
Ep  9000 | score  207.79 | avg100  207.88 | grasp100  96.0% | best 0.985 |     33 st/s
    done(50): success=48 t_flicker=2
Ep  9050 | score  207.79 | avg100  206.02 | grasp100  96.0% | best 0.985 |     33 st/s
    done(50): success=48 t_flicker=2
Ep  9100 | score  205.95 | avg100  208.44 | grasp100  97.0% | best 0.985 |     33 st/s
    done(50): success=49 t_flicker=1
Ep  9150 | score  232.83 | avg100  210.71 | grasp100  97.0% | best 0.985 |     33 st/s
    done(50): success=48 t_flicker=1 t_touched=1
Ep  9200 | score  209.11 | avg100  208.92 | grasp100  96.0% | best 0.985 |     33 st/s
    done(50): success=48 t_flicker=2
Ep  9250 | score  206.50 | avg100  209.89 | grasp100  97.0% | best 0.985 |     33 st/s
    done(50): success=49 t_flicker=1
Ep  9300 | score  211.59 | avg100  210.64 | grasp100  99.0% | best 0.985 |     33 st/s
    done(50): success=50
Ep  9350 | score  209.58 | avg100  210.57 | grasp100 100.0% | best 0.985 |     33 st/s
    done(50): success=50
  [primacy-bias reset of critic heads @ 150000 updates]
Ep  9400 | score    1.93 | avg100  136.02 | grasp100  66.0% | best 0.985 |     33 st/s
    done(50): success=16 t_flicker=3 t_touched=4 t_no_reach=27
Ep  9450 | score   -1.52 | avg100   56.41 | grasp100  27.0% | best 0.985 |     33 st/s
    done(50): success=11 t_flicker=11 t_touched=22 t_no_reach=6
Ep  9500 | score  213.40 | avg100   93.70 | grasp100  43.0% | best 0.985 |     33 st/s
    done(50): success=32 t_flicker=1 t_touched=15 t_no_reach=2
Ep  9550 | score   29.09 | avg100  106.40 | grasp100  48.0% | best 0.985 |     33 st/s
    done(50): success=16 t_flicker=9 t_touched=19 t_no_reach=6
Ep  9600 | score  208.40 | avg100  110.30 | grasp100  47.0% | best 0.985 |     33 st/s
    done(50): success=31 t_flicker=13 t_touched=6
Ep  9650 | score  208.90 | avg100  147.76 | grasp100  64.0% | best 0.985 |     33 st/s
    done(50): success=33 t_flicker=10 t_touched=7
Ep  9700 | score  208.60 | avg100  172.90 | grasp100  79.0% | best 0.985 |     33 st/s
    done(50): success=46 t_flicker=2 t_touched=2
Ep  9750 | score   19.25 | avg100  189.83 | grasp100  89.0% | best 0.985 |     33 st/s
    done(50): success=43 t_flicker=4 t_touched=3
Ep  9800 | score  214.13 | avg100  195.92 | grasp100  92.0% | best 0.985 |     33 st/s
    done(50): success=49 t_touched=1
Ep  9850 | score  217.23 | avg100  208.88 | grasp100  99.0% | best 0.985 |     33 st/s
    done(50): success=50
Ep  9900 | score  209.19 | avg100  209.83 | grasp100  99.0% | best 0.985 |     33 st/s
    done(50): success=49 t_flicker=1
Ep  9950 | score  206.25 | avg100  208.01 | grasp100  98.0% | best 0.985 |     33 st/s
    done(50): success=49 t_flicker=1
Ep 10000 | score  206.83 | avg100  210.33 | grasp100  99.0% | best 0.985 |     33 st/s
    done(50): success=50
Ep 10050 | score  207.27 | avg100  212.22 | grasp100  99.0% | best 0.985 |     33 st/s
    done(50): success=49 t_flicker=1
Ep 10100 | score  205.51 | avg100  209.70 | grasp100  97.0% | best 0.985 |     33 st/s
    done(50): success=48 t_flicker=2
Ep 10150 | score  207.45 | avg100  207.09 | grasp100  97.0% | best 0.985 |     32 st/s
    done(50): success=49 t_touched=1
Ep 10200 | score  208.47 | avg100  207.28 | grasp100  98.0% | best 0.985 |     32 st/s
    done(50): success=49 t_touched=1
Ep 10250 | score  209.10 | avg100  210.59 | grasp100  99.0% | best 0.985 |     32 st/s
    done(50): success=50
Ep 10300 | score  206.33 | avg100  212.02 | grasp100 100.0% | best 0.985 |     32 st/s
    done(50): success=50
Ep 10350 | score  208.58 | avg100  211.10 | grasp100 100.0% | best 0.985 |     32 st/s
    done(50): success=50
Ep 10365 | * BEST  level200=2.00 grasp200=100.0% metric=1.000 | score  206.71
Ep 10400 | score  210.76 | avg100  212.69 | grasp100 100.0% | best 1.000 |     32 st/s
    done(50): success=50
Ep 10450 | score  205.89 | avg100  213.56 | grasp100 100.0% | best 1.000 |     32 st/s
    done(50): success=50
Ep 10500 | score  209.51 | avg100  209.40 | grasp100  99.0% | best 1.000 |     32 st/s
    done(50): success=49 t_flicker=1
Ep 10550 | score  208.62 | avg100  210.65 | grasp100  99.0% | best 1.000 |     32 st/s
    done(50): success=50
Ep 10600 | score  210.19 | avg100  212.32 | grasp100 100.0% | best 1.000 |     32 st/s
    done(50): success=50
Ep 10650 | score  209.43 | avg100  210.80 | grasp100 100.0% | best 1.000 |     32 st/s
    done(50): success=50
Ep 10700 | score  209.03 | avg100  211.73 | grasp100 100.0% | best 1.000 |     32 st/s
    done(50): success=50
Ep 10750 | score  208.43 | avg100  206.90 | grasp100  98.0% | best 1.000 |     32 st/s
    done(50): success=48 t_flicker=2
Ep 10800 | score  206.23 | avg100  204.44 | grasp100  97.0% | best 1.000 |     32 st/s
    done(50): success=49 t_flicker=1
Ep 10850 | score  219.74 | avg100  206.35 | grasp100  98.0% | best 1.000 |     32 st/s
    done(50): success=49 t_flicker=1
Ep 10900 | score  209.07 | avg100  205.27 | grasp100  97.0% | best 1.000 |     32 st/s
    done(50): success=48 t_flicker=2
Ep 10950 | score  208.76 | avg100  205.39 | grasp100  96.0% | best 1.000 |     32 st/s
    done(50): success=48 t_flicker=2
Ep 11000 | score  206.20 | avg100  209.17 | grasp100  98.0% | best 1.000 |     32 st/s
    done(50): success=50
Ep 11050 | score  207.64 | avg100  208.70 | grasp100  99.0% | best 1.000 |     32 st/s
    done(50): success=49 t_flicker=1
Ep 11100 | score  205.80 | avg100  207.26 | grasp100  99.0% | best 1.000 |     32 st/s
    done(50): success=50
Ep 11150 | score  205.51 | avg100  208.82 | grasp100 100.0% | best 1.000 |     32 st/s
    done(50): success=50
Ep 11200 | score  208.44 | avg100  204.99 | grasp100  98.0% | best 1.000 |     32 st/s
    done(50): success=48 t_flicker=1 t_touched=1
Ep 11250 | score  209.00 | avg100  204.34 | grasp100  98.0% | best 1.000 |     32 st/s
    done(50): success=50
Ep 11300 | score  207.50 | avg100  207.80 | grasp100 100.0% | best 1.000 |     32 st/s
    done(50): success=50
Ep 11350 | score  209.85 | avg100  207.68 | grasp100 100.0% | best 1.000 |     32 st/s
    done(50): success=50
Ep 11400 | score  209.41 | avg100  207.26 | grasp100  99.0% | best 1.000 |     32 st/s
    done(50): success=49 t_flicker=1
Ep 11450 | score  205.05 | avg100  207.33 | grasp100  98.0% | best 1.000 |     32 st/s
    done(50): success=49 t_flicker=1
Ep 11500 | score  207.50 | avg100  208.06 | grasp100  99.0% | best 1.000 |     32 st/s
    done(50): success=50
  [primacy-bias reset of critic heads @ 175000 updates]
Ep 11550 | score    3.16 | avg100  165.77 | grasp100  80.0% | best 1.000 |     32 st/s
    done(50): success=30 t_flicker=1 t_touched=9 t_no_reach=10
Ep 11600 | score  -27.67 | avg100   58.05 | grasp100  31.0% | best 1.000 |     32 st/s
    done(50): success=1 t_flicker=3 t_touched=16 t_no_reach=30
Ep 11650 | score  216.90 | avg100   51.21 | grasp100  26.0% | best 1.000 |     32 st/s
    done(50): success=25 t_flicker=5 t_touched=16 t_no_reach=4
Ep 11700 | score  208.40 | avg100  126.49 | grasp100  55.0% | best 1.000 |     32 st/s
    done(50): success=30 t_flicker=15 t_touched=5
Ep 11750 | score  208.43 | avg100  154.71 | grasp100  69.0% | best 1.000 |     32 st/s
    done(50): success=39 t_flicker=4 t_touched=7
Ep 11800 | score  207.97 | avg100  175.47 | grasp100  83.0% | best 1.000 |     32 st/s
    done(50): success=44 t_flicker=1 t_touched=5
Ep 11850 | score  207.18 | avg100  190.11 | grasp100  90.0% | best 1.000 |     32 st/s
    done(50): success=46 t_flicker=3 t_touched=1
Ep 11900 | score  212.85 | avg100  196.36 | grasp100  93.0% | best 1.000 |     32 st/s
    done(50): success=47 t_touched=3
Ep 11950 | score  211.26 | avg100  199.68 | grasp100  94.0% | best 1.000 |     32 st/s
    done(50): success=47 t_flicker=2 t_touched=1
Ep 12000 | score  207.23 | avg100  203.71 | grasp100  96.0% | best 1.000 |     32 st/s
    done(50): success=49 t_touched=1
Ep 12050 | score  206.54 | avg100  208.56 | grasp100  99.0% | best 1.000 |     32 st/s
    done(50): success=50
Ep 12100 | score  206.62 | avg100  210.27 | grasp100 100.0% | best 1.000 |     32 st/s
    done(50): success=50
Ep 12150 | score  206.14 | avg100  209.16 | grasp100 100.0% | best 1.000 |     32 st/s
    done(50): success=50
Ep 12200 | score  210.01 | avg100  207.39 | grasp100  99.0% | best 1.000 |     32 st/s
    done(50): success=49 t_flicker=1
Ep 12250 | score  207.43 | avg100  207.87 | grasp100  99.0% | best 1.000 |     32 st/s
    done(50): success=50
Ep 12300 | score  206.09 | avg100  209.99 | grasp100 100.0% | best 1.000 |     32 st/s
    done(50): success=50
Ep 12350 | score  209.49 | avg100  207.91 | grasp100  99.0% | best 1.000 |     32 st/s
    done(50): success=49 t_flicker=1
Ep 12400 | score  207.59 | avg100  207.60 | grasp100  99.0% | best 1.000 |     32 st/s
    done(50): success=50
Ep 12450 | score  206.14 | avg100  209.37 | grasp100 100.0% | best 1.000 |     32 st/s
    done(50): success=50
Ep 12500 | score  207.14 | avg100  209.48 | grasp100 100.0% | best 1.000 |     32 st/s
    done(50): success=50
Ep 12550 | score  227.62 | avg100  207.63 | grasp100  99.0% | best 1.000 |     31 st/s
    done(50): success=49 t_flicker=1
Ep 12600 | score  246.76 | avg100  205.26 | grasp100  97.0% | best 1.000 |     31 st/s
    done(50): success=48 t_flicker=2
Ep 12650 | score  209.48 | avg100  208.64 | grasp100  98.0% | best 1.000 |     31 st/s
    done(50): success=50
Ep 12700 | score  233.43 | avg100  205.14 | grasp100  96.0% | best 1.000 |     31 st/s
    done(50): success=46 t_flicker=4
Ep 12750 | score  242.59 | avg100  204.04 | grasp100  96.0% | best 1.000 |     31 st/s
    done(50): success=50
Ep 12800 | score  207.38 | avg100  209.48 | grasp100 100.0% | best 1.000 |     31 st/s
    done(50): success=50
Ep 12850 | score  207.77 | avg100  209.02 | grasp100 100.0% | best 1.000 |     31 st/s
    done(50): success=50
Ep 12900 | score  206.40 | avg100  206.80 | grasp100  99.0% | best 1.000 |     31 st/s
    done(50): success=49 t_touched=1
Ep 12950 | score  205.54 | avg100  207.00 | grasp100  99.0% | best 1.000 |     31 st/s
    done(50): success=50
Ep 13000 | score  209.68 | avg100  205.99 | grasp100  98.0% | best 1.000 |     31 st/s
    done(50): success=48 t_flicker=1 t_touched=1
Ep 13050 | score  208.68 | avg100  203.04 | grasp100  96.0% | best 1.000 |     31 st/s
    done(50): success=48 t_flicker=1 t_touched=1
Ep 13100 | score  205.91 | avg100  204.36 | grasp100  97.0% | best 1.000 |     31 st/s
    done(50): success=49 t_flicker=1
Ep 13150 | score  209.09 | avg100  204.77 | grasp100  98.0% | best 1.000 |     31 st/s
    done(50): success=49 t_touched=1
Ep 13200 | score  221.70 | avg100  206.49 | grasp100  99.0% | best 1.000 |     31 st/s
    done(50): success=50
Ep 13250 | score  206.97 | avg100  207.40 | grasp100  99.0% | best 1.000 |     31 st/s
    done(50): success=49 t_flicker=1
Ep 13300 | score  205.46 | avg100  205.07 | grasp100  97.0% | best 1.000 |     31 st/s
    done(50): success=48 t_flicker=2
Ep 13350 | score   27.20 | avg100  205.07 | grasp100  97.0% | best 1.000 |     31 st/s
    done(50): success=49 t_flicker=1
Ep 13400 | score  243.75 | avg100  208.66 | grasp100  99.0% | best 1.000 |     31 st/s
    done(50): success=50
Ep 13450 | score  207.46 | avg100  206.36 | grasp100  98.0% | best 1.000 |     31 st/s
    done(50): success=48 t_touched=2
Ep 13500 | score  205.66 | avg100  204.22 | grasp100  97.0% | best 1.000 |     31 st/s
    done(50): success=49 t_flicker=1
Ep 13550 | score  210.58 | avg100  208.01 | grasp100  99.0% | best 1.000 |     31 st/s
    done(50): success=50
Ep 13600 | score  207.92 | avg100  208.76 | grasp100 100.0% | best 1.000 |     31 st/s
    done(50): success=50
Ep 13650 | score  207.14 | avg100  206.04 | grasp100  98.0% | best 1.000 |     31 st/s
    done(50): success=48 t_flicker=2
Ep 13700 | score  206.28 | avg100  207.10 | grasp100  98.0% | best 1.000 |     31 st/s
    done(50): success=50
  [primacy-bias reset of critic heads @ 200000 updates]
Ep 13750 | score  -26.00 | avg100  129.16 | grasp100  65.0% | best 1.000 |     31 st/s
    done(50): success=15 t_touched=2 t_no_reach=33
Ep 13800 | score  -27.52 | avg100   13.83 | grasp100  15.0% | best 1.000 |     31 st/s
    done(50): t_flicker=1 t_touched=7 t_no_reach=42
Ep 13850 | score    8.13 | avg100    5.91 | grasp100  10.0% | best 1.000 |     31 st/s
    done(50): success=10 t_flicker=5 t_touched=9 t_no_reach=26
Ep 13900 | score  205.34 | avg100   84.57 | grasp100  42.0% | best 1.000 |     31 st/s
    done(50): success=32 t_flicker=4 t_touched=14
Ep 13950 | score  210.52 | avg100  159.82 | grasp100  75.0% | best 1.000 |     31 st/s
    done(50): success=43 t_flicker=5 t_touched=2
Ep 14000 | score  208.32 | avg100  187.54 | grasp100  88.0% | best 1.000 |     31 st/s
    done(50): success=45 t_flicker=2 t_touched=3
Ep 14050 | score  206.44 | avg100  193.58 | grasp100  91.0% | best 1.000 |     31 st/s
    done(50): success=46 t_flicker=2 t_touched=2
Ep 14100 | score  206.33 | avg100  199.66 | grasp100  95.0% | best 1.000 |     31 st/s
    done(50): success=49 t_touched=1
Ep 14150 | score  209.84 | avg100  203.04 | grasp100  97.0% | best 1.000 |     31 st/s
    done(50): success=48 t_touched=2
Ep 14200 | score  206.36 | avg100  203.62 | grasp100  97.0% | best 1.000 |     31 st/s
    done(50): success=49 t_flicker=1
Ep 14250 | score  210.41 | avg100  203.95 | grasp100  97.0% | best 1.000 |     31 st/s
    done(50): success=48 t_flicker=1 t_touched=1
Ep 14300 | score  208.32 | avg100  206.07 | grasp100  98.0% | best 1.000 |     31 st/s
    done(50): success=50
Ep 14350 | score  207.30 | avg100  210.57 | grasp100 100.0% | best 1.000 |     31 st/s
    done(50): success=50
Ep 14400 | score  206.00 | avg100  211.06 | grasp100 100.0% | best 1.000 |     31 st/s
    done(50): success=50
Ep 14450 | score  210.66 | avg100  210.57 | grasp100 100.0% | best 1.000 |     31 st/s
    done(50): success=50
Ep 14500 | score  206.88 | avg100  205.41 | grasp100  97.0% | best 1.000 |     31 st/s
    done(50): success=47 t_flicker=2 t_touched=1
Ep 14550 | score  207.38 | avg100  206.23 | grasp100  97.0% | best 1.000 |     31 st/s
    done(50): success=50
Ep 14600 | score  207.80 | avg100  207.61 | grasp100  98.0% | best 1.000 |     31 st/s
    done(50): success=48 t_flicker=2
Ep 14650 | score  208.00 | avg100  206.21 | grasp100  98.0% | best 1.000 |     31 st/s
    done(50): success=50
Ep 14700 | score   18.16 | avg100  202.88 | grasp100  97.0% | best 1.000 |     31 st/s
    done(50): success=47 t_flicker=2 t_touched=1
Ep 14750 | score  206.74 | avg100  201.57 | grasp100  96.0% | best 1.000 |     31 st/s
    done(50): success=49 t_flicker=1
Ep 14800 | score  208.60 | avg100  206.34 | grasp100  98.0% | best 1.000 |     31 st/s
    done(50): success=49 t_flicker=1
Ep 14850 | score  209.10 | avg100  207.23 | grasp100  98.0% | best 1.000 |     31 st/s
    done(50): success=49 t_flicker=1
Ep 14900 | score  208.60 | avg100  202.47 | grasp100  95.0% | best 1.000 |     31 st/s
    done(50): success=46 t_flicker=3 t_touched=1
Ep 14950 | score  209.15 | avg100  202.85 | grasp100  95.0% | best 1.000 |     31 st/s
    done(50): success=49 t_flicker=1
Ep 15000 | score  206.29 | avg100  207.06 | grasp100  97.0% | best 1.000 |     31 st/s
    done(50): success=48 t_flicker=2
Ep 15050 | score  207.06 | avg100  206.19 | grasp100  97.0% | best 1.000 |     31 st/s
    done(50): success=49 t_flicker=1
Ep 15100 | score  254.26 | avg100  205.85 | grasp100  97.0% | best 1.000 |     31 st/s
    done(50): success=48 t_flicker=2
Ep 15150 | score  253.92 | avg100  204.84 | grasp100  96.0% | best 1.000 |     31 st/s
    done(50): success=48 t_flicker=2
Ep 15200 | score  207.35 | avg100  202.42 | grasp100  95.0% | best 1.000 |     31 st/s
    done(50): success=47 t_flicker=3
Ep 15250 | score  206.38 | avg100  204.91 | grasp100  97.0% | best 1.000 |     31 st/s
    done(50): success=50
Ep 15300 | score  205.92 | avg100  208.56 | grasp100  99.0% | best 1.000 |     31 st/s
    done(50): success=49 t_flicker=1
Ep 15350 | score  209.04 | avg100  207.59 | grasp100  99.0% | best 1.000 |     31 st/s
    done(50): success=50
Ep 15400 | score  208.58 | avg100  206.12 | grasp100  99.0% | best 1.000 |     31 st/s
    done(50): success=49 t_touched=1
Ep 15450 | score  208.72 | avg100  206.79 | grasp100  99.0% | best 1.000 |     31 st/s
    done(50): success=50
Ep 15500 | score  217.55 | avg100  207.62 | grasp100  99.0% | best 1.000 |     31 st/s
    done(50): success=49 t_flicker=1
Ep 15550 | score  232.69 | avg100  206.52 | grasp100  98.0% | best 1.000 |     31 st/s
    done(50): success=49 t_touched=1
Ep 15600 | score  206.27 | avg100  206.89 | grasp100  98.0% | best 1.000 |     31 st/s
    done(50): success=49 t_flicker=1
Ep 15650 | score  204.98 | avg100  203.92 | grasp100  97.0% | best 1.000 |     31 st/s
    done(50): success=48 t_flicker=1 t_touched=1
Ep 15700 | score  205.14 | avg100  202.93 | grasp100  96.0% | best 1.000 |     31 st/s
    done(50): success=48 t_flicker=2
Ep 15750 | score  207.79 | avg100  206.55 | grasp100  98.0% | best 1.000 |     31 st/s
    done(50): success=50
Ep 15800 | score  205.29 | avg100  209.69 | grasp100 100.0% | best 1.000 |     31 st/s
    done(50): success=50
Ep 15850 | score  209.23 | avg100  208.51 | grasp100  99.0% | best 1.000 |     31 st/s
    done(50): success=49 t_touched=1
Ep 15900 | score  207.75 | avg100  207.49 | grasp100  99.0% | best 1.000 |     30 st/s
    done(50): success=50
  [primacy-bias reset of critic heads @ 225000 updates]
