========================================================================
RANDOM-SPAWN GRASP RETRAINING  |  algo=td3_ln  run=td3_ln_can_warm_s3
========================================================================
  Envs                : 5 (subprocess-parallel, fork)
  Spawn level         : 2.0 (1.0 = full position box, 2.0 = + z-rotation)
  Updates/vec-step    : 2 (0.400 per env-step; historical baseline 0.5)
  Buffer              : 2,000,000
  Actor               : 64 -> 32  (5,216 weights)  [critics 512->256]
  Warm start          : checkpoints/td3_grasp_rand_td3_ln_c2m512_s1/best
  Checkpoints         : /home/fahim/Thesis_fahim/pickandplace/checkpoints/td3_grasp_rand_td3_ln_can_warm_s3
========================================================================

Spawning 5 subprocess environments (fork)...
[robosuite WARNING] No private macro file found! (__init__.py:7)
[robosuite WARNING] It is recommended to use a private macro file (__init__.py:8)
[robosuite WARNING] To setup, run: python /home/fahim/Thesis_fahim/venv/lib/python3.12/site-packages/robosuite/scripts/setup_macros.py (__init__.py:9)
[robosuite WARNING] No private macro file found! (__init__.py:7)
[robosuite WARNING] It is recommended to use a private macro file (__init__.py:8)
[robosuite WARNING] To setup, run: python /home/fahim/Thesis_fahim/venv/lib/python3.12/site-packages/robosuite/scripts/setup_macros.py (__init__.py:9)
[robosuite WARNING] No private macro file found! (__init__.py:7)
[robosuite WARNING] It is recommended to use a private macro file (__init__.py:8)
[robosuite WARNING] To setup, run: python /home/fahim/Thesis_fahim/venv/lib/python3.12/site-packages/robosuite/scripts/setup_macros.py (__init__.py:9)
[robosuite WARNING] No private macro file found! (__init__.py:7)
[robosuite WARNING] It is recommended to use a private macro file (__init__.py:8)
[robosuite WARNING] To setup, run: python /home/fahim/Thesis_fahim/venv/lib/python3.12/site-packages/robosuite/scripts/setup_macros.py (__init__.py:9)
[robosuite WARNING] No private macro file found! (__init__.py:7)
[robosuite WARNING] It is recommended to use a private macro file (__init__.py:8)
[robosuite WARNING] To setup, run: python /home/fahim/Thesis_fahim/venv/lib/python3.12/site-packages/robosuite/scripts/setup_macros.py (__init__.py:9)
Gym has been unmaintained since 2022 and does not support NumPy 2.0 amongst other critical functionality.
Please upgrade to Gymnasium, the maintained drop-in replacement of Gym, or contact the authors of your software and request that they upgrade.
See the migration guide at https://gymnasium.farama.org/introduction/migration_guide/ for additional information.
Gym has been unmaintained since 2022 and does not support NumPy 2.0 amongst other critical functionality.
Please upgrade to Gymnasium, the maintained drop-in replacement of Gym, or contact the authors of your software and request that they upgrade.
See the migration guide at https://gymnasium.farama.org/introduction/migration_guide/ for additional information.
Gym has been unmaintained since 2022 and does not support NumPy 2.0 amongst other critical functionality.
Please upgrade to Gymnasium, the maintained drop-in replacement of Gym, or contact the authors of your software and request that they upgrade.
See the migration guide at https://gymnasium.farama.org/introduction/migration_guide/ for additional information.
Gym has been unmaintained since 2022 and does not support NumPy 2.0 amongst other critical functionality.
Please upgrade to Gymnasium, the maintained drop-in replacement of Gym, or contact the authors of your software and request that they upgrade.
See the migration guide at https://gymnasium.farama.org/introduction/migration_guide/ for additional information.
Gym has been unmaintained since 2022 and does not support NumPy 2.0 amongst other critical functionality.
Please upgrade to Gymnasium, the maintained drop-in replacement of Gym, or contact the authors of your software and request that they upgrade.
See the migration guide at https://gymnasium.farama.org/introduction/migration_guide/ for additional information.
/home/fahim/Thesis_fahim/venv/lib/python3.12/site-packages/gym/spaces/box.py:84: UserWarning: [33mWARN: Box bound precision lowered by casting to float32[0m
  logger.warn(f"Box bound precision lowered by casting to {self.dtype}")
/home/fahim/Thesis_fahim/venv/lib/python3.12/site-packages/gym/spaces/box.py:84: UserWarning: [33mWARN: Box bound precision lowered by casting to float32[0m
  logger.warn(f"Box bound precision lowered by casting to {self.dtype}")
/home/fahim/Thesis_fahim/venv/lib/python3.12/site-packages/gym/spaces/box.py:84: UserWarning: [33mWARN: Box bound precision lowered by casting to float32[0m
  logger.warn(f"Box bound precision lowered by casting to {self.dtype}")
Gym has been unmaintained since 2022 and does not support NumPy 2.0 amongst other critical functionality.
Please upgrade to Gymnasium, the maintained drop-in replacement of Gym, or contact the authors of your software and request that they upgrade.
See the migration guide at https://gymnasium.farama.org/introduction/migration_guide/ for additional information.
5 environments ready.

/home/fahim/Thesis_fahim/venv/lib/python3.12/site-packages/gym/spaces/box.py:84: UserWarning: [33mWARN: Box bound precision lowered by casting to float32[0m
  logger.warn(f"Box bound precision lowered by casting to {self.dtype}")
/home/fahim/Thesis_fahim/venv/lib/python3.12/site-packages/gym/spaces/box.py:84: UserWarning: [33mWARN: Box bound precision lowered by casting to float32[0m
  logger.warn(f"Box bound precision lowered by casting to {self.dtype}")
  Actor QAT           : per-tensor INT8 fake-quant, STE grads
  Actor weight clip   : |w| <= 8.0 * std(w) per Linear tensor (bi_s0 baseline fc1 9.96 / fc2 10.82)
Init: warm-started (actor only, critics fresh) (source: /home/fahim/Thesis_fahim/pickandplace/checkpoints/td3_grasp_rand_td3_ln_c2m512_s1/best)
Fresh replay buffer.

Training...

Ep    50 | score  223.66 | avg100  191.37 | grasp100  86.0% | best 0.000 |     47 st/s
    done(50): success=43 t_flicker=2 t_touched=5
Ep   100 | score  211.69 | avg100  198.07 | grasp100  88.0% | best 0.000 |     49 st/s
    done(50): success=45 t_flicker=3 t_touched=2
Ep   150 | score  243.88 | avg100  205.91 | grasp100  91.0% | best 0.000 |     49 st/s
    done(50): success=46 t_flicker=2 t_touched=2
Ep   200 | * BEST  level200=2.00 grasp200= 89.0% metric=0.890 | score  224.51
Ep   250 | score  220.50 | avg100  194.79 | grasp100  83.0% | best 0.890 |     52 st/s
    done(50): success=39 t_flicker=8 t_touched=3
Ep   300 | score  236.94 | avg100  183.55 | grasp100  80.0% | best 0.890 |     52 st/s
    done(50): success=41 t_flicker=4 t_touched=5
Ep   350 | score  -28.00 | avg100   83.06 | grasp100  43.0% | best 0.890 |     48 st/s
    done(50): success=2 t_no_reach=48
Ep   400 | score  -27.94 | avg100  -22.96 | grasp100   2.0% | best 0.890 |     46 st/s
    done(50): t_no_reach=50
Ep   450 | score  -27.95 | avg100  -27.93 | grasp100   0.0% | best 0.890 |     45 st/s
    done(50): t_no_reach=50
Ep   500 | score  -27.96 | avg100  -27.92 | grasp100   0.0% | best 0.890 |     44 st/s
    done(50): t_no_reach=50
Ep   550 | score  -21.40 | avg100  -27.53 | grasp100   0.0% | best 0.890 |     43 st/s
    done(50): t_no_reach=50
Ep   600 | score  -17.75 | avg100  -20.23 | grasp100   1.0% | best 0.890 |     42 st/s
    done(50): success=1 t_flicker=1 t_touched=6 t_no_reach=42
Ep   650 | score  -24.97 | avg100  -15.10 | grasp100   1.0% | best 0.890 |     41 st/s
    done(50): t_flicker=3 t_touched=3 t_no_reach=44
Ep   700 | score  -15.17 | avg100  -11.67 | grasp100   1.0% | best 0.890 |     41 st/s
    done(50): success=1 t_flicker=2 t_touched=10 t_no_reach=37
Ep   750 | score  -13.68 | avg100   -3.93 | grasp100   3.0% | best 0.890 |     41 st/s
    done(50): success=2 t_flicker=1 t_touched=12 t_no_reach=35
Ep   800 | score  -21.73 | avg100    7.14 | grasp100   7.0% | best 0.890 |     41 st/s
    done(50): success=5 t_flicker=4 t_touched=18 t_no_reach=23
Ep   850 | score  -22.54 | avg100    2.09 | grasp100   6.0% | best 0.890 |     41 st/s
    done(50): success=1 t_flicker=2 t_touched=9 t_no_reach=38
Ep   900 | score   -9.32 | avg100   -5.93 | grasp100   4.0% | best 0.890 |     41 st/s
    done(50): success=3 t_flicker=2 t_touched=13 t_no_reach=32
Ep   950 | score  -26.59 | avg100    7.00 | grasp100   9.0% | best 0.890 |     40 st/s
    done(50): success=6 t_flicker=2 t_touched=8 t_no_reach=34
Ep  1000 | score    4.19 | avg100   20.28 | grasp100  13.0% | best 0.890 |     40 st/s
    done(50): success=7 t_flicker=4 t_touched=16 t_no_reach=23
Ep  1050 | score   -5.34 | avg100   19.73 | grasp100  11.0% | best 0.890 |     40 st/s
    done(50): success=4 t_flicker=5 t_touched=13 t_no_reach=28
Ep  1100 | score   -5.89 | avg100    7.29 | grasp100   7.0% | best 0.890 |     40 st/s
    done(50): success=3 t_flicker=2 t_touched=10 t_no_reach=35
Ep  1150 | score   13.49 | avg100   -2.25 | grasp100   4.0% | best 0.890 |     40 st/s
    done(50): success=1 t_flicker=4 t_touched=20 t_no_reach=25
Ep  1200 | score   -9.85 | avg100   -3.67 | grasp100   3.0% | best 0.890 |     40 st/s
    done(50): success=2 t_flicker=1 t_touched=13 t_no_reach=34
  [primacy-bias reset of critic heads @ 25000 updates]
Ep  1250 | score  -27.90 | avg100  -10.66 | grasp100   2.0% | best 0.890 |     40 st/s
    done(50): t_flicker=2 t_touched=4 t_no_reach=44
Ep  1300 | score  -27.94 | avg100  -23.85 | grasp100   0.0% | best 0.890 |     40 st/s
    done(50): t_no_reach=50
Ep  1350 | score  -27.75 | avg100  -27.87 | grasp100   0.0% | best 0.890 |     40 st/s
    done(50): t_no_reach=50
Ep  1400 | score  -23.80 | avg100  -27.28 | grasp100   0.0% | best 0.890 |     40 st/s
    done(50): t_touched=1 t_no_reach=49
Ep  1450 | score  -22.79 | avg100  -20.20 | grasp100   1.0% | best 0.890 |     40 st/s
    done(50): success=1 t_flicker=3 t_touched=10 t_no_reach=36
Ep  1500 | score  -19.20 | avg100  -15.42 | grasp100   1.0% | best 0.890 |     40 st/s
    done(50): t_touched=10 t_no_reach=40
Ep  1550 | score  -12.67 | avg100  -16.39 | grasp100   0.0% | best 0.890 |     40 st/s
    done(50): t_touched=9 t_no_reach=41
Ep  1600 | score  -22.05 | avg100  -13.56 | grasp100   0.0% | best 0.890 |     40 st/s
    done(50): t_flicker=3 t_touched=7 t_no_reach=40
Ep  1650 | score   -7.98 | avg100   -9.71 | grasp100   0.0% | best 0.890 |     40 st/s
    done(50): t_touched=14 t_no_reach=36
Ep  1700 | score  -14.98 | avg100  -10.43 | grasp100   0.0% | best 0.890 |     40 st/s
    done(50): t_touched=8 t_no_reach=42
Ep  1750 | score   -3.47 | avg100   -8.41 | grasp100   1.0% | best 0.890 |     40 st/s
    done(50): success=1 t_flicker=1 t_touched=14 t_no_reach=34
Ep  1800 | score  -20.54 | avg100    5.39 | grasp100   6.0% | best 0.890 |     40 st/s
    done(50): success=5 t_touched=19 t_no_reach=26
Ep  1850 | score  213.07 | avg100   26.67 | grasp100  13.0% | best 0.890 |     40 st/s
    done(50): success=8 t_flicker=10 t_touched=17 t_no_reach=15
Ep  1900 | score    1.43 | avg100   53.55 | grasp100  24.0% | best 0.890 |     40 st/s
    done(50): success=16 t_flicker=5 t_touched=16 t_no_reach=13
Ep  1950 | score  212.33 | avg100   68.12 | grasp100  30.0% | best 0.890 |     40 st/s
    done(50): success=14 t_flicker=5 t_touched=22 t_no_reach=9
Ep  2000 | score   83.39 | avg100   71.52 | grasp100  30.0% | best 0.890 |     40 st/s
    done(50): success=16 t_flicker=6 t_touched=23 t_no_reach=5
Ep  2050 | score   -1.97 | avg100   64.51 | grasp100  28.0% | best 0.890 |     40 st/s
    done(50): success=12 t_flicker=4 t_touched=30 t_no_reach=4
Ep  2100 | score   12.63 | avg100   73.28 | grasp100  33.0% | best 0.890 |     40 st/s
    done(50): success=21 t_flicker=4 t_touched=22 t_no_reach=3
Ep  2150 | score   15.24 | avg100  103.96 | grasp100  47.0% | best 0.890 |     39 st/s
    done(50): success=26 t_flicker=9 t_touched=11 t_no_reach=4
Ep  2200 | score  212.45 | avg100   91.51 | grasp100  40.0% | best 0.890 |     40 st/s
    done(50): success=14 t_flicker=9 t_touched=19 t_no_reach=8
  [primacy-bias reset of critic heads @ 50000 updates]
Ep  2250 | score  -27.35 | avg100   26.65 | grasp100  15.0% | best 0.890 |     40 st/s
    done(50): success=1 t_touched=8 t_no_reach=41
Ep  2300 | score  -15.61 | avg100  -19.03 | grasp100   1.0% | best 0.890 |     40 st/s
    done(50): t_touched=1 t_no_reach=49
Ep  2350 | score  -15.86 | avg100  -20.41 | grasp100   0.0% | best 0.890 |     40 st/s
    done(50): t_touched=12 t_no_reach=38
Ep  2400 | score  -13.13 | avg100    3.15 | grasp100   6.0% | best 0.890 |     40 st/s
    done(50): success=6 t_flicker=1 t_touched=24 t_no_reach=19
Ep  2450 | score    4.88 | avg100   52.18 | grasp100  24.0% | best 0.890 |     40 st/s
    done(50): success=18 t_flicker=2 t_touched=26 t_no_reach=4
Ep  2500 | score    9.87 | avg100   78.62 | grasp100  33.0% | best 0.890 |     40 st/s
    done(50): success=15 t_flicker=10 t_touched=22 t_no_reach=3
Ep  2550 | score   15.93 | avg100   95.77 | grasp100  40.0% | best 0.890 |     39 st/s
    done(50): success=25 t_flicker=6 t_touched=16 t_no_reach=3
Ep  2600 | score  226.61 | avg100  118.79 | grasp100  51.0% | best 0.890 |     39 st/s
    done(50): success=26 t_flicker=9 t_touched=14 t_no_reach=1
Ep  2650 | score   15.82 | avg100  139.30 | grasp100  61.0% | best 0.890 |     39 st/s
    done(50): success=35 t_flicker=6 t_touched=9
Ep  2700 | score   23.65 | avg100  154.35 | grasp100  70.0% | best 0.890 |     39 st/s
    done(50): success=35 t_flicker=4 t_touched=11
Ep  2750 | score    7.61 | avg100  135.74 | grasp100  61.0% | best 0.890 |     39 st/s
    done(50): success=26 t_flicker=5 t_touched=19
Ep  2800 | score  214.22 | avg100  124.92 | grasp100  56.0% | best 0.890 |     39 st/s
    done(50): success=30 t_flicker=2 t_touched=17 t_no_reach=1
Ep  2850 | score  212.22 | avg100  138.31 | grasp100  63.0% | best 0.890 |     39 st/s
    done(50): success=33 t_flicker=4 t_touched=13
Ep  2900 | score  208.25 | avg100  140.86 | grasp100  64.0% | best 0.890 |     39 st/s
    done(50): success=31 t_flicker=2 t_touched=16 t_no_reach=1
Ep  2950 | score    6.89 | avg100  142.03 | grasp100  65.0% | best 0.890 |     39 st/s
    done(50): success=34 t_flicker=3 t_touched=12 t_no_reach=1
Ep  3000 | score  210.35 | avg100  128.24 | grasp100  59.0% | best 0.890 |     39 st/s
    done(50): success=25 t_flicker=2 t_touched=22 t_no_reach=1
Ep  3050 | score  212.32 | avg100  116.46 | grasp100  53.0% | best 0.890 |     39 st/s
    done(50): success=28 t_flicker=4 t_touched=16 t_no_reach=2
Ep  3100 | score  210.89 | avg100  140.46 | grasp100  63.0% | best 0.890 |     39 st/s
    done(50): success=35 t_flicker=5 t_touched=9 t_no_reach=1
Ep  3150 | score  210.61 | avg100  148.32 | grasp100  67.0% | best 0.890 |     39 st/s
    done(50): success=32 t_flicker=3 t_touched=15
Ep  3200 | score  209.40 | avg100  150.26 | grasp100  69.0% | best 0.890 |     39 st/s
    done(50): success=37 t_flicker=5 t_touched=8
Ep  3250 | score  211.39 | avg100  163.80 | grasp100  76.0% | best 0.890 |     38 st/s
    done(50): success=39 t_flicker=1 t_touched=9 t_no_reach=1
Ep  3300 | score  209.59 | avg100  175.43 | grasp100  82.0% | best 0.890 |     38 st/s
    done(50): success=43 t_flicker=2 t_touched=5
Ep  3350 | score  133.33 | avg100  179.33 | grasp100  84.0% | best 0.890 |     38 st/s
    done(50): success=41 t_flicker=1 t_touched=8
Ep  3400 | score  210.95 | avg100  179.48 | grasp100  84.0% | best 0.890 |     38 st/s
    done(50): success=43 t_flicker=3 t_touched=3 t_no_reach=1
Ep  3450 | score  210.37 | avg100  176.67 | grasp100  83.0% | best 0.890 |     38 st/s
    done(50): success=40 t_flicker=1 t_touched=6 t_no_reach=3
Ep  3500 | score  211.14 | avg100  170.78 | grasp100  80.0% | best 0.890 |     38 st/s
    done(50): success=40 t_flicker=5 t_touched=5
Ep  3550 | score  208.68 | avg100  174.76 | grasp100  81.0% | best 0.890 |     38 st/s
    done(50): success=41 t_flicker=2 t_touched=7
  [primacy-bias reset of critic heads @ 75000 updates]
Ep  3600 | score  207.46 | avg100  185.41 | grasp100  86.0% | best 0.890 |     38 st/s
    done(50): success=45 t_flicker=2 t_touched=3
Ep  3650 | score  -27.29 | avg100   90.94 | grasp100  47.0% | best 0.890 |     38 st/s
    done(50): success=2 t_flicker=4 t_touched=5 t_no_reach=39
Ep  3700 | score  -27.81 | avg100  -19.58 | grasp100   2.0% | best 0.890 |     38 st/s
    done(50): t_no_reach=50
Ep  3750 | score  -11.27 | avg100  -21.86 | grasp100   1.0% | best 0.890 |     38 st/s
    done(50): success=1 t_touched=9 t_no_reach=40
Ep  3800 | score    9.78 | avg100   19.60 | grasp100  12.0% | best 0.890 |     38 st/s
    done(50): success=11 t_flicker=7 t_touched=29 t_no_reach=3
Ep  3850 | score   35.24 | avg100   88.68 | grasp100  38.0% | best 0.890 |     38 st/s
    done(50): success=27 t_flicker=10 t_touched=12 t_no_reach=1
Ep  3900 | score  211.96 | avg100  120.58 | grasp100  54.0% | best 0.890 |     38 st/s
    done(50): success=27 t_flicker=5 t_touched=17 t_no_reach=1
Ep  3950 | score   15.95 | avg100  148.00 | grasp100  68.0% | best 0.890 |     38 st/s
    done(50): success=41 t_flicker=2 t_touched=7
Ep  4000 | score  213.43 | avg100  176.52 | grasp100  82.0% | best 0.890 |     38 st/s
    done(50): success=41 t_flicker=2 t_touched=7
Ep  4050 | score  209.17 | avg100  183.07 | grasp100  85.0% | best 0.890 |     38 st/s
    done(50): success=44 t_flicker=4 t_touched=2
Ep  4100 | score  210.24 | avg100  181.07 | grasp100  83.0% | best 0.890 |     37 st/s
    done(50): success=39 t_flicker=5 t_touched=6
Ep  4150 | score  208.52 | avg100  185.25 | grasp100  85.0% | best 0.890 |     37 st/s
    done(50): success=46 t_touched=4
Ep  4200 | score   19.09 | avg100  191.14 | grasp100  89.0% | best 0.890 |     37 st/s
    done(50): success=43 t_flicker=1 t_touched=6
Ep  4250 | score  208.81 | avg100  190.46 | grasp100  89.0% | best 0.890 |     37 st/s
    done(50): success=46 t_flicker=1 t_touched=3
Ep  4294 | * BEST  level200=2.00 grasp200= 90.5% metric=0.905 | score  210.49
Ep  4300 | score  210.41 | avg100  196.07 | grasp100  92.0% | best 0.905 |     37 st/s
    done(50): success=46 t_touched=4
Ep  4350 | score  210.23 | avg100  198.68 | grasp100  93.0% | best 0.905 |     37 st/s
    done(50): success=47 t_flicker=1 t_touched=2
Ep  4355 | * BEST  level200=2.00 grasp200= 92.0% metric=0.920 | score  211.25
Ep  4371 | * BEST  level200=2.00 grasp200= 93.5% metric=0.935 | score  208.28
Ep  4400 | score  208.53 | avg100  204.67 | grasp100  96.0% | best 0.935 |     37 st/s
    done(50): success=49 t_flicker=1
Ep  4420 | * BEST  level200=2.00 grasp200= 95.0% metric=0.950 | score  210.42
Ep  4450 | score  210.75 | avg100  207.42 | grasp100  98.0% | best 0.950 |     37 st/s
    done(50): success=49 t_touched=1
Ep  4459 | * BEST  level200=2.00 grasp200= 96.5% metric=0.965 | score  208.58
Ep  4500 | score  208.96 | avg100  209.73 | grasp100  99.0% | best 0.965 |     37 st/s
    done(50): success=50
Ep  4503 | * BEST  level200=2.00 grasp200= 98.0% metric=0.980 | score  210.96
Ep  4550 | score  208.38 | avg100  205.67 | grasp100  97.0% | best 0.980 |     37 st/s
    done(50): success=47 t_flicker=2 t_touched=1
Ep  4600 | score  211.90 | avg100  198.93 | grasp100  94.0% | best 0.980 |     37 st/s
    done(50): success=47 t_flicker=2 t_touched=1
Ep  4650 | score  208.74 | avg100  204.06 | grasp100  97.0% | best 0.980 |     37 st/s
    done(50): success=50
Ep  4700 | score  209.46 | avg100  208.92 | grasp100  99.0% | best 0.980 |     37 st/s
    done(50): success=49 t_flicker=1
Ep  4750 | score  209.02 | avg100  209.66 | grasp100  99.0% | best 0.980 |     36 st/s
    done(50): success=50
Ep  4800 | score  207.33 | avg100  205.83 | grasp100  97.0% | best 0.980 |     36 st/s
    done(50): success=47 t_flicker=2 t_touched=1
Ep  4850 | score  211.79 | avg100  201.27 | grasp100  95.0% | best 0.980 |     36 st/s
    done(50): success=48 t_flicker=1 t_touched=1
Ep  4900 | score  213.69 | avg100  204.85 | grasp100  97.0% | best 0.980 |     36 st/s
    done(50): success=49 t_flicker=1
Ep  4950 | score  210.30 | avg100  198.24 | grasp100  93.0% | best 0.980 |     36 st/s
    done(50): success=44 t_flicker=1 t_touched=5
Ep  5000 | score  210.64 | avg100  197.84 | grasp100  93.0% | best 0.980 |     36 st/s
    done(50): success=49 t_touched=1
Ep  5050 | score  207.07 | avg100  207.36 | grasp100  98.0% | best 0.980 |     36 st/s
    done(50): success=49 t_touched=1
Ep  5100 | score  213.73 | avg100  207.70 | grasp100  98.0% | best 0.980 |     36 st/s
    done(50): success=49 t_touched=1
Ep  5150 | score  208.09 | avg100  204.55 | grasp100  97.0% | best 0.980 |     36 st/s
    done(50): success=48 t_flicker=1 t_touched=1
Ep  5200 | score  209.85 | avg100  202.10 | grasp100  96.0% | best 0.980 |     36 st/s
    done(50): success=48 t_flicker=1 t_touched=1
Ep  5250 | score  210.74 | avg100  203.09 | grasp100  96.0% | best 0.980 |     36 st/s
    done(50): success=48 t_flicker=1 t_touched=1
Ep  5300 | score  208.60 | avg100  206.96 | grasp100  98.0% | best 0.980 |     36 st/s
    done(50): success=50
Ep  5350 | score  231.57 | avg100  208.79 | grasp100  99.0% | best 0.980 |     36 st/s
    done(50): success=49 t_touched=1
Ep  5400 | score  210.30 | avg100  202.57 | grasp100  96.0% | best 0.980 |     35 st/s
    done(50): success=47 t_touched=2 t_no_reach=1
  [primacy-bias reset of critic heads @ 100000 updates]
Ep  5450 | score  211.63 | avg100  160.76 | grasp100  77.0% | best 0.980 |     35 st/s
    done(50): success=30 t_flicker=2 t_touched=10 t_no_reach=8
Ep  5500 | score  -23.95 | avg100   51.14 | grasp100  30.0% | best 0.980 |     36 st/s
    done(50): t_touched=9 t_no_reach=41
Ep  5550 | score  207.09 | avg100  -14.26 | grasp100   1.0% | best 0.980 |     36 st/s
    done(50): success=1 t_flicker=2 t_touched=13 t_no_reach=34
Ep  5600 | score  208.93 | avg100   29.69 | grasp100  15.0% | best 0.980 |     36 st/s
    done(50): success=14 t_flicker=8 t_touched=24 t_no_reach=4
Ep  5650 | score  211.45 | avg100  105.12 | grasp100  46.0% | best 0.980 |     36 st/s
    done(50): success=32 t_flicker=8 t_touched=9 t_no_reach=1
Ep  5700 | score  207.70 | avg100  164.76 | grasp100  76.0% | best 0.980 |     36 st/s
    done(50): success=44 t_flicker=2 t_touched=4
Ep  5750 | score  208.40 | avg100  182.05 | grasp100  85.0% | best 0.980 |     35 st/s
    done(50): success=41 t_flicker=5 t_touched=4
Ep  5800 | score  208.81 | avg100  187.57 | grasp100  87.0% | best 0.980 |     35 st/s
    done(50): success=46 t_flicker=3 t_touched=1
Ep  5850 | score   26.90 | avg100  193.15 | grasp100  90.0% | best 0.980 |     35 st/s
    done(50): success=44 t_flicker=4 t_touched=2
Ep  5900 | score  212.46 | avg100  189.48 | grasp100  88.0% | best 0.980 |     35 st/s
    done(50): success=44 t_flicker=6
Ep  5950 | score  208.51 | avg100  196.03 | grasp100  92.0% | best 0.980 |     35 st/s
    done(50): success=48 t_flicker=1 t_touched=1
Ep  6000 | score  209.83 | avg100  196.11 | grasp100  92.0% | best 0.980 |     35 st/s
    done(50): success=44 t_flicker=4 t_touched=2
Ep  6050 | score  207.36 | avg100  191.65 | grasp100  89.0% | best 0.980 |     35 st/s
    done(50): success=45 t_flicker=3 t_touched=2
Ep  6100 | score  209.15 | avg100  197.30 | grasp100  92.0% | best 0.980 |     35 st/s
    done(50): success=47 t_flicker=2 t_touched=1
Ep  6150 | score  227.87 | avg100  200.01 | grasp100  93.0% | best 0.980 |     35 st/s
    done(50): success=46 t_flicker=3 t_touched=1
Ep  6200 | score  209.25 | avg100  198.17 | grasp100  92.0% | best 0.980 |     35 st/s
    done(50): success=46 t_flicker=3 t_touched=1
Ep  6250 | score  209.63 | avg100  200.48 | grasp100  94.0% | best 0.980 |     35 st/s
    done(50): success=48 t_flicker=1 t_touched=1
Ep  6300 | score  212.82 | avg100  207.34 | grasp100  98.0% | best 0.980 |     35 st/s
    done(50): success=50
Ep  6350 | score  210.48 | avg100  209.59 | grasp100  99.0% | best 0.980 |     35 st/s
    done(50): success=49 t_flicker=1
Ep  6400 | score  209.09 | avg100  208.35 | grasp100  98.0% | best 0.980 |     35 st/s
    done(50): success=49 t_flicker=1
Ep  6450 | score   59.16 | avg100  207.33 | grasp100  98.0% | best 0.980 |     35 st/s
    done(50): success=49 t_flicker=1
Ep  6500 | score  207.34 | avg100  206.83 | grasp100  98.0% | best 0.980 |     35 st/s
    done(50): success=49 t_flicker=1
Ep  6550 | score  209.79 | avg100  208.16 | grasp100  99.0% | best 0.980 |     35 st/s
    done(50): success=50
Ep  6600 | score  207.90 | avg100  205.39 | grasp100  98.0% | best 0.980 |     35 st/s
    done(50): success=48 t_flicker=2
Ep  6650 | score  209.88 | avg100  205.51 | grasp100  98.0% | best 0.980 |     34 st/s
    done(50): success=50
Ep  6700 | score  207.84 | avg100  209.47 | grasp100 100.0% | best 0.980 |     34 st/s
    done(50): success=50
Ep  6750 | score  208.97 | avg100  205.40 | grasp100  98.0% | best 0.980 |     34 st/s
    done(50): success=48 t_flicker=1 t_touched=1
Ep  6800 | score  212.34 | avg100  205.04 | grasp100  98.0% | best 0.980 |     34 st/s
    done(50): success=50
Ep  6850 | score  210.85 | avg100  207.99 | grasp100  99.0% | best 0.980 |     34 st/s
    done(50): success=49 t_touched=1
Ep  6900 | score  206.10 | avg100  208.23 | grasp100  99.0% | best 0.980 |     34 st/s
    done(50): success=50
Ep  6907 | * BEST  level200=2.00 grasp200= 99.5% metric=0.995 | score  209.38
Ep  6950 | score  208.59 | avg100  209.47 | grasp100 100.0% | best 0.995 |     34 st/s
    done(50): success=50
Ep  7000 | score  209.44 | avg100  209.80 | grasp100 100.0% | best 0.995 |     34 st/s
    done(50): success=50
Ep  7050 | score  211.09 | avg100  209.86 | grasp100 100.0% | best 0.995 |     34 st/s
    done(50): success=50
Ep  7100 | score  209.47 | avg100  206.97 | grasp100  99.0% | best 0.995 |     34 st/s
    done(50): success=49 t_flicker=1
Ep  7150 | score  206.79 | avg100  205.96 | grasp100  98.0% | best 0.995 |     34 st/s
    done(50): success=49 t_flicker=1
Ep  7200 | score  207.87 | avg100  204.49 | grasp100  97.0% | best 0.995 |     34 st/s
    done(50): success=48 t_touched=2
Ep  7250 | score  207.37 | avg100  205.42 | grasp100  98.0% | best 0.995 |     34 st/s
    done(50): success=50
Ep  7300 | score  210.02 | avg100  204.36 | grasp100  97.0% | best 0.995 |     34 st/s
    done(50): success=47 t_flicker=1 t_touched=2
Ep  7350 | score  207.48 | avg100  204.01 | grasp100  97.0% | best 0.995 |     34 st/s
    done(50): success=50
Ep  7400 | score  208.78 | avg100  207.16 | grasp100  99.0% | best 0.995 |     34 st/s
    done(50): success=49 t_flicker=1
  [primacy-bias reset of critic heads @ 125000 updates]
Ep  7450 | score  -12.04 | avg100  158.54 | grasp100  75.0% | best 0.995 |     34 st/s
    done(50): success=26 t_flicker=6 t_touched=11 t_no_reach=7
Ep  7500 | score  -18.98 | avg100   45.78 | grasp100  26.0% | best 0.995 |     34 st/s
    done(50): t_touched=6 t_no_reach=44
Ep  7550 | score  223.91 | avg100   10.15 | grasp100  10.0% | best 0.995 |     34 st/s
    done(50): success=10 t_flicker=3 t_touched=20 t_no_reach=17
Ep  7600 | score   24.77 | avg100   80.12 | grasp100  37.0% | best 0.995 |     34 st/s
    done(50): success=27 t_flicker=8 t_touched=13 t_no_reach=2
Ep  7650 | score  208.16 | avg100  150.16 | grasp100  69.0% | best 0.995 |     34 st/s
    done(50): success=42 t_flicker=5 t_touched=3
Ep  7700 | score  209.69 | avg100  173.80 | grasp100  81.0% | best 0.995 |     34 st/s
    done(50): success=39 t_flicker=4 t_touched=7
Ep  7750 | score  206.60 | avg100  184.04 | grasp100  87.0% | best 0.995 |     34 st/s
    done(50): success=48 t_flicker=1 t_touched=1
Ep  7800 | score  209.80 | avg100  201.92 | grasp100  96.0% | best 0.995 |     34 st/s
    done(50): success=48 t_flicker=1 t_touched=1
Ep  7850 | score  207.82 | avg100  204.88 | grasp100  97.0% | best 0.995 |     34 st/s
    done(50): success=49 t_flicker=1
Ep  7900 | score  210.77 | avg100  207.69 | grasp100  99.0% | best 0.995 |     34 st/s
    done(50): success=50
Ep  7950 | score  207.74 | avg100  208.81 | grasp100 100.0% | best 0.995 |     34 st/s
    done(50): success=50
Ep  8000 | score  206.64 | avg100  208.92 | grasp100 100.0% | best 0.995 |     34 st/s
    done(50): success=50
Ep  8050 | score  219.33 | avg100  209.24 | grasp100 100.0% | best 0.995 |     34 st/s
    done(50): success=50
Ep  8100 | score  208.10 | avg100  207.83 | grasp100  99.0% | best 0.995 |     34 st/s
    done(50): success=49 t_touched=1
Ep  8150 | score  207.68 | avg100  208.58 | grasp100  99.0% | best 0.995 |     34 st/s
    done(50): success=50
Ep  8200 | score  206.88 | avg100  208.33 | grasp100  99.0% | best 0.995 |     34 st/s
    done(50): success=49 t_flicker=1
Ep  8250 | score  207.93 | avg100  206.46 | grasp100  98.0% | best 0.995 |     33 st/s
    done(50): success=49 t_flicker=1
Ep  8300 | score   30.09 | avg100  203.56 | grasp100  96.0% | best 0.995 |     33 st/s
    done(50): success=47 t_flicker=2 t_touched=1
Ep  8350 | score  208.95 | avg100  205.05 | grasp100  97.0% | best 0.995 |     33 st/s
    done(50): success=50
Ep  8400 | score  209.45 | avg100  203.81 | grasp100  96.0% | best 0.995 |     33 st/s
    done(50): success=46 t_flicker=4
Ep  8450 | score  209.37 | avg100  203.30 | grasp100  96.0% | best 0.995 |     33 st/s
    done(50): success=50
Ep  8500 | score  206.92 | avg100  209.87 | grasp100 100.0% | best 0.995 |     33 st/s
    done(50): success=50
Ep  8550 | score  206.52 | avg100  208.79 | grasp100  98.0% | best 0.995 |     33 st/s
    done(50): success=48 t_flicker=2
Ep  8600 | score  208.71 | avg100  206.61 | grasp100  97.0% | best 0.995 |     33 st/s
    done(50): success=49 t_touched=1
Ep  8650 | score  208.69 | avg100  204.46 | grasp100  96.0% | best 0.995 |     33 st/s
    done(50): success=47 t_flicker=3
Ep  8700 | score  208.54 | avg100  206.45 | grasp100  97.0% | best 0.995 |     33 st/s
    done(50): success=50
Ep  8750 | score  207.79 | avg100  208.10 | grasp100  99.0% | best 0.995 |     33 st/s
    done(50): success=49 t_touched=1
Ep  8800 | score  239.09 | avg100  208.24 | grasp100  99.0% | best 0.995 |     33 st/s
    done(50): success=50
Ep  8850 | score  206.06 | avg100  210.75 | grasp100 100.0% | best 0.995 |     33 st/s
    done(50): success=50
Ep  8900 | score  207.56 | avg100  210.25 | grasp100 100.0% | best 0.995 |     33 st/s
    done(50): success=50
Ep  8950 | score  208.72 | avg100  209.28 | grasp100 100.0% | best 0.995 |     33 st/s
    done(50): success=50
Ep  9000 | score  208.65 | avg100  209.29 | grasp100 100.0% | best 0.995 |     33 st/s
    done(50): success=50
Ep  9050 | score  208.44 | avg100  208.04 | grasp100  99.0% | best 0.995 |     33 st/s
    done(50): success=49 t_flicker=1
Ep  9100 | score  210.26 | avg100  204.36 | grasp100  97.0% | best 0.995 |     33 st/s
    done(50): success=48 t_flicker=1 t_touched=1
Ep  9150 | score  209.02 | avg100  207.66 | grasp100  98.0% | best 0.995 |     33 st/s
    done(50): success=50
Ep  9200 | score  209.88 | avg100  211.19 | grasp100  99.0% | best 0.995 |     33 st/s
    done(50): success=49 t_flicker=1
Ep  9250 | score  209.59 | avg100  210.25 | grasp100  99.0% | best 0.995 |     33 st/s
    done(50): success=50
Ep  9300 | score  209.33 | avg100  210.50 | grasp100 100.0% | best 0.995 |     33 st/s
    done(50): success=50
Ep  9350 | score  206.43 | avg100  209.48 | grasp100 100.0% | best 0.995 |     33 st/s
    done(50): success=50
Ep  9400 | score  209.47 | avg100  209.46 | grasp100  99.0% | best 0.995 |     33 st/s
    done(50): success=49 t_flicker=1
Ep  9450 | score  209.45 | avg100  210.14 | grasp100  98.0% | best 0.995 |     33 st/s
    done(50): success=49 t_flicker=1
Ep  9500 | score  204.62 | avg100  212.57 | grasp100  99.0% | best 0.995 |     33 st/s
    done(50): success=50
Ep  9550 | score  209.04 | avg100  212.21 | grasp100 100.0% | best 0.995 |     33 st/s
    done(50): success=50
  [primacy-bias reset of critic heads @ 150000 updates]
Ep  9600 | score  -18.17 | avg100  125.75 | grasp100  62.0% | best 0.995 |     33 st/s
    done(50): success=12 t_touched=13 t_no_reach=25
Ep  9650 | score  -27.62 | avg100    8.72 | grasp100  12.0% | best 0.995 |     33 st/s
    done(50): t_flicker=1 t_no_reach=49
Ep  9700 | score  212.79 | avg100    7.47 | grasp100  11.0% | best 0.995 |     33 st/s
    done(50): success=11 t_flicker=8 t_touched=2 t_no_reach=29
Ep  9750 | score  209.12 | avg100   86.72 | grasp100  40.0% | best 0.995 |     33 st/s
    done(50): success=29 t_flicker=13 t_touched=7 t_no_reach=1
Ep  9800 | score  206.17 | avg100  152.66 | grasp100  68.0% | best 0.995 |     33 st/s
    done(50): success=39 t_flicker=6 t_touched=5
Ep  9850 | score  209.43 | avg100  182.25 | grasp100  85.0% | best 0.995 |     33 st/s
    done(50): success=46 t_flicker=2 t_touched=2
Ep  9900 | score  225.04 | avg100  199.83 | grasp100  95.0% | best 0.995 |     33 st/s
    done(50): success=49 t_flicker=1
Ep  9950 | score  207.26 | avg100  207.78 | grasp100  99.0% | best 0.995 |     33 st/s
    done(50): success=50
Ep 10000 | score  209.54 | avg100  203.51 | grasp100  97.0% | best 0.995 |     33 st/s
    done(50): success=47 t_flicker=2 t_touched=1
Ep 10050 | score  207.00 | avg100  201.62 | grasp100  96.0% | best 0.995 |     33 st/s
    done(50): success=49 t_touched=1
Ep 10100 | score  208.36 | avg100  207.91 | grasp100  99.0% | best 0.995 |     33 st/s
    done(50): success=50
Ep 10150 | score  210.68 | avg100  210.08 | grasp100 100.0% | best 0.995 |     32 st/s
    done(50): success=50
Ep 10200 | score  207.41 | avg100  209.60 | grasp100 100.0% | best 0.995 |     32 st/s
    done(50): success=50
Ep 10250 | score  207.52 | avg100  210.08 | grasp100 100.0% | best 0.995 |     32 st/s
    done(50): success=50
Ep 10300 | score  206.36 | avg100  210.71 | grasp100 100.0% | best 0.995 |     32 st/s
    done(50): success=50
Ep 10350 | score  295.68 | avg100  211.31 | grasp100 100.0% | best 0.995 |     32 st/s
    done(50): success=50
Ep 10400 | score  207.15 | avg100  211.12 | grasp100 100.0% | best 0.995 |     32 st/s
    done(50): success=50
Ep 10450 | score  209.31 | avg100  209.90 | grasp100 100.0% | best 0.995 |     32 st/s
    done(50): success=50
Ep 10500 | score  209.08 | avg100  210.07 | grasp100 100.0% | best 0.995 |     32 st/s
    done(50): success=50
Ep 10550 | score  207.84 | avg100  208.56 | grasp100  99.0% | best 0.995 |     32 st/s
    done(50): success=49 t_touched=1
Ep 10600 | score  207.62 | avg100  210.35 | grasp100  99.0% | best 0.995 |     32 st/s
    done(50): success=50
Ep 10650 | score  211.31 | avg100  212.53 | grasp100 100.0% | best 0.995 |     32 st/s
    done(50): success=50
Ep 10700 | score  227.36 | avg100  211.74 | grasp100 100.0% | best 0.995 |     32 st/s
    done(50): success=50
Ep 10750 | score  208.71 | avg100  211.98 | grasp100 100.0% | best 0.995 |     32 st/s
    done(50): success=50
Ep 10800 | score  208.63 | avg100  210.08 | grasp100  99.0% | best 0.995 |     32 st/s
    done(50): success=49 t_flicker=1
Ep 10850 | score  207.73 | avg100  209.69 | grasp100  98.0% | best 0.995 |     32 st/s
    done(50): success=49 t_flicker=1
Ep 10900 | score  206.43 | avg100  207.67 | grasp100  97.0% | best 0.995 |     32 st/s
    done(50): success=48 t_flicker=1 t_touched=1
Ep 10950 | score  211.91 | avg100  210.30 | grasp100  98.0% | best 0.995 |     32 st/s
    done(50): success=50
Ep 11000 | score  207.52 | avg100  212.49 | grasp100  99.0% | best 0.995 |     32 st/s
    done(50): success=49 t_flicker=1
Ep 11050 | score  209.54 | avg100  209.60 | grasp100  98.0% | best 0.995 |     32 st/s
    done(50): success=49 t_flicker=1
Ep 11100 | score  215.51 | avg100  211.39 | grasp100  99.0% | best 0.995 |     32 st/s
    done(50): success=50
Ep 11150 | score  210.51 | avg100  212.52 | grasp100 100.0% | best 0.995 |     32 st/s
    done(50): success=50
Ep 11200 | score  211.33 | avg100  211.10 | grasp100  99.0% | best 0.995 |     32 st/s
    done(50): success=49 t_flicker=1
Ep 11250 | score  206.47 | avg100  210.44 | grasp100  99.0% | best 0.995 |     32 st/s
    done(50): success=50
Ep 11300 | score  224.76 | avg100  211.84 | grasp100 100.0% | best 0.995 |     32 st/s
    done(50): success=50
Ep 11350 | score  240.13 | avg100  211.34 | grasp100  99.0% | best 0.995 |     32 st/s
    done(50): success=49 t_touched=1
Ep 11400 | score  208.46 | avg100  206.96 | grasp100  95.0% | best 0.995 |     32 st/s
    done(50): success=46 t_flicker=4
Ep 11450 | score  210.05 | avg100  207.37 | grasp100  95.0% | best 0.995 |     32 st/s
    done(50): success=49 t_flicker=1
Ep 11500 | score   81.14 | avg100  207.42 | grasp100  96.0% | best 0.995 |     32 st/s
    done(50): success=47 t_flicker=3
Ep 11550 | score  209.55 | avg100  207.62 | grasp100  95.0% | best 0.995 |     32 st/s
    done(50): success=48 t_flicker=2
Ep 11600 | score  210.83 | avg100  207.21 | grasp100  94.0% | best 0.995 |     32 st/s
    done(50): success=46 t_flicker=4
Ep 11650 | score  211.44 | avg100  208.36 | grasp100  96.0% | best 0.995 |     32 st/s
    done(50): success=50
  [primacy-bias reset of critic heads @ 175000 updates]
Ep 11700 | score  -27.84 | avg100  148.34 | grasp100  72.0% | best 0.995 |     32 st/s
    done(50): success=22 t_flicker=1 t_no_reach=27
Ep 11750 | score  -27.81 | avg100   27.51 | grasp100  22.0% | best 0.995 |     32 st/s
    done(50): t_no_reach=50
Ep 11800 | score  -16.10 | avg100  -24.72 | grasp100   0.0% | best 0.995 |     32 st/s
    done(50): t_touched=4 t_no_reach=46
Ep 11850 | score  205.99 | avg100   27.69 | grasp100  17.0% | best 0.995 |     32 st/s
    done(50): success=17 t_flicker=7 t_touched=16 t_no_reach=10
Ep 11900 | score   36.75 | avg100  133.93 | grasp100  62.0% | best 0.995 |     32 st/s
    done(50): success=45 t_flicker=4 t_touched=1
Ep 11950 | score  219.04 | avg100  198.40 | grasp100  94.0% | best 0.995 |     32 st/s
    done(50): success=49 t_flicker=1
Ep 12000 | score  206.39 | avg100  205.31 | grasp100  98.0% | best 0.995 |     32 st/s
    done(50): success=49 t_no_reach=1
Ep 12050 | score  205.21 | avg100  206.66 | grasp100  99.0% | best 0.995 |     32 st/s
    done(50): success=50
Ep 12100 | score  209.80 | avg100  206.83 | grasp100  99.0% | best 0.995 |     32 st/s
    done(50): success=49 t_flicker=1
Ep 12150 | score  208.78 | avg100  207.21 | grasp100  99.0% | best 0.995 |     32 st/s
    done(50): success=50
Ep 12200 | score  207.94 | avg100  207.42 | grasp100  99.0% | best 0.995 |     32 st/s
    done(50): success=49 t_flicker=1
Ep 12250 | score  209.21 | avg100  204.92 | grasp100  98.0% | best 0.995 |     32 st/s
    done(50): success=49 t_touched=1
Ep 12300 | score  207.45 | avg100  206.02 | grasp100  99.0% | best 0.995 |     32 st/s
    done(50): success=50
Ep 12350 | score  206.33 | avg100  206.34 | grasp100  99.0% | best 0.995 |     32 st/s
    done(50): success=49 t_flicker=1
Ep 12400 | score  207.23 | avg100  206.77 | grasp100  99.0% | best 0.995 |     32 st/s
    done(50): success=50
Ep 12450 | score  206.45 | avg100  208.44 | grasp100 100.0% | best 0.995 |     32 st/s
    done(50): success=50
Ep 12500 | score  210.74 | avg100  206.97 | grasp100  99.0% | best 0.995 |     32 st/s
    done(50): success=49 t_flicker=1
Ep 12550 | score  205.77 | avg100  206.05 | grasp100  98.0% | best 0.995 |     32 st/s
    done(50): success=49 t_touched=1
Ep 12600 | score  208.00 | avg100  208.61 | grasp100  99.0% | best 0.995 |     32 st/s
    done(50): success=50
Ep 12650 | score  209.21 | avg100  211.31 | grasp100 100.0% | best 0.995 |     32 st/s
    done(50): success=50
Ep 12700 | score  209.20 | avg100  208.13 | grasp100  98.0% | best 0.995 |     32 st/s
    done(50): success=48 t_flicker=2
Ep 12750 | score  206.32 | avg100  208.10 | grasp100  98.0% | best 0.995 |     32 st/s
    done(50): success=50
Ep 12800 | score  207.63 | avg100  210.66 | grasp100  99.0% | best 0.995 |     32 st/s
    done(50): success=49 t_flicker=1
Ep 12850 | score  212.45 | avg100  210.15 | grasp100  99.0% | best 0.995 |     32 st/s
    done(50): success=50
Ep 12900 | score  239.83 | avg100  210.33 | grasp100  99.0% | best 0.995 |     32 st/s
    done(50): success=49 t_flicker=1
Ep 12950 | score  207.19 | avg100  212.89 | grasp100  99.0% | best 0.995 |     31 st/s
    done(50): success=50
Ep 13000 | score  211.68 | avg100  214.39 | grasp100 100.0% | best 0.995 |     31 st/s
    done(50): success=50
Ep 13050 | score  241.98 | avg100  209.28 | grasp100  98.0% | best 0.995 |     31 st/s
    done(50): success=48 t_flicker=2
Ep 13100 | score  207.48 | avg100  209.24 | grasp100  97.0% | best 0.995 |     31 st/s
    done(50): success=49 t_flicker=1
Ep 13150 | score  206.47 | avg100  212.18 | grasp100  99.0% | best 0.995 |     31 st/s
    done(50): success=50
Ep 13200 | score  209.86 | avg100  210.02 | grasp100  99.0% | best 0.995 |     31 st/s
    done(50): success=49 t_flicker=1
Ep 13250 | score  210.26 | avg100  209.84 | grasp100  99.0% | best 0.995 |     31 st/s
    done(50): success=50
Ep 13300 | score  208.53 | avg100  212.05 | grasp100 100.0% | best 0.995 |     31 st/s
    done(50): success=50
Ep 13350 | score  209.14 | avg100  212.32 | grasp100 100.0% | best 0.995 |     31 st/s
    done(50): success=50
Ep 13400 | score  210.33 | avg100  210.65 | grasp100  99.0% | best 0.995 |     31 st/s
    done(50): success=49 t_flicker=1
Ep 13450 | score  209.65 | avg100  210.12 | grasp100  99.0% | best 0.995 |     31 st/s
    done(50): success=50
Ep 13500 | score  209.28 | avg100  211.13 | grasp100 100.0% | best 0.995 |     31 st/s
    done(50): success=50
Ep 13550 | score  206.92 | avg100  210.89 | grasp100 100.0% | best 0.995 |     31 st/s
    done(50): success=50
Ep 13600 | score  231.96 | avg100  211.22 | grasp100 100.0% | best 0.995 |     31 st/s
    done(50): success=50
Ep 13650 | score  232.65 | avg100  210.71 | grasp100 100.0% | best 0.995 |     31 st/s
    done(50): success=50
Ep 13700 | score  212.19 | avg100  211.03 | grasp100 100.0% | best 0.995 |     31 st/s
    done(50): success=50
Ep 13750 | score  212.69 | avg100  211.70 | grasp100 100.0% | best 0.995 |     31 st/s
    done(50): success=50
Ep 13800 | score  209.86 | avg100  208.43 | grasp100  99.0% | best 0.995 |     31 st/s
    done(50): success=49 t_flicker=1
  [primacy-bias reset of critic heads @ 200000 updates]
Ep 13850 | score  -12.64 | avg100  190.20 | grasp100  90.0% | best 0.995 |     31 st/s
    done(50): success=41 t_flicker=1 t_touched=1 t_no_reach=7
Ep 13900 | score  -27.91 | avg100   73.98 | grasp100  41.0% | best 0.995 |     31 st/s
    done(50): t_no_reach=50
Ep 13950 | score  -18.66 | avg100  -25.63 | grasp100   0.0% | best 0.995 |     31 st/s
    done(50): t_touched=1 t_no_reach=49
Ep 14000 | score  207.16 | avg100   14.02 | grasp100  12.0% | best 0.995 |     31 st/s
    done(50): success=12 t_flicker=9 t_touched=23 t_no_reach=6
Ep 14050 | score  210.80 | avg100  118.48 | grasp100  55.0% | best 0.995 |     31 st/s
    done(50): success=43 t_flicker=4 t_touched=3
Ep 14100 | score  208.84 | avg100  193.25 | grasp100  91.0% | best 0.995 |     31 st/s
    done(50): success=48 t_flicker=2
Ep 14150 | score  207.13 | avg100  202.32 | grasp100  96.0% | best 0.995 |     31 st/s
    done(50): success=48 t_flicker=2
Ep 14200 | score  206.98 | avg100  201.46 | grasp100  96.0% | best 0.995 |     31 st/s
    done(50): success=48 t_flicker=1 t_touched=1
Ep 14250 | score  207.71 | avg100  204.25 | grasp100  98.0% | best 0.995 |     31 st/s
    done(50): success=50
Ep 14300 | score  206.33 | avg100  204.63 | grasp100  98.0% | best 0.995 |     31 st/s
    done(50): success=48 t_flicker=2
Ep 14350 | score  207.60 | avg100  204.28 | grasp100  97.0% | best 0.995 |     31 st/s
    done(50): success=49 t_flicker=1
Ep 14400 | score  210.37 | avg100  205.98 | grasp100  98.0% | best 0.995 |     31 st/s
    done(50): success=49 t_touched=1
Ep 14450 | score  206.61 | avg100  206.64 | grasp100  99.0% | best 0.995 |     31 st/s
    done(50): success=50
Ep 14500 | score  207.70 | avg100  208.52 | grasp100 100.0% | best 0.995 |     31 st/s
    done(50): success=50
Ep 14550 | score  209.59 | avg100  206.35 | grasp100  99.0% | best 0.995 |     31 st/s
    done(50): success=49 t_touched=1
Ep 14600 | score  207.50 | avg100  204.13 | grasp100  98.0% | best 0.995 |     31 st/s
    done(50): success=49 t_touched=1
Ep 14650 | score  210.16 | avg100  204.52 | grasp100  98.0% | best 0.995 |     31 st/s
    done(50): success=49 t_touched=1
Ep 14700 | score  208.07 | avg100  206.87 | grasp100  99.0% | best 0.995 |     31 st/s
    done(50): success=50
Ep 14750 | score  208.45 | avg100  209.97 | grasp100 100.0% | best 0.995 |     31 st/s
    done(50): success=50
Ep 14800 | score  211.58 | avg100  210.55 | grasp100 100.0% | best 0.995 |     31 st/s
    done(50): success=50
Ep 14850 | score  212.27 | avg100  210.82 | grasp100 100.0% | best 0.995 |     31 st/s
    done(50): success=50
Ep 14900 | score  209.10 | avg100  210.33 | grasp100 100.0% | best 0.995 |     31 st/s
    done(50): success=50
Ep 14950 | score  218.14 | avg100  210.04 | grasp100 100.0% | best 0.995 |     31 st/s
    done(50): success=50
Ep 15000 | score  210.65 | avg100  210.35 | grasp100  99.0% | best 0.995 |     31 st/s
    done(50): success=49 t_flicker=1
Ep 15050 | score  209.01 | avg100  212.16 | grasp100  99.0% | best 0.995 |     31 st/s
    done(50): success=50
Ep 15100 | score  206.01 | avg100  214.48 | grasp100 100.0% | best 0.995 |     31 st/s
    done(50): success=50
Ep 15150 | score  207.33 | avg100  212.04 | grasp100  99.0% | best 0.995 |     31 st/s
    done(50): success=49 t_flicker=1
Ep 15200 | score  209.74 | avg100  211.48 | grasp100  99.0% | best 0.995 |     31 st/s
    done(50): success=50
Ep 15250 | score  209.95 | avg100  214.85 | grasp100 100.0% | best 0.995 |     31 st/s
    done(50): success=50
Ep 15300 | score  207.07 | avg100  211.28 | grasp100  99.0% | best 0.995 |     31 st/s
    done(50): success=49 t_touched=1
Ep 15350 | score  225.90 | avg100  210.18 | grasp100  99.0% | best 0.995 |     31 st/s
    done(50): success=50
Ep 15400 | score  208.08 | avg100  215.45 | grasp100 100.0% | best 0.995 |     31 st/s
    done(50): success=50
Ep 15450 | score  236.18 | avg100  218.55 | grasp100 100.0% | best 0.995 |     31 st/s
    done(50): success=50
Ep 15500 | score  206.87 | avg100  216.34 | grasp100  98.0% | best 0.995 |     31 st/s
    done(50): success=48 t_flicker=2
Ep 15550 | score  242.37 | avg100  213.92 | grasp100  98.0% | best 0.995 |     31 st/s
    done(50): success=50
Ep 15600 | score  206.34 | avg100  213.12 | grasp100  99.0% | best 0.995 |     31 st/s
    done(50): success=49 t_flicker=1
Ep 15650 | score  245.74 | avg100  211.72 | grasp100  99.0% | best 0.995 |     31 st/s
    done(50): success=50
Ep 15700 | score  210.01 | avg100  209.65 | grasp100  98.0% | best 0.995 |     31 st/s
    done(50): success=48 t_flicker=2
Ep 15750 | score  209.30 | avg100  208.14 | grasp100  98.0% | best 0.995 |     31 st/s
    done(50): success=50
Ep 15800 | score  210.72 | avg100  210.97 | grasp100 100.0% | best 0.995 |     31 st/s
    done(50): success=50
Ep 15850 | score  209.71 | avg100  210.90 | grasp100  99.0% | best 0.995 |     31 st/s
    done(50): success=49 t_flicker=1
Ep 15900 | score  209.97 | avg100  209.93 | grasp100  99.0% | best 0.995 |     31 st/s
    done(50): success=50
Ep 15950 | score  209.40 | avg100  209.66 | grasp100  99.0% | best 0.995 |     31 st/s
    done(50): success=49 t_flicker=1
Ep 16000 | score  212.18 | avg100  208.95 | grasp100  98.0% | best 0.995 |     31 st/s
    done(50): success=49 t_touched=1
  [primacy-bias reset of critic heads @ 225000 updates]
