========================================================================
RANDOM-SPAWN GRASP RETRAINING  |  algo=td3_ln  run=td3_ln_can_warm_s2
========================================================================
  Envs                : 5 (subprocess-parallel, fork)
  Spawn level         : 2.0 (1.0 = full position box, 2.0 = + z-rotation)
  Updates/vec-step    : 2 (0.400 per env-step; historical baseline 0.5)
  Buffer              : 2,000,000
  Actor               : 64 -> 32  (5,216 weights)  [critics 512->256]
  Warm start          : checkpoints/td3_grasp_rand_td3_ln_c2m512_s1/best
  Checkpoints         : /home/fahim/Thesis_fahim/pickandplace/checkpoints/td3_grasp_rand_td3_ln_can_warm_s2
========================================================================

Spawning 5 subprocess environments (fork)...
[robosuite WARNING] No private macro file found! (__init__.py:7)
[robosuite WARNING] It is recommended to use a private macro file (__init__.py:8)
[robosuite WARNING] To setup, run: python /home/fahim/Thesis_fahim/venv/lib/python3.12/site-packages/robosuite/scripts/setup_macros.py (__init__.py:9)
[robosuite WARNING] No private macro file found! (__init__.py:7)
[robosuite WARNING] It is recommended to use a private macro file (__init__.py:8)
[robosuite WARNING] To setup, run: python /home/fahim/Thesis_fahim/venv/lib/python3.12/site-packages/robosuite/scripts/setup_macros.py (__init__.py:9)
[robosuite WARNING] No private macro file found! (__init__.py:7)
[robosuite WARNING] It is recommended to use a private macro file (__init__.py:8)
[robosuite WARNING] To setup, run: python /home/fahim/Thesis_fahim/venv/lib/python3.12/site-packages/robosuite/scripts/setup_macros.py (__init__.py:9)
[robosuite WARNING] No private macro file found! (__init__.py:7)
[robosuite WARNING] It is recommended to use a private macro file (__init__.py:8)
[robosuite WARNING] To setup, run: python /home/fahim/Thesis_fahim/venv/lib/python3.12/site-packages/robosuite/scripts/setup_macros.py (__init__.py:9)
[robosuite WARNING] No private macro file found! (__init__.py:7)
[robosuite WARNING] It is recommended to use a private macro file (__init__.py:8)
[robosuite WARNING] To setup, run: python /home/fahim/Thesis_fahim/venv/lib/python3.12/site-packages/robosuite/scripts/setup_macros.py (__init__.py:9)
Gym has been unmaintained since 2022 and does not support NumPy 2.0 amongst other critical functionality.
Please upgrade to Gymnasium, the maintained drop-in replacement of Gym, or contact the authors of your software and request that they upgrade.
See the migration guide at https://gymnasium.farama.org/introduction/migration_guide/ for additional information.
Gym has been unmaintained since 2022 and does not support NumPy 2.0 amongst other critical functionality.
Please upgrade to Gymnasium, the maintained drop-in replacement of Gym, or contact the authors of your software and request that they upgrade.
See the migration guide at https://gymnasium.farama.org/introduction/migration_guide/ for additional information.
Gym has been unmaintained since 2022 and does not support NumPy 2.0 amongst other critical functionality.
Please upgrade to Gymnasium, the maintained drop-in replacement of Gym, or contact the authors of your software and request that they upgrade.
See the migration guide at https://gymnasium.farama.org/introduction/migration_guide/ for additional information.
Gym has been unmaintained since 2022 and does not support NumPy 2.0 amongst other critical functionality.
Please upgrade to Gymnasium, the maintained drop-in replacement of Gym, or contact the authors of your software and request that they upgrade.
See the migration guide at https://gymnasium.farama.org/introduction/migration_guide/ for additional information.
Gym has been unmaintained since 2022 and does not support NumPy 2.0 amongst other critical functionality.
Please upgrade to Gymnasium, the maintained drop-in replacement of Gym, or contact the authors of your software and request that they upgrade.
See the migration guide at https://gymnasium.farama.org/introduction/migration_guide/ for additional information.
/home/fahim/Thesis_fahim/venv/lib/python3.12/site-packages/gym/spaces/box.py:84: UserWarning: [33mWARN: Box bound precision lowered by casting to float32[0m
  logger.warn(f"Box bound precision lowered by casting to {self.dtype}")
/home/fahim/Thesis_fahim/venv/lib/python3.12/site-packages/gym/spaces/box.py:84: UserWarning: [33mWARN: Box bound precision lowered by casting to float32[0m
  logger.warn(f"Box bound precision lowered by casting to {self.dtype}")
/home/fahim/Thesis_fahim/venv/lib/python3.12/site-packages/gym/spaces/box.py:84: UserWarning: [33mWARN: Box bound precision lowered by casting to float32[0m
  logger.warn(f"Box bound precision lowered by casting to {self.dtype}")
/home/fahim/Thesis_fahim/venv/lib/python3.12/site-packages/gym/spaces/box.py:84: UserWarning: [33mWARN: Box bound precision lowered by casting to float32[0m
  logger.warn(f"Box bound precision lowered by casting to {self.dtype}")
/home/fahim/Thesis_fahim/venv/lib/python3.12/site-packages/gym/spaces/box.py:84: UserWarning: [33mWARN: Box bound precision lowered by casting to float32[0m
  logger.warn(f"Box bound precision lowered by casting to {self.dtype}")
Gym has been unmaintained since 2022 and does not support NumPy 2.0 amongst other critical functionality.
Please upgrade to Gymnasium, the maintained drop-in replacement of Gym, or contact the authors of your software and request that they upgrade.
See the migration guide at https://gymnasium.farama.org/introduction/migration_guide/ for additional information.
5 environments ready.

  Actor QAT           : per-tensor INT8 fake-quant, STE grads
  Actor weight clip   : |w| <= 8.0 * std(w) per Linear tensor (bi_s0 baseline fc1 9.96 / fc2 10.82)
Init: warm-started (actor only, critics fresh) (source: /home/fahim/Thesis_fahim/pickandplace/checkpoints/td3_grasp_rand_td3_ln_c2m512_s1/best)
Fresh replay buffer.

Training...

Ep    50 | score  221.49 | avg100  207.12 | grasp100  90.0% | best 0.000 |     65 st/s
    done(50): success=45 t_flicker=4 t_touched=1
Ep   100 | score   95.68 | avg100  205.20 | grasp100  89.0% | best 0.000 |     65 st/s
    done(50): success=44 t_flicker=4 t_touched=2
Ep   150 | score   29.08 | avg100  205.90 | grasp100  90.0% | best 0.000 |     66 st/s
    done(50): success=46 t_flicker=4
Ep   200 | * BEST  level200=2.00 grasp200= 90.5% metric=0.905 | score  -15.58
Ep   250 | score  214.96 | avg100  209.07 | grasp100  93.0% | best 0.905 |     66 st/s
    done(50): success=47 t_flicker=1 t_touched=2
Ep   252 | * BEST  level200=2.00 grasp200= 92.0% metric=0.920 | score  228.06
Ep   300 | score   70.96 | avg100  199.20 | grasp100  88.0% | best 0.920 |     67 st/s
    done(50): success=41 t_flicker=5 t_touched=4
Ep   350 | score  -27.99 | avg100  124.14 | grasp100  58.0% | best 0.920 |     65 st/s
    done(50): success=17 t_touched=2 t_no_reach=31
Ep   400 | score  -27.88 | avg100   16.03 | grasp100  17.0% | best 0.920 |     64 st/s
    done(50): t_no_reach=50
Ep   450 | score  -25.79 | avg100  -27.38 | grasp100   0.0% | best 0.920 |     63 st/s
    done(50): t_no_reach=50
Ep   500 | score  -27.94 | avg100  -25.79 | grasp100   0.0% | best 0.920 |     63 st/s
    done(50): t_touched=2 t_no_reach=48
Ep   550 | score  204.00 | avg100  -21.83 | grasp100   1.0% | best 0.920 |     61 st/s
    done(50): success=1 t_touched=3 t_no_reach=46
Ep   600 | score  -17.46 | avg100  -17.04 | grasp100   2.0% | best 0.920 |     60 st/s
    done(50): success=1 t_touched=8 t_no_reach=41
Ep   650 | score  -27.47 | avg100  -14.59 | grasp100   1.0% | best 0.920 |     60 st/s
    done(50): t_flicker=2 t_touched=5 t_no_reach=43
Ep   700 | score  -24.29 | avg100  -14.99 | grasp100   0.0% | best 0.920 |     60 st/s
    done(50): t_flicker=2 t_touched=6 t_no_reach=42
Ep   750 | score  -27.48 | avg100  -13.74 | grasp100   0.0% | best 0.920 |     59 st/s
    done(50): t_flicker=2 t_touched=10 t_no_reach=38
Ep   800 | score  -24.62 | avg100  -11.49 | grasp100   0.0% | best 0.920 |     59 st/s
    done(50): t_flicker=1 t_touched=10 t_no_reach=39
Ep   850 | score  205.77 | avg100   -9.22 | grasp100   2.0% | best 0.920 |     59 st/s
    done(50): success=2 t_touched=10 t_no_reach=38
Ep   900 | score   -9.15 | avg100   -2.20 | grasp100   6.0% | best 0.920 |     59 st/s
    done(50): success=4 t_touched=4 t_no_reach=42
Ep   950 | score  -24.59 | avg100    1.93 | grasp100   6.0% | best 0.920 |     59 st/s
    done(50): success=2 t_flicker=4 t_touched=8 t_no_reach=36
Ep  1000 | score    2.10 | avg100    3.07 | grasp100   7.0% | best 0.920 |     58 st/s
    done(50): success=5 t_touched=4 t_no_reach=41
Ep  1050 | score   -2.11 | avg100    4.03 | grasp100   9.0% | best 0.920 |     58 st/s
    done(50): success=4 t_touched=7 t_no_reach=39
Ep  1100 | score  -23.62 | avg100   -1.08 | grasp100   6.0% | best 0.920 |     57 st/s
    done(50): success=2 t_flicker=2 t_touched=10 t_no_reach=36
Ep  1150 | score  -18.04 | avg100   -3.15 | grasp100   5.0% | best 0.920 |     57 st/s
    done(50): success=3 t_touched=11 t_no_reach=36
Ep  1200 | score  -22.60 | avg100   -3.78 | grasp100   5.0% | best 0.920 |     57 st/s
    done(50): success=2 t_flicker=1 t_touched=8 t_no_reach=39
  [primacy-bias reset of critic heads @ 25000 updates]
Ep  1250 | score  -27.67 | avg100  -10.59 | grasp100   3.0% | best 0.920 |     57 st/s
    done(50): success=1 t_touched=9 t_no_reach=40
Ep  1300 | score  -27.95 | avg100  -21.26 | grasp100   1.0% | best 0.920 |     57 st/s
    done(50): t_no_reach=50
Ep  1350 | score  -24.53 | avg100  -27.82 | grasp100   0.0% | best 0.920 |     57 st/s
    done(50): t_no_reach=50
Ep  1400 | score  -26.27 | avg100  -27.60 | grasp100   0.0% | best 0.920 |     57 st/s
    done(50): t_no_reach=50
Ep  1450 | score  -21.78 | avg100  -20.45 | grasp100   1.0% | best 0.920 |     57 st/s
    done(50): success=1 t_flicker=1 t_touched=3 t_no_reach=45
Ep  1500 | score  -21.66 | avg100  -12.63 | grasp100   1.0% | best 0.920 |     57 st/s
    done(50): t_flicker=1 t_touched=16 t_no_reach=33
Ep  1550 | score  -13.55 | avg100    0.47 | grasp100   3.0% | best 0.920 |     57 st/s
    done(50): success=3 t_flicker=2 t_touched=20 t_no_reach=25
Ep  1600 | score    0.96 | avg100   11.65 | grasp100   5.0% | best 0.920 |     57 st/s
    done(50): success=2 t_flicker=3 t_touched=22 t_no_reach=23
Ep  1650 | score  206.49 | avg100   18.23 | grasp100   8.0% | best 0.920 |     57 st/s
    done(50): success=6 t_flicker=2 t_touched=21 t_no_reach=21
Ep  1700 | score    2.37 | avg100   36.52 | grasp100  17.0% | best 0.920 |     57 st/s
    done(50): success=11 t_flicker=2 t_touched=19 t_no_reach=18
Ep  1750 | score    1.04 | avg100   48.45 | grasp100  22.0% | best 0.920 |     57 st/s
    done(50): success=11 t_flicker=5 t_touched=25 t_no_reach=9
Ep  1800 | score   -4.63 | avg100   51.91 | grasp100  24.0% | best 0.920 |     56 st/s
    done(50): success=13 t_flicker=3 t_touched=22 t_no_reach=12
Ep  1850 | score    8.62 | avg100   44.70 | grasp100  22.0% | best 0.920 |     56 st/s
    done(50): success=9 t_flicker=6 t_touched=23 t_no_reach=12
Ep  1900 | score   47.29 | avg100   35.71 | grasp100  17.0% | best 0.920 |     55 st/s
    done(50): success=8 t_flicker=7 t_touched=23 t_no_reach=12
Ep  1950 | score  -11.97 | avg100   46.06 | grasp100  22.0% | best 0.920 |     55 st/s
    done(50): success=14 t_flicker=3 t_touched=27 t_no_reach=6
Ep  2000 | score    3.61 | avg100   43.03 | grasp100  22.0% | best 0.920 |     54 st/s
    done(50): success=8 t_flicker=3 t_touched=28 t_no_reach=11
Ep  2050 | score  213.71 | avg100   32.41 | grasp100  16.0% | best 0.920 |     53 st/s
    done(50): success=8 t_flicker=9 t_touched=29 t_no_reach=4
Ep  2100 | score   16.57 | avg100   49.73 | grasp100  24.0% | best 0.920 |     52 st/s
    done(50): success=16 t_flicker=7 t_touched=21 t_no_reach=6
Ep  2150 | score    7.14 | avg100   64.88 | grasp100  32.0% | best 0.920 |     52 st/s
    done(50): success=16 t_flicker=2 t_touched=26 t_no_reach=6
Ep  2200 | score    0.66 | avg100   90.06 | grasp100  44.0% | best 0.920 |     51 st/s
    done(50): success=28 t_flicker=1 t_touched=18 t_no_reach=3
  [primacy-bias reset of critic heads @ 50000 updates]
Ep  2250 | score  -19.98 | avg100   85.57 | grasp100  44.0% | best 0.920 |     51 st/s
    done(50): success=16 t_flicker=2 t_touched=8 t_no_reach=24
Ep  2300 | score  -21.86 | avg100   16.30 | grasp100  16.0% | best 0.920 |     50 st/s
    done(50): t_flicker=1 t_touched=4 t_no_reach=45
Ep  2350 | score  -27.30 | avg100  -24.67 | grasp100   0.0% | best 0.920 |     50 st/s
    done(50): t_flicker=2 t_touched=1 t_no_reach=47
Ep  2400 | score  -27.85 | avg100  -26.69 | grasp100   0.0% | best 0.920 |     50 st/s
    done(50): t_no_reach=50
Ep  2450 | score  -15.65 | avg100  -26.97 | grasp100   0.0% | best 0.920 |     49 st/s
    done(50): t_touched=1 t_no_reach=49
Ep  2500 | score   16.56 | avg100   26.61 | grasp100  17.0% | best 0.920 |     49 st/s
    done(50): success=17 t_flicker=10 t_touched=17 t_no_reach=6
Ep  2550 | score  216.63 | avg100   93.82 | grasp100  40.0% | best 0.920 |     48 st/s
    done(50): success=23 t_flicker=10 t_touched=16 t_no_reach=1
Ep  2600 | score  206.13 | avg100  111.57 | grasp100  48.0% | best 0.920 |     48 st/s
    done(50): success=25 t_flicker=7 t_touched=16 t_no_reach=2
Ep  2650 | score  209.85 | avg100  131.68 | grasp100  59.0% | best 0.920 |     48 st/s
    done(50): success=34 t_flicker=4 t_touched=12
Ep  2700 | score  213.45 | avg100  150.53 | grasp100  69.0% | best 0.920 |     47 st/s
    done(50): success=35 t_flicker=6 t_touched=9
Ep  2750 | score  209.44 | avg100  140.59 | grasp100  64.0% | best 0.920 |     47 st/s
    done(50): success=29 t_flicker=6 t_touched=14 t_no_reach=1
Ep  2800 | score  303.20 | avg100  136.09 | grasp100  62.0% | best 0.920 |     47 st/s
    done(50): success=33 t_flicker=3 t_touched=14
Ep  2850 | score  212.73 | avg100  137.63 | grasp100  62.0% | best 0.920 |     47 st/s
    done(50): success=29 t_flicker=7 t_touched=14
Ep  2900 | score  214.67 | avg100  147.96 | grasp100  67.0% | best 0.920 |     46 st/s
    done(50): success=38 t_flicker=2 t_touched=10
Ep  2950 | score  214.29 | avg100  153.23 | grasp100  70.0% | best 0.920 |     46 st/s
    done(50): success=32 t_flicker=4 t_touched=13 t_no_reach=1
Ep  3000 | score  211.82 | avg100  146.28 | grasp100  66.0% | best 0.920 |     46 st/s
    done(50): success=34 t_flicker=3 t_touched=13
Ep  3050 | score  221.70 | avg100  149.36 | grasp100  68.0% | best 0.920 |     45 st/s
    done(50): success=34 t_flicker=3 t_touched=13
Ep  3100 | score  209.49 | avg100  154.73 | grasp100  71.0% | best 0.920 |     45 st/s
    done(50): success=37 t_flicker=4 t_touched=9
Ep  3150 | score  211.91 | avg100  156.63 | grasp100  72.0% | best 0.920 |     45 st/s
    done(50): success=35 t_flicker=1 t_touched=14
Ep  3200 | score  230.31 | avg100  149.71 | grasp100  68.0% | best 0.920 |     45 st/s
    done(50): success=33 t_flicker=3 t_touched=13 t_no_reach=1
Ep  3250 | score  215.28 | avg100  159.32 | grasp100  72.0% | best 0.920 |     44 st/s
    done(50): success=39 t_flicker=1 t_touched=10
Ep  3300 | score   -1.56 | avg100  167.65 | grasp100  77.0% | best 0.920 |     44 st/s
    done(50): success=38 t_flicker=2 t_touched=8 t_no_reach=2
Ep  3350 | score  214.71 | avg100  171.50 | grasp100  79.0% | best 0.920 |     44 st/s
    done(50): success=41 t_flicker=2 t_touched=7
Ep  3400 | score  209.02 | avg100  171.96 | grasp100  79.0% | best 0.920 |     44 st/s
    done(50): success=38 t_flicker=2 t_touched=8 t_no_reach=2
Ep  3450 | score  209.28 | avg100  159.40 | grasp100  74.0% | best 0.920 |     44 st/s
    done(50): success=36 t_flicker=2 t_touched=11 t_no_reach=1
Ep  3500 | score  221.76 | avg100  171.02 | grasp100  80.0% | best 0.920 |     43 st/s
    done(50): success=44 t_flicker=4 t_touched=2
Ep  3550 | score  212.85 | avg100  179.01 | grasp100  84.0% | best 0.920 |     43 st/s
    done(50): success=40 t_flicker=1 t_touched=9
Ep  3600 | score  207.07 | avg100  176.25 | grasp100  83.0% | best 0.920 |     43 st/s
    done(50): success=43 t_flicker=2 t_touched=3 t_no_reach=2
  [primacy-bias reset of critic heads @ 75000 updates]
Ep  3650 | score  -24.79 | avg100  124.62 | grasp100  61.0% | best 0.920 |     43 st/s
    done(50): success=18 t_touched=9 t_no_reach=23
Ep  3700 | score   -9.07 | avg100   40.49 | grasp100  24.0% | best 0.920 |     43 st/s
    done(50): success=6 t_flicker=2 t_touched=7 t_no_reach=35
Ep  3750 | score    0.43 | avg100    7.98 | grasp100   7.0% | best 0.920 |     43 st/s
    done(50): success=1 t_flicker=5 t_touched=28 t_no_reach=16
Ep  3800 | score    0.51 | avg100   34.32 | grasp100  17.0% | best 0.920 |     42 st/s
    done(50): success=16 t_flicker=5 t_touched=17 t_no_reach=12
Ep  3850 | score  208.90 | avg100   82.65 | grasp100  38.0% | best 0.920 |     42 st/s
    done(50): success=22 t_flicker=5 t_touched=20 t_no_reach=3
Ep  3900 | score  212.51 | avg100  131.90 | grasp100  61.0% | best 0.920 |     42 st/s
    done(50): success=39 t_flicker=2 t_touched=9
Ep  3950 | score  212.30 | avg100  166.85 | grasp100  78.0% | best 0.920 |     42 st/s
    done(50): success=39 t_flicker=3 t_touched=7 t_no_reach=1
Ep  4000 | score  208.87 | avg100  173.66 | grasp100  81.0% | best 0.920 |     42 st/s
    done(50): success=42 t_flicker=2 t_touched=6
Ep  4050 | score  209.21 | avg100  183.34 | grasp100  86.0% | best 0.920 |     42 st/s
    done(50): success=44 t_flicker=3 t_touched=3
Ep  4100 | score  208.45 | avg100  192.77 | grasp100  91.0% | best 0.920 |     42 st/s
    done(50): success=47 t_flicker=1 t_touched=2
Ep  4150 | score  209.80 | avg100  195.25 | grasp100  92.0% | best 0.920 |     41 st/s
    done(50): success=45 t_flicker=1 t_touched=4
Ep  4200 | score  213.58 | avg100  189.21 | grasp100  89.0% | best 0.920 |     41 st/s
    done(50): success=44 t_touched=6
Ep  4250 | score  259.43 | avg100  193.04 | grasp100  91.0% | best 0.920 |     41 st/s
    done(50): success=47 t_touched=3
Ep  4300 | score    5.85 | avg100  189.56 | grasp100  89.0% | best 0.920 |     41 st/s
    done(50): success=42 t_flicker=2 t_touched=6
Ep  4350 | score  211.88 | avg100  188.55 | grasp100  88.0% | best 0.920 |     41 st/s
    done(50): success=46 t_flicker=2 t_touched=2
Ep  4400 | score  211.11 | avg100  183.16 | grasp100  85.0% | best 0.920 |     41 st/s
    done(50): success=39 t_flicker=4 t_touched=7
Ep  4450 | score   25.70 | avg100  170.72 | grasp100  79.0% | best 0.920 |     41 st/s
    done(50): success=40 t_flicker=1 t_touched=9
Ep  4500 | score  212.32 | avg100  182.05 | grasp100  85.0% | best 0.920 |     41 st/s
    done(50): success=45 t_flicker=2 t_touched=3
Ep  4550 | score  210.47 | avg100  191.26 | grasp100  90.0% | best 0.920 |     40 st/s
    done(50): success=45 t_touched=5
Ep  4600 | score  220.13 | avg100  198.72 | grasp100  93.0% | best 0.920 |     40 st/s
    done(50): success=48 t_flicker=1 t_touched=1
Ep  4650 | score  211.25 | avg100  192.40 | grasp100  89.0% | best 0.920 |     40 st/s
    done(50): success=41 t_flicker=2 t_touched=7
Ep  4700 | score  211.13 | avg100  181.60 | grasp100  84.0% | best 0.920 |     40 st/s
    done(50): success=43 t_flicker=2 t_touched=5
Ep  4750 | score  210.10 | avg100  187.81 | grasp100  87.0% | best 0.920 |     40 st/s
    done(50): success=44 t_flicker=4 t_touched=2
Ep  4800 | score  210.79 | avg100  190.64 | grasp100  88.0% | best 0.920 |     40 st/s
    done(50): success=44 t_flicker=2 t_touched=4
Ep  4850 | score  210.22 | avg100  198.66 | grasp100  93.0% | best 0.920 |     40 st/s
    done(50): success=49 t_touched=1
Ep  4900 | score  211.52 | avg100  195.99 | grasp100  92.0% | best 0.920 |     40 st/s
    done(50): success=43 t_flicker=2 t_touched=5
Ep  4950 | score  211.17 | avg100  190.11 | grasp100  88.0% | best 0.920 |     40 st/s
    done(50): success=45 t_flicker=2 t_touched=3
Ep  5000 | score  -14.40 | avg100  194.27 | grasp100  90.0% | best 0.920 |     39 st/s
    done(50): success=45 t_flicker=2 t_touched=3
Ep  5050 | score  222.88 | avg100  192.87 | grasp100  90.0% | best 0.920 |     39 st/s
    done(50): success=45 t_flicker=1 t_touched=4
Ep  5100 | score   27.87 | avg100  198.78 | grasp100  93.0% | best 0.920 |     39 st/s
    done(50): success=48 t_flicker=1 t_touched=1
Ep  5150 | score  212.07 | avg100  198.79 | grasp100  93.0% | best 0.920 |     39 st/s
    done(50): success=45 t_flicker=1 t_touched=4
Ep  5200 | score  223.17 | avg100  197.67 | grasp100  92.0% | best 0.920 |     39 st/s
    done(50): success=47 t_flicker=1 t_touched=2
Ep  5250 | score  210.53 | avg100  193.63 | grasp100  90.0% | best 0.920 |     39 st/s
    done(50): success=43 t_flicker=2 t_touched=5
Ep  5300 | score  212.55 | avg100  195.55 | grasp100  91.0% | best 0.920 |     39 st/s
    done(50): success=48 t_flicker=1 t_touched=1
Ep  5322 | * BEST  level200=2.00 grasp200= 93.5% metric=0.935 | score  209.07
Ep  5350 | score  228.04 | avg100  209.10 | grasp100  98.0% | best 0.935 |     39 st/s
    done(50): success=50
  [primacy-bias reset of critic heads @ 100000 updates]
Ep  5400 | score  -11.78 | avg100  122.77 | grasp100  60.0% | best 0.935 |     39 st/s
    done(50): success=10 t_flicker=2 t_touched=7 t_no_reach=31
Ep  5450 | score  -26.57 | avg100    7.12 | grasp100  10.0% | best 0.935 |     39 st/s
    done(50): t_flicker=1 t_touched=3 t_no_reach=46
Ep  5500 | score   37.76 | avg100  -12.36 | grasp100   2.0% | best 0.935 |     39 st/s
    done(50): success=2 t_flicker=3 t_touched=6 t_no_reach=39
Ep  5550 | score  208.01 | avg100   45.01 | grasp100  21.0% | best 0.935 |     39 st/s
    done(50): success=19 t_flicker=13 t_touched=16 t_no_reach=2
Ep  5600 | score  210.07 | avg100  123.85 | grasp100  54.0% | best 0.935 |     39 st/s
    done(50): success=35 t_flicker=5 t_touched=6 t_no_reach=4
Ep  5650 | score  -13.84 | avg100  165.01 | grasp100  76.0% | best 0.935 |     39 st/s
    done(50): success=41 t_flicker=4 t_touched=5
Ep  5700 | score  209.11 | avg100  189.17 | grasp100  88.0% | best 0.935 |     39 st/s
    done(50): success=47 t_flicker=1 t_touched=2
Ep  5750 | score  211.05 | avg100  202.33 | grasp100  95.0% | best 0.935 |     38 st/s
    done(50): success=48 t_flicker=1 t_touched=1
Ep  5800 | score  209.43 | avg100  205.95 | grasp100  97.0% | best 0.935 |     38 st/s
    done(50): success=49 t_flicker=1
Ep  5837 | * BEST  level200=2.00 grasp200= 95.0% metric=0.950 | score  208.99
Ep  5850 | score  213.01 | avg100  205.60 | grasp100  97.0% | best 0.950 |     38 st/s
    done(50): success=48 t_touched=2
Ep  5855 | * BEST  level200=2.00 grasp200= 96.5% metric=0.965 | score  209.82
Ep  5900 | score  212.34 | avg100  206.66 | grasp100  98.0% | best 0.965 |     38 st/s
    done(50): success=50
Ep  5950 | score   13.49 | avg100  205.24 | grasp100  97.0% | best 0.965 |     38 st/s
    done(50): success=47 t_flicker=2 t_touched=1
Ep  6000 | score  211.44 | avg100  199.85 | grasp100  94.0% | best 0.965 |     38 st/s
    done(50): success=47 t_flicker=1 t_touched=2
Ep  6050 | score  210.95 | avg100  198.31 | grasp100  93.0% | best 0.965 |     38 st/s
    done(50): success=46 t_flicker=3 t_touched=1
Ep  6100 | score  210.33 | avg100  203.10 | grasp100  95.0% | best 0.965 |     38 st/s
    done(50): success=49 t_flicker=1
Ep  6150 | score  210.78 | avg100  200.49 | grasp100  94.0% | best 0.965 |     38 st/s
    done(50): success=45 t_flicker=1 t_touched=4
Ep  6200 | score  207.50 | avg100  199.76 | grasp100  94.0% | best 0.965 |     38 st/s
    done(50): success=49 t_flicker=1
Ep  6250 | score  209.49 | avg100  200.53 | grasp100  94.0% | best 0.965 |     38 st/s
    done(50): success=45 t_flicker=4 t_touched=1
Ep  6300 | score  210.75 | avg100  199.87 | grasp100  94.0% | best 0.965 |     38 st/s
    done(50): success=49 t_touched=1
Ep  6350 | score  208.86 | avg100  204.62 | grasp100  97.0% | best 0.965 |     37 st/s
    done(50): success=48 t_flicker=1 t_touched=1
Ep  6400 | score  211.54 | avg100  201.51 | grasp100  95.0% | best 0.965 |     37 st/s
    done(50): success=47 t_flicker=2 t_touched=1
Ep  6450 | score  208.45 | avg100  203.29 | grasp100  96.0% | best 0.965 |     37 st/s
    done(50): success=49 t_touched=1
Ep  6500 | score  209.06 | avg100  207.00 | grasp100  98.0% | best 0.965 |     37 st/s
    done(50): success=49 t_flicker=1
Ep  6550 | score   23.14 | avg100  204.01 | grasp100  96.0% | best 0.965 |     37 st/s
    done(50): success=47 t_flicker=3
Ep  6600 | score  210.92 | avg100  202.37 | grasp100  95.0% | best 0.965 |     37 st/s
    done(50): success=48 t_touched=2
Ep  6650 | score  210.29 | avg100  205.69 | grasp100  97.0% | best 0.965 |     37 st/s
    done(50): success=49 t_touched=1
Ep  6700 | score  211.33 | avg100  204.56 | grasp100  96.0% | best 0.965 |     37 st/s
    done(50): success=47 t_flicker=1 t_touched=2
Ep  6750 | score  212.05 | avg100  204.42 | grasp100  96.0% | best 0.965 |     37 st/s
    done(50): success=49 t_touched=1
Ep  6800 | score  211.22 | avg100  204.92 | grasp100  96.0% | best 0.965 |     37 st/s
    done(50): success=47 t_flicker=2 t_touched=1
Ep  6850 | score  212.80 | avg100  199.38 | grasp100  93.0% | best 0.965 |     37 st/s
    done(50): success=46 t_flicker=1 t_touched=3
Ep  6900 | score  212.21 | avg100  194.75 | grasp100  91.0% | best 0.965 |     37 st/s
    done(50): success=45 t_flicker=2 t_touched=2 t_no_reach=1
Ep  6950 | score   59.53 | avg100  195.14 | grasp100  91.0% | best 0.965 |     37 st/s
    done(50): success=46 t_flicker=2 t_touched=2
Ep  7000 | score  208.46 | avg100  197.48 | grasp100  92.0% | best 0.965 |     37 st/s
    done(50): success=46 t_flicker=3 t_touched=1
Ep  7050 | score  208.85 | avg100  203.44 | grasp100  95.0% | best 0.965 |     37 st/s
    done(50): success=49 t_touched=1
Ep  7100 | score  211.62 | avg100  204.87 | grasp100  96.0% | best 0.965 |     36 st/s
    done(50): success=47 t_flicker=1 t_touched=2
Ep  7150 | score  208.79 | avg100  196.68 | grasp100  92.0% | best 0.965 |     36 st/s
    done(50): success=45 t_flicker=1 t_touched=4
Ep  7200 | score  211.13 | avg100  200.06 | grasp100  94.0% | best 0.965 |     36 st/s
    done(50): success=49 t_touched=1
Ep  7250 | score  209.24 | avg100  206.41 | grasp100  97.0% | best 0.965 |     36 st/s
    done(50): success=48 t_touched=2
  [primacy-bias reset of critic heads @ 125000 updates]
Ep  7300 | score   18.85 | avg100  158.07 | grasp100  73.0% | best 0.965 |     36 st/s
    done(50): success=25 t_flicker=8 t_touched=13 t_no_reach=4
Ep  7350 | score  -27.24 | avg100   86.61 | grasp100  40.0% | best 0.965 |     36 st/s
    done(50): success=15 t_flicker=2 t_touched=20 t_no_reach=13
Ep  7400 | score  -23.42 | avg100   39.37 | grasp100  21.0% | best 0.965 |     36 st/s
    done(50): success=6 t_flicker=3 t_touched=14 t_no_reach=27
Ep  7450 | score  203.97 | avg100   66.29 | grasp100  33.0% | best 0.965 |     36 st/s
    done(50): success=27 t_flicker=6 t_touched=13 t_no_reach=4
Ep  7500 | score  210.98 | avg100  134.80 | grasp100  62.0% | best 0.965 |     36 st/s
    done(50): success=35 t_flicker=5 t_touched=10
Ep  7550 | score  210.20 | avg100  164.52 | grasp100  76.0% | best 0.965 |     36 st/s
    done(50): success=41 t_flicker=1 t_touched=8
Ep  7600 | score  208.58 | avg100  184.62 | grasp100  87.0% | best 0.965 |     36 st/s
    done(50): success=46 t_flicker=1 t_touched=3
Ep  7650 | score  206.35 | avg100  190.47 | grasp100  90.0% | best 0.965 |     36 st/s
    done(50): success=44 t_flicker=2 t_touched=4
Ep  7700 | score  207.56 | avg100  198.21 | grasp100  94.0% | best 0.965 |     36 st/s
    done(50): success=50
Ep  7750 | score  211.60 | avg100  204.44 | grasp100  97.0% | best 0.965 |     36 st/s
    done(50): success=47 t_flicker=1 t_touched=2
Ep  7800 | score  208.76 | avg100  198.42 | grasp100  94.0% | best 0.965 |     36 st/s
    done(50): success=47 t_flicker=2 t_touched=1
Ep  7850 | score  207.46 | avg100  197.26 | grasp100  94.0% | best 0.965 |     36 st/s
    done(50): success=47 t_flicker=1 t_touched=2
Ep  7900 | score  207.49 | avg100  199.41 | grasp100  95.0% | best 0.965 |     36 st/s
    done(50): success=48 t_flicker=2
Ep  7950 | score  209.83 | avg100  205.71 | grasp100  97.0% | best 0.965 |     36 st/s
    done(50): success=49 t_flicker=1
Ep  8000 | score  207.84 | avg100  208.17 | grasp100  98.0% | best 0.965 |     36 st/s
    done(50): success=49 t_flicker=1
Ep  8043 | * BEST  level200=2.00 grasp200= 98.0% metric=0.980 | score  208.55
Ep  8050 | score  208.89 | avg100  208.31 | grasp100  99.0% | best 0.980 |     36 st/s
    done(50): success=50
Ep  8100 | score  207.06 | avg100  208.04 | grasp100  99.0% | best 0.980 |     36 st/s
    done(50): success=49 t_flicker=1
Ep  8150 | score  210.82 | avg100  206.48 | grasp100  98.0% | best 0.980 |     36 st/s
    done(50): success=49 t_flicker=1
Ep  8200 | score  210.10 | avg100  200.76 | grasp100  95.0% | best 0.980 |     36 st/s
    done(50): success=46 t_flicker=3 t_touched=1
Ep  8250 | score  211.00 | avg100  203.31 | grasp100  96.0% | best 0.980 |     35 st/s
    done(50): success=50
Ep  8300 | score  211.08 | avg100  211.18 | grasp100  99.0% | best 0.980 |     35 st/s
    done(50): success=49 t_flicker=1
Ep  8350 | score  208.48 | avg100  211.02 | grasp100  99.0% | best 0.980 |     35 st/s
    done(50): success=50
Ep  8400 | score  208.41 | avg100  208.12 | grasp100  98.0% | best 0.980 |     35 st/s
    done(50): success=48 t_flicker=1 t_touched=1
Ep  8450 | score  209.83 | avg100  208.48 | grasp100  98.0% | best 0.980 |     35 st/s
    done(50): success=50
Ep  8500 | score  207.47 | avg100  210.34 | grasp100  99.0% | best 0.980 |     35 st/s
    done(50): success=49 t_flicker=1
Ep  8550 | score  212.29 | avg100  210.06 | grasp100  99.0% | best 0.980 |     35 st/s
    done(50): success=50
Ep  8600 | score  211.48 | avg100  208.14 | grasp100  98.0% | best 0.980 |     35 st/s
    done(50): success=48 t_flicker=1 t_touched=1
Ep  8650 | score  272.13 | avg100  207.57 | grasp100  97.0% | best 0.980 |     35 st/s
    done(50): success=49 t_flicker=1
Ep  8700 | score  208.78 | avg100  205.57 | grasp100  96.0% | best 0.980 |     35 st/s
    done(50): success=47 t_flicker=2 t_touched=1
Ep  8750 | score  210.45 | avg100  203.33 | grasp100  96.0% | best 0.980 |     35 st/s
    done(50): success=49 t_touched=1
Ep  8800 | score  207.91 | avg100  206.88 | grasp100  98.0% | best 0.980 |     35 st/s
    done(50): success=49 t_touched=1
Ep  8850 | score  207.81 | avg100  205.10 | grasp100  97.0% | best 0.980 |     35 st/s
    done(50): success=48 t_flicker=1 t_touched=1
Ep  8900 | score  209.46 | avg100  202.31 | grasp100  96.0% | best 0.980 |     35 st/s
    done(50): success=48 t_flicker=1 t_touched=1
Ep  8950 | score  211.85 | avg100  204.89 | grasp100  97.0% | best 0.980 |     35 st/s
    done(50): success=49 t_flicker=1
Ep  9000 | score  207.79 | avg100  208.12 | grasp100  98.0% | best 0.980 |     35 st/s
    done(50): success=49 t_flicker=1
Ep  9050 | score  206.91 | avg100  210.08 | grasp100  99.0% | best 0.980 |     35 st/s
    done(50): success=50
Ep  9100 | score  205.98 | avg100  208.32 | grasp100  98.0% | best 0.980 |     35 st/s
    done(50): success=48 t_flicker=1 t_touched=1
Ep  9150 | score  206.71 | avg100  206.20 | grasp100  97.0% | best 0.980 |     35 st/s
    done(50): success=49 t_touched=1
Ep  9200 | score  210.38 | avg100  209.14 | grasp100  99.0% | best 0.980 |     35 st/s
    done(50): success=50
Ep  9250 | score  207.41 | avg100  207.86 | grasp100  98.0% | best 0.980 |     35 st/s
    done(50): success=48 t_flicker=2
  [primacy-bias reset of critic heads @ 150000 updates]
Ep  9300 | score  205.40 | avg100  184.36 | grasp100  87.0% | best 0.980 |     35 st/s
    done(50): success=39 t_flicker=1 t_touched=5 t_no_reach=5
Ep  9350 | score  -17.04 | avg100   97.98 | grasp100  50.0% | best 0.980 |     35 st/s
    done(50): success=11 t_flicker=1 t_touched=18 t_no_reach=20
Ep  9400 | score  210.35 | avg100   25.44 | grasp100  19.0% | best 0.980 |     35 st/s
    done(50): success=8 t_flicker=3 t_touched=12 t_no_reach=27
Ep  9450 | score  209.76 | avg100   64.14 | grasp100  32.0% | best 0.980 |     35 st/s
    done(50): success=24 t_flicker=9 t_touched=16 t_no_reach=1
Ep  9500 | score  209.93 | avg100  140.28 | grasp100  63.0% | best 0.980 |     35 st/s
    done(50): success=39 t_flicker=6 t_touched=5
Ep  9550 | score  210.28 | avg100  179.48 | grasp100  83.0% | best 0.980 |     35 st/s
    done(50): success=44 t_flicker=4 t_touched=2
Ep  9600 | score  206.71 | avg100  196.18 | grasp100  92.0% | best 0.980 |     35 st/s
    done(50): success=48 t_flicker=2
Ep  9650 | score  208.33 | avg100  206.83 | grasp100  98.0% | best 0.980 |     34 st/s
    done(50): success=50
Ep  9700 | score  208.39 | avg100  209.53 | grasp100 100.0% | best 0.980 |     34 st/s
    done(50): success=50
Ep  9750 | score  206.62 | avg100  205.88 | grasp100  98.0% | best 0.980 |     34 st/s
    done(50): success=48 t_touched=2
Ep  9800 | score  213.27 | avg100  201.15 | grasp100  96.0% | best 0.980 |     34 st/s
    done(50): success=48 t_touched=1 t_no_reach=1
Ep  9850 | score  208.46 | avg100  199.44 | grasp100  95.0% | best 0.980 |     34 st/s
    done(50): success=47 t_flicker=2 t_touched=1
Ep  9900 | score  211.32 | avg100  201.93 | grasp100  96.0% | best 0.980 |     34 st/s
    done(50): success=49 t_touched=1
Ep  9950 | score  208.57 | avg100  204.05 | grasp100  97.0% | best 0.980 |     34 st/s
    done(50): success=48 t_flicker=1 t_touched=1
Ep 10000 | score  207.34 | avg100  204.43 | grasp100  97.0% | best 0.980 |     34 st/s
    done(50): success=49 t_flicker=1
Ep 10050 | score  208.88 | avg100  206.11 | grasp100  98.0% | best 0.980 |     34 st/s
    done(50): success=49 t_flicker=1
Ep 10100 | score  210.24 | avg100  208.46 | grasp100  99.0% | best 0.980 |     34 st/s
    done(50): success=50
Ep 10150 | score  208.95 | avg100  210.60 | grasp100 100.0% | best 0.980 |     34 st/s
    done(50): success=50
Ep 10157 | * BEST  level200=2.00 grasp200= 99.5% metric=0.995 | score  208.39
Ep 10200 | score  209.14 | avg100  206.05 | grasp100  98.0% | best 0.995 |     34 st/s
    done(50): success=48 t_flicker=1 t_touched=1
Ep 10250 | score  211.56 | avg100  206.23 | grasp100  98.0% | best 0.995 |     34 st/s
    done(50): success=50
Ep 10300 | score  208.94 | avg100  210.25 | grasp100 100.0% | best 0.995 |     34 st/s
    done(50): success=50
Ep 10350 | score  208.65 | avg100  210.70 | grasp100 100.0% | best 0.995 |     34 st/s
    done(50): success=50
Ep 10400 | score  212.79 | avg100  210.82 | grasp100 100.0% | best 0.995 |     34 st/s
    done(50): success=50
Ep 10450 | score  211.50 | avg100  206.97 | grasp100  98.0% | best 0.995 |     34 st/s
    done(50): success=48 t_touched=2
Ep 10500 | score  208.05 | avg100  207.56 | grasp100  98.0% | best 0.995 |     34 st/s
    done(50): success=50
Ep 10550 | score  209.45 | avg100  211.22 | grasp100 100.0% | best 0.995 |     34 st/s
    done(50): success=50
Ep 10600 | score  208.45 | avg100  210.46 | grasp100  99.0% | best 0.995 |     34 st/s
    done(50): success=49 t_flicker=1
Ep 10650 | score  210.60 | avg100  208.33 | grasp100  98.0% | best 0.995 |     34 st/s
    done(50): success=49 t_touched=1
Ep 10700 | score  228.02 | avg100  206.53 | grasp100  98.0% | best 0.995 |     34 st/s
    done(50): success=49 t_flicker=1
Ep 10750 | score  208.76 | avg100  208.27 | grasp100  99.0% | best 0.995 |     34 st/s
    done(50): success=50
Ep 10800 | score  210.74 | avg100  210.55 | grasp100 100.0% | best 0.995 |     34 st/s
    done(50): success=50
Ep 10850 | score  211.01 | avg100  211.37 | grasp100 100.0% | best 0.995 |     34 st/s
    done(50): success=50
Ep 10900 | score   60.79 | avg100  206.58 | grasp100  97.0% | best 0.995 |     34 st/s
    done(50): success=47 t_flicker=3
Ep 10950 | score  207.69 | avg100  205.73 | grasp100  97.0% | best 0.995 |     34 st/s
    done(50): success=50
Ep 11000 | score  210.10 | avg100  208.83 | grasp100  99.0% | best 0.995 |     34 st/s
    done(50): success=49 t_flicker=1
Ep 11050 | score  209.84 | avg100  208.63 | grasp100  99.0% | best 0.995 |     34 st/s
    done(50): success=50
Ep 11100 | score  208.06 | avg100  210.45 | grasp100 100.0% | best 0.995 |     34 st/s
    done(50): success=50
Ep 11150 | score  209.26 | avg100  207.80 | grasp100  98.0% | best 0.995 |     33 st/s
    done(50): success=48 t_flicker=2
Ep 11200 | score  211.77 | avg100  208.44 | grasp100  98.0% | best 0.995 |     33 st/s
    done(50): success=50
Ep 11250 | score  211.41 | avg100  208.45 | grasp100  98.0% | best 0.995 |     33 st/s
    done(50): success=48 t_flicker=2
Ep 11300 | score  210.48 | avg100  205.10 | grasp100  96.0% | best 0.995 |     33 st/s
    done(50): success=48 t_flicker=2
Ep 11350 | score  206.11 | avg100  207.48 | grasp100  97.0% | best 0.995 |     33 st/s
    done(50): success=49 t_flicker=1
  [primacy-bias reset of critic heads @ 175000 updates]
Ep 11400 | score  208.68 | avg100  210.30 | grasp100  99.0% | best 0.995 |     33 st/s
    done(50): success=50
Ep 11450 | score  -16.03 | avg100  134.81 | grasp100  67.0% | best 0.995 |     33 st/s
    done(50): success=17 t_flicker=2 t_touched=6 t_no_reach=25
Ep 11500 | score   -8.48 | avg100   23.73 | grasp100  19.0% | best 0.995 |     33 st/s
    done(50): success=2 t_flicker=1 t_touched=3 t_no_reach=44
Ep 11550 | score  -11.47 | avg100   18.39 | grasp100  15.0% | best 0.995 |     33 st/s
    done(50): success=13 t_flicker=4 t_touched=7 t_no_reach=26
Ep 11600 | score  209.95 | avg100  103.05 | grasp100  49.0% | best 0.995 |     33 st/s
    done(50): success=36 t_flicker=8 t_touched=6
Ep 11650 | score  213.31 | avg100  177.63 | grasp100  83.0% | best 0.995 |     33 st/s
    done(50): success=47 t_touched=3
Ep 11700 | score  207.93 | avg100  199.93 | grasp100  95.0% | best 0.995 |     33 st/s
    done(50): success=48 t_flicker=1 t_touched=1
Ep 11750 | score  208.82 | avg100  199.53 | grasp100  94.0% | best 0.995 |     33 st/s
    done(50): success=46 t_flicker=3 t_touched=1
Ep 11800 | score  207.93 | avg100  202.63 | grasp100  96.0% | best 0.995 |     33 st/s
    done(50): success=50
Ep 11850 | score  219.95 | avg100  206.83 | grasp100  98.0% | best 0.995 |     33 st/s
    done(50): success=48 t_flicker=2
Ep 11900 | score  211.15 | avg100  206.23 | grasp100  97.0% | best 0.995 |     33 st/s
    done(50): success=49 t_flicker=1
Ep 11950 | score  209.48 | avg100  207.68 | grasp100  98.0% | best 0.995 |     33 st/s
    done(50): success=49 t_flicker=1
Ep 12000 | score  211.92 | avg100  208.99 | grasp100  99.0% | best 0.995 |     33 st/s
    done(50): success=50
Ep 12050 | score  207.02 | avg100  210.56 | grasp100 100.0% | best 0.995 |     33 st/s
    done(50): success=50
Ep 12100 | score  209.40 | avg100  210.81 | grasp100 100.0% | best 0.995 |     33 st/s
    done(50): success=50
Ep 12150 | score  210.82 | avg100  210.13 | grasp100  99.0% | best 0.995 |     33 st/s
    done(50): success=49 t_flicker=1
Ep 12200 | score  208.71 | avg100  210.30 | grasp100  98.0% | best 0.995 |     33 st/s
    done(50): success=49 t_flicker=1
Ep 12250 | score  207.47 | avg100  208.55 | grasp100  97.0% | best 0.995 |     33 st/s
    done(50): success=48 t_flicker=1 t_touched=1
Ep 12300 | score  235.83 | avg100  208.44 | grasp100  98.0% | best 0.995 |     33 st/s
    done(50): success=50
Ep 12350 | score  209.48 | avg100  208.22 | grasp100  98.0% | best 0.995 |     33 st/s
    done(50): success=48 t_flicker=2
Ep 12400 | score  211.18 | avg100  208.28 | grasp100  98.0% | best 0.995 |     33 st/s
    done(50): success=50
Ep 12450 | score  227.88 | avg100  211.33 | grasp100  99.0% | best 0.995 |     33 st/s
    done(50): success=49 t_flicker=1
Ep 12500 | score  232.73 | avg100  209.62 | grasp100  98.0% | best 0.995 |     33 st/s
    done(50): success=49 t_touched=1
Ep 12550 | score  209.85 | avg100  203.70 | grasp100  94.0% | best 0.995 |     33 st/s
    done(50): success=45 t_flicker=3 t_touched=2
Ep 12600 | score  210.06 | avg100  207.28 | grasp100  95.0% | best 0.995 |     33 st/s
    done(50): success=50
Ep 12650 | score  208.60 | avg100  211.24 | grasp100  99.0% | best 0.995 |     33 st/s
    done(50): success=49 t_flicker=1
Ep 12700 | score  219.98 | avg100  210.00 | grasp100  98.0% | best 0.995 |     33 st/s
    done(50): success=49 t_flicker=1
Ep 12750 | score  209.70 | avg100  212.00 | grasp100  99.0% | best 0.995 |     33 st/s
    done(50): success=50
Ep 12800 | score  208.89 | avg100  209.34 | grasp100  98.0% | best 0.995 |     33 st/s
    done(50): success=48 t_flicker=2
Ep 12850 | score  210.59 | avg100  210.25 | grasp100  98.0% | best 0.995 |     33 st/s
    done(50): success=50
Ep 12900 | score  239.22 | avg100  210.90 | grasp100  99.0% | best 0.995 |     33 st/s
    done(50): success=49 t_flicker=1
Ep 12950 | score  208.12 | avg100  207.82 | grasp100  97.0% | best 0.995 |     33 st/s
    done(50): success=48 t_flicker=2
Ep 13000 | score  210.49 | avg100  206.59 | grasp100  96.0% | best 0.995 |     33 st/s
    done(50): success=48 t_flicker=2
Ep 13050 | score  212.01 | avg100  207.47 | grasp100  97.0% | best 0.995 |     33 st/s
    done(50): success=49 t_flicker=1
Ep 13100 | score  208.75 | avg100  211.16 | grasp100  98.0% | best 0.995 |     33 st/s
    done(50): success=49 t_flicker=1
Ep 13150 | score  208.75 | avg100  214.00 | grasp100  99.0% | best 0.995 |     33 st/s
    done(50): success=50
Ep 13200 | score  239.53 | avg100  209.52 | grasp100  97.0% | best 0.995 |     33 st/s
    done(50): success=47 t_flicker=3
Ep 13250 | score  209.24 | avg100  208.71 | grasp100  97.0% | best 0.995 |     33 st/s
    done(50): success=50
Ep 13300 | score  207.91 | avg100  212.60 | grasp100 100.0% | best 0.995 |     33 st/s
    done(50): success=50
Ep 13350 | score  210.70 | avg100  210.38 | grasp100  99.0% | best 0.995 |     33 st/s
    done(50): success=49 t_flicker=1
Ep 13400 | score  208.96 | avg100  210.64 | grasp100  99.0% | best 0.995 |     33 st/s
    done(50): success=50
Ep 13450 | score  207.52 | avg100  209.17 | grasp100  98.0% | best 0.995 |     33 st/s
    done(50): success=48 t_flicker=2
Ep 13500 | score  210.19 | avg100  207.32 | grasp100  97.0% | best 0.995 |     33 st/s
    done(50): success=49 t_flicker=1
Ep 13550 | score  209.94 | avg100  211.04 | grasp100  99.0% | best 0.995 |     32 st/s
    done(50): success=50
  [primacy-bias reset of critic heads @ 200000 updates]
Ep 13600 | score  -25.81 | avg100  136.64 | grasp100  67.0% | best 0.995 |     32 st/s
    done(50): success=17 t_flicker=2 t_touched=7 t_no_reach=24
Ep 13650 | score  -15.63 | avg100   39.47 | grasp100  25.0% | best 0.995 |     33 st/s
    done(50): success=8 t_flicker=2 t_touched=11 t_no_reach=29
Ep 13700 | score  206.14 | avg100   82.17 | grasp100  42.0% | best 0.995 |     33 st/s
    done(50): success=34 t_flicker=5 t_touched=5 t_no_reach=6
Ep 13750 | score  205.90 | avg100  158.71 | grasp100  74.0% | best 0.995 |     33 st/s
    done(50): success=40 t_flicker=6 t_touched=4
Ep 13800 | score  207.33 | avg100  181.62 | grasp100  85.0% | best 0.995 |     33 st/s
    done(50): success=45 t_flicker=3 t_touched=2
Ep 13850 | score  207.78 | avg100  196.42 | grasp100  93.0% | best 0.995 |     32 st/s
    done(50): success=48 t_flicker=1 t_touched=1
Ep 13900 | score  207.79 | avg100  200.05 | grasp100  95.0% | best 0.995 |     32 st/s
    done(50): success=47 t_flicker=3
Ep 13950 | score  208.58 | avg100  204.07 | grasp100  97.0% | best 0.995 |     32 st/s
    done(50): success=50
Ep 14000 | score  208.53 | avg100  205.86 | grasp100  98.0% | best 0.995 |     32 st/s
    done(50): success=48 t_flicker=2
Ep 14050 | score  207.38 | avg100  204.40 | grasp100  97.0% | best 0.995 |     32 st/s
    done(50): success=49 t_flicker=1
Ep 14100 | score  206.12 | avg100  207.53 | grasp100  99.0% | best 0.995 |     32 st/s
    done(50): success=50
Ep 14150 | score  208.18 | avg100  208.59 | grasp100 100.0% | best 0.995 |     32 st/s
    done(50): success=50
Ep 14200 | score  208.41 | avg100  208.91 | grasp100 100.0% | best 0.995 |     32 st/s
    done(50): success=50
Ep 14250 | score  209.91 | avg100  207.86 | grasp100  99.0% | best 0.995 |     32 st/s
    done(50): success=49 t_flicker=1
Ep 14300 | score  207.90 | avg100  208.01 | grasp100  99.0% | best 0.995 |     32 st/s
    done(50): success=50
Ep 14350 | score  209.22 | avg100  212.10 | grasp100 100.0% | best 0.995 |     32 st/s
    done(50): success=50
Ep 14400 | score  206.67 | avg100  211.29 | grasp100  99.0% | best 0.995 |     32 st/s
    done(50): success=49 t_flicker=1
Ep 14450 | score  208.96 | avg100  207.83 | grasp100  97.0% | best 0.995 |     32 st/s
    done(50): success=48 t_flicker=2
Ep 14500 | score  209.81 | avg100  209.29 | grasp100  97.0% | best 0.995 |     32 st/s
    done(50): success=49 t_touched=1
Ep 14550 | score  231.99 | avg100  212.11 | grasp100  98.0% | best 0.995 |     32 st/s
    done(50): success=49 t_flicker=1
Ep 14600 | score  225.54 | avg100  206.66 | grasp100  94.0% | best 0.995 |     32 st/s
    done(50): success=45 t_flicker=4 t_touched=1
Ep 14650 | score  207.08 | avg100  208.28 | grasp100  95.0% | best 0.995 |     32 st/s
    done(50): success=50
Ep 14700 | score  247.29 | avg100  213.04 | grasp100  96.0% | best 0.995 |     32 st/s
    done(50): success=46 t_flicker=4
Ep 14750 | score  246.59 | avg100  209.79 | grasp100  93.0% | best 0.995 |     32 st/s
    done(50): success=47 t_flicker=2 t_touched=1
Ep 14800 | score  226.11 | avg100  207.16 | grasp100  93.0% | best 0.995 |     32 st/s
    done(50): success=46 t_flicker=3 t_touched=1
Ep 14850 | score  242.33 | avg100  203.85 | grasp100  92.0% | best 0.995 |     32 st/s
    done(50): success=46 t_flicker=4
Ep 14900 | score  208.80 | avg100  200.44 | grasp100  91.0% | best 0.995 |     32 st/s
    done(50): success=45 t_flicker=5
Ep 14950 | score  207.57 | avg100  201.24 | grasp100  91.0% | best 0.995 |     32 st/s
    done(50): success=46 t_flicker=4
Ep 15000 | score  221.11 | avg100  205.63 | grasp100  93.0% | best 0.995 |     32 st/s
    done(50): success=47 t_flicker=2 t_touched=1
Ep 15050 | score  207.81 | avg100  199.92 | grasp100  90.0% | best 0.995 |     32 st/s
    done(50): success=43 t_flicker=7
Ep 15100 | score  228.27 | avg100  197.21 | grasp100  88.0% | best 0.995 |     32 st/s
    done(50): success=45 t_flicker=5
Ep 15150 | score  235.33 | avg100  206.52 | grasp100  93.0% | best 0.995 |     32 st/s
    done(50): success=48 t_flicker=2
Ep 15200 | score  209.53 | avg100  209.10 | grasp100  95.0% | best 0.995 |     32 st/s
    done(50): success=47 t_flicker=3
Ep 15250 | score  204.93 | avg100  207.61 | grasp100  95.0% | best 0.995 |     32 st/s
    done(50): success=48 t_flicker=2
Ep 15300 | score   57.10 | avg100  206.50 | grasp100  94.0% | best 0.995 |     32 st/s
    done(50): success=46 t_flicker=4
Ep 15350 | score  207.00 | avg100  204.58 | grasp100  93.0% | best 0.995 |     32 st/s
    done(50): success=47 t_flicker=3
Ep 15400 | score  205.60 | avg100  208.74 | grasp100  96.0% | best 0.995 |     32 st/s
    done(50): success=49 t_flicker=1
Ep 15450 | score  207.63 | avg100  208.85 | grasp100  97.0% | best 0.995 |     32 st/s
    done(50): success=48 t_flicker=2
Ep 15500 | score  209.47 | avg100  208.04 | grasp100  97.0% | best 0.995 |     32 st/s
    done(50): success=49 t_flicker=1
Ep 15550 | score  206.23 | avg100  209.65 | grasp100  98.0% | best 0.995 |     32 st/s
    done(50): success=49 t_flicker=1
Ep 15600 | score  246.52 | avg100  206.21 | grasp100  96.0% | best 0.995 |     32 st/s
    done(50): success=47 t_flicker=3
Ep 15650 | score  208.54 | avg100  204.08 | grasp100  95.0% | best 0.995 |     32 st/s
    done(50): success=48 t_flicker=1 t_touched=1
Ep 15700 | score  207.23 | avg100  204.08 | grasp100  95.0% | best 0.995 |     32 st/s
    done(50): success=47 t_flicker=3
Ep 15750 | score  208.27 | avg100  202.78 | grasp100  94.0% | best 0.995 |     32 st/s
    done(50): success=47 t_flicker=3
  [primacy-bias reset of critic heads @ 225000 updates]
Ep 15800 | score  -27.72 | avg100  168.59 | grasp100  81.0% | best 0.995 |     32 st/s
    done(50): success=34 t_touched=3 t_no_reach=13
Ep 15850 | score  -27.85 | avg100   63.72 | grasp100  37.0% | best 0.995 |     32 st/s
    done(50): success=3 t_flicker=1 t_touched=7 t_no_reach=39
Ep 15900 | score  -27.14 | avg100  -16.18 | grasp100   3.0% | best 0.995 |     32 st/s
    done(50): t_touched=4 t_no_reach=46
Ep 15950 | score   67.52 | avg100   58.00 | grasp100  33.0% | best 0.995 |     32 st/s
    done(50): success=33 t_flicker=5 t_touched=6 t_no_reach=6
Ep 16000 | score  209.71 | avg100  158.35 | grasp100  73.0% | best 0.995 |     32 st/s
    done(50): success=40 t_flicker=7 t_touched=3
Ep 16050 | score  208.39 | avg100  189.09 | grasp100  88.0% | best 0.995 |     32 st/s
    done(50): success=48 t_flicker=2
Ep 16100 | score  208.48 | avg100  204.84 | grasp100  98.0% | best 0.995 |     32 st/s
    done(50): success=50
Ep 16150 | score  210.53 | avg100  207.75 | grasp100 100.0% | best 0.995 |     32 st/s
    done(50): success=50
Ep 16200 | score  206.97 | avg100  206.77 | grasp100  99.0% | best 0.995 |     32 st/s
    done(50): success=49 t_flicker=1
Ep 16250 | score  208.88 | avg100  207.06 | grasp100  99.0% | best 0.995 |     32 st/s
    done(50): success=50
Ep 16300 | score  209.50 | avg100  208.54 | grasp100 100.0% | best 0.995 |     32 st/s
    done(50): success=50
Ep 16350 | score  208.75 | avg100  206.85 | grasp100  99.0% | best 0.995 |     32 st/s
    done(50): success=49 t_touched=1
Ep 16400 | score  210.32 | avg100  204.43 | grasp100  97.0% | best 0.995 |     32 st/s
    done(50): success=48 t_flicker=2
Ep 16450 | score  207.54 | avg100  206.20 | grasp100  98.0% | best 0.995 |     32 st/s
    done(50): success=50
Ep 16500 | score  209.81 | avg100  207.50 | grasp100  99.0% | best 0.995 |     32 st/s
    done(50): success=49 t_flicker=1
Ep 16550 | score  206.19 | avg100  207.75 | grasp100  99.0% | best 0.995 |     32 st/s
    done(50): success=50
Ep 16600 | score  208.00 | avg100  208.83 | grasp100 100.0% | best 0.995 |     32 st/s
    done(50): success=50
Ep 16650 | score  205.76 | avg100  208.63 | grasp100 100.0% | best 0.995 |     32 st/s
    done(50): success=50
Ep 16700 | score  208.36 | avg100  208.92 | grasp100 100.0% | best 0.995 |     32 st/s
    done(50): success=50
Ep 16750 | score  206.55 | avg100  208.59 | grasp100  99.0% | best 0.995 |     32 st/s
    done(50): success=49 t_flicker=1
Ep 16800 | score  220.79 | avg100  206.34 | grasp100  97.0% | best 0.995 |     32 st/s
    done(50): success=48 t_flicker=2
Ep 16850 | score  210.24 | avg100  205.13 | grasp100  97.0% | best 0.995 |     32 st/s
    done(50): success=49 t_flicker=1
Ep 16900 | score  210.13 | avg100  208.49 | grasp100  99.0% | best 0.995 |     32 st/s
    done(50): success=50
Ep 16950 | score  209.19 | avg100  208.67 | grasp100  99.0% | best 0.995 |     32 st/s
    done(50): success=49 t_flicker=1
Ep 17000 | score  206.55 | avg100  207.67 | grasp100  99.0% | best 0.995 |     32 st/s
    done(50): success=50
Ep 17050 | score  205.09 | avg100  206.17 | grasp100  98.0% | best 0.995 |     31 st/s
    done(50): success=48 t_flicker=2
Ep 17100 | score  210.54 | avg100  207.73 | grasp100  98.0% | best 0.995 |     31 st/s
    done(50): success=50
Ep 17150 | score  210.03 | avg100  207.33 | grasp100  98.0% | best 0.995 |     31 st/s
    done(50): success=48 t_flicker=2
Ep 17200 | score  205.49 | avg100  205.26 | grasp100  98.0% | best 0.995 |     31 st/s
    done(50): success=50
Ep 17250 | score  210.01 | avg100  209.33 | grasp100 100.0% | best 0.995 |     31 st/s
    done(50): success=50
Ep 17300 | score  210.80 | avg100  209.27 | grasp100  99.0% | best 0.995 |     31 st/s
    done(50): success=49 t_flicker=1
Ep 17350 | score  207.57 | avg100  208.75 | grasp100  99.0% | best 0.995 |     31 st/s
    done(50): success=50
Ep 17400 | score  205.29 | avg100  209.87 | grasp100 100.0% | best 0.995 |     31 st/s
    done(50): success=50
Ep 17450 | score  205.34 | avg100  208.97 | grasp100  99.0% | best 0.995 |     31 st/s
    done(50): success=49 t_flicker=1
Ep 17500 | score  207.18 | avg100  206.50 | grasp100  98.0% | best 0.995 |     31 st/s
    done(50): success=49 t_flicker=1
Ep 17550 | score  209.09 | avg100  206.24 | grasp100  98.0% | best 0.995 |     31 st/s
    done(50): success=49 t_flicker=1
Ep 17600 | score  230.83 | avg100  207.80 | grasp100  98.0% | best 0.995 |     31 st/s
    done(50): success=49 t_flicker=1
Ep 17650 | score  206.42 | avg100  209.37 | grasp100  99.0% | best 0.995 |     31 st/s
    done(50): success=50
Ep 17700 | score  208.26 | avg100  209.28 | grasp100 100.0% | best 0.995 |     31 st/s
    done(50): success=50
Ep 17750 | score  209.64 | avg100  209.92 | grasp100 100.0% | best 0.995 |     31 st/s
    done(50): success=50
Ep 17800 | score  205.83 | avg100  208.80 | grasp100  99.0% | best 0.995 |     31 st/s
    done(50): success=49 t_flicker=1
Ep 17850 | score  208.05 | avg100  208.41 | grasp100  99.0% | best 0.995 |     31 st/s
    done(50): success=50
Ep 17900 | score  209.35 | avg100  211.27 | grasp100 100.0% | best 0.995 |     31 st/s
    done(50): success=50
Ep 17950 | score  208.05 | avg100  211.45 | grasp100 100.0% | best 0.995 |     31 st/s
    done(50): success=50
Ep 18000 | score  204.75 | avg100  208.86 | grasp100  99.0% | best 0.995 |     31 st/s
    done(50): success=49 t_flicker=1
  [primacy-bias reset of critic heads @ 250000 updates]
Ep 18050 | score  -27.78 | avg100  163.85 | grasp100  80.0% | best 0.995 |     31 st/s
    done(50): success=31 t_flicker=1 t_touched=2 t_no_reach=16
Ep 18100 | score  -26.98 | avg100   55.05 | grasp100  33.0% | best 0.995 |     31 st/s
    done(50): success=2 t_flicker=3 t_touched=12 t_no_reach=33
Ep 18150 | score  -10.72 | avg100   16.60 | grasp100  15.0% | best 0.995 |     31 st/s
    done(50): success=13 t_flicker=3 t_touched=16 t_no_reach=18
Ep 18200 | score  212.09 | avg100  102.51 | grasp100  50.0% | best 0.995 |     31 st/s
    done(50): success=37 t_flicker=6 t_touched=7
