========================================================================
RANDOM-SPAWN GRASP RETRAINING  |  algo=td3_ln  run=td3_ln_can_warm_s5
========================================================================
  Envs                : 5 (subprocess-parallel, fork)
  Spawn level         : 2.0 (1.0 = full position box, 2.0 = + z-rotation)
  Updates/vec-step    : 2 (0.400 per env-step; historical baseline 0.5)
  Buffer              : 2,000,000
  Actor               : 64 -> 32  (5,216 weights)  [critics 512->256]
  Warm start          : checkpoints/td3_grasp_rand_td3_ln_c2m512_s1/best
  Checkpoints         : /home/fahim/Thesis_fahim/pickandplace/checkpoints/td3_grasp_rand_td3_ln_can_warm_s5
========================================================================

Spawning 5 subprocess environments (fork)...
[robosuite WARNING] No private macro file found! (__init__.py:7)
[robosuite WARNING] It is recommended to use a private macro file (__init__.py:8)
[robosuite WARNING] To setup, run: python /home/fahim/Thesis_fahim/venv/lib/python3.12/site-packages/robosuite/scripts/setup_macros.py (__init__.py:9)
[robosuite WARNING] No private macro file found! (__init__.py:7)
[robosuite WARNING] It is recommended to use a private macro file (__init__.py:8)
[robosuite WARNING] To setup, run: python /home/fahim/Thesis_fahim/venv/lib/python3.12/site-packages/robosuite/scripts/setup_macros.py (__init__.py:9)
[robosuite WARNING] No private macro file found! (__init__.py:7)
[robosuite WARNING] It is recommended to use a private macro file (__init__.py:8)
[robosuite WARNING] To setup, run: python /home/fahim/Thesis_fahim/venv/lib/python3.12/site-packages/robosuite/scripts/setup_macros.py (__init__.py:9)
[robosuite WARNING] No private macro file found! (__init__.py:7)
[robosuite WARNING] It is recommended to use a private macro file (__init__.py:8)
[robosuite WARNING] To setup, run: python /home/fahim/Thesis_fahim/venv/lib/python3.12/site-packages/robosuite/scripts/setup_macros.py (__init__.py:9)
[robosuite WARNING] No private macro file found! (__init__.py:7)
[robosuite WARNING] It is recommended to use a private macro file (__init__.py:8)
[robosuite WARNING] To setup, run: python /home/fahim/Thesis_fahim/venv/lib/python3.12/site-packages/robosuite/scripts/setup_macros.py (__init__.py:9)
Gym has been unmaintained since 2022 and does not support NumPy 2.0 amongst other critical functionality.
Please upgrade to Gymnasium, the maintained drop-in replacement of Gym, or contact the authors of your software and request that they upgrade.
See the migration guide at https://gymnasium.farama.org/introduction/migration_guide/ for additional information.
Gym has been unmaintained since 2022 and does not support NumPy 2.0 amongst other critical functionality.
Please upgrade to Gymnasium, the maintained drop-in replacement of Gym, or contact the authors of your software and request that they upgrade.
See the migration guide at https://gymnasium.farama.org/introduction/migration_guide/ for additional information.
Gym has been unmaintained since 2022 and does not support NumPy 2.0 amongst other critical functionality.
Please upgrade to Gymnasium, the maintained drop-in replacement of Gym, or contact the authors of your software and request that they upgrade.
See the migration guide at https://gymnasium.farama.org/introduction/migration_guide/ for additional information.
Gym has been unmaintained since 2022 and does not support NumPy 2.0 amongst other critical functionality.
Please upgrade to Gymnasium, the maintained drop-in replacement of Gym, or contact the authors of your software and request that they upgrade.
See the migration guide at https://gymnasium.farama.org/introduction/migration_guide/ for additional information.
Gym has been unmaintained since 2022 and does not support NumPy 2.0 amongst other critical functionality.
Please upgrade to Gymnasium, the maintained drop-in replacement of Gym, or contact the authors of your software and request that they upgrade.
See the migration guide at https://gymnasium.farama.org/introduction/migration_guide/ for additional information.
/home/fahim/Thesis_fahim/venv/lib/python3.12/site-packages/gym/spaces/box.py:84: UserWarning: [33mWARN: Box bound precision lowered by casting to float32[0m
  logger.warn(f"Box bound precision lowered by casting to {self.dtype}")
/home/fahim/Thesis_fahim/venv/lib/python3.12/site-packages/gym/spaces/box.py:84: UserWarning: [33mWARN: Box bound precision lowered by casting to float32[0m
  logger.warn(f"Box bound precision lowered by casting to {self.dtype}")
/home/fahim/Thesis_fahim/venv/lib/python3.12/site-packages/gym/spaces/box.py:84: UserWarning: [33mWARN: Box bound precision lowered by casting to float32[0m
  logger.warn(f"Box bound precision lowered by casting to {self.dtype}")
/home/fahim/Thesis_fahim/venv/lib/python3.12/site-packages/gym/spaces/box.py:84: UserWarning: [33mWARN: Box bound precision lowered by casting to float32[0m
  logger.warn(f"Box bound precision lowered by casting to {self.dtype}")
/home/fahim/Thesis_fahim/venv/lib/python3.12/site-packages/gym/spaces/box.py:84: UserWarning: [33mWARN: Box bound precision lowered by casting to float32[0m
  logger.warn(f"Box bound precision lowered by casting to {self.dtype}")
Gym has been unmaintained since 2022 and does not support NumPy 2.0 amongst other critical functionality.
Please upgrade to Gymnasium, the maintained drop-in replacement of Gym, or contact the authors of your software and request that they upgrade.
See the migration guide at https://gymnasium.farama.org/introduction/migration_guide/ for additional information.
5 environments ready.

  Actor QAT           : per-tensor INT8 fake-quant, STE grads
  Actor weight clip   : |w| <= 8.0 * std(w) per Linear tensor (bi_s0 baseline fc1 9.96 / fc2 10.82)
Init: warm-started (actor only, critics fresh) (source: /home/fahim/Thesis_fahim/pickandplace/checkpoints/td3_grasp_rand_td3_ln_c2m512_s1/best)
Fresh replay buffer.

Training...

Ep    50 | score   67.19 | avg100  207.23 | grasp100  92.0% | best 0.000 |     45 st/s
    done(50): success=46 t_flicker=3 t_touched=1
Ep   100 | score  237.78 | avg100  206.49 | grasp100  91.0% | best 0.000 |     46 st/s
    done(50): success=45 t_flicker=3 t_touched=2
Ep   150 | score  249.00 | avg100  207.39 | grasp100  91.0% | best 0.000 |     46 st/s
    done(50): success=46 t_flicker=4
Ep   200 | * BEST  level200=2.00 grasp200= 92.5% metric=0.925 | score  222.01
Ep   250 | score  228.79 | avg100  212.30 | grasp100  94.0% | best 0.925 |     48 st/s
    done(50): success=46 t_flicker=2 t_touched=2
Ep   300 | score  212.04 | avg100  202.26 | grasp100  88.0% | best 0.925 |     49 st/s
    done(50): success=42 t_flicker=5 t_touched=3
Ep   350 | score  -27.99 | avg100  127.99 | grasp100  60.0% | best 0.925 |     46 st/s
    done(50): success=18 t_touched=3 t_no_reach=29
Ep   400 | score  -24.93 | avg100   19.09 | grasp100  18.0% | best 0.925 |     44 st/s
    done(50): t_touched=1 t_no_reach=49
Ep   450 | score    1.62 | avg100  -21.76 | grasp100   0.0% | best 0.925 |     43 st/s
    done(50): t_flicker=1 t_touched=6 t_no_reach=43
Ep   500 | score  -22.64 | avg100  -19.91 | grasp100   0.0% | best 0.925 |     42 st/s
    done(50): t_touched=5 t_no_reach=45
Ep   550 | score  -11.92 | avg100  -21.32 | grasp100   0.0% | best 0.925 |     41 st/s
    done(50): t_touched=4 t_no_reach=46
Ep   600 | score  -21.86 | avg100  -17.72 | grasp100   1.0% | best 0.925 |     40 st/s
    done(50): success=1 t_flicker=3 t_touched=5 t_no_reach=41
Ep   650 | score  -14.22 | avg100  -12.23 | grasp100   2.0% | best 0.925 |     40 st/s
    done(50): success=1 t_flicker=2 t_touched=6 t_no_reach=41
Ep   700 | score   -6.89 | avg100  -11.71 | grasp100   1.0% | best 0.925 |     40 st/s
    done(50): t_flicker=2 t_touched=9 t_no_reach=39
Ep   750 | score  -19.39 | avg100  -13.86 | grasp100   0.0% | best 0.925 |     40 st/s
    done(50): t_flicker=1 t_touched=11 t_no_reach=38
Ep   800 | score   -6.13 | avg100  -11.56 | grasp100   1.0% | best 0.925 |     40 st/s
    done(50): success=1 t_flicker=2 t_touched=13 t_no_reach=34
Ep   850 | score  -11.96 | avg100    1.78 | grasp100   5.0% | best 0.925 |     40 st/s
    done(50): success=4 t_flicker=2 t_touched=18 t_no_reach=26
Ep   900 | score  -24.68 | avg100    4.63 | grasp100   6.0% | best 0.925 |     40 st/s
    done(50): success=2 t_flicker=2 t_touched=12 t_no_reach=34
Ep   950 | score  -20.09 | avg100   -4.47 | grasp100   4.0% | best 0.925 |     40 st/s
    done(50): success=2 t_touched=14 t_no_reach=34
Ep  1000 | score  -11.48 | avg100   -2.02 | grasp100   6.0% | best 0.925 |     40 st/s
    done(50): success=4 t_touched=11 t_no_reach=35
Ep  1050 | score   -6.63 | avg100   -7.53 | grasp100   4.0% | best 0.925 |     39 st/s
    done(50): t_touched=4 t_no_reach=46
Ep  1100 | score   -8.45 | avg100  -14.50 | grasp100   1.0% | best 0.925 |     39 st/s
    done(50): success=1 t_flicker=3 t_touched=7 t_no_reach=39
Ep  1150 | score  -11.56 | avg100  -13.81 | grasp100   1.0% | best 0.925 |     39 st/s
    done(50): t_flicker=1 t_touched=5 t_no_reach=44
Ep  1200 | score  -10.02 | avg100  -15.04 | grasp100   1.0% | best 0.925 |     39 st/s
    done(50): success=1 t_touched=8 t_no_reach=41
  [primacy-bias reset of critic heads @ 25000 updates]
Ep  1250 | score  -27.98 | avg100  -17.60 | grasp100   1.0% | best 0.925 |     40 st/s
    done(50): t_flicker=1 t_touched=4 t_no_reach=45
Ep  1300 | score  -28.00 | avg100  -24.76 | grasp100   0.0% | best 0.925 |     40 st/s
    done(50): t_no_reach=50
Ep  1350 | score  -27.99 | avg100  -27.91 | grasp100   0.0% | best 0.925 |     40 st/s
    done(50): t_no_reach=50
Ep  1400 | score  -27.96 | avg100  -27.86 | grasp100   0.0% | best 0.925 |     40 st/s
    done(50): t_no_reach=50
Ep  1450 | score  -27.58 | avg100  -26.74 | grasp100   0.0% | best 0.925 |     40 st/s
    done(50): t_touched=2 t_no_reach=48
Ep  1500 | score  -20.75 | avg100  -20.79 | grasp100   0.0% | best 0.925 |     40 st/s
    done(50): t_flicker=1 t_touched=7 t_no_reach=42
Ep  1550 | score  -18.54 | avg100  -11.32 | grasp100   2.0% | best 0.925 |     40 st/s
    done(50): success=2 t_flicker=1 t_touched=5 t_no_reach=42
Ep  1600 | score   -1.40 | avg100    3.89 | grasp100   7.0% | best 0.925 |     40 st/s
    done(50): success=5 t_flicker=2 t_touched=21 t_no_reach=22
Ep  1650 | score   58.69 | avg100   23.68 | grasp100  13.0% | best 0.925 |     40 st/s
    done(50): success=8 t_flicker=4 t_touched=23 t_no_reach=15
Ep  1700 | score   -5.04 | avg100   38.03 | grasp100  18.0% | best 0.925 |     40 st/s
    done(50): success=10 t_flicker=4 t_touched=20 t_no_reach=16
Ep  1750 | score    2.39 | avg100   50.73 | grasp100  24.0% | best 0.925 |     40 st/s
    done(50): success=14 t_flicker=5 t_touched=21 t_no_reach=10
Ep  1800 | score  207.66 | avg100   82.03 | grasp100  38.0% | best 0.925 |     39 st/s
    done(50): success=24 t_flicker=6 t_touched=15 t_no_reach=5
Ep  1850 | score   23.73 | avg100   91.16 | grasp100  40.0% | best 0.925 |     39 st/s
    done(50): success=16 t_flicker=7 t_touched=26 t_no_reach=1
Ep  1900 | score    8.77 | avg100   75.52 | grasp100  33.0% | best 0.925 |     39 st/s
    done(50): success=17 t_flicker=5 t_touched=25 t_no_reach=3
Ep  1950 | score  -13.84 | avg100   66.91 | grasp100  30.0% | best 0.925 |     39 st/s
    done(50): success=13 t_flicker=5 t_touched=29 t_no_reach=3
Ep  2000 | score    4.42 | avg100   53.09 | grasp100  23.0% | best 0.925 |     39 st/s
    done(50): success=10 t_flicker=11 t_touched=24 t_no_reach=5
Ep  2050 | score    9.71 | avg100   33.37 | grasp100  13.0% | best 0.925 |     39 st/s
    done(50): success=3 t_flicker=12 t_touched=21 t_no_reach=14
Ep  2100 | score   -2.68 | avg100   33.58 | grasp100  12.0% | best 0.925 |     39 st/s
    done(50): success=9 t_flicker=17 t_touched=18 t_no_reach=6
Ep  2150 | score   11.80 | avg100   66.62 | grasp100  27.0% | best 0.925 |     39 st/s
    done(50): success=18 t_flicker=11 t_touched=14 t_no_reach=7
Ep  2200 | score   34.01 | avg100   90.24 | grasp100  40.0% | best 0.925 |     39 st/s
    done(50): success=22 t_flicker=4 t_touched=18 t_no_reach=6
  [primacy-bias reset of critic heads @ 50000 updates]
Ep  2250 | score  -14.35 | avg100   96.83 | grasp100  46.0% | best 0.925 |     39 st/s
    done(50): success=24 t_flicker=4 t_touched=14 t_no_reach=8
Ep  2300 | score    3.35 | avg100   45.97 | grasp100  24.0% | best 0.925 |     39 st/s
    done(50): t_flicker=3 t_touched=14 t_no_reach=33
Ep  2350 | score   -8.66 | avg100   -9.51 | grasp100   1.0% | best 0.925 |     39 st/s
    done(50): success=1 t_flicker=1 t_touched=9 t_no_reach=39
Ep  2400 | score   16.04 | avg100   -5.12 | grasp100   2.0% | best 0.925 |     39 st/s
    done(50): success=1 t_flicker=1 t_touched=20 t_no_reach=28
Ep  2450 | score   45.71 | avg100   11.67 | grasp100   5.0% | best 0.925 |     39 st/s
    done(50): success=4 t_flicker=3 t_touched=33 t_no_reach=10
Ep  2500 | score    7.58 | avg100   23.07 | grasp100   6.0% | best 0.925 |     39 st/s
    done(50): success=2 t_flicker=19 t_touched=24 t_no_reach=5
Ep  2550 | score  207.53 | avg100   77.39 | grasp100  30.0% | best 0.925 |     39 st/s
    done(50): success=28 t_flicker=9 t_touched=11 t_no_reach=2
Ep  2600 | score  205.65 | avg100  140.26 | grasp100  61.0% | best 0.925 |     39 st/s
    done(50): success=33 t_flicker=10 t_touched=7
Ep  2650 | score  208.59 | avg100  151.37 | grasp100  67.0% | best 0.925 |     39 st/s
    done(50): success=34 t_flicker=8 t_touched=8
Ep  2700 | score   13.89 | avg100  156.52 | grasp100  69.0% | best 0.925 |     39 st/s
    done(50): success=35 t_flicker=10 t_touched=5
Ep  2750 | score  208.91 | avg100  157.46 | grasp100  69.0% | best 0.925 |     38 st/s
    done(50): success=34 t_flicker=8 t_touched=8
Ep  2800 | score  210.26 | avg100  163.32 | grasp100  74.0% | best 0.925 |     38 st/s
    done(50): success=40 t_flicker=3 t_touched=7
Ep  2850 | score  209.06 | avg100  174.82 | grasp100  81.0% | best 0.925 |     38 st/s
    done(50): success=41 t_flicker=3 t_touched=6
Ep  2900 | score  212.45 | avg100  171.07 | grasp100  79.0% | best 0.925 |     38 st/s
    done(50): success=38 t_flicker=4 t_touched=8
Ep  2950 | score    6.30 | avg100  167.99 | grasp100  77.0% | best 0.925 |     38 st/s
    done(50): success=39 t_flicker=5 t_touched=6
Ep  3000 | score   12.48 | avg100  158.24 | grasp100  71.0% | best 0.925 |     38 st/s
    done(50): success=32 t_flicker=10 t_touched=8
Ep  3050 | score  208.36 | avg100  162.70 | grasp100  74.0% | best 0.925 |     38 st/s
    done(50): success=42 t_flicker=4 t_touched=4
Ep  3100 | score  209.79 | avg100  176.02 | grasp100  82.0% | best 0.925 |     38 st/s
    done(50): success=40 t_flicker=4 t_touched=6
Ep  3150 | score   17.94 | avg100  177.66 | grasp100  82.0% | best 0.925 |     38 st/s
    done(50): success=42 t_flicker=2 t_touched=6
Ep  3200 | score   19.97 | avg100  178.50 | grasp100  82.0% | best 0.925 |     38 st/s
    done(50): success=40 t_flicker=4 t_touched=6
Ep  3250 | score  212.83 | avg100  173.69 | grasp100  80.0% | best 0.925 |     37 st/s
    done(50): success=40 t_flicker=5 t_touched=5
Ep  3300 | score  208.34 | avg100  178.88 | grasp100  82.0% | best 0.925 |     37 st/s
    done(50): success=42 t_flicker=4 t_touched=4
Ep  3350 | score  210.41 | avg100  186.45 | grasp100  86.0% | best 0.925 |     37 st/s
    done(50): success=44 t_flicker=3 t_touched=3
Ep  3400 | score  222.58 | avg100  186.19 | grasp100  87.0% | best 0.925 |     37 st/s
    done(50): success=43 t_flicker=2 t_touched=5
Ep  3450 | score   21.86 | avg100  176.30 | grasp100  82.0% | best 0.925 |     37 st/s
    done(50): success=39 t_flicker=2 t_touched=9
Ep  3500 | score  212.14 | avg100  161.53 | grasp100  74.0% | best 0.925 |     37 st/s
    done(50): success=35 t_flicker=4 t_touched=11
Ep  3550 | score  208.71 | avg100  152.80 | grasp100  70.0% | best 0.925 |     37 st/s
    done(50): success=35 t_flicker=4 t_touched=9 t_no_reach=2
Ep  3600 | score  220.71 | avg100  128.99 | grasp100  60.0% | best 0.925 |     37 st/s
    done(50): success=25 t_flicker=2 t_touched=21 t_no_reach=2
Ep  3650 | score  210.58 | avg100  129.56 | grasp100  60.0% | best 0.925 |     37 st/s
    done(50): success=35 t_flicker=6 t_touched=8 t_no_reach=1
  [primacy-bias reset of critic heads @ 75000 updates]
Ep  3700 | score  -22.87 | avg100   88.24 | grasp100  44.0% | best 0.925 |     37 st/s
    done(50): success=9 t_flicker=3 t_touched=10 t_no_reach=28
Ep  3750 | score  -23.92 | avg100   -0.33 | grasp100   9.0% | best 0.925 |     37 st/s
    done(50): t_touched=4 t_no_reach=46
Ep  3800 | score   -1.87 | avg100  -10.21 | grasp100   2.0% | best 0.925 |     37 st/s
    done(50): success=2 t_flicker=7 t_touched=12 t_no_reach=29
Ep  3850 | score  211.03 | avg100   35.39 | grasp100  17.0% | best 0.925 |     37 st/s
    done(50): success=15 t_flicker=3 t_touched=22 t_no_reach=10
Ep  3900 | score   35.09 | avg100   96.70 | grasp100  42.0% | best 0.925 |     37 st/s
    done(50): success=27 t_flicker=8 t_touched=15
Ep  3950 | score   38.64 | avg100  156.35 | grasp100  69.0% | best 0.925 |     37 st/s
    done(50): success=42 t_flicker=7 t_touched=1
Ep  4000 | score  216.47 | avg100  184.04 | grasp100  83.0% | best 0.925 |     37 st/s
    done(50): success=41 t_flicker=7 t_touched=2
Ep  4050 | score  210.08 | avg100  196.85 | grasp100  90.0% | best 0.925 |     37 st/s
    done(50): success=49 t_flicker=1
Ep  4100 | score  210.28 | avg100  206.99 | grasp100  96.0% | best 0.925 |     37 st/s
    done(50): success=47 t_flicker=1 t_touched=2
Ep  4150 | score  213.58 | avg100  194.50 | grasp100  90.0% | best 0.925 |     37 st/s
    done(50): success=43 t_flicker=4 t_touched=3
Ep  4200 | score  248.13 | avg100  194.45 | grasp100  90.0% | best 0.925 |     37 st/s
    done(50): success=47 t_flicker=1 t_touched=2
Ep  4250 | score   17.59 | avg100  197.34 | grasp100  92.0% | best 0.925 |     37 st/s
    done(50): success=45 t_flicker=2 t_touched=3
Ep  4300 | score  211.96 | avg100  200.40 | grasp100  93.0% | best 0.925 |     37 st/s
    done(50): success=48 t_flicker=1 t_touched=1
Ep  4350 | score  215.88 | avg100  205.21 | grasp100  94.0% | best 0.925 |     36 st/s
    done(50): success=46 t_flicker=4
Ep  4369 | * BEST  level200=2.00 grasp200= 94.0% metric=0.940 | score  215.02
Ep  4400 | score  225.11 | avg100  194.44 | grasp100  89.0% | best 0.940 |     36 st/s
    done(50): success=43 t_flicker=1 t_touched=6
Ep  4450 | score  217.13 | avg100  199.78 | grasp100  92.0% | best 0.940 |     36 st/s
    done(50): success=49 t_touched=1
Ep  4500 | score  216.83 | avg100  206.86 | grasp100  95.0% | best 0.940 |     36 st/s
    done(50): success=46 t_flicker=3 t_touched=1
Ep  4550 | score  211.03 | avg100  203.32 | grasp100  94.0% | best 0.940 |     36 st/s
    done(50): success=48 t_touched=2
Ep  4600 | score  210.82 | avg100  193.66 | grasp100  90.0% | best 0.940 |     36 st/s
    done(50): success=42 t_flicker=1 t_touched=7
Ep  4650 | score  202.84 | avg100  196.04 | grasp100  91.0% | best 0.940 |     36 st/s
    done(50): success=49 t_flicker=1
Ep  4700 | score  211.67 | avg100  205.81 | grasp100  96.0% | best 0.940 |     36 st/s
    done(50): success=47 t_flicker=1 t_touched=2
Ep  4750 | score  220.57 | avg100  204.48 | grasp100  96.0% | best 0.940 |     36 st/s
    done(50): success=49 t_touched=1
Ep  4776 | * BEST  level200=2.00 grasp200= 95.5% metric=0.955 | score  209.72
Ep  4797 | * BEST  level200=2.00 grasp200= 97.0% metric=0.970 | score  208.46
Ep  4800 | score  212.20 | avg100  208.45 | grasp100  98.0% | best 0.970 |     36 st/s
    done(50): success=49 t_flicker=1
Ep  4850 | score  212.44 | avg100  208.76 | grasp100  98.0% | best 0.970 |     36 st/s
    done(50): success=49 t_touched=1
Ep  4900 | score  210.09 | avg100  204.69 | grasp100  96.0% | best 0.970 |     36 st/s
    done(50): success=47 t_flicker=1 t_touched=2
Ep  4950 | score  208.23 | avg100  195.21 | grasp100  91.0% | best 0.970 |     36 st/s
    done(50): success=44 t_flicker=3 t_touched=3
Ep  5000 | score  208.14 | avg100  198.45 | grasp100  93.0% | best 0.970 |     36 st/s
    done(50): success=49 t_touched=1
Ep  5050 | score  210.37 | avg100  209.84 | grasp100  99.0% | best 0.970 |     35 st/s
    done(50): success=50
Ep  5100 | score  208.92 | avg100  209.60 | grasp100  98.0% | best 0.970 |     35 st/s
    done(50): success=48 t_flicker=2
Ep  5150 | score  227.70 | avg100  201.93 | grasp100  94.0% | best 0.970 |     35 st/s
    done(50): success=46 t_flicker=2 t_touched=2
Ep  5200 | score  212.39 | avg100  202.81 | grasp100  95.0% | best 0.970 |     35 st/s
    done(50): success=49 t_flicker=1
Ep  5250 | score  211.48 | avg100  205.93 | grasp100  97.0% | best 0.970 |     35 st/s
    done(50): success=48 t_touched=2
Ep  5300 | score  208.65 | avg100  201.50 | grasp100  95.0% | best 0.970 |     35 st/s
    done(50): success=47 t_flicker=1 t_touched=2
Ep  5350 | score  209.65 | avg100  204.24 | grasp100  96.0% | best 0.970 |     35 st/s
    done(50): success=49 t_touched=1
Ep  5400 | score  212.52 | avg100  210.73 | grasp100  99.0% | best 0.970 |     35 st/s
    done(50): success=50
  [primacy-bias reset of critic heads @ 100000 updates]
Ep  5450 | score  -27.40 | avg100  166.24 | grasp100  80.0% | best 0.970 |     35 st/s
    done(50): success=30 t_flicker=1 t_touched=2 t_no_reach=17
Ep  5500 | score  -27.90 | avg100   48.22 | grasp100  30.0% | best 0.970 |     35 st/s
    done(50): t_no_reach=50
Ep  5550 | score   -7.75 | avg100  -21.45 | grasp100   0.0% | best 0.970 |     35 st/s
    done(50): t_flicker=2 t_touched=5 t_no_reach=43
Ep  5600 | score   97.14 | avg100   29.22 | grasp100  16.0% | best 0.970 |     35 st/s
    done(50): success=16 t_flicker=9 t_touched=21 t_no_reach=4
Ep  5650 | score  209.00 | avg100  119.12 | grasp100  52.0% | best 0.970 |     35 st/s
    done(50): success=36 t_flicker=6 t_touched=8
Ep  5700 | score  208.10 | avg100  172.47 | grasp100  79.0% | best 0.970 |     35 st/s
    done(50): success=43 t_flicker=3 t_touched=3 t_no_reach=1
Ep  5750 | score   35.08 | avg100  191.06 | grasp100  89.0% | best 0.970 |     35 st/s
    done(50): success=46 t_flicker=4
Ep  5800 | score  210.25 | avg100  196.52 | grasp100  92.0% | best 0.970 |     35 st/s
    done(50): success=46 t_flicker=1 t_touched=3
Ep  5850 | score    2.51 | avg100  193.92 | grasp100  91.0% | best 0.970 |     35 st/s
    done(50): success=45 t_flicker=2 t_touched=3
Ep  5900 | score  211.11 | avg100  197.61 | grasp100  92.0% | best 0.970 |     35 st/s
    done(50): success=47 t_flicker=3
Ep  5950 | score  209.37 | avg100  205.11 | grasp100  96.0% | best 0.970 |     35 st/s
    done(50): success=49 t_touched=1
Ep  6000 | score  208.90 | avg100  208.57 | grasp100  99.0% | best 0.970 |     35 st/s
    done(50): success=50
Ep  6050 | score   64.23 | avg100  204.25 | grasp100  97.0% | best 0.970 |     35 st/s
    done(50): success=47 t_flicker=1 t_touched=2
Ep  6100 | score  209.34 | avg100  203.61 | grasp100  96.0% | best 0.970 |     35 st/s
    done(50): success=49 t_flicker=1
Ep  6150 | score  208.58 | avg100  208.29 | grasp100  98.0% | best 0.970 |     35 st/s
    done(50): success=49 t_flicker=1
Ep  6200 | score  209.20 | avg100  209.67 | grasp100  99.0% | best 0.970 |     35 st/s
    done(50): success=50
Ep  6225 | * BEST  level200=2.00 grasp200= 98.5% metric=0.985 | score  218.81
Ep  6250 | score  207.89 | avg100  210.38 | grasp100 100.0% | best 0.985 |     35 st/s
    done(50): success=50
Ep  6300 | score  210.66 | avg100  206.42 | grasp100  98.0% | best 0.985 |     34 st/s
    done(50): success=48 t_touched=2
Ep  6350 | score  210.33 | avg100  204.09 | grasp100  96.0% | best 0.985 |     34 st/s
    done(50): success=48 t_flicker=1 t_touched=1
Ep  6400 | score  207.30 | avg100  202.27 | grasp100  95.0% | best 0.985 |     34 st/s
    done(50): success=47 t_flicker=1 t_touched=2
Ep  6450 | score  208.92 | avg100  203.69 | grasp100  96.0% | best 0.985 |     34 st/s
    done(50): success=49 t_flicker=1
Ep  6500 | score  209.86 | avg100  204.82 | grasp100  96.0% | best 0.985 |     34 st/s
    done(50): success=47 t_flicker=2 t_touched=1
Ep  6550 | score  209.79 | avg100  206.07 | grasp100  97.0% | best 0.985 |     34 st/s
    done(50): success=50
Ep  6600 | score  209.10 | avg100  205.97 | grasp100  98.0% | best 0.985 |     34 st/s
    done(50): success=48 t_touched=2
Ep  6650 | score  210.83 | avg100  203.83 | grasp100  97.0% | best 0.985 |     34 st/s
    done(50): success=49 t_touched=1
Ep  6700 | score  209.70 | avg100  207.22 | grasp100  98.0% | best 0.985 |     34 st/s
    done(50): success=49 t_touched=1
Ep  6750 | score  240.60 | avg100  208.02 | grasp100  98.0% | best 0.985 |     34 st/s
    done(50): success=49 t_flicker=1
Ep  6800 | score  209.79 | avg100  209.59 | grasp100  99.0% | best 0.985 |     34 st/s
    done(50): success=50
Ep  6850 | score  211.54 | avg100  208.43 | grasp100  99.0% | best 0.985 |     34 st/s
    done(50): success=49 t_touched=1
Ep  6900 | score  216.87 | avg100  206.32 | grasp100  98.0% | best 0.985 |     34 st/s
    done(50): success=49 t_flicker=1
Ep  6950 | score  209.57 | avg100  208.73 | grasp100  99.0% | best 0.985 |     34 st/s
    done(50): success=50
Ep  7000 | score  208.98 | avg100  210.27 | grasp100 100.0% | best 0.985 |     34 st/s
    done(50): success=50
Ep  7050 | score  210.95 | avg100  206.75 | grasp100  98.0% | best 0.985 |     34 st/s
    done(50): success=48 t_touched=2
Ep  7100 | score  212.29 | avg100  207.85 | grasp100  98.0% | best 0.985 |     34 st/s
    done(50): success=50
Ep  7150 | score  208.38 | avg100  212.03 | grasp100 100.0% | best 0.985 |     34 st/s
    done(50): success=50
Ep  7200 | score  209.55 | avg100  207.81 | grasp100  98.0% | best 0.985 |     34 st/s
    done(50): success=48 t_flicker=2
Ep  7250 | score  210.26 | avg100  208.57 | grasp100  98.0% | best 0.985 |     34 st/s
    done(50): success=50
Ep  7300 | score  210.54 | avg100  212.26 | grasp100 100.0% | best 0.985 |     34 st/s
    done(50): success=50
Ep  7350 | score  208.26 | avg100  210.18 | grasp100  99.0% | best 0.985 |     34 st/s
    done(50): success=49 t_flicker=1
Ep  7400 | score  210.83 | avg100  209.30 | grasp100  98.0% | best 0.985 |     34 st/s
    done(50): success=49 t_touched=1
  [primacy-bias reset of critic heads @ 125000 updates]
Ep  7450 | score  -17.69 | avg100  205.43 | grasp100  95.0% | best 0.985 |     33 st/s
    done(50): success=46 t_flicker=3 t_no_reach=1
Ep  7500 | score  -23.42 | avg100   89.24 | grasp100  46.0% | best 0.985 |     34 st/s
    done(50): t_flicker=1 t_no_reach=49
Ep  7550 | score   24.06 | avg100  -20.39 | grasp100   0.0% | best 0.985 |     34 st/s
    done(50): t_touched=9 t_no_reach=41
Ep  7600 | score  209.10 | avg100    3.32 | grasp100   6.0% | best 0.985 |     34 st/s
    done(50): success=6 t_flicker=2 t_touched=34 t_no_reach=8
Ep  7650 | score  210.26 | avg100   85.44 | grasp100  40.0% | best 0.985 |     34 st/s
    done(50): success=34 t_flicker=4 t_touched=12
Ep  7700 | score  210.22 | avg100  167.90 | grasp100  79.0% | best 0.985 |     34 st/s
    done(50): success=45 t_flicker=2 t_touched=2 t_no_reach=1
Ep  7750 | score  208.05 | avg100  195.85 | grasp100  93.0% | best 0.985 |     34 st/s
    done(50): success=48 t_touched=2
Ep  7800 | score  209.40 | avg100  200.32 | grasp100  95.0% | best 0.985 |     34 st/s
    done(50): success=47 t_flicker=2 t_touched=1
Ep  7850 | score  209.09 | avg100  204.65 | grasp100  97.0% | best 0.985 |     34 st/s
    done(50): success=50
Ep  7900 | score  209.05 | avg100  208.31 | grasp100  99.0% | best 0.985 |     33 st/s
    done(50): success=49 t_flicker=1
Ep  7950 | score   79.53 | avg100  202.27 | grasp100  95.0% | best 0.985 |     33 st/s
    done(50): success=46 t_flicker=3 t_touched=1
Ep  8000 | score  209.13 | avg100  202.82 | grasp100  95.0% | best 0.985 |     33 st/s
    done(50): success=49 t_flicker=1
Ep  8050 | score  208.31 | avg100  206.81 | grasp100  98.0% | best 0.985 |     33 st/s
    done(50): success=49 t_touched=1
Ep  8100 | score  217.42 | avg100  204.71 | grasp100  97.0% | best 0.985 |     33 st/s
    done(50): success=48 t_flicker=2
Ep  8150 | score   12.79 | avg100  204.19 | grasp100  97.0% | best 0.985 |     33 st/s
    done(50): success=49 t_touched=1
Ep  8200 | score  209.41 | avg100  207.30 | grasp100  99.0% | best 0.985 |     33 st/s
    done(50): success=50
Ep  8250 | score  212.38 | avg100  209.67 | grasp100 100.0% | best 0.985 |     33 st/s
    done(50): success=50
Ep  8300 | score  210.35 | avg100  209.79 | grasp100 100.0% | best 0.985 |     33 st/s
    done(50): success=50
Ep  8350 | * BEST  level200=2.00 grasp200=100.0% metric=1.000 | score  205.80
Ep  8400 | score  208.17 | avg100  209.32 | grasp100 100.0% | best 1.000 |     33 st/s
    done(50): success=50
Ep  8450 | score  208.35 | avg100  209.47 | grasp100 100.0% | best 1.000 |     33 st/s
    done(50): success=50
Ep  8500 | score  208.26 | avg100  205.80 | grasp100  98.0% | best 1.000 |     33 st/s
    done(50): success=48 t_flicker=1 t_touched=1
Ep  8550 | score  208.15 | avg100  206.30 | grasp100  98.0% | best 1.000 |     33 st/s
    done(50): success=50
Ep  8600 | score  290.79 | avg100  209.17 | grasp100  99.0% | best 1.000 |     33 st/s
    done(50): success=49 t_touched=1
Ep  8650 | score  205.70 | avg100  209.17 | grasp100  99.0% | best 1.000 |     33 st/s
    done(50): success=50
Ep  8700 | score  206.11 | avg100  207.34 | grasp100  98.0% | best 1.000 |     33 st/s
    done(50): success=48 t_touched=2
Ep  8750 | score  207.46 | avg100  207.34 | grasp100  98.0% | best 1.000 |     33 st/s
    done(50): success=50
Ep  8800 | score  208.49 | avg100  209.40 | grasp100  99.0% | best 1.000 |     33 st/s
    done(50): success=49 t_flicker=1
Ep  8850 | score  205.36 | avg100  209.29 | grasp100  99.0% | best 1.000 |     33 st/s
    done(50): success=50
Ep  8900 | score  210.26 | avg100  210.20 | grasp100 100.0% | best 1.000 |     33 st/s
    done(50): success=50
Ep  8950 | score  207.77 | avg100  208.56 | grasp100  99.0% | best 1.000 |     33 st/s
    done(50): success=49 t_touched=1
Ep  9000 | score  210.39 | avg100  207.09 | grasp100  98.0% | best 1.000 |     33 st/s
    done(50): success=49 t_flicker=1
Ep  9050 | score  206.67 | avg100  208.69 | grasp100  99.0% | best 1.000 |     33 st/s
    done(50): success=50
Ep  9100 | score  210.14 | avg100  208.51 | grasp100  98.0% | best 1.000 |     33 st/s
    done(50): success=48 t_flicker=2
Ep  9150 | score  207.04 | avg100  208.75 | grasp100  97.0% | best 1.000 |     33 st/s
    done(50): success=49 t_flicker=1
Ep  9200 | score  207.73 | avg100  211.94 | grasp100  99.0% | best 1.000 |     33 st/s
    done(50): success=50
Ep  9250 | score  209.14 | avg100  208.21 | grasp100  97.0% | best 1.000 |     33 st/s
    done(50): success=47 t_flicker=2 t_touched=1
Ep  9300 | score  206.37 | avg100  208.96 | grasp100  97.0% | best 1.000 |     33 st/s
    done(50): success=50
Ep  9350 | score  206.78 | avg100  208.84 | grasp100  98.0% | best 1.000 |     33 st/s
    done(50): success=48 t_flicker=1 t_touched=1
Ep  9400 | score  208.85 | avg100  207.68 | grasp100  98.0% | best 1.000 |     32 st/s
    done(50): success=50
Ep  9450 | score  226.22 | avg100  212.23 | grasp100  99.0% | best 1.000 |     32 st/s
    done(50): success=49 t_flicker=1
Ep  9500 | score  207.70 | avg100  208.20 | grasp100  96.0% | best 1.000 |     32 st/s
    done(50): success=47 t_flicker=3
  [primacy-bias reset of critic heads @ 150000 updates]
Ep  9550 | score   12.54 | avg100  170.65 | grasp100  79.0% | best 1.000 |     32 st/s
    done(50): success=32 t_flicker=6 t_touched=2 t_no_reach=10
Ep  9600 | score  -27.24 | avg100   69.47 | grasp100  35.0% | best 1.000 |     32 st/s
    done(50): success=3 t_flicker=4 t_touched=14 t_no_reach=29
Ep  9650 | score  206.43 | avg100   10.55 | grasp100  11.0% | best 1.000 |     32 st/s
    done(50): success=8 t_touched=11 t_no_reach=31
Ep  9700 | score  208.51 | avg100   85.37 | grasp100  42.0% | best 1.000 |     32 st/s
    done(50): success=34 t_flicker=5 t_touched=10 t_no_reach=1
Ep  9750 | score  209.59 | avg100  163.69 | grasp100  75.0% | best 1.000 |     32 st/s
    done(50): success=41 t_flicker=5 t_touched=4
Ep  9800 | score  210.94 | avg100  190.74 | grasp100  90.0% | best 1.000 |     32 st/s
    done(50): success=49 t_flicker=1
Ep  9850 | score  208.90 | avg100  205.80 | grasp100  98.0% | best 1.000 |     32 st/s
    done(50): success=49 t_flicker=1
Ep  9900 | score  208.09 | avg100  207.47 | grasp100  99.0% | best 1.000 |     32 st/s
    done(50): success=50
Ep  9950 | score  209.29 | avg100  207.25 | grasp100  99.0% | best 1.000 |     32 st/s
    done(50): success=49 t_touched=1
Ep 10000 | score  206.17 | avg100  205.21 | grasp100  98.0% | best 1.000 |     32 st/s
    done(50): success=49 t_touched=1
Ep 10050 | score  207.52 | avg100  205.23 | grasp100  98.0% | best 1.000 |     32 st/s
    done(50): success=49 t_flicker=1
Ep 10100 | score  207.90 | avg100  204.90 | grasp100  97.0% | best 1.000 |     32 st/s
    done(50): success=48 t_flicker=1 t_touched=1
Ep 10150 | score   39.12 | avg100  205.49 | grasp100  97.0% | best 1.000 |     32 st/s
    done(50): success=49 t_flicker=1
Ep 10200 | score  210.13 | avg100  208.23 | grasp100  99.0% | best 1.000 |     32 st/s
    done(50): success=50
Ep 10250 | score  206.72 | avg100  210.44 | grasp100 100.0% | best 1.000 |     32 st/s
    done(50): success=50
Ep 10300 | score  208.69 | avg100  210.98 | grasp100 100.0% | best 1.000 |     32 st/s
    done(50): success=50
Ep 10350 | score  209.86 | avg100  210.71 | grasp100 100.0% | best 1.000 |     32 st/s
    done(50): success=50
Ep 10400 | score  208.99 | avg100  205.88 | grasp100  97.0% | best 1.000 |     32 st/s
    done(50): success=47 t_flicker=3
Ep 10450 | score  206.61 | avg100  204.31 | grasp100  96.0% | best 1.000 |     32 st/s
    done(50): success=49 t_flicker=1
Ep 10500 | score  247.46 | avg100  209.50 | grasp100  98.0% | best 1.000 |     32 st/s
    done(50): success=49 t_flicker=1
Ep 10550 | score  210.42 | avg100  212.46 | grasp100  98.0% | best 1.000 |     32 st/s
    done(50): success=49 t_flicker=1
Ep 10600 | score  210.35 | avg100  206.52 | grasp100  95.0% | best 1.000 |     32 st/s
    done(50): success=46 t_flicker=4
Ep 10650 | score  207.75 | avg100  205.22 | grasp100  96.0% | best 1.000 |     32 st/s
    done(50): success=50
Ep 10700 | score  207.44 | avg100  210.08 | grasp100  99.0% | best 1.000 |     32 st/s
    done(50): success=49 t_flicker=1
Ep 10750 | score  207.47 | avg100  207.29 | grasp100  97.0% | best 1.000 |     32 st/s
    done(50): success=48 t_flicker=1 t_touched=1
Ep 10800 | score  209.93 | avg100  206.97 | grasp100  96.0% | best 1.000 |     32 st/s
    done(50): success=48 t_flicker=2
Ep 10850 | score  210.90 | avg100  208.39 | grasp100  97.0% | best 1.000 |     32 st/s
    done(50): success=49 t_flicker=1
Ep 10900 | score  208.02 | avg100  210.60 | grasp100  99.0% | best 1.000 |     32 st/s
    done(50): success=50
Ep 10950 | score  206.99 | avg100  210.32 | grasp100  99.0% | best 1.000 |     32 st/s
    done(50): success=49 t_flicker=1
Ep 11000 | score  209.78 | avg100  209.91 | grasp100  99.0% | best 1.000 |     32 st/s
    done(50): success=50
Ep 11050 | score  217.61 | avg100  211.11 | grasp100 100.0% | best 1.000 |     32 st/s
    done(50): success=50
Ep 11100 | score  207.29 | avg100  211.01 | grasp100 100.0% | best 1.000 |     32 st/s
    done(50): success=50
Ep 11150 | score  226.13 | avg100  212.16 | grasp100 100.0% | best 1.000 |     32 st/s
    done(50): success=50
Ep 11200 | score  210.06 | avg100  211.19 | grasp100 100.0% | best 1.000 |     32 st/s
    done(50): success=50
Ep 11250 | score  205.93 | avg100  210.75 | grasp100 100.0% | best 1.000 |     32 st/s
    done(50): success=50
Ep 11300 | score  209.90 | avg100  210.82 | grasp100 100.0% | best 1.000 |     32 st/s
    done(50): success=50
Ep 11350 | score  208.47 | avg100  210.73 | grasp100 100.0% | best 1.000 |     32 st/s
    done(50): success=50
Ep 11400 | score  206.53 | avg100  210.14 | grasp100 100.0% | best 1.000 |     32 st/s
    done(50): success=50
Ep 11450 | score  205.34 | avg100  208.57 | grasp100  99.0% | best 1.000 |     32 st/s
    done(50): success=49 t_flicker=1
Ep 11500 | score  209.50 | avg100  208.57 | grasp100  98.0% | best 1.000 |     32 st/s
    done(50): success=49 t_touched=1
Ep 11550 | score  209.71 | avg100  209.05 | grasp100  98.0% | best 1.000 |     32 st/s
    done(50): success=49 t_flicker=1
Ep 11600 | score  204.73 | avg100  206.42 | grasp100  97.0% | best 1.000 |     32 st/s
    done(50): success=48 t_flicker=2
Ep 11650 | score  210.71 | avg100  208.14 | grasp100  98.0% | best 1.000 |     32 st/s
    done(50): success=50
Ep 11700 | score  206.48 | avg100  209.26 | grasp100  98.0% | best 1.000 |     31 st/s
    done(50): success=48 t_flicker=2
  [primacy-bias reset of critic heads @ 175000 updates]
Ep 11750 | score  -27.97 | avg100  147.86 | grasp100  72.0% | best 1.000 |     32 st/s
    done(50): success=24 t_flicker=1 t_touched=2 t_no_reach=23
Ep 11800 | score  -25.99 | avg100   32.29 | grasp100  24.0% | best 1.000 |     32 st/s
    done(50): t_flicker=1 t_no_reach=49
Ep 11850 | score  -27.04 | avg100  -19.78 | grasp100   1.0% | best 1.000 |     32 st/s
    done(50): success=1 t_flicker=3 t_touched=4 t_no_reach=42
Ep 11900 | score  208.27 | avg100   41.63 | grasp100  24.0% | best 1.000 |     32 st/s
    done(50): success=23 t_flicker=6 t_touched=9 t_no_reach=12
Ep 11950 | score  208.60 | avg100  143.62 | grasp100  67.0% | best 1.000 |     32 st/s
    done(50): success=44 t_flicker=5 t_touched=1
Ep 12000 | score  206.77 | avg100  199.92 | grasp100  94.0% | best 1.000 |     32 st/s
    done(50): success=50
Ep 12050 | score  211.41 | avg100  207.73 | grasp100  99.0% | best 1.000 |     32 st/s
    done(50): success=49 t_flicker=1
Ep 12100 | score  207.18 | avg100  207.33 | grasp100  99.0% | best 1.000 |     32 st/s
    done(50): success=50
Ep 12150 | score  211.88 | avg100  209.18 | grasp100 100.0% | best 1.000 |     32 st/s
    done(50): success=50
Ep 12200 | score  206.65 | avg100  208.65 | grasp100 100.0% | best 1.000 |     32 st/s
    done(50): success=50
Ep 12250 | score  209.72 | avg100  207.12 | grasp100  99.0% | best 1.000 |     32 st/s
    done(50): success=49 t_flicker=1
Ep 12300 | score  205.94 | avg100  207.57 | grasp100  99.0% | best 1.000 |     31 st/s
    done(50): success=50
Ep 12350 | score  212.88 | avg100  207.87 | grasp100  99.0% | best 1.000 |     31 st/s
    done(50): success=49 t_flicker=1
Ep 12400 | score  208.92 | avg100  206.62 | grasp100  98.0% | best 1.000 |     31 st/s
    done(50): success=49 t_flicker=1
Ep 12450 | score  207.65 | avg100  204.57 | grasp100  97.0% | best 1.000 |     31 st/s
    done(50): success=48 t_flicker=1 t_touched=1
Ep 12500 | score  209.14 | avg100  203.88 | grasp100  97.0% | best 1.000 |     31 st/s
    done(50): success=49 t_touched=1
Ep 12550 | score  210.22 | avg100  203.50 | grasp100  97.0% | best 1.000 |     31 st/s
    done(50): success=48 t_flicker=1 t_touched=1
Ep 12600 | score  209.62 | avg100  204.31 | grasp100  97.0% | best 1.000 |     31 st/s
    done(50): success=49 t_flicker=1
Ep 12650 | score  208.74 | avg100  204.84 | grasp100  96.0% | best 1.000 |     31 st/s
    done(50): success=47 t_flicker=3
Ep 12700 | score  208.52 | avg100  204.55 | grasp100  96.0% | best 1.000 |     31 st/s
    done(50): success=49 t_flicker=1
Ep 12750 | score  210.41 | avg100  206.89 | grasp100  98.0% | best 1.000 |     31 st/s
    done(50): success=49 t_flicker=1
Ep 12800 | score  209.94 | avg100  206.91 | grasp100  98.0% | best 1.000 |     31 st/s
    done(50): success=49 t_flicker=1
Ep 12850 | score  210.29 | avg100  207.49 | grasp100  98.0% | best 1.000 |     31 st/s
    done(50): success=49 t_flicker=1
Ep 12900 | score  209.66 | avg100  207.94 | grasp100  98.0% | best 1.000 |     31 st/s
    done(50): success=49 t_flicker=1
Ep 12950 | score  210.31 | avg100  209.15 | grasp100  99.0% | best 1.000 |     31 st/s
    done(50): success=50
Ep 13000 | score  208.00 | avg100  210.60 | grasp100 100.0% | best 1.000 |     31 st/s
    done(50): success=50
Ep 13050 | score  209.76 | avg100  211.91 | grasp100 100.0% | best 1.000 |     31 st/s
    done(50): success=50
Ep 13100 | score  206.85 | avg100  210.78 | grasp100  98.0% | best 1.000 |     31 st/s
    done(50): success=48 t_flicker=2
Ep 13150 | score  246.70 | avg100  209.27 | grasp100  98.0% | best 1.000 |     31 st/s
    done(50): success=50
Ep 13200 | score  207.64 | avg100  210.61 | grasp100 100.0% | best 1.000 |     31 st/s
    done(50): success=50
Ep 13250 | score  210.16 | avg100  210.41 | grasp100 100.0% | best 1.000 |     31 st/s
    done(50): success=50
Ep 13300 | score  208.84 | avg100  209.33 | grasp100 100.0% | best 1.000 |     31 st/s
    done(50): success=50
Ep 13350 | score  208.02 | avg100  208.63 | grasp100  99.0% | best 1.000 |     31 st/s
    done(50): success=49 t_flicker=1
Ep 13400 | score  209.88 | avg100  209.25 | grasp100  99.0% | best 1.000 |     31 st/s
    done(50): success=50
Ep 13450 | score  210.79 | avg100  209.20 | grasp100  99.0% | best 1.000 |     31 st/s
    done(50): success=49 t_flicker=1
Ep 13500 | score  206.94 | avg100  206.42 | grasp100  97.0% | best 1.000 |     31 st/s
    done(50): success=48 t_flicker=2
Ep 13550 | score  218.95 | avg100  207.57 | grasp100  98.0% | best 1.000 |     31 st/s
    done(50): success=50
Ep 13600 | score  209.55 | avg100  210.71 | grasp100 100.0% | best 1.000 |     31 st/s
    done(50): success=50
Ep 13650 | score  209.83 | avg100  209.89 | grasp100 100.0% | best 1.000 |     31 st/s
    done(50): success=50
Ep 13700 | score  205.73 | avg100  204.90 | grasp100  98.0% | best 1.000 |     31 st/s
    done(50): success=48 t_flicker=2
Ep 13750 | score  207.53 | avg100  204.34 | grasp100  98.0% | best 1.000 |     31 st/s
    done(50): success=50
Ep 13800 | score  210.68 | avg100  204.85 | grasp100  98.0% | best 1.000 |     31 st/s
    done(50): success=48 t_flicker=1 t_touched=1
Ep 13850 | score  206.88 | avg100  200.90 | grasp100  95.0% | best 1.000 |     31 st/s
    done(50): success=47 t_flicker=3
Ep 13900 | score  208.34 | avg100  200.42 | grasp100  94.0% | best 1.000 |     31 st/s
    done(50): success=47 t_flicker=3
  [primacy-bias reset of critic heads @ 200000 updates]
Ep 13950 | score  -21.28 | avg100  120.89 | grasp100  59.0% | best 1.000 |     31 st/s
    done(50): success=12 t_flicker=9 t_touched=4 t_no_reach=25
Ep 14000 | score  209.18 | avg100   35.95 | grasp100  23.0% | best 1.000 |     31 st/s
    done(50): success=11 t_touched=8 t_no_reach=31
Ep 14050 | score   17.58 | avg100   73.39 | grasp100  39.0% | best 1.000 |     31 st/s
    done(50): success=28 t_flicker=4 t_touched=17 t_no_reach=1
Ep 14100 | score  237.15 | avg100  139.45 | grasp100  66.0% | best 1.000 |     31 st/s
    done(50): success=38 t_flicker=3 t_touched=9
Ep 14150 | score  211.53 | avg100  155.74 | grasp100  72.0% | best 1.000 |     31 st/s
    done(50): success=34 t_flicker=4 t_touched=9 t_no_reach=3
Ep 14200 | score  206.45 | avg100  165.14 | grasp100  77.0% | best 1.000 |     31 st/s
    done(50): success=43 t_flicker=4 t_touched=3
Ep 14250 | score  208.77 | avg100  190.96 | grasp100  91.0% | best 1.000 |     31 st/s
    done(50): success=48 t_touched=2
Ep 14300 | score  207.08 | avg100  204.27 | grasp100  98.0% | best 1.000 |     31 st/s
    done(50): success=50
Ep 14350 | score  207.03 | avg100  208.50 | grasp100 100.0% | best 1.000 |     31 st/s
    done(50): success=50
Ep 14400 | score  209.49 | avg100  208.58 | grasp100 100.0% | best 1.000 |     31 st/s
    done(50): success=50
Ep 14450 | score  206.21 | avg100  205.37 | grasp100  98.0% | best 1.000 |     31 st/s
    done(50): success=48 t_flicker=1 t_touched=1
Ep 14500 | score  208.70 | avg100  205.52 | grasp100  98.0% | best 1.000 |     31 st/s
    done(50): success=50
Ep 14550 | score  208.10 | avg100  205.71 | grasp100  98.0% | best 1.000 |     31 st/s
    done(50): success=48 t_flicker=1 t_touched=1
Ep 14600 | score  206.48 | avg100  206.02 | grasp100  98.0% | best 1.000 |     31 st/s
    done(50): success=50
Ep 14650 | score  209.43 | avg100  209.28 | grasp100 100.0% | best 1.000 |     31 st/s
    done(50): success=50
Ep 14700 | score  208.65 | avg100  209.53 | grasp100 100.0% | best 1.000 |     31 st/s
    done(50): success=50
Ep 14750 | score  207.96 | avg100  211.06 | grasp100 100.0% | best 1.000 |     31 st/s
    done(50): success=50
Ep 14800 | score  205.92 | avg100  211.68 | grasp100 100.0% | best 1.000 |     31 st/s
    done(50): success=50
Ep 14850 | score  242.71 | avg100  207.52 | grasp100  98.0% | best 1.000 |     31 st/s
    done(50): success=48 t_flicker=1 t_touched=1
Ep 14900 | score  208.82 | avg100  206.11 | grasp100  97.0% | best 1.000 |     31 st/s
    done(50): success=49 t_flicker=1
Ep 14950 | score  206.18 | avg100  206.19 | grasp100  98.0% | best 1.000 |     31 st/s
    done(50): success=49 t_touched=1
Ep 15000 | score  205.93 | avg100  207.86 | grasp100  99.0% | best 1.000 |     31 st/s
    done(50): success=50
Ep 15050 | score  207.61 | avg100  210.94 | grasp100  99.0% | best 1.000 |     31 st/s
    done(50): success=49 t_flicker=1
Ep 15100 | score  247.86 | avg100  208.84 | grasp100  97.0% | best 1.000 |     31 st/s
    done(50): success=48 t_flicker=2
Ep 15150 | score  208.40 | avg100  208.10 | grasp100  96.0% | best 1.000 |     31 st/s
    done(50): success=48 t_flicker=2
Ep 15200 | score  207.58 | avg100  209.98 | grasp100  97.0% | best 1.000 |     31 st/s
    done(50): success=49 t_flicker=1
Ep 15250 | score  232.52 | avg100  211.00 | grasp100  98.0% | best 1.000 |     31 st/s
    done(50): success=49 t_flicker=1
Ep 15300 | score  211.33 | avg100  211.51 | grasp100  99.0% | best 1.000 |     31 st/s
    done(50): success=50
Ep 15350 | score  206.64 | avg100  210.29 | grasp100  99.0% | best 1.000 |     31 st/s
    done(50): success=49 t_flicker=1
Ep 15400 | score  205.24 | avg100  200.17 | grasp100  92.0% | best 1.000 |     31 st/s
    done(50): success=43 t_flicker=7
Ep 15450 | score  208.66 | avg100  197.41 | grasp100  91.0% | best 1.000 |     31 st/s
    done(50): success=48 t_flicker=1 t_touched=1
Ep 15500 | score  207.22 | avg100  203.58 | grasp100  95.0% | best 1.000 |     31 st/s
    done(50): success=47 t_flicker=3
Ep 15550 | score  207.04 | avg100  206.35 | grasp100  96.0% | best 1.000 |     31 st/s
    done(50): success=49 t_flicker=1
Ep 15600 | score  208.78 | avg100  208.00 | grasp100  96.0% | best 1.000 |     31 st/s
    done(50): success=47 t_flicker=3
Ep 15650 | score  205.99 | avg100  204.43 | grasp100  94.0% | best 1.000 |     31 st/s
    done(50): success=47 t_flicker=3
Ep 15700 | score  204.72 | avg100  206.97 | grasp100  97.0% | best 1.000 |     31 st/s
    done(50): success=50
Ep 15750 | score  218.38 | avg100  210.13 | grasp100  98.0% | best 1.000 |     30 st/s
    done(50): success=48 t_flicker=2
Ep 15800 | score  206.40 | avg100  210.00 | grasp100  98.0% | best 1.000 |     30 st/s
    done(50): success=50
Ep 15850 | score   57.61 | avg100  207.85 | grasp100  98.0% | best 1.000 |     30 st/s
    done(50): success=48 t_flicker=2
Ep 15900 | score  211.47 | avg100  207.46 | grasp100  98.0% | best 1.000 |     30 st/s
    done(50): success=50
Ep 15950 | score  210.43 | avg100  207.06 | grasp100  98.0% | best 1.000 |     30 st/s
    done(50): success=48 t_flicker=2
Ep 16000 | score  209.26 | avg100  204.67 | grasp100  96.0% | best 1.000 |     30 st/s
    done(50): success=48 t_flicker=2
