========================================================================
RANDOM-SPAWN GRASP RETRAINING  |  algo=td3_ln  run=td3_ln_qat8_s3
========================================================================
  Envs                : 5 (subprocess-parallel, fork)
  Spawn level         : 2.0 (1.0 = full position box, 2.0 = + z-rotation)
  Updates/vec-step    : 2 (0.400 per env-step; historical baseline 0.5)
  Buffer              : 200,000
  Network             : 64 -> 32  (5,216 weights)
  Warm start          : checkpoints/td3_grasp_rand_td3_ln_liftcert_phaseB_s2/best
  Checkpoints         : /home/fahim/Thesis_fahim/pickandplace/checkpoints/td3_grasp_rand_td3_ln_qat8_s3
========================================================================

Spawning 5 subprocess environments (fork)...
[robosuite WARNING] No private macro file found! (__init__.py:7)
[robosuite WARNING] It is recommended to use a private macro file (__init__.py:8)
[robosuite WARNING] To setup, run: python /home/fahim/Thesis_fahim/venv/lib/python3.12/site-packages/robosuite/scripts/setup_macros.py (__init__.py:9)
[robosuite WARNING] No private macro file found! (__init__.py:7)
[robosuite WARNING] It is recommended to use a private macro file (__init__.py:8)
[robosuite WARNING] To setup, run: python /home/fahim/Thesis_fahim/venv/lib/python3.12/site-packages/robosuite/scripts/setup_macros.py (__init__.py:9)
[robosuite WARNING] No private macro file found! (__init__.py:7)
[robosuite WARNING] It is recommended to use a private macro file (__init__.py:8)
[robosuite WARNING] To setup, run: python /home/fahim/Thesis_fahim/venv/lib/python3.12/site-packages/robosuite/scripts/setup_macros.py (__init__.py:9)
[robosuite WARNING] No private macro file found! (__init__.py:7)
[robosuite WARNING] It is recommended to use a private macro file (__init__.py:8)
[robosuite WARNING] To setup, run: python /home/fahim/Thesis_fahim/venv/lib/python3.12/site-packages/robosuite/scripts/setup_macros.py (__init__.py:9)
[robosuite WARNING] No private macro file found! (__init__.py:7)
[robosuite WARNING] It is recommended to use a private macro file (__init__.py:8)
[robosuite WARNING] To setup, run: python /home/fahim/Thesis_fahim/venv/lib/python3.12/site-packages/robosuite/scripts/setup_macros.py (__init__.py:9)
Gym has been unmaintained since 2022 and does not support NumPy 2.0 amongst other critical functionality.
Please upgrade to Gymnasium, the maintained drop-in replacement of Gym, or contact the authors of your software and request that they upgrade.
See the migration guide at https://gymnasium.farama.org/introduction/migration_guide/ for additional information.
Gym has been unmaintained since 2022 and does not support NumPy 2.0 amongst other critical functionality.
Please upgrade to Gymnasium, the maintained drop-in replacement of Gym, or contact the authors of your software and request that they upgrade.
See the migration guide at https://gymnasium.farama.org/introduction/migration_guide/ for additional information.
Gym has been unmaintained since 2022 and does not support NumPy 2.0 amongst other critical functionality.
Please upgrade to Gymnasium, the maintained drop-in replacement of Gym, or contact the authors of your software and request that they upgrade.
See the migration guide at https://gymnasium.farama.org/introduction/migration_guide/ for additional information.
Gym has been unmaintained since 2022 and does not support NumPy 2.0 amongst other critical functionality.
Please upgrade to Gymnasium, the maintained drop-in replacement of Gym, or contact the authors of your software and request that they upgrade.
See the migration guide at https://gymnasium.farama.org/introduction/migration_guide/ for additional information.
Gym has been unmaintained since 2022 and does not support NumPy 2.0 amongst other critical functionality.
Please upgrade to Gymnasium, the maintained drop-in replacement of Gym, or contact the authors of your software and request that they upgrade.
See the migration guide at https://gymnasium.farama.org/introduction/migration_guide/ for additional information.
/home/fahim/Thesis_fahim/venv/lib/python3.12/site-packages/gym/spaces/box.py:84: UserWarning: [33mWARN: Box bound precision lowered by casting to float32[0m
  logger.warn(f"Box bound precision lowered by casting to {self.dtype}")
/home/fahim/Thesis_fahim/venv/lib/python3.12/site-packages/gym/spaces/box.py:84: UserWarning: [33mWARN: Box bound precision lowered by casting to float32[0m
  logger.warn(f"Box bound precision lowered by casting to {self.dtype}")
/home/fahim/Thesis_fahim/venv/lib/python3.12/site-packages/gym/spaces/box.py:84: UserWarning: [33mWARN: Box bound precision lowered by casting to float32[0m
  logger.warn(f"Box bound precision lowered by casting to {self.dtype}")
/home/fahim/Thesis_fahim/venv/lib/python3.12/site-packages/gym/spaces/box.py:84: UserWarning: [33mWARN: Box bound precision lowered by casting to float32[0m
  logger.warn(f"Box bound precision lowered by casting to {self.dtype}")
Gym has been unmaintained since 2022 and does not support NumPy 2.0 amongst other critical functionality.
Please upgrade to Gymnasium, the maintained drop-in replacement of Gym, or contact the authors of your software and request that they upgrade.
See the migration guide at https://gymnasium.farama.org/introduction/migration_guide/ for additional information.
5 environments ready.

/home/fahim/Thesis_fahim/venv/lib/python3.12/site-packages/gym/spaces/box.py:84: UserWarning: [33mWARN: Box bound precision lowered by casting to float32[0m
  logger.warn(f"Box bound precision lowered by casting to {self.dtype}")
  Actor QAT           : per-tensor INT8 fake-quant, STE grads
  Actor weight clip   : |w| <= 8.0 * std(w) per Linear tensor (bi_s0 baseline fc1 9.96 / fc2 10.82)
Init: warm-started (source: /home/fahim/Thesis_fahim/pickandplace/checkpoints/td3_grasp_rand_td3_ln_liftcert_phaseB_s2/best)
Fresh replay buffer.

Training...

Ep    50 | score   39.95 | avg100  134.14 | grasp100  52.0% | best 0.000 |     86 st/s
    done(50): success=26 t_flicker=24
Ep   100 | score  207.54 | avg100  123.91 | grasp100  46.0% | best 0.000 |     77 st/s
    done(50): success=20 t_flicker=25 t_touched=4 t_no_reach=1
Ep   150 | score  207.63 | avg100  135.41 | grasp100  52.0% | best 0.000 |     62 st/s
    done(50): success=32 t_flicker=16 t_touched=2
Ep   200 | * BEST  level200=2.00 grasp200= 53.5% metric=0.535 | score    1.07
Ep   250 | score   78.81 | avg100  128.36 | grasp100  52.0% | best 0.535 |     56 st/s
    done(50): success=23 t_flicker=23 t_touched=3 t_no_reach=1
Ep   300 | score  205.89 | avg100  113.16 | grasp100  39.0% | best 0.535 |     55 st/s
    done(50): success=16 t_flicker=30 t_touched=4
Ep   350 | score  205.55 | avg100  113.46 | grasp100  37.0% | best 0.535 |     54 st/s
    done(50): success=21 t_flicker=22 t_touched=7
Ep   400 | score  201.85 | avg100  122.73 | grasp100  43.0% | best 0.535 |     54 st/s
    done(50): success=22 t_flicker=19 t_touched=9
Ep   450 | score  208.06 | avg100  128.34 | grasp100  46.0% | best 0.535 |     53 st/s
    done(50): success=24 t_flicker=18 t_touched=7 t_no_reach=1
Ep   500 | score  100.31 | avg100  131.05 | grasp100  47.0% | best 0.535 |     53 st/s
    done(50): success=23 t_flicker=21 t_touched=6
Ep   550 | score   61.72 | avg100  117.79 | grasp100  48.0% | best 0.535 |     52 st/s
    done(50): success=25 t_flicker=16 t_touched=9
Ep   600 | score   62.45 | avg100  122.37 | grasp100  52.0% | best 0.535 |     52 st/s
    done(50): success=27 t_flicker=16 t_touched=7
Ep   650 | score  -54.48 | avg100  119.88 | grasp100  43.0% | best 0.535 |     52 st/s
    done(50): success=16 t_flicker=28 t_touched=6
Ep   700 | score  207.47 | avg100  111.26 | grasp100  34.0% | best 0.535 |     52 st/s
    done(50): success=18 t_flicker=29 t_touched=3
Ep   750 | score  196.62 | avg100  105.67 | grasp100  31.0% | best 0.535 |     52 st/s
    done(50): success=13 t_flicker=30 t_touched=5 t_no_reach=2
Ep   800 | score  207.41 | avg100  109.70 | grasp100  35.0% | best 0.535 |     52 st/s
    done(50): success=22 t_flicker=21 t_touched=7
  [primacy-bias reset of critic heads @ 25000 updates]
Ep   850 | score   77.13 | avg100  125.99 | grasp100  46.0% | best 0.535 |     52 st/s
    done(50): success=24 t_flicker=22 t_touched=3 t_no_reach=1
Ep   900 | score   82.11 | avg100   72.40 | grasp100  27.0% | best 0.535 |     53 st/s
    done(50): success=3 t_flicker=18 t_touched=23 t_no_reach=6
Ep   950 | score   82.06 | avg100   31.60 | grasp100  14.0% | best 0.535 |     53 st/s
    done(50): success=11 t_flicker=15 t_touched=22 t_no_reach=2
Ep  1000 | score  208.65 | avg100   81.23 | grasp100  35.0% | best 0.535 |     53 st/s
    done(50): success=24 t_flicker=14 t_touched=11 t_no_reach=1
Ep  1050 | score   86.93 | avg100  137.22 | grasp100  55.0% | best 0.535 |     53 st/s
    done(50): success=31 t_flicker=17 t_touched=2
Ep  1100 | score   88.86 | avg100  141.31 | grasp100  54.0% | best 0.535 |     53 st/s
    done(50): success=23 t_flicker=19 t_touched=8
Ep  1147 | * BEST  level200=2.00 grasp200= 55.0% metric=0.550 | score  206.50
Ep  1150 | score   63.42 | avg100  134.73 | grasp100  55.0% | best 0.550 |     52 st/s
    done(50): success=32 t_flicker=10 t_touched=8
Ep  1167 | * BEST  level200=2.00 grasp200= 56.5% metric=0.565 | score  205.94
Ep  1183 | * BEST  level200=2.00 grasp200= 58.0% metric=0.580 | score  222.90
Ep  1191 | * BEST  level200=2.00 grasp200= 59.5% metric=0.595 | score  205.77
Ep  1200 | score   46.52 | avg100  149.29 | grasp100  64.0% | best 0.595 |     52 st/s
    done(50): success=32 t_flicker=15 t_touched=3
Ep  1250 | score  207.22 | avg100  142.98 | grasp100  56.0% | best 0.595 |     52 st/s
    done(50): success=24 t_flicker=19 t_touched=6 t_no_reach=1
Ep  1300 | score  205.81 | avg100  146.15 | grasp100  57.0% | best 0.595 |     52 st/s
    done(50): success=33 t_flicker=11 t_touched=6
Ep  1302 | * BEST  level200=2.00 grasp200= 61.0% metric=0.610 | score  242.42
Ep  1350 | score   96.40 | avg100  160.11 | grasp100  65.0% | best 0.610 |     52 st/s
    done(50): success=32 t_flicker=13 t_touched=5
Ep  1361 | * BEST  level200=2.00 grasp200= 62.5% metric=0.625 | score  204.82
Ep  1400 | score  206.47 | avg100  161.63 | grasp100  66.0% | best 0.625 |     52 st/s
    done(50): success=34 t_flicker=12 t_touched=4
Ep  1420 | * BEST  level200=2.00 grasp200= 64.0% metric=0.640 | score  207.27
Ep  1423 | * BEST  level200=2.00 grasp200= 65.5% metric=0.655 | score  229.12
Ep  1445 | * BEST  level200=2.00 grasp200= 67.0% metric=0.670 | score  206.57
Ep  1450 | score   71.99 | avg100  163.07 | grasp100  67.0% | best 0.670 |     52 st/s
    done(50): success=33 t_flicker=17
Ep  1500 | score   94.05 | avg100  163.06 | grasp100  66.0% | best 0.670 |     51 st/s
    done(50): success=33 t_flicker=16 t_touched=1
Ep  1550 | score  189.20 | avg100  158.42 | grasp100  61.0% | best 0.670 |     51 st/s
    done(50): success=28 t_flicker=20 t_touched=2
Ep  1600 | score  208.23 | avg100  155.06 | grasp100  57.0% | best 0.670 |     51 st/s
    done(50): success=29 t_flicker=19 t_touched=2
  [primacy-bias reset of critic heads @ 50000 updates]
Ep  1650 | score  -43.44 | avg100   96.29 | grasp100  42.0% | best 0.670 |     52 st/s
    done(50): success=13 t_flicker=10 t_touched=9 t_no_reach=18
Ep  1700 | score  206.82 | avg100   41.25 | grasp100  23.0% | best 0.670 |     52 st/s
    done(50): success=10 t_flicker=17 t_touched=15 t_no_reach=8
Ep  1750 | score   45.46 | avg100   84.26 | grasp100  32.0% | best 0.670 |     52 st/s
    done(50): success=22 t_flicker=23 t_touched=5
Ep  1800 | score  208.09 | avg100  134.33 | grasp100  50.0% | best 0.670 |     52 st/s
    done(50): success=28 t_flicker=19 t_touched=3
Ep  1850 | score  201.67 | avg100  152.10 | grasp100  62.0% | best 0.670 |     52 st/s
    done(50): success=34 t_flicker=13 t_touched=3
Ep  1900 | score  206.66 | avg100  162.41 | grasp100  70.0% | best 0.670 |     52 st/s
    done(50): success=36 t_flicker=11 t_touched=3
Ep  1950 | score   -1.98 | avg100  162.08 | grasp100  68.0% | best 0.670 |     51 st/s
    done(50): success=32 t_flicker=14 t_touched=4
Ep  2000 | score  207.47 | avg100  157.85 | grasp100  65.0% | best 0.670 |     51 st/s
    done(50): success=33 t_flicker=13 t_touched=4
Ep  2021 | * BEST  level200=2.00 grasp200= 68.5% metric=0.685 | score  205.47
Ep  2050 | score  210.38 | avg100  161.58 | grasp100  66.0% | best 0.685 |     51 st/s
    done(50): success=33 t_flicker=15 t_touched=2
Ep  2064 | * BEST  level200=2.00 grasp200= 70.0% metric=0.700 | score  207.04
Ep  2100 | score  209.99 | avg100  170.11 | grasp100  71.0% | best 0.700 |     51 st/s
    done(50): success=38 t_flicker=12
Ep  2150 | score  205.96 | avg100  177.47 | grasp100  76.0% | best 0.700 |     51 st/s
    done(50): success=38 t_flicker=11 t_touched=1
Ep  2152 | * BEST  level200=2.00 grasp200= 71.5% metric=0.715 | score  207.18
Ep  2165 | * BEST  level200=2.00 grasp200= 73.0% metric=0.730 | score  214.08
Ep  2200 | score  208.01 | avg100  173.28 | grasp100  74.0% | best 0.730 |     51 st/s
    done(50): success=36 t_flicker=11 t_touched=3
Ep  2229 | * BEST  level200=2.00 grasp200= 74.5% metric=0.745 | score  207.53
Ep  2238 | * BEST  level200=2.00 grasp200= 76.0% metric=0.760 | score  209.39
Ep  2250 | score  207.75 | avg100  177.72 | grasp100  78.0% | best 0.760 |     51 st/s
    done(50): success=42 t_flicker=8
Ep  2300 | score   81.83 | avg100  178.72 | grasp100  79.0% | best 0.760 |     50 st/s
    done(50): success=37 t_flicker=10 t_touched=2 t_no_reach=1
Ep  2307 | * BEST  level200=2.00 grasp200= 77.5% metric=0.775 | score  208.79
Ep  2318 | * BEST  level200=2.00 grasp200= 79.0% metric=0.790 | score  209.22
Ep  2350 | score  207.41 | avg100  174.78 | grasp100  78.0% | best 0.790 |     50 st/s
    done(50): success=41 t_flicker=8 t_touched=1
Ep  2378 | * BEST  level200=2.00 grasp200= 80.5% metric=0.805 | score  208.91
Ep  2400 | score  209.59 | avg100  179.94 | grasp100  82.0% | best 0.805 |     50 st/s
    done(50): success=41 t_flicker=7 t_touched=2
Ep  2450 | score   89.61 | avg100  176.74 | grasp100  79.0% | best 0.805 |     50 st/s
    done(50): success=38 t_flicker=10 t_touched=2
Ep  2473 | * BEST  level200=2.00 grasp200= 82.0% metric=0.820 | score  209.68
Ep  2500 | score  211.92 | avg100  179.28 | grasp100  80.0% | best 0.820 |     50 st/s
    done(50): success=42 t_flicker=8
Ep  2547 | * BEST  level200=2.00 grasp200= 83.5% metric=0.835 | score  209.83
Ep  2550 | score  211.65 | avg100  189.49 | grasp100  87.0% | best 0.835 |     50 st/s
    done(50): success=45 t_flicker=4 t_touched=1
Ep  2598 | * BEST  level200=2.00 grasp200= 85.0% metric=0.850 | score  203.90
Ep  2600 | score  -70.57 | avg100  192.03 | grasp100  89.0% | best 0.850 |     50 st/s
    done(50): success=44 t_flicker=4 t_touched=2
Ep  2650 | score  206.80 | avg100  183.12 | grasp100  83.0% | best 0.850 |     50 st/s
    done(50): success=39 t_flicker=11
Ep  2699 | * BEST  level200=2.00 grasp200= 86.5% metric=0.865 | score  208.06
Ep  2700 | score  205.57 | avg100  187.11 | grasp100  84.0% | best 0.865 |     50 st/s
    done(50): success=45 t_flicker=5
Ep  2750 | score  207.17 | avg100  198.17 | grasp100  91.0% | best 0.865 |     49 st/s
    done(50): success=46 t_flicker=4
Ep  2757 | * BEST  level200=2.00 grasp200= 88.0% metric=0.880 | score  207.90
  [primacy-bias reset of critic heads @ 75000 updates]
Ep  2800 | score   11.09 | avg100  133.63 | grasp100  64.0% | best 0.880 |     50 st/s
    done(50): success=18 t_flicker=9 t_touched=13 t_no_reach=10
Ep  2850 | score  206.65 | avg100  101.74 | grasp100  44.0% | best 0.880 |     50 st/s
    done(50): success=26 t_flicker=19 t_touched=5
Ep  2900 | score  204.49 | avg100  148.19 | grasp100  62.0% | best 0.880 |     50 st/s
    done(50): success=36 t_flicker=10 t_touched=4
Ep  2950 | score  -25.64 | avg100  160.61 | grasp100  68.0% | best 0.880 |     50 st/s
    done(50): success=32 t_flicker=15 t_touched=3
Ep  3000 | score  207.28 | avg100  161.78 | grasp100  68.0% | best 0.880 |     50 st/s
    done(50): success=36 t_flicker=9 t_touched=4 t_no_reach=1
Ep  3050 | score  208.26 | avg100  180.36 | grasp100  81.0% | best 0.880 |     50 st/s
    done(50): success=45 t_flicker=4 t_touched=1
Ep  3100 | score  205.31 | avg100  189.73 | grasp100  86.0% | best 0.880 |     50 st/s
    done(50): success=41 t_flicker=9
Ep  3150 | score  207.24 | avg100  189.27 | grasp100  86.0% | best 0.880 |     50 st/s
    done(50): success=45 t_flicker=5
Ep  3196 | * BEST  level200=2.00 grasp200= 89.5% metric=0.895 | score  205.31
Ep  3200 | score  209.50 | avg100  198.49 | grasp100  92.0% | best 0.895 |     49 st/s
    done(50): success=47 t_flicker=3
Ep  3250 | score  206.47 | avg100  197.77 | grasp100  92.0% | best 0.895 |     49 st/s
    done(50): success=45 t_flicker=4 t_touched=1
Ep  3279 | * BEST  level200=2.00 grasp200= 91.0% metric=0.910 | score  210.94
Ep  3300 | score   97.40 | avg100  193.86 | grasp100  90.0% | best 0.910 |     49 st/s
    done(50): success=45 t_flicker=5
Ep  3350 | score  201.72 | avg100  193.45 | grasp100  90.0% | best 0.910 |     49 st/s
    done(50): success=45 t_flicker=5
Ep  3400 | score  206.24 | avg100  195.75 | grasp100  90.0% | best 0.910 |     49 st/s
    done(50): success=45 t_flicker=5
Ep  3450 | score  211.04 | avg100  196.20 | grasp100  91.0% | best 0.910 |     49 st/s
    done(50): success=46 t_flicker=3 t_touched=1
Ep  3500 | score  207.49 | avg100  187.10 | grasp100  87.0% | best 0.910 |     49 st/s
    done(50): success=41 t_flicker=8 t_touched=1
Ep  3550 | score   60.56 | avg100  186.83 | grasp100  85.0% | best 0.910 |     49 st/s
    done(50): success=44 t_flicker=6
Ep  3600 | score  207.87 | avg100  193.17 | grasp100  88.0% | best 0.910 |     49 st/s
    done(50): success=44 t_flicker=5 t_touched=1
Ep  3650 | score  209.39 | avg100  187.66 | grasp100  84.0% | best 0.910 |     49 st/s
    done(50): success=40 t_flicker=10
Ep  3700 | score  201.74 | avg100  191.74 | grasp100  87.0% | best 0.910 |     48 st/s
    done(50): success=47 t_flicker=3
Ep  3750 | score  209.53 | avg100  190.61 | grasp100  87.0% | best 0.910 |     48 st/s
    done(50): success=40 t_flicker=8 t_touched=2
Ep  3800 | score  208.74 | avg100  179.57 | grasp100  79.0% | best 0.910 |     48 st/s
    done(50): success=39 t_flicker=9 t_touched=2
Ep  3850 | score  211.41 | avg100  184.53 | grasp100  82.0% | best 0.910 |     48 st/s
    done(50): success=43 t_flicker=6 t_touched=1
Ep  3900 | score  210.24 | avg100  191.84 | grasp100  88.0% | best 0.910 |     48 st/s
    done(50): success=45 t_flicker=4 t_touched=1
Ep  3950 | score  209.18 | avg100  192.20 | grasp100  89.0% | best 0.910 |     48 st/s
    done(50): success=44 t_flicker=4 t_touched=2
Ep  4000 | score  233.81 | avg100  195.08 | grasp100  90.0% | best 0.910 |     48 st/s
    done(50): success=46 t_flicker=4
Ep  4050 | score  213.35 | avg100  188.50 | grasp100  86.0% | best 0.910 |     48 st/s
    done(50): success=40 t_flicker=10
Ep  4100 | score  210.35 | avg100  185.43 | grasp100  85.0% | best 0.910 |     48 st/s
    done(50): success=45 t_flicker=3 t_touched=2
Ep  4150 | score  209.07 | avg100  190.44 | grasp100  87.0% | best 0.910 |     48 st/s
    done(50): success=42 t_flicker=6 t_touched=2
Ep  4200 | score  207.51 | avg100  189.45 | grasp100  86.0% | best 0.910 |     48 st/s
    done(50): success=44 t_flicker=4 t_touched=2
  [primacy-bias reset of critic heads @ 100000 updates]
Ep  4250 | score   38.07 | avg100   82.38 | grasp100  49.0% | best 0.910 |     49 st/s
    done(50): success=5 t_flicker=5 t_touched=11 t_no_reach=29
Ep  4300 | score  209.51 | avg100   43.04 | grasp100  27.0% | best 0.910 |     49 st/s
    done(50): success=22 t_flicker=19 t_touched=9
Ep  4350 | score  209.92 | avg100  141.22 | grasp100  62.0% | best 0.910 |     49 st/s
    done(50): success=40 t_flicker=4 t_touched=5 t_no_reach=1
Ep  4400 | score  211.45 | avg100  169.91 | grasp100  77.0% | best 0.910 |     49 st/s
    done(50): success=37 t_flicker=10 t_touched=3
Ep  4450 | score  208.87 | avg100  176.26 | grasp100  78.0% | best 0.910 |     49 st/s
    done(50): success=41 t_flicker=7 t_touched=2
Ep  4500 | score   60.71 | avg100  189.94 | grasp100  86.0% | best 0.910 |     49 st/s
    done(50): success=45 t_flicker=5
Ep  4550 | score  224.26 | avg100  198.95 | grasp100  91.0% | best 0.910 |     48 st/s
    done(50): success=46 t_flicker=3 t_touched=1
Ep  4600 | score  206.95 | avg100  198.15 | grasp100  91.0% | best 0.910 |     48 st/s
    done(50): success=45 t_flicker=4 t_touched=1
Ep  4650 | score  208.06 | avg100  194.32 | grasp100  89.0% | best 0.910 |     48 st/s
    done(50): success=44 t_flicker=4 t_touched=2
Ep  4700 | score  207.13 | avg100  192.06 | grasp100  88.0% | best 0.910 |     48 st/s
    done(50): success=44 t_flicker=5 t_touched=1
Ep  4750 | score  209.65 | avg100  185.59 | grasp100  84.0% | best 0.910 |     48 st/s
    done(50): success=40 t_flicker=9 t_touched=1
Ep  4800 | score  209.65 | avg100  187.12 | grasp100  85.0% | best 0.910 |     48 st/s
    done(50): success=45 t_flicker=5
Ep  4850 | score  207.64 | avg100  191.15 | grasp100  88.0% | best 0.910 |     48 st/s
    done(50): success=43 t_flicker=7
Ep  4900 | score  208.46 | avg100  183.12 | grasp100  81.0% | best 0.910 |     48 st/s
    done(50): success=38 t_flicker=11 t_touched=1
Ep  4950 | score  204.21 | avg100  182.90 | grasp100  81.0% | best 0.910 |     48 st/s
    done(50): success=43 t_flicker=7
Ep  5000 | score  206.26 | avg100  189.51 | grasp100  86.0% | best 0.910 |     48 st/s
    done(50): success=43 t_flicker=6 t_touched=1
Ep  5050 | score  210.08 | avg100  192.87 | grasp100  89.0% | best 0.910 |     48 st/s
    done(50): success=46 t_flicker=2 t_touched=2
Ep  5100 | score  204.15 | avg100  195.96 | grasp100  91.0% | best 0.910 |     48 st/s
    done(50): success=45 t_flicker=5
Ep  5150 | score  210.12 | avg100  195.37 | grasp100  90.0% | best 0.910 |     48 st/s
    done(50): success=45 t_flicker=5
Ep  5200 | score  207.41 | avg100  197.34 | grasp100  93.0% | best 0.910 |     48 st/s
    done(50): success=48 t_flicker=2
Ep  5201 | * BEST  level200=2.00 grasp200= 92.5% metric=0.925 | score  207.11

Target reached: 95.0% over 100 episodes at spawn level 2.0.

========================================================================
DONE  td3_ln_qat8_s3
  Episodes     : 5220
  Env steps    : 302,590  (6338s)
  Best metric  : 0.925  (policy in /home/fahim/Thesis_fahim/pickandplace/checkpoints/td3_grasp_rand_td3_ln_qat8_s3/best)
  Final grasp% : 95.0
  CSV          : /home/fahim/Thesis_fahim/pickandplace/logs/grasp_rand_td3_ln_qat8_s3/episodes.csv
  Probe CSV    : /home/fahim/Thesis_fahim/pickandplace/logs/grasp_rand_td3_ln_qat8_s3/probe.csv
  Manifest     : /home/fahim/Thesis_fahim/pickandplace/logs/grasp_rand_td3_ln_qat8_s3/manifest.json
========================================================================

