========================================================================
RANDOM-SPAWN GRASP RETRAINING  |  algo=td3_ln  run=td3_ln_qat8_s5
========================================================================
  Envs                : 5 (subprocess-parallel, fork)
  Spawn level         : 2.0 (1.0 = full position box, 2.0 = + z-rotation)
  Updates/vec-step    : 2 (0.400 per env-step; historical baseline 0.5)
  Buffer              : 200,000
  Network             : 64 -> 32  (5,216 weights)
  Warm start          : checkpoints/td3_grasp_rand_td3_ln_liftcert_phaseB_s2/best
  Checkpoints         : /home/fahim/Thesis_fahim/pickandplace/checkpoints/td3_grasp_rand_td3_ln_qat8_s5
========================================================================

Spawning 5 subprocess environments (fork)...
[robosuite WARNING] No private macro file found! (__init__.py:7)
[robosuite WARNING] It is recommended to use a private macro file (__init__.py:8)
[robosuite WARNING] To setup, run: python /home/fahim/Thesis_fahim/venv/lib/python3.12/site-packages/robosuite/scripts/setup_macros.py (__init__.py:9)
[robosuite WARNING] No private macro file found! (__init__.py:7)
[robosuite WARNING] It is recommended to use a private macro file (__init__.py:8)
[robosuite WARNING] To setup, run: python /home/fahim/Thesis_fahim/venv/lib/python3.12/site-packages/robosuite/scripts/setup_macros.py (__init__.py:9)
[robosuite WARNING] No private macro file found! (__init__.py:7)
[robosuite WARNING] It is recommended to use a private macro file (__init__.py:8)
[robosuite WARNING] To setup, run: python /home/fahim/Thesis_fahim/venv/lib/python3.12/site-packages/robosuite/scripts/setup_macros.py (__init__.py:9)
[robosuite WARNING] No private macro file found! (__init__.py:7)
[robosuite WARNING] It is recommended to use a private macro file (__init__.py:8)
[robosuite WARNING] To setup, run: python /home/fahim/Thesis_fahim/venv/lib/python3.12/site-packages/robosuite/scripts/setup_macros.py (__init__.py:9)
[robosuite WARNING] No private macro file found! (__init__.py:7)
[robosuite WARNING] It is recommended to use a private macro file (__init__.py:8)
[robosuite WARNING] To setup, run: python /home/fahim/Thesis_fahim/venv/lib/python3.12/site-packages/robosuite/scripts/setup_macros.py (__init__.py:9)
Gym has been unmaintained since 2022 and does not support NumPy 2.0 amongst other critical functionality.
Please upgrade to Gymnasium, the maintained drop-in replacement of Gym, or contact the authors of your software and request that they upgrade.
See the migration guide at https://gymnasium.farama.org/introduction/migration_guide/ for additional information.
Gym has been unmaintained since 2022 and does not support NumPy 2.0 amongst other critical functionality.
Please upgrade to Gymnasium, the maintained drop-in replacement of Gym, or contact the authors of your software and request that they upgrade.
See the migration guide at https://gymnasium.farama.org/introduction/migration_guide/ for additional information.
Gym has been unmaintained since 2022 and does not support NumPy 2.0 amongst other critical functionality.
Please upgrade to Gymnasium, the maintained drop-in replacement of Gym, or contact the authors of your software and request that they upgrade.
See the migration guide at https://gymnasium.farama.org/introduction/migration_guide/ for additional information.
Gym has been unmaintained since 2022 and does not support NumPy 2.0 amongst other critical functionality.
Please upgrade to Gymnasium, the maintained drop-in replacement of Gym, or contact the authors of your software and request that they upgrade.
See the migration guide at https://gymnasium.farama.org/introduction/migration_guide/ for additional information.
Gym has been unmaintained since 2022 and does not support NumPy 2.0 amongst other critical functionality.
Please upgrade to Gymnasium, the maintained drop-in replacement of Gym, or contact the authors of your software and request that they upgrade.
See the migration guide at https://gymnasium.farama.org/introduction/migration_guide/ for additional information.
/home/fahim/Thesis_fahim/venv/lib/python3.12/site-packages/gym/spaces/box.py:84: UserWarning: [33mWARN: Box bound precision lowered by casting to float32[0m
  logger.warn(f"Box bound precision lowered by casting to {self.dtype}")
/home/fahim/Thesis_fahim/venv/lib/python3.12/site-packages/gym/spaces/box.py:84: UserWarning: [33mWARN: Box bound precision lowered by casting to float32[0m
  logger.warn(f"Box bound precision lowered by casting to {self.dtype}")
/home/fahim/Thesis_fahim/venv/lib/python3.12/site-packages/gym/spaces/box.py:84: UserWarning: [33mWARN: Box bound precision lowered by casting to float32[0m
  logger.warn(f"Box bound precision lowered by casting to {self.dtype}")
Gym has been unmaintained since 2022 and does not support NumPy 2.0 amongst other critical functionality.
Please upgrade to Gymnasium, the maintained drop-in replacement of Gym, or contact the authors of your software and request that they upgrade.
See the migration guide at https://gymnasium.farama.org/introduction/migration_guide/ for additional information.
5 environments ready.

/home/fahim/Thesis_fahim/venv/lib/python3.12/site-packages/gym/spaces/box.py:84: UserWarning: [33mWARN: Box bound precision lowered by casting to float32[0m
  logger.warn(f"Box bound precision lowered by casting to {self.dtype}")
/home/fahim/Thesis_fahim/venv/lib/python3.12/site-packages/gym/spaces/box.py:84: UserWarning: [33mWARN: Box bound precision lowered by casting to float32[0m
  logger.warn(f"Box bound precision lowered by casting to {self.dtype}")
  Actor QAT           : per-tensor INT8 fake-quant, STE grads
  Actor weight clip   : |w| <= 8.0 * std(w) per Linear tensor (bi_s0 baseline fc1 9.96 / fc2 10.82)
Init: warm-started (source: /home/fahim/Thesis_fahim/pickandplace/checkpoints/td3_grasp_rand_td3_ln_liftcert_phaseB_s2/best)
Fresh replay buffer.

Training...

Ep    50 | score  206.02 | avg100  109.79 | grasp100  34.0% | best 0.000 |     89 st/s
    done(50): success=17 t_flicker=28 t_touched=5
Ep   100 | score  201.11 | avg100  116.49 | grasp100  39.0% | best 0.000 |     76 st/s
    done(50): success=22 t_flicker=20 t_touched=8
Ep   150 | score   57.81 | avg100  129.24 | grasp100  46.0% | best 0.000 |     61 st/s
    done(50): success=24 t_flicker=23 t_touched=3
Ep   200 | * BEST  level200=2.00 grasp200= 47.0% metric=0.470 | score  207.20
Ep   207 | * BEST  level200=2.00 grasp200= 48.5% metric=0.485 | score  210.40
Ep   219 | * BEST  level200=2.00 grasp200= 50.0% metric=0.500 | score  206.76
Ep   226 | * BEST  level200=2.00 grasp200= 51.5% metric=0.515 | score  211.01
Ep   234 | * BEST  level200=2.00 grasp200= 53.0% metric=0.530 | score  207.81
Ep   247 | * BEST  level200=2.00 grasp200= 54.5% metric=0.545 | score  206.33
Ep   250 | score  209.27 | avg100  162.60 | grasp100  64.0% | best 0.545 |     50 st/s
    done(50): success=33 t_flicker=17
Ep   253 | * BEST  level200=2.00 grasp200= 56.0% metric=0.560 | score  208.64
Ep   264 | * BEST  level200=2.00 grasp200= 57.5% metric=0.575 | score  216.21
Ep   300 | score  210.41 | avg100  158.83 | grasp100  61.0% | best 0.575 |     48 st/s
    done(50): success=28 t_flicker=20 t_touched=2
Ep   303 | * BEST  level200=2.00 grasp200= 59.0% metric=0.590 | score  205.04
Ep   309 | * BEST  level200=2.00 grasp200= 60.5% metric=0.605 | score  207.31
Ep   320 | * BEST  level200=2.00 grasp200= 62.0% metric=0.620 | score  211.42
Ep   333 | * BEST  level200=2.00 grasp200= 63.5% metric=0.635 | score  207.81
Ep   350 | score  235.56 | avg100  157.85 | grasp100  62.0% | best 0.635 |     47 st/s
    done(50): success=34 t_flicker=14 t_touched=1 t_no_reach=1
Ep   400 | score   53.04 | avg100  159.57 | grasp100  62.0% | best 0.635 |     46 st/s
    done(50): success=28 t_flicker=20 t_touched=2
Ep   450 | score   65.38 | avg100  151.04 | grasp100  58.0% | best 0.635 |     46 st/s
    done(50): success=30 t_flicker=18 t_touched=2
Ep   500 | score  207.84 | avg100  143.76 | grasp100  57.0% | best 0.635 |     46 st/s
    done(50): success=27 t_flicker=16 t_touched=7
Ep   550 | score   39.65 | avg100  142.05 | grasp100  51.0% | best 0.635 |     46 st/s
    done(50): success=24 t_flicker=21 t_touched=4 t_no_reach=1
Ep   600 | score  -62.31 | avg100  124.15 | grasp100  42.0% | best 0.635 |     47 st/s
    done(50): success=18 t_flicker=14 t_touched=18
Ep   650 | score   31.98 | avg100  109.51 | grasp100  36.0% | best 0.635 |     48 st/s
    done(50): success=18 t_flicker=21 t_touched=10 t_no_reach=1
Ep   700 | score  206.92 | avg100  138.09 | grasp100  49.0% | best 0.635 |     48 st/s
    done(50): success=31 t_flicker=16 t_touched=3
Ep   750 | score   42.84 | avg100  149.01 | grasp100  55.0% | best 0.635 |     48 st/s
    done(50): success=24 t_flicker=23 t_touched=3
Ep   800 | score  115.81 | avg100  125.13 | grasp100  39.0% | best 0.635 |     49 st/s
    done(50): success=15 t_flicker=25 t_touched=10
Ep   850 | score  205.55 | avg100  134.12 | grasp100  44.0% | best 0.635 |     48 st/s
    done(50): success=29 t_flicker=17 t_touched=4
Ep   900 | score   51.07 | avg100  153.47 | grasp100  58.0% | best 0.635 |     48 st/s
    done(50): success=29 t_flicker=18 t_touched=3
Ep   950 | score   33.53 | avg100  158.52 | grasp100  63.0% | best 0.635 |     48 st/s
    done(50): success=34 t_flicker=13 t_touched=2 t_no_reach=1
Ep  1000 | score  103.45 | avg100  139.69 | grasp100  56.0% | best 0.635 |     48 st/s
    done(50): success=22 t_flicker=21 t_touched=5 t_no_reach=2
  [primacy-bias reset of critic heads @ 25000 updates]
Ep  1050 | score  209.97 | avg100   78.38 | grasp100  33.0% | best 0.635 |     49 st/s
    done(50): success=11 t_flicker=12 t_touched=12 t_no_reach=15
Ep  1100 | score   87.68 | avg100   61.43 | grasp100  23.0% | best 0.635 |     49 st/s
    done(50): success=12 t_flicker=22 t_touched=15 t_no_reach=1
Ep  1150 | score   72.22 | avg100   85.89 | grasp100  27.0% | best 0.635 |     49 st/s
    done(50): success=15 t_flicker=20 t_touched=14 t_no_reach=1
Ep  1200 | score   57.18 | avg100  105.34 | grasp100  33.0% | best 0.635 |     50 st/s
    done(50): success=18 t_flicker=20 t_touched=10 t_no_reach=2
Ep  1250 | score   68.50 | avg100  117.10 | grasp100  38.0% | best 0.635 |     50 st/s
    done(50): success=20 t_flicker=24 t_touched=5 t_no_reach=1
Ep  1300 | score   73.41 | avg100  125.14 | grasp100  45.0% | best 0.635 |     50 st/s
    done(50): success=25 t_flicker=20 t_touched=4 t_no_reach=1
Ep  1350 | score  193.31 | avg100  154.28 | grasp100  61.0% | best 0.635 |     49 st/s
    done(50): success=36 t_flicker=12 t_touched=2
Ep  1400 | score   47.53 | avg100  154.94 | grasp100  63.0% | best 0.635 |     49 st/s
    done(50): success=27 t_flicker=18 t_touched=4 t_no_reach=1
Ep  1450 | score  206.58 | avg100  140.93 | grasp100  56.0% | best 0.635 |     49 st/s
    done(50): success=29 t_flicker=19 t_no_reach=2
Ep  1500 | score   65.49 | avg100  141.43 | grasp100  53.0% | best 0.635 |     49 st/s
    done(50): success=24 t_flicker=21 t_touched=5
Ep  1550 | score  206.63 | avg100  148.25 | grasp100  53.0% | best 0.635 |     49 st/s
    done(50): success=29 t_flicker=19 t_touched=1 t_no_reach=1
Ep  1600 | score  247.64 | avg100  158.34 | grasp100  60.0% | best 0.635 |     49 st/s
    done(50): success=31 t_flicker=18 t_touched=1
Ep  1650 | score  205.80 | avg100  161.64 | grasp100  62.0% | best 0.635 |     49 st/s
    done(50): success=31 t_flicker=17 t_touched=2
Ep  1700 | score  -64.46 | avg100  155.96 | grasp100  61.0% | best 0.635 |     48 st/s
    done(50): success=30 t_flicker=18 t_touched=2
Ep  1750 | score   99.38 | avg100  149.12 | grasp100  60.0% | best 0.635 |     48 st/s
    done(50): success=30 t_flicker=20
Ep  1800 | score   73.42 | avg100  146.85 | grasp100  58.0% | best 0.635 |     49 st/s
    done(50): success=28 t_flicker=18 t_touched=4
  [primacy-bias reset of critic heads @ 50000 updates]
Ep  1850 | score   69.51 | avg100  142.12 | grasp100  54.0% | best 0.635 |     49 st/s
    done(50): success=26 t_flicker=17 t_touched=7
Ep  1900 | score  -71.37 | avg100  127.53 | grasp100  45.0% | best 0.635 |     49 st/s
    done(50): success=19 t_flicker=18 t_touched=13
Ep  1950 | score  207.89 | avg100  122.60 | grasp100  42.0% | best 0.635 |     49 st/s
    done(50): success=23 t_flicker=17 t_touched=10
Ep  2000 | score  263.63 | avg100  121.60 | grasp100  41.0% | best 0.635 |     49 st/s
    done(50): success=18 t_flicker=22 t_touched=9 t_no_reach=1
Ep  2050 | score  210.53 | avg100  131.96 | grasp100  49.0% | best 0.635 |     49 st/s
    done(50): success=31 t_flicker=13 t_touched=6
Ep  2100 | score   96.46 | avg100  164.00 | grasp100  68.0% | best 0.635 |     49 st/s
    done(50): success=37 t_flicker=10 t_touched=3
Ep  2150 | score  209.80 | avg100  179.42 | grasp100  77.0% | best 0.635 |     49 st/s
    done(50): success=40 t_flicker=7 t_touched=2 t_no_reach=1
Ep  2161 | * BEST  level200=2.00 grasp200= 65.0% metric=0.650 | score  209.91
Ep  2165 | * BEST  level200=2.00 grasp200= 66.5% metric=0.665 | score  209.88
Ep  2169 | * BEST  level200=2.00 grasp200= 68.0% metric=0.680 | score  214.44
Ep  2175 | * BEST  level200=2.00 grasp200= 69.5% metric=0.695 | score  243.00
Ep  2188 | * BEST  level200=2.00 grasp200= 71.0% metric=0.710 | score  213.26
Ep  2200 | score  219.51 | avg100  173.59 | grasp100  76.0% | best 0.710 |     49 st/s
    done(50): success=36 t_flicker=10 t_touched=4
Ep  2201 | * BEST  level200=2.00 grasp200= 72.5% metric=0.725 | score  209.44
Ep  2205 | * BEST  level200=2.00 grasp200= 74.0% metric=0.740 | score  208.53
Ep  2248 | * BEST  level200=2.00 grasp200= 75.5% metric=0.755 | score  209.80
Ep  2250 | score  207.54 | avg100  168.70 | grasp100  74.0% | best 0.755 |     49 st/s
    done(50): success=38 t_flicker=9 t_touched=3
Ep  2258 | * BEST  level200=2.00 grasp200= 77.0% metric=0.770 | score  208.97
Ep  2300 | score  106.71 | avg100  167.72 | grasp100  72.0% | best 0.770 |     48 st/s
    done(50): success=34 t_flicker=13 t_touched=3
Ep  2350 | score  135.94 | avg100  175.84 | grasp100  76.0% | best 0.770 |     48 st/s
    done(50): success=42 t_flicker=8
Ep  2400 | score  211.31 | avg100  176.31 | grasp100  78.0% | best 0.770 |     48 st/s
    done(50): success=36 t_flicker=10 t_touched=4
Ep  2450 | score  245.34 | avg100  168.79 | grasp100  75.0% | best 0.770 |     48 st/s
    done(50): success=39 t_flicker=8 t_touched=3
Ep  2500 | score  193.91 | avg100  164.03 | grasp100  70.0% | best 0.770 |     48 st/s
    done(50): success=31 t_flicker=13 t_touched=6
Ep  2550 | score  209.05 | avg100  153.24 | grasp100  60.0% | best 0.770 |     48 st/s
    done(50): success=29 t_flicker=18 t_touched=3
Ep  2600 | score  209.20 | avg100  159.33 | grasp100  64.0% | best 0.770 |     48 st/s
    done(50): success=35 t_flicker=14 t_no_reach=1
Ep  2650 | score  207.95 | avg100  168.12 | grasp100  71.0% | best 0.770 |     48 st/s
    done(50): success=36 t_flicker=12 t_touched=2
Ep  2700 | score  209.41 | avg100  181.47 | grasp100  79.0% | best 0.770 |     48 st/s
    done(50): success=43 t_flicker=6 t_touched=1
Ep  2730 | * BEST  level200=2.00 grasp200= 78.5% metric=0.785 | score  231.22
Ep  2750 | score  208.33 | avg100  192.75 | grasp100  87.0% | best 0.785 |     48 st/s
    done(50): success=44 t_flicker=5 t_touched=1
Ep  2800 | score  117.70 | avg100  180.16 | grasp100  78.0% | best 0.785 |     48 st/s
    done(50): success=34 t_flicker=13 t_touched=3
Ep  2823 | * BEST  level200=2.00 grasp200= 80.0% metric=0.800 | score  207.70
Ep  2835 | * BEST  level200=2.00 grasp200= 81.5% metric=0.815 | score  208.83
Ep  2850 | score  209.96 | avg100  177.10 | grasp100  76.0% | best 0.815 |     48 st/s
    done(50): success=42 t_flicker=6 t_touched=2
Ep  2900 | score   55.03 | avg100  183.17 | grasp100  80.0% | best 0.815 |     48 st/s
    done(50): success=38 t_flicker=10 t_touched=2
  [primacy-bias reset of critic heads @ 75000 updates]
Ep  2950 | score  206.23 | avg100  181.28 | grasp100  76.0% | best 0.815 |     48 st/s
    done(50): success=38 t_flicker=12
Ep  3000 | score  -75.53 | avg100   88.98 | grasp100  43.0% | best 0.815 |     49 st/s
    done(50): success=5 t_flicker=11 t_touched=12 t_no_reach=22
Ep  3050 | score  212.78 | avg100   48.37 | grasp100  28.0% | best 0.815 |     49 st/s
    done(50): success=23 t_flicker=12 t_touched=12 t_no_reach=3
Ep  3100 | score  196.81 | avg100  139.51 | grasp100  61.0% | best 0.815 |     49 st/s
    done(50): success=38 t_flicker=10 t_touched=2
Ep  3150 | score  210.28 | avg100  178.88 | grasp100  79.0% | best 0.815 |     49 st/s
    done(50): success=41 t_flicker=8 t_touched=1
Ep  3200 | score  209.56 | avg100  182.79 | grasp100  83.0% | best 0.815 |     49 st/s
    done(50): success=42 t_flicker=6 t_touched=2
Ep  3250 | score  204.22 | avg100  180.00 | grasp100  82.0% | best 0.815 |     49 st/s
    done(50): success=40 t_flicker=8 t_touched=1 t_no_reach=1
Ep  3300 | score  209.02 | avg100  176.82 | grasp100  77.0% | best 0.815 |     49 st/s
    done(50): success=37 t_flicker=13
Ep  3350 | score  213.95 | avg100  177.44 | grasp100  73.0% | best 0.815 |     49 st/s
    done(50): success=36 t_flicker=13 t_touched=1
Ep  3400 | score  202.50 | avg100  182.87 | grasp100  78.0% | best 0.815 |     49 st/s
    done(50): success=42 t_flicker=7 t_touched=1
Ep  3450 | score  211.75 | avg100  184.35 | grasp100  82.0% | best 0.815 |     49 st/s
    done(50): success=40 t_flicker=6 t_touched=4
Ep  3500 | score  201.71 | avg100  178.95 | grasp100  80.0% | best 0.815 |     49 st/s
    done(50): success=40 t_flicker=6 t_touched=4
Ep  3544 | * BEST  level200=2.00 grasp200= 83.0% metric=0.830 | score  208.37
Ep  3550 | score  207.92 | avg100  182.57 | grasp100  84.0% | best 0.830 |     48 st/s
    done(50): success=44 t_flicker=3 t_touched=3
Ep  3569 | * BEST  level200=2.00 grasp200= 84.5% metric=0.845 | score  202.47
Ep  3600 | score  210.31 | avg100  184.91 | grasp100  86.0% | best 0.845 |     48 st/s
    done(50): success=42 t_flicker=6 t_touched=2
Ep  3650 | score  189.93 | avg100  176.61 | grasp100  79.0% | best 0.845 |     48 st/s
    done(50): success=37 t_flicker=8 t_touched=3 t_no_reach=2
Ep  3700 | score  -48.96 | avg100  174.60 | grasp100  78.0% | best 0.845 |     48 st/s
    done(50): success=41 t_flicker=6 t_touched=2 t_no_reach=1
Ep  3750 | score  102.18 | avg100  178.32 | grasp100  81.0% | best 0.845 |     48 st/s
    done(50): success=40 t_flicker=7 t_touched=1 t_no_reach=2
Ep  3800 | score   61.21 | avg100  179.55 | grasp100  80.0% | best 0.845 |     48 st/s
    done(50): success=40 t_flicker=7 t_touched=3
Ep  3850 | score  205.40 | avg100  179.21 | grasp100  79.0% | best 0.845 |     48 st/s
    done(50): success=39 t_flicker=10 t_touched=1
Ep  3900 | score  208.62 | avg100  181.30 | grasp100  81.0% | best 0.845 |     48 st/s
    done(50): success=42 t_flicker=8
Ep  3950 | score  211.05 | avg100  184.25 | grasp100  83.0% | best 0.845 |     48 st/s
    done(50): success=41 t_flicker=8 t_no_reach=1
Ep  4000 | score  209.32 | avg100  186.87 | grasp100  83.0% | best 0.845 |     48 st/s
    done(50): success=42 t_flicker=8
Ep  4050 | score    5.63 | avg100  182.41 | grasp100  82.0% | best 0.845 |     48 st/s
    done(50): success=40 t_flicker=5 t_touched=3 t_no_reach=2
  [primacy-bias reset of critic heads @ 100000 updates]
Ep  4100 | score  205.66 | avg100  100.50 | grasp100  51.0% | best 0.845 |     49 st/s
    done(50): success=11 t_flicker=11 t_touched=8 t_no_reach=20
Ep  4150 | score  101.49 | avg100   68.85 | grasp100  37.0% | best 0.845 |     49 st/s
    done(50): success=26 t_flicker=9 t_touched=5 t_no_reach=10
Ep  4200 | score  -20.91 | avg100  118.96 | grasp100  54.0% | best 0.845 |     49 st/s
    done(50): success=28 t_flicker=11 t_touched=11
Ep  4250 | score  -40.50 | avg100  147.77 | grasp100  66.0% | best 0.845 |     49 st/s
    done(50): success=38 t_flicker=8 t_touched=4
Ep  4300 | score  208.73 | avg100  178.99 | grasp100  81.0% | best 0.845 |     49 st/s
    done(50): success=43 t_flicker=6 t_touched=1
Ep  4350 | score  191.16 | avg100  190.07 | grasp100  85.0% | best 0.845 |     49 st/s
    done(50): success=42 t_flicker=7 t_touched=1
Ep  4400 | score  207.67 | avg100  188.00 | grasp100  83.0% | best 0.845 |     49 st/s
    done(50): success=41 t_flicker=4 t_touched=5
Ep  4450 | score  207.84 | avg100  186.86 | grasp100  83.0% | best 0.845 |     49 st/s
    done(50): success=42 t_flicker=8
Ep  4500 | score  211.76 | avg100  185.56 | grasp100  82.0% | best 0.845 |     49 st/s
    done(50): success=40 t_flicker=9 t_touched=1
Ep  4550 | score  211.38 | avg100  184.10 | grasp100  79.0% | best 0.845 |     49 st/s
    done(50): success=39 t_flicker=8 t_touched=3
Ep  4600 | score  208.39 | avg100  189.43 | grasp100  84.0% | best 0.845 |     49 st/s
    done(50): success=45 t_flicker=5
Ep  4650 | score  208.57 | avg100  194.35 | grasp100  90.0% | best 0.845 |     49 st/s
    done(50): success=45 t_flicker=3 t_touched=2
Ep  4662 | * BEST  level200=2.00 grasp200= 86.0% metric=0.860 | score  210.81
Ep  4700 | score  207.74 | avg100  192.41 | grasp100  88.0% | best 0.860 |     49 st/s
    done(50): success=43 t_flicker=4 t_touched=3
Ep  4711 | * BEST  level200=2.00 grasp200= 87.5% metric=0.875 | score  209.44
Ep  4750 | score  210.27 | avg100  191.15 | grasp100  86.0% | best 0.875 |     49 st/s
    done(50): success=43 t_flicker=4 t_touched=3
Ep  4800 | score  208.18 | avg100  196.15 | grasp100  88.0% | best 0.875 |     49 st/s
    done(50): success=45 t_flicker=2 t_touched=3
Ep  4806 | * BEST  level200=2.00 grasp200= 89.0% metric=0.890 | score  207.82
Ep  4850 | score  212.87 | avg100  194.92 | grasp100  88.0% | best 0.890 |     49 st/s
    done(50): success=43 t_flicker=4 t_touched=3
Ep  4900 | score  208.67 | avg100  191.62 | grasp100  88.0% | best 0.890 |     49 st/s
    done(50): success=45 t_flicker=4 t_touched=1
Ep  4950 | score  210.59 | avg100  192.96 | grasp100  89.0% | best 0.890 |     49 st/s
    done(50): success=44 t_flicker=2 t_touched=4
Ep  5000 | score  210.38 | avg100  192.90 | grasp100  89.0% | best 0.890 |     49 st/s
    done(50): success=45 t_flicker=2 t_touched=3
Ep  5050 | score  208.73 | avg100  196.62 | grasp100  91.0% | best 0.890 |     49 st/s
    done(50): success=46 t_flicker=4
Ep  5076 | * BEST  level200=2.00 grasp200= 90.5% metric=0.905 | score  198.65
Ep  5100 | score  208.36 | avg100  197.72 | grasp100  91.0% | best 0.905 |     49 st/s
    done(50): success=45 t_flicker=3 t_touched=2
Ep  5130 | * BEST  level200=2.00 grasp200= 92.0% metric=0.920 | score  206.61
Ep  5150 | score  204.32 | avg100  197.88 | grasp100  91.0% | best 0.920 |     49 st/s
    done(50): success=46 t_flicker=3 t_touched=1
Ep  5200 | score  208.30 | avg100  192.95 | grasp100  88.0% | best 0.920 |     48 st/s
    done(50): success=42 t_flicker=6 t_touched=2
Ep  5250 | score  207.62 | avg100  192.34 | grasp100  88.0% | best 0.920 |     48 st/s
    done(50): success=46 t_flicker=4
  [primacy-bias reset of critic heads @ 125000 updates]
Ep  5300 | score  208.91 | avg100  191.91 | grasp100  87.0% | best 0.920 |     48 st/s
    done(50): success=41 t_flicker=4 t_touched=4 t_no_reach=1
Ep  5350 | score   32.59 | avg100   89.08 | grasp100  45.0% | best 0.920 |     49 st/s
    done(50): success=4 t_flicker=12 t_touched=14 t_no_reach=20
Ep  5400 | score  -72.72 | avg100   58.50 | grasp100  27.0% | best 0.920 |     49 st/s
    done(50): success=23 t_flicker=11 t_touched=15 t_no_reach=1
Ep  5450 | score  207.33 | avg100  146.12 | grasp100  61.0% | best 0.920 |     49 st/s
    done(50): success=38 t_flicker=6 t_touched=5 t_no_reach=1
Ep  5500 | score   77.08 | avg100  178.72 | grasp100  80.0% | best 0.920 |     49 st/s
    done(50): success=42 t_flicker=7 t_touched=1
Ep  5550 | score  207.25 | avg100  189.45 | grasp100  85.0% | best 0.920 |     49 st/s
    done(50): success=43 t_flicker=6 t_touched=1
Ep  5600 | score  208.43 | avg100  187.30 | grasp100  83.0% | best 0.920 |     49 st/s
    done(50): success=40 t_flicker=8 t_touched=2
Ep  5650 | score   98.83 | avg100  183.77 | grasp100  81.0% | best 0.920 |     49 st/s
    done(50): success=41 t_flicker=8 t_touched=1
Ep  5700 | score  209.28 | avg100  185.45 | grasp100  83.0% | best 0.920 |     49 st/s
    done(50): success=42 t_flicker=8
Ep  5750 | score  208.17 | avg100  184.67 | grasp100  83.0% | best 0.920 |     49 st/s
    done(50): success=41 t_flicker=7 t_touched=2
Ep  5800 | score  207.01 | avg100  182.73 | grasp100  81.0% | best 0.920 |     49 st/s
    done(50): success=40 t_flicker=8 t_touched=2
Ep  5850 | score  230.97 | avg100  188.67 | grasp100  85.0% | best 0.920 |     49 st/s
    done(50): success=45 t_flicker=4 t_touched=1
Ep  5900 | score  209.64 | avg100  190.99 | grasp100  87.0% | best 0.920 |     49 st/s
    done(50): success=42 t_flicker=7 t_touched=1
Ep  5950 | score  208.29 | avg100  184.43 | grasp100  82.0% | best 0.920 |     49 st/s
    done(50): success=40 t_flicker=8 t_touched=2
Ep  6000 | score  205.87 | avg100  188.29 | grasp100  84.0% | best 0.920 |     49 st/s
    done(50): success=44 t_flicker=6

========================================================================
DONE  td3_ln_qat8_s5
  Episodes     : 6000
  Env steps    : 357,025  (7233s)
  Best metric  : 0.920  (policy in /home/fahim/Thesis_fahim/pickandplace/checkpoints/td3_grasp_rand_td3_ln_qat8_s5/best)
  Final grasp% : 84.0
  CSV          : /home/fahim/Thesis_fahim/pickandplace/logs/grasp_rand_td3_ln_qat8_s5/episodes.csv
  Probe CSV    : /home/fahim/Thesis_fahim/pickandplace/logs/grasp_rand_td3_ln_qat8_s5/probe.csv
  Manifest     : /home/fahim/Thesis_fahim/pickandplace/logs/grasp_rand_td3_ln_qat8_s5/manifest.json
========================================================================

