========================================================================
RANDOM-SPAWN GRASP RETRAINING  |  algo=td3_ln  run=td3_ln_qat8_s1
========================================================================
  Envs                : 5 (subprocess-parallel, fork)
  Spawn level         : 2.0 (1.0 = full position box, 2.0 = + z-rotation)
  Updates/vec-step    : 2 (0.400 per env-step; historical baseline 0.5)
  Buffer              : 200,000
  Network             : 64 -> 32  (5,216 weights)
  Warm start          : checkpoints/td3_grasp_rand_td3_ln_liftcert_phaseB_s2/best
  Checkpoints         : /home/fahim/Thesis_fahim/pickandplace/checkpoints/td3_grasp_rand_td3_ln_qat8_s1
========================================================================

Spawning 5 subprocess environments (fork)...
[robosuite WARNING] No private macro file found! (__init__.py:7)
[robosuite WARNING] No private macro file found! (__init__.py:7)
[robosuite WARNING] It is recommended to use a private macro file (__init__.py:8)
[robosuite WARNING] No private macro file found! (__init__.py:7)
[robosuite WARNING] No private macro file found! (__init__.py:7)
[robosuite WARNING] To setup, run: python /home/fahim/Thesis_fahim/venv/lib/python3.12/site-packages/robosuite/scripts/setup_macros.py (__init__.py:9)
[robosuite WARNING] No private macro file found! (__init__.py:7)
[robosuite WARNING] It is recommended to use a private macro file (__init__.py:8)
[robosuite WARNING] It is recommended to use a private macro file (__init__.py:8)
[robosuite WARNING] To setup, run: python /home/fahim/Thesis_fahim/venv/lib/python3.12/site-packages/robosuite/scripts/setup_macros.py (__init__.py:9)
[robosuite WARNING] It is recommended to use a private macro file (__init__.py:8)
[robosuite WARNING] It is recommended to use a private macro file (__init__.py:8)
[robosuite WARNING] To setup, run: python /home/fahim/Thesis_fahim/venv/lib/python3.12/site-packages/robosuite/scripts/setup_macros.py (__init__.py:9)
[robosuite WARNING] To setup, run: python /home/fahim/Thesis_fahim/venv/lib/python3.12/site-packages/robosuite/scripts/setup_macros.py (__init__.py:9)
[robosuite WARNING] To setup, run: python /home/fahim/Thesis_fahim/venv/lib/python3.12/site-packages/robosuite/scripts/setup_macros.py (__init__.py:9)
Gym has been unmaintained since 2022 and does not support NumPy 2.0 amongst other critical functionality.
Please upgrade to Gymnasium, the maintained drop-in replacement of Gym, or contact the authors of your software and request that they upgrade.
See the migration guide at https://gymnasium.farama.org/introduction/migration_guide/ for additional information.Gym has been unmaintained since 2022 and does not support NumPy 2.0 amongst other critical functionality.
Please upgrade to Gymnasium, the maintained drop-in replacement of Gym, or contact the authors of your software and request that they upgrade.
See the migration guide at https://gymnasium.farama.org/introduction/migration_guide/ for additional information.
Gym has been unmaintained since 2022 and does not support NumPy 2.0 amongst other critical functionality.
Please upgrade to Gymnasium, the maintained drop-in replacement of Gym, or contact the authors of your software and request that they upgrade.
See the migration guide at https://gymnasium.farama.org/introduction/migration_guide/ for additional information.
Gym has been unmaintained since 2022 and does not support NumPy 2.0 amongst other critical functionality.
Please upgrade to Gymnasium, the maintained drop-in replacement of Gym, or contact the authors of your software and request that they upgrade.
See the migration guide at https://gymnasium.farama.org/introduction/migration_guide/ for additional information.
Gym has been unmaintained since 2022 and does not support NumPy 2.0 amongst other critical functionality.
Please upgrade to Gymnasium, the maintained drop-in replacement of Gym, or contact the authors of your software and request that they upgrade.
See the migration guide at https://gymnasium.farama.org/introduction/migration_guide/ for additional information.

/home/fahim/Thesis_fahim/venv/lib/python3.12/site-packages/gym/spaces/box.py:84: UserWarning: [33mWARN: Box bound precision lowered by casting to float32[0m
  logger.warn(f"Box bound precision lowered by casting to {self.dtype}")
/home/fahim/Thesis_fahim/venv/lib/python3.12/site-packages/gym/spaces/box.py:84: UserWarning: [33mWARN: Box bound precision lowered by casting to float32[0m
  logger.warn(f"Box bound precision lowered by casting to {self.dtype}")
/home/fahim/Thesis_fahim/venv/lib/python3.12/site-packages/gym/spaces/box.py:84: UserWarning: [33mWARN: Box bound precision lowered by casting to float32[0m
  logger.warn(f"Box bound precision lowered by casting to {self.dtype}")
/home/fahim/Thesis_fahim/venv/lib/python3.12/site-packages/gym/spaces/box.py:84: UserWarning: [33mWARN: Box bound precision lowered by casting to float32[0m
  logger.warn(f"Box bound precision lowered by casting to {self.dtype}")
/home/fahim/Thesis_fahim/venv/lib/python3.12/site-packages/gym/spaces/box.py:84: UserWarning: [33mWARN: Box bound precision lowered by casting to float32[0m
  logger.warn(f"Box bound precision lowered by casting to {self.dtype}")
Gym has been unmaintained since 2022 and does not support NumPy 2.0 amongst other critical functionality.
Please upgrade to Gymnasium, the maintained drop-in replacement of Gym, or contact the authors of your software and request that they upgrade.
See the migration guide at https://gymnasium.farama.org/introduction/migration_guide/ for additional information.
5 environments ready.

  Actor QAT           : per-tensor INT8 fake-quant, STE grads
  Actor weight clip   : |w| <= 8.0 * std(w) per Linear tensor (bi_s0 baseline fc1 9.96 / fc2 10.82)
Init: warm-started (source: /home/fahim/Thesis_fahim/pickandplace/checkpoints/td3_grasp_rand_td3_ln_liftcert_phaseB_s2/best)
Fresh replay buffer.

Training...

Ep    50 | score  207.38 | avg100  145.49 | grasp100  58.0% | best 0.000 |    110 st/s
    done(50): success=29 t_flicker=21
Ep   100 | score  -61.80 | avg100  132.48 | grasp100  52.0% | best 0.000 |    100 st/s
    done(50): success=23 t_flicker=22 t_touched=5
Ep   150 | score  207.41 | avg100  130.78 | grasp100  52.0% | best 0.000 |     80 st/s
    done(50): success=29 t_flicker=17 t_touched=4
Ep   200 | * BEST  level200=2.00 grasp200= 51.5% metric=0.515 | score  208.28
Ep   250 | score   81.67 | avg100  134.88 | grasp100  50.0% | best 0.515 |     70 st/s
    done(50): success=28 t_flicker=19 t_touched=3
Ep   300 | score   90.69 | avg100  119.78 | grasp100  46.0% | best 0.515 |     70 st/s
    done(50): success=18 t_flicker=27 t_touched=5
Ep   350 | score    6.90 | avg100   84.75 | grasp100  28.0% | best 0.515 |     72 st/s
    done(50): success=10 t_flicker=30 t_touched=9 t_no_reach=1
Ep   400 | score   79.33 | avg100   82.82 | grasp100  25.0% | best 0.515 |     72 st/s
    done(50): success=15 t_flicker=25 t_touched=10
Ep   450 | score   84.21 | avg100  105.10 | grasp100  37.0% | best 0.515 |     72 st/s
    done(50): success=22 t_flicker=17 t_touched=10 t_no_reach=1
Ep   500 | score  210.95 | avg100  109.72 | grasp100  42.0% | best 0.515 |     72 st/s
    done(50): success=20 t_flicker=19 t_touched=11
Ep   550 | score   42.65 | avg100  116.00 | grasp100  45.0% | best 0.515 |     71 st/s
    done(50): success=25 t_flicker=20 t_touched=5
Ep   600 | score  208.56 | avg100  127.07 | grasp100  49.0% | best 0.515 |     71 st/s
    done(50): success=24 t_flicker=17 t_touched=8 t_no_reach=1
Ep   650 | score   39.51 | avg100  133.75 | grasp100  50.0% | best 0.515 |     70 st/s
    done(50): success=26 t_flicker=17 t_touched=6 t_no_reach=1
Ep   700 | score  205.85 | avg100  141.41 | grasp100  54.0% | best 0.515 |     70 st/s
    done(50): success=28 t_flicker=18 t_touched=3 t_no_reach=1
Ep   720 | * BEST  level200=2.00 grasp200= 53.0% metric=0.530 | score  191.96
Ep   746 | * BEST  level200=2.00 grasp200= 54.5% metric=0.545 | score  208.38
Ep   750 | score   68.72 | avg100  153.46 | grasp100  61.0% | best 0.545 |     69 st/s
    done(50): success=33 t_flicker=13 t_touched=4
Ep   756 | * BEST  level200=2.00 grasp200= 56.0% metric=0.560 | score  244.20
Ep   767 | * BEST  level200=2.00 grasp200= 57.5% metric=0.575 | score  204.69
Ep   771 | * BEST  level200=2.00 grasp200= 59.0% metric=0.590 | score  208.06
Ep   800 | score  206.10 | avg100  156.08 | grasp100  61.0% | best 0.590 |     68 st/s
    done(50): success=28 t_flicker=20 t_touched=2
Ep   850 | score   54.32 | avg100  151.03 | grasp100  59.0% | best 0.590 |     68 st/s
    done(50): success=31 t_flicker=16 t_touched=3
Ep   855 | * BEST  level200=2.00 grasp200= 60.5% metric=0.605 | score  206.23
Ep   876 | * BEST  level200=2.00 grasp200= 62.0% metric=0.620 | score  207.18
  [primacy-bias reset of critic heads @ 25000 updates]
Ep   900 | score   58.66 | avg100  125.81 | grasp100  53.0% | best 0.620 |     68 st/s
    done(50): success=22 t_flicker=12 t_touched=7 t_no_reach=9
Ep   950 | score  106.57 | avg100   96.38 | grasp100  41.0% | best 0.620 |     68 st/s
    done(50): success=19 t_flicker=14 t_touched=13 t_no_reach=4
Ep  1000 | score  208.73 | avg100  115.70 | grasp100  46.0% | best 0.620 |     68 st/s
    done(50): success=27 t_flicker=16 t_touched=7
Ep  1050 | score  210.28 | avg100  142.19 | grasp100  59.0% | best 0.620 |     67 st/s
    done(50): success=32 t_flicker=14 t_touched=4
Ep  1100 | score  206.15 | avg100  162.47 | grasp100  70.0% | best 0.620 |     66 st/s
    done(50): success=38 t_flicker=12
Ep  1121 | * BEST  level200=2.00 grasp200= 63.5% metric=0.635 | score  203.32
Ep  1126 | * BEST  level200=2.00 grasp200= 65.0% metric=0.650 | score  205.39
Ep  1150 | score  209.43 | avg100  169.54 | grasp100  71.0% | best 0.650 |     66 st/s
    done(50): success=33 t_flicker=13 t_touched=4
Ep  1159 | * BEST  level200=2.00 grasp200= 66.5% metric=0.665 | score  227.76
Ep  1168 | * BEST  level200=2.00 grasp200= 68.0% metric=0.680 | score  209.46
Ep  1187 | * BEST  level200=2.00 grasp200= 69.5% metric=0.695 | score  207.86
Ep  1198 | * BEST  level200=2.00 grasp200= 71.0% metric=0.710 | score  209.61
Ep  1200 | score   43.75 | avg100  167.93 | grasp100  70.0% | best 0.710 |     65 st/s
    done(50): success=37 t_flicker=13
Ep  1250 | score  197.85 | avg100  165.83 | grasp100  70.0% | best 0.710 |     65 st/s
    done(50): success=33 t_flicker=16 t_touched=1
Ep  1300 | score  211.57 | avg100  162.11 | grasp100  67.0% | best 0.710 |     65 st/s
    done(50): success=34 t_flicker=16
Ep  1350 | score   99.51 | avg100  159.82 | grasp100  65.0% | best 0.710 |     64 st/s
    done(50): success=31 t_flicker=17 t_touched=1 t_no_reach=1
Ep  1400 | score   56.08 | avg100  164.31 | grasp100  71.0% | best 0.710 |     64 st/s
    done(50): success=40 t_flicker=8 t_touched=2
Ep  1450 | score  213.80 | avg100  174.15 | grasp100  75.0% | best 0.710 |     63 st/s
    done(50): success=35 t_flicker=14 t_touched=1
Ep  1480 | * BEST  level200=2.00 grasp200= 72.5% metric=0.725 | score  201.37
Ep  1489 | * BEST  level200=2.00 grasp200= 74.0% metric=0.740 | score  200.64
Ep  1500 | score  204.69 | avg100  173.53 | grasp100  75.0% | best 0.740 |     63 st/s
    done(50): success=40 t_flicker=8 t_touched=2
Ep  1529 | * BEST  level200=2.00 grasp200= 75.5% metric=0.755 | score  211.24
Ep  1537 | * BEST  level200=2.00 grasp200= 77.0% metric=0.770 | score  208.47
Ep  1550 | score    0.99 | avg100  164.49 | grasp100  77.0% | best 0.770 |     63 st/s
    done(50): success=37 t_flicker=9 t_touched=4
Ep  1600 | score  210.16 | avg100  149.09 | grasp100  68.0% | best 0.770 |     62 st/s
    done(50): success=31 t_flicker=14 t_touched=5
Ep  1650 | score  208.25 | avg100  165.16 | grasp100  73.0% | best 0.770 |     61 st/s
    done(50): success=42 t_flicker=6 t_touched=2
Ep  1700 | score  -40.54 | avg100  180.91 | grasp100  81.0% | best 0.770 |     61 st/s
    done(50): success=39 t_flicker=9 t_touched=2
Ep  1750 | score  205.94 | avg100  178.86 | grasp100  80.0% | best 0.770 |     60 st/s
    done(50): success=41 t_flicker=6 t_touched=3
Ep  1787 | * BEST  level200=2.00 grasp200= 78.5% metric=0.785 | score  208.66
Ep  1796 | * BEST  level200=2.00 grasp200= 80.0% metric=0.800 | score  207.61
Ep  1800 | score  -48.32 | avg100  175.53 | grasp100  78.0% | best 0.800 |     59 st/s
    done(50): success=37 t_flicker=10 t_touched=2 t_no_reach=1
Ep  1850 | score  211.10 | avg100  179.86 | grasp100  80.0% | best 0.800 |     59 st/s
    done(50): success=43 t_flicker=6 t_touched=1
Ep  1857 | * BEST  level200=2.00 grasp200= 81.5% metric=0.815 | score  213.60
Ep  1900 | score   58.90 | avg100  182.74 | grasp100  80.0% | best 0.815 |     58 st/s
    done(50): success=37 t_flicker=12 t_touched=1
Ep  1950 | score   61.10 | avg100  174.84 | grasp100  74.0% | best 0.815 |     57 st/s
    done(50): success=37 t_flicker=12 t_touched=1
Ep  2000 | score  207.99 | avg100  182.12 | grasp100  80.0% | best 0.815 |     57 st/s
    done(50): success=43 t_flicker=6 t_touched=1
Ep  2050 | score  195.89 | avg100  180.94 | grasp100  81.0% | best 0.815 |     56 st/s
    done(50): success=38 t_flicker=10 t_touched=2
  [primacy-bias reset of critic heads @ 50000 updates]
Ep  2100 | score   79.78 | avg100  105.86 | grasp100  49.0% | best 0.815 |     56 st/s
    done(50): success=11 t_flicker=12 t_touched=15 t_no_reach=12
Ep  2150 | score  207.61 | avg100   89.75 | grasp100  40.0% | best 0.815 |     56 st/s
    done(50): success=29 t_flicker=12 t_touched=9
Ep  2200 | score   49.80 | avg100  145.14 | grasp100  60.0% | best 0.815 |     56 st/s
    done(50): success=31 t_flicker=14 t_touched=4 t_no_reach=1
Ep  2250 | score   66.39 | avg100  159.34 | grasp100  67.0% | best 0.815 |     55 st/s
    done(50): success=36 t_flicker=11 t_touched=3
Ep  2300 | score   76.53 | avg100  168.96 | grasp100  72.0% | best 0.815 |     55 st/s
    done(50): success=36 t_flicker=12 t_touched=2
Ep  2350 | score  209.49 | avg100  165.94 | grasp100  71.0% | best 0.815 |     55 st/s
    done(50): success=35 t_flicker=14 t_touched=1
Ep  2400 | score  206.69 | avg100  166.55 | grasp100  71.0% | best 0.815 |     54 st/s
    done(50): success=36 t_flicker=12 t_touched=2
Ep  2450 | score  210.08 | avg100  185.42 | grasp100  83.0% | best 0.815 |     54 st/s
    done(50): success=47 t_flicker=2 t_touched=1
Ep  2500 | score  207.61 | avg100  192.53 | grasp100  88.0% | best 0.815 |     54 st/s
    done(50): success=41 t_flicker=6 t_touched=3
Ep  2540 | * BEST  level200=2.00 grasp200= 83.0% metric=0.830 | score  209.46
Ep  2550 | score  200.06 | avg100  187.12 | grasp100  84.0% | best 0.830 |     53 st/s
    done(50): success=43 t_flicker=7
Ep  2575 | * BEST  level200=2.00 grasp200= 84.5% metric=0.845 | score  210.94
Ep  2600 | score  210.11 | avg100  185.07 | grasp100  83.0% | best 0.845 |     53 st/s
    done(50): success=40 t_flicker=8 t_touched=2
Ep  2650 | score  204.83 | avg100  176.29 | grasp100  79.0% | best 0.845 |     53 st/s
    done(50): success=39 t_flicker=7 t_touched=4
Ep  2700 | score  202.51 | avg100  174.90 | grasp100  79.0% | best 0.845 |     53 st/s
    done(50): success=40 t_flicker=9 t_touched=1
Ep  2750 | score  202.04 | avg100  182.41 | grasp100  83.0% | best 0.845 |     52 st/s
    done(50): success=43 t_flicker=7
Ep  2800 | score  208.32 | avg100  184.92 | grasp100  84.0% | best 0.845 |     52 st/s
    done(50): success=41 t_flicker=7 t_touched=2
Ep  2850 | score  209.58 | avg100  184.49 | grasp100  83.0% | best 0.845 |     52 st/s
    done(50): success=42 t_flicker=7 t_touched=1
Ep  2900 | score  209.39 | avg100  185.74 | grasp100  85.0% | best 0.845 |     51 st/s
    done(50): success=43 t_flicker=5 t_touched=2
Ep  2950 | score  211.52 | avg100  183.79 | grasp100  85.0% | best 0.845 |     51 st/s
    done(50): success=42 t_flicker=7 t_touched=1
Ep  3000 | score  206.64 | avg100  185.87 | grasp100  85.0% | best 0.845 |     51 st/s
    done(50): success=43 t_flicker=6 t_touched=1
Ep  3005 | * BEST  level200=2.00 grasp200= 86.0% metric=0.860 | score  209.85
Ep  3050 | score  209.46 | avg100  184.18 | grasp100  84.0% | best 0.860 |     51 st/s
    done(50): success=41 t_flicker=8 t_touched=1
Ep  3100 | score  207.49 | avg100  184.22 | grasp100  84.0% | best 0.860 |     50 st/s
    done(50): success=43 t_flicker=7
Ep  3150 | score  208.00 | avg100  191.53 | grasp100  87.0% | best 0.860 |     50 st/s
    done(50): success=44 t_flicker=6
Ep  3200 | score  207.80 | avg100  187.30 | grasp100  83.0% | best 0.860 |     50 st/s
    done(50): success=39 t_flicker=9 t_touched=2
Ep  3250 | score  208.55 | avg100  188.12 | grasp100  85.0% | best 0.860 |     50 st/s
    done(50): success=46 t_flicker=3 t_touched=1
Ep  3300 | score  210.05 | avg100  191.37 | grasp100  89.0% | best 0.860 |     49 st/s
    done(50): success=43 t_flicker=6 t_touched=1
Ep  3350 | score  132.36 | avg100  184.99 | grasp100  82.0% | best 0.860 |     49 st/s
    done(50): success=39 t_flicker=10 t_touched=1
Ep  3385 | * BEST  level200=2.00 grasp200= 87.5% metric=0.875 | score  206.70
Ep  3400 | score  209.31 | avg100  193.79 | grasp100  87.0% | best 0.875 |     49 st/s
    done(50): success=48 t_flicker=2
  [primacy-bias reset of critic heads @ 75000 updates]
Ep  3408 | * BEST  level200=2.00 grasp200= 89.0% metric=0.890 | score  211.66
Ep  3450 | score   40.45 | avg100  158.58 | grasp100  71.0% | best 0.890 |     49 st/s
    done(50): success=23 t_flicker=14 t_touched=9 t_no_reach=4
Ep  3500 | score  209.79 | avg100  113.42 | grasp100  49.0% | best 0.890 |     49 st/s
    done(50): success=26 t_flicker=13 t_touched=4 t_no_reach=7
Ep  3550 | score  210.78 | avg100  141.10 | grasp100  63.0% | best 0.890 |     49 st/s
    done(50): success=37 t_flicker=10 t_touched=2 t_no_reach=1
Ep  3600 | score   84.32 | avg100  163.18 | grasp100  72.0% | best 0.890 |     49 st/s
    done(50): success=35 t_flicker=11 t_touched=3 t_no_reach=1
Ep  3650 | score   92.28 | avg100  165.21 | grasp100  73.0% | best 0.890 |     49 st/s
    done(50): success=38 t_flicker=10 t_touched=2
Ep  3700 | score  210.69 | avg100  181.86 | grasp100  83.0% | best 0.890 |     49 st/s
    done(50): success=45 t_flicker=3 t_touched=2
Ep  3750 | score   57.31 | avg100  180.38 | grasp100  82.0% | best 0.890 |     49 st/s
    done(50): success=37 t_flicker=9 t_touched=4
Ep  3800 | score  210.15 | avg100  166.17 | grasp100  76.0% | best 0.890 |     48 st/s
    done(50): success=39 t_flicker=7 t_touched=2 t_no_reach=2
Ep  3850 | score  210.32 | avg100  170.58 | grasp100  79.0% | best 0.890 |     48 st/s
    done(50): success=40 t_flicker=9 t_touched=1
Ep  3900 | score  208.65 | avg100  180.63 | grasp100  82.0% | best 0.890 |     48 st/s
    done(50): success=42 t_flicker=6 t_touched=2
Ep  3950 | score   44.65 | avg100  182.78 | grasp100  83.0% | best 0.890 |     48 st/s
    done(50): success=41 t_flicker=7 t_touched=2
Ep  4000 | score  209.11 | avg100  192.49 | grasp100  88.0% | best 0.890 |     48 st/s
    done(50): success=47 t_flicker=3
Ep  4050 | score  237.40 | avg100  198.73 | grasp100  93.0% | best 0.890 |     48 st/s
    done(50): success=46 t_flicker=2 t_touched=2
Ep  4079 | * BEST  level200=2.00 grasp200= 90.5% metric=0.905 | score  210.17
Ep  4100 | score  211.47 | avg100  196.60 | grasp100  92.0% | best 0.905 |     48 st/s
    done(50): success=46 t_flicker=4
Ep  4150 | score  204.36 | avg100  196.77 | grasp100  90.0% | best 0.905 |     47 st/s
    done(50): success=44 t_flicker=5 t_touched=1
Ep  4200 | score  209.95 | avg100  198.49 | grasp100  91.0% | best 0.905 |     47 st/s
    done(50): success=47 t_flicker=3
Ep  4204 | * BEST  level200=2.00 grasp200= 92.0% metric=0.920 | score  211.30
Ep  4250 | score  212.06 | avg100  193.45 | grasp100  90.0% | best 0.920 |     47 st/s
    done(50): success=43 t_flicker=6 t_touched=1
Ep  4300 | score  201.92 | avg100  184.32 | grasp100  83.0% | best 0.920 |     47 st/s
    done(50): success=40 t_flicker=8 t_touched=2
Ep  4350 | score  202.32 | avg100  188.24 | grasp100  85.0% | best 0.920 |     47 st/s
    done(50): success=45 t_flicker=5
Ep  4400 | score  209.28 | avg100  190.04 | grasp100  88.0% | best 0.920 |     47 st/s
    done(50): success=43 t_flicker=7
Ep  4450 | score  209.32 | avg100  192.38 | grasp100  88.0% | best 0.920 |     47 st/s
    done(50): success=45 t_flicker=4 t_touched=1
Ep  4500 | score  209.90 | avg100  200.57 | grasp100  92.0% | best 0.920 |     47 st/s
    done(50): success=47 t_flicker=3
Ep  4550 | score  207.35 | avg100  192.77 | grasp100  90.0% | best 0.920 |     47 st/s
    done(50): success=43 t_flicker=5 t_touched=2
Ep  4600 | score  211.84 | avg100  189.91 | grasp100  88.0% | best 0.920 |     47 st/s
    done(50): success=45 t_flicker=4 t_touched=1
Ep  4650 | score  208.47 | avg100  192.95 | grasp100  89.0% | best 0.920 |     47 st/s
    done(50): success=44 t_flicker=5 t_touched=1
Ep  4700 | score  202.43 | avg100  196.72 | grasp100  93.0% | best 0.920 |     47 st/s
    done(50): success=49 t_flicker=1

Target reached: 95.0% over 100 episodes at spawn level 2.0.

========================================================================
DONE  td3_ln_qat8_s1
  Episodes     : 4713
  Env steps    : 248,595  (5348s)
  Best metric  : 0.920  (policy in /home/fahim/Thesis_fahim/pickandplace/checkpoints/td3_grasp_rand_td3_ln_qat8_s1/best)
  Final grasp% : 95.0
  CSV          : /home/fahim/Thesis_fahim/pickandplace/logs/grasp_rand_td3_ln_qat8_s1/episodes.csv
  Probe CSV    : /home/fahim/Thesis_fahim/pickandplace/logs/grasp_rand_td3_ln_qat8_s1/probe.csv
  Manifest     : /home/fahim/Thesis_fahim/pickandplace/logs/grasp_rand_td3_ln_qat8_s1/manifest.json
========================================================================

