========================================================================
RANDOM-SPAWN GRASP RETRAINING  |  algo=td3_ln  run=td3_ln_qat8_s4
========================================================================
  Envs                : 5 (subprocess-parallel, fork)
  Spawn level         : 2.0 (1.0 = full position box, 2.0 = + z-rotation)
  Updates/vec-step    : 2 (0.400 per env-step; historical baseline 0.5)
  Buffer              : 200,000
  Network             : 64 -> 32  (5,216 weights)
  Warm start          : checkpoints/td3_grasp_rand_td3_ln_liftcert_phaseB_s2/best
  Checkpoints         : /home/fahim/Thesis_fahim/pickandplace/checkpoints/td3_grasp_rand_td3_ln_qat8_s4
========================================================================

Spawning 5 subprocess environments (fork)...
[robosuite WARNING] No private macro file found! (__init__.py:7)
[robosuite WARNING] It is recommended to use a private macro file (__init__.py:8)
[robosuite WARNING] To setup, run: python /home/fahim/Thesis_fahim/venv/lib/python3.12/site-packages/robosuite/scripts/setup_macros.py (__init__.py:9)
[robosuite WARNING] No private macro file found! (__init__.py:7)
[robosuite WARNING] It is recommended to use a private macro file (__init__.py:8)
[robosuite WARNING] To setup, run: python /home/fahim/Thesis_fahim/venv/lib/python3.12/site-packages/robosuite/scripts/setup_macros.py (__init__.py:9)
[robosuite WARNING] No private macro file found! (__init__.py:7)
[robosuite WARNING] It is recommended to use a private macro file (__init__.py:8)
[robosuite WARNING] To setup, run: python /home/fahim/Thesis_fahim/venv/lib/python3.12/site-packages/robosuite/scripts/setup_macros.py (__init__.py:9)
[robosuite WARNING] No private macro file found! (__init__.py:7)
[robosuite WARNING] It is recommended to use a private macro file (__init__.py:8)
[robosuite WARNING] To setup, run: python /home/fahim/Thesis_fahim/venv/lib/python3.12/site-packages/robosuite/scripts/setup_macros.py (__init__.py:9)
[robosuite WARNING] No private macro file found! (__init__.py:7)
[robosuite WARNING] It is recommended to use a private macro file (__init__.py:8)
[robosuite WARNING] To setup, run: python /home/fahim/Thesis_fahim/venv/lib/python3.12/site-packages/robosuite/scripts/setup_macros.py (__init__.py:9)
Gym has been unmaintained since 2022 and does not support NumPy 2.0 amongst other critical functionality.
Please upgrade to Gymnasium, the maintained drop-in replacement of Gym, or contact the authors of your software and request that they upgrade.
See the migration guide at https://gymnasium.farama.org/introduction/migration_guide/ for additional information.
Gym has been unmaintained since 2022 and does not support NumPy 2.0 amongst other critical functionality.
Please upgrade to Gymnasium, the maintained drop-in replacement of Gym, or contact the authors of your software and request that they upgrade.
See the migration guide at https://gymnasium.farama.org/introduction/migration_guide/ for additional information.
Gym has been unmaintained since 2022 and does not support NumPy 2.0 amongst other critical functionality.
Please upgrade to Gymnasium, the maintained drop-in replacement of Gym, or contact the authors of your software and request that they upgrade.
See the migration guide at https://gymnasium.farama.org/introduction/migration_guide/ for additional information.
Gym has been unmaintained since 2022 and does not support NumPy 2.0 amongst other critical functionality.
Please upgrade to Gymnasium, the maintained drop-in replacement of Gym, or contact the authors of your software and request that they upgrade.
See the migration guide at https://gymnasium.farama.org/introduction/migration_guide/ for additional information.
Gym has been unmaintained since 2022 and does not support NumPy 2.0 amongst other critical functionality.
Please upgrade to Gymnasium, the maintained drop-in replacement of Gym, or contact the authors of your software and request that they upgrade.
See the migration guide at https://gymnasium.farama.org/introduction/migration_guide/ for additional information.
/home/fahim/Thesis_fahim/venv/lib/python3.12/site-packages/gym/spaces/box.py:84: UserWarning: [33mWARN: Box bound precision lowered by casting to float32[0m
  logger.warn(f"Box bound precision lowered by casting to {self.dtype}")
/home/fahim/Thesis_fahim/venv/lib/python3.12/site-packages/gym/spaces/box.py:84: UserWarning: [33mWARN: Box bound precision lowered by casting to float32[0m
  logger.warn(f"Box bound precision lowered by casting to {self.dtype}")
/home/fahim/Thesis_fahim/venv/lib/python3.12/site-packages/gym/spaces/box.py:84: UserWarning: [33mWARN: Box bound precision lowered by casting to float32[0m
  logger.warn(f"Box bound precision lowered by casting to {self.dtype}")
/home/fahim/Thesis_fahim/venv/lib/python3.12/site-packages/gym/spaces/box.py:84: UserWarning: [33mWARN: Box bound precision lowered by casting to float32[0m
  logger.warn(f"Box bound precision lowered by casting to {self.dtype}")
/home/fahim/Thesis_fahim/venv/lib/python3.12/site-packages/gym/spaces/box.py:84: UserWarning: [33mWARN: Box bound precision lowered by casting to float32[0m
  logger.warn(f"Box bound precision lowered by casting to {self.dtype}")
Gym has been unmaintained since 2022 and does not support NumPy 2.0 amongst other critical functionality.
Please upgrade to Gymnasium, the maintained drop-in replacement of Gym, or contact the authors of your software and request that they upgrade.
See the migration guide at https://gymnasium.farama.org/introduction/migration_guide/ for additional information.
5 environments ready.

  Actor QAT           : per-tensor INT8 fake-quant, STE grads
  Actor weight clip   : |w| <= 8.0 * std(w) per Linear tensor (bi_s0 baseline fc1 9.96 / fc2 10.82)
Init: warm-started (source: /home/fahim/Thesis_fahim/pickandplace/checkpoints/td3_grasp_rand_td3_ln_liftcert_phaseB_s2/best)
Fresh replay buffer.

Training...

Ep    50 | score   53.22 | avg100  145.89 | grasp100  56.0% | best 0.000 |     72 st/s
    done(50): success=28 t_flicker=20 t_touched=2
Ep   100 | score   85.53 | avg100  140.62 | grasp100  54.0% | best 0.000 |     73 st/s
    done(50): success=26 t_flicker=22 t_touched=2
Ep   150 | score  209.51 | avg100  155.08 | grasp100  63.0% | best 0.000 |     60 st/s
    done(50): success=37 t_flicker=11 t_touched=2
Ep   200 | * BEST  level200=2.00 grasp200= 61.5% metric=0.615 | score  206.83
Ep   250 | score   93.06 | avg100  148.03 | grasp100  57.0% | best 0.615 |     51 st/s
    done(50): success=25 t_flicker=23 t_touched=2
Ep   300 | score   59.73 | avg100  130.58 | grasp100  46.0% | best 0.615 |     50 st/s
    done(50): success=21 t_flicker=26 t_touched=3
Ep   350 | score   53.05 | avg100  126.55 | grasp100  44.0% | best 0.615 |     49 st/s
    done(50): success=23 t_flicker=24 t_touched=3
Ep   400 | score   51.22 | avg100  125.43 | grasp100  44.0% | best 0.615 |     49 st/s
    done(50): success=21 t_flicker=27 t_touched=2
Ep   450 | score  266.24 | avg100  132.70 | grasp100  49.0% | best 0.615 |     48 st/s
    done(50): success=28 t_flicker=17 t_touched=5
Ep   500 | score  204.35 | avg100  143.56 | grasp100  55.0% | best 0.615 |     48 st/s
    done(50): success=27 t_flicker=18 t_touched=5
Ep   550 | score  208.54 | avg100  148.09 | grasp100  60.0% | best 0.615 |     48 st/s
    done(50): success=33 t_flicker=15 t_touched=2
Ep   600 | score  168.85 | avg100  154.79 | grasp100  65.0% | best 0.615 |     48 st/s
    done(50): success=32 t_flicker=15 t_touched=3
Ep   633 | * BEST  level200=2.00 grasp200= 63.0% metric=0.630 | score  209.30
Ep   641 | * BEST  level200=2.00 grasp200= 64.5% metric=0.645 | score  210.71
Ep   650 | score  208.01 | avg100  162.45 | grasp100  67.0% | best 0.645 |     47 st/s
    done(50): success=35 t_flicker=14 t_touched=1
Ep   681 | * BEST  level200=2.00 grasp200= 66.0% metric=0.660 | score  202.08
Ep   700 | score  208.56 | avg100  164.92 | grasp100  68.0% | best 0.660 |     47 st/s
    done(50): success=33 t_flicker=16 t_touched=1
Ep   750 | score  208.88 | avg100  147.86 | grasp100  61.0% | best 0.660 |     47 st/s
    done(50): success=28 t_flicker=19 t_touched=3
Ep   800 | score   59.23 | avg100  145.46 | grasp100  62.0% | best 0.660 |     47 st/s
    done(50): success=34 t_flicker=14 t_touched=2
Ep   816 | * BEST  level200=2.00 grasp200= 67.5% metric=0.675 | score  240.29
Ep   850 | score  211.50 | avg100  160.30 | grasp100  72.0% | best 0.675 |     47 st/s
    done(50): success=38 t_flicker=9 t_touched=3
Ep   893 | * BEST  level200=2.00 grasp200= 69.0% metric=0.690 | score  212.13
Ep   900 | score  195.93 | avg100  170.12 | grasp100  78.0% | best 0.690 |     46 st/s
    done(50): success=40 t_flicker=9 t_touched=1
Ep   904 | * BEST  level200=2.00 grasp200= 70.5% metric=0.705 | score  217.88
Ep   910 | * BEST  level200=2.00 grasp200= 72.0% metric=0.720 | score  207.16
Ep   920 | * BEST  level200=2.00 grasp200= 73.5% metric=0.735 | score  210.89
Ep   950 | score  209.35 | avg100  171.95 | grasp100  77.0% | best 0.735 |     46 st/s
    done(50): success=37 t_flicker=8 t_touched=5
Ep   956 | * BEST  level200=2.00 grasp200= 75.0% metric=0.750 | score  206.54
Ep  1000 | score  208.33 | avg100  166.61 | grasp100  72.0% | best 0.750 |     46 st/s
    done(50): success=35 t_flicker=8 t_touched=7
Ep  1019 | * BEST  level200=2.00 grasp200= 76.5% metric=0.765 | score  196.08
Ep  1040 | * BEST  level200=2.00 grasp200= 78.0% metric=0.780 | score  213.84
Ep  1050 | score  207.74 | avg100  180.01 | grasp100  81.0% | best 0.780 |     45 st/s
    done(50): success=46 t_flicker=4
Ep  1051 | * BEST  level200=2.00 grasp200= 79.5% metric=0.795 | score  212.12
Ep  1062 | * BEST  level200=2.00 grasp200= 81.0% metric=0.810 | score  209.97
Ep  1100 | score  205.08 | avg100  183.59 | grasp100  84.0% | best 0.810 |     45 st/s
    done(50): success=38 t_flicker=8 t_touched=4
Ep  1150 | score  201.78 | avg100  176.22 | grasp100  78.0% | best 0.810 |     45 st/s
    done(50): success=40 t_flicker=5 t_touched=5
  [primacy-bias reset of critic heads @ 25000 updates]
Ep  1200 | score   56.69 | avg100  113.24 | grasp100  46.0% | best 0.810 |     46 st/s
    done(50): success=6 t_flicker=17 t_touched=19 t_no_reach=8
Ep  1250 | score   53.44 | avg100   64.35 | grasp100  19.0% | best 0.810 |     46 st/s
    done(50): success=13 t_flicker=19 t_touched=17 t_no_reach=1
Ep  1300 | score  210.14 | avg100  108.78 | grasp100  39.0% | best 0.810 |     46 st/s
    done(50): success=26 t_flicker=18 t_touched=6
Ep  1350 | score   63.71 | avg100  141.07 | grasp100  55.0% | best 0.810 |     46 st/s
    done(50): success=29 t_flicker=18 t_touched=3
Ep  1400 | score  208.44 | avg100  161.91 | grasp100  65.0% | best 0.810 |     46 st/s
    done(50): success=36 t_flicker=13 t_touched=1
Ep  1450 | score  210.73 | avg100  179.57 | grasp100  76.0% | best 0.810 |     46 st/s
    done(50): success=40 t_flicker=7 t_touched=2 t_no_reach=1
Ep  1500 | score  207.30 | avg100  172.90 | grasp100  72.0% | best 0.810 |     46 st/s
    done(50): success=32 t_flicker=16 t_touched=2
Ep  1550 | score  201.10 | avg100  173.75 | grasp100  72.0% | best 0.810 |     46 st/s
    done(50): success=40 t_flicker=10
Ep  1600 | score   76.92 | avg100  181.99 | grasp100  80.0% | best 0.810 |     46 st/s
    done(50): success=40 t_flicker=8 t_touched=1 t_no_reach=1
Ep  1650 | score   92.24 | avg100  169.24 | grasp100  72.0% | best 0.810 |     46 st/s
    done(50): success=32 t_flicker=13 t_touched=5
Ep  1700 | score   95.90 | avg100  157.07 | grasp100  62.0% | best 0.810 |     46 st/s
    done(50): success=30 t_flicker=15 t_touched=5
Ep  1750 | score  204.92 | avg100  159.51 | grasp100  65.0% | best 0.810 |     46 st/s
    done(50): success=35 t_flicker=10 t_touched=5
Ep  1800 | score   52.89 | avg100  172.91 | grasp100  75.0% | best 0.810 |     46 st/s
    done(50): success=40 t_flicker=6 t_touched=3 t_no_reach=1
Ep  1850 | score   19.23 | avg100  172.78 | grasp100  73.0% | best 0.810 |     46 st/s
    done(50): success=33 t_flicker=11 t_touched=6
Ep  1900 | score  209.74 | avg100  167.24 | grasp100  67.0% | best 0.810 |     46 st/s
    done(50): success=34 t_flicker=14 t_touched=2
Ep  1950 | score  209.41 | avg100  177.96 | grasp100  73.0% | best 0.810 |     46 st/s
    done(50): success=39 t_flicker=10 t_touched=1
Ep  2000 | score  204.03 | avg100  179.53 | grasp100  76.0% | best 0.810 |     46 st/s
    done(50): success=37 t_flicker=10 t_touched=2 t_no_reach=1
Ep  2050 | score   65.09 | avg100  168.95 | grasp100  74.0% | best 0.810 |     46 st/s
    done(50): success=37 t_flicker=10 t_touched=3
Ep  2100 | score   40.07 | avg100  170.61 | grasp100  76.0% | best 0.810 |     45 st/s
    done(50): success=39 t_flicker=10 t_touched=1
  [primacy-bias reset of critic heads @ 50000 updates]
Ep  2150 | score  -55.25 | avg100  144.77 | grasp100  69.0% | best 0.810 |     46 st/s
    done(50): success=30 t_flicker=5 t_touched=4 t_no_reach=11
Ep  2200 | score   74.34 | avg100   75.85 | grasp100  33.0% | best 0.810 |     46 st/s
    done(50): success=3 t_flicker=32 t_touched=13 t_no_reach=2
Ep  2250 | score   74.35 | avg100   88.33 | grasp100  32.0% | best 0.810 |     47 st/s
    done(50): success=29 t_flicker=14 t_touched=6 t_no_reach=1
Ep  2300 | score  208.68 | avg100  137.25 | grasp100  57.0% | best 0.810 |     47 st/s
    done(50): success=28 t_flicker=17 t_touched=4 t_no_reach=1
Ep  2350 | score  211.55 | avg100  140.07 | grasp100  57.0% | best 0.810 |     47 st/s
    done(50): success=29 t_flicker=18 t_touched=3
Ep  2400 | score   86.44 | avg100  146.11 | grasp100  56.0% | best 0.810 |     47 st/s
    done(50): success=27 t_flicker=19 t_touched=4
Ep  2450 | score  213.34 | avg100  152.20 | grasp100  61.0% | best 0.810 |     47 st/s
    done(50): success=34 t_flicker=13 t_touched=3
Ep  2500 | score  208.91 | avg100  167.20 | grasp100  74.0% | best 0.810 |     47 st/s
    done(50): success=40 t_flicker=8 t_touched=2
Ep  2550 | score  210.95 | avg100  181.93 | grasp100  79.0% | best 0.810 |     47 st/s
    done(50): success=39 t_flicker=11
Ep  2600 | score  208.69 | avg100  187.31 | grasp100  81.0% | best 0.810 |     46 st/s
    done(50): success=42 t_flicker=6 t_touched=2
Ep  2634 | * BEST  level200=2.00 grasp200= 82.5% metric=0.825 | score  207.63
Ep  2643 | * BEST  level200=2.00 grasp200= 84.0% metric=0.840 | score  209.01
Ep  2650 | score  211.86 | avg100  195.39 | grasp100  88.0% | best 0.840 |     46 st/s
    done(50): success=46 t_flicker=3 t_touched=1
Ep  2700 | score  196.88 | avg100  189.41 | grasp100  86.0% | best 0.840 |     46 st/s
    done(50): success=40 t_flicker=8 t_touched=2
Ep  2728 | * BEST  level200=2.00 grasp200= 85.5% metric=0.855 | score  207.87
Ep  2736 | * BEST  level200=2.00 grasp200= 87.0% metric=0.870 | score  200.80
Ep  2750 | score   62.66 | avg100  183.93 | grasp100  84.0% | best 0.870 |     46 st/s
    done(50): success=44 t_flicker=5 t_touched=1
Ep  2800 | score  208.62 | avg100  189.60 | grasp100  88.0% | best 0.870 |     46 st/s
    done(50): success=44 t_flicker=5 t_touched=1
Ep  2850 | score  208.23 | avg100  176.49 | grasp100  80.0% | best 0.870 |     46 st/s
    done(50): success=36 t_flicker=11 t_touched=3
Ep  2900 | score  195.16 | avg100  176.07 | grasp100  78.0% | best 0.870 |     46 st/s
    done(50): success=42 t_flicker=8
Ep  2950 | score  198.38 | avg100  174.97 | grasp100  80.0% | best 0.870 |     46 st/s
    done(50): success=38 t_flicker=7 t_touched=5
Ep  3000 | score  206.04 | avg100  173.04 | grasp100  80.0% | best 0.870 |     46 st/s
    done(50): success=42 t_flicker=7 t_touched=1
Ep  3050 | score  197.05 | avg100  178.46 | grasp100  79.0% | best 0.870 |     46 st/s
    done(50): success=37 t_flicker=11 t_touched=2
Ep  3100 | score   54.59 | avg100  176.91 | grasp100  78.0% | best 0.870 |     46 st/s
    done(50): success=41 t_flicker=7 t_touched=2
Ep  3150 | score  211.06 | avg100  184.33 | grasp100  83.0% | best 0.870 |     46 st/s
    done(50): success=42 t_flicker=6 t_touched=2
Ep  3200 | score  206.30 | avg100  185.35 | grasp100  84.0% | best 0.870 |     46 st/s
    done(50): success=42 t_flicker=5 t_touched=3
Ep  3250 | score  200.07 | avg100  185.50 | grasp100  85.0% | best 0.870 |     46 st/s
    done(50): success=43 t_flicker=6 t_no_reach=1
  [primacy-bias reset of critic heads @ 75000 updates]
Ep  3300 | score  -78.46 | avg100   64.00 | grasp100  44.0% | best 0.870 |     47 st/s
    done(50): success=1 t_flicker=2 t_touched=6 t_no_reach=41
Ep  3350 | score   89.61 | avg100  -17.85 | grasp100  12.0% | best 0.870 |     47 st/s
    done(50): success=11 t_flicker=10 t_touched=11 t_no_reach=18
Ep  3400 | score  212.99 | avg100   68.77 | grasp100  33.0% | best 0.870 |     48 st/s
    done(50): success=22 t_flicker=18 t_touched=10
Ep  3450 | score  207.72 | avg100  130.54 | grasp100  52.0% | best 0.870 |     48 st/s
    done(50): success=30 t_flicker=16 t_touched=4
Ep  3500 | score  208.81 | avg100  149.24 | grasp100  62.0% | best 0.870 |     48 st/s
    done(50): success=32 t_flicker=15 t_touched=3
Ep  3550 | score  207.14 | avg100  147.27 | grasp100  62.0% | best 0.870 |     48 st/s
    done(50): success=30 t_flicker=15 t_touched=2 t_no_reach=3
Ep  3600 | score  207.85 | avg100  148.03 | grasp100  66.0% | best 0.870 |     48 st/s
    done(50): success=36 t_flicker=7 t_touched=4 t_no_reach=3
Ep  3650 | score  208.26 | avg100  157.72 | grasp100  72.0% | best 0.870 |     48 st/s
    done(50): success=36 t_flicker=12 t_touched=1 t_no_reach=1
Ep  3700 | score   70.25 | avg100  159.10 | grasp100  69.0% | best 0.870 |     48 st/s
    done(50): success=33 t_flicker=14 t_touched=2 t_no_reach=1
Ep  3750 | score  234.72 | avg100  173.21 | grasp100  77.0% | best 0.870 |     48 st/s
    done(50): success=44 t_flicker=5 t_touched=1
Ep  3800 | score  199.45 | avg100  190.71 | grasp100  86.0% | best 0.870 |     48 st/s
    done(50): success=42 t_flicker=5 t_touched=3
Ep  3850 | score  208.87 | avg100  191.99 | grasp100  87.0% | best 0.870 |     48 st/s
    done(50): success=45 t_flicker=2 t_touched=3
Ep  3900 | score   78.40 | avg100  193.95 | grasp100  89.0% | best 0.870 |     48 st/s
    done(50): success=44 t_flicker=4 t_touched=2
Ep  3950 | score  200.30 | avg100  192.03 | grasp100  88.0% | best 0.870 |     48 st/s
    done(50): success=44 t_flicker=4 t_touched=2
Ep  3957 | * BEST  level200=2.00 grasp200= 88.5% metric=0.885 | score  210.02
Ep  4000 | score  206.01 | avg100  188.00 | grasp100  86.0% | best 0.885 |     48 st/s
    done(50): success=42 t_flicker=7 t_touched=1
Ep  4050 | score  208.68 | avg100  192.18 | grasp100  89.0% | best 0.885 |     48 st/s
    done(50): success=47 t_flicker=1 t_touched=2
Ep  4100 | score  119.52 | avg100  194.57 | grasp100  89.0% | best 0.885 |     48 st/s
    done(50): success=42 t_flicker=7 t_touched=1
Ep  4150 | score  -20.16 | avg100  188.08 | grasp100  84.0% | best 0.885 |     48 st/s
    done(50): success=42 t_flicker=5 t_touched=3
Ep  4200 | score  212.34 | avg100  189.79 | grasp100  88.0% | best 0.885 |     48 st/s
    done(50): success=46 t_flicker=3 t_touched=1
  [primacy-bias reset of critic heads @ 100000 updates]
Ep  4250 | score  -62.12 | avg100   92.15 | grasp100  55.0% | best 0.885 |     48 st/s
    done(50): success=9 t_flicker=2 t_touched=6 t_no_reach=33
Ep  4300 | score  210.60 | avg100   49.53 | grasp100  33.0% | best 0.885 |     48 st/s
    done(50): success=24 t_flicker=16 t_touched=4 t_no_reach=6
Ep  4350 | score  208.52 | avg100  145.66 | grasp100  65.0% | best 0.885 |     48 st/s
    done(50): success=41 t_flicker=6 t_touched=3
Ep  4400 | score  210.26 | avg100  178.83 | grasp100  81.0% | best 0.885 |     48 st/s
    done(50): success=40 t_flicker=9 t_touched=1
Ep  4450 | score  208.27 | avg100  187.20 | grasp100  86.0% | best 0.885 |     48 st/s
    done(50): success=46 t_flicker=4
Ep  4500 | score   33.70 | avg100  189.01 | grasp100  86.0% | best 0.885 |     48 st/s
    done(50): success=40 t_flicker=9 t_touched=1
Ep  4550 | score  210.81 | avg100  172.19 | grasp100  78.0% | best 0.885 |     48 st/s
    done(50): success=38 t_flicker=7 t_touched=5
Ep  4600 | score  222.04 | avg100  171.86 | grasp100  75.0% | best 0.885 |     48 st/s
    done(50): success=37 t_flicker=11 t_touched=2
Ep  4650 | score  205.23 | avg100  184.70 | grasp100  82.0% | best 0.885 |     48 st/s
    done(50): success=45 t_flicker=3 t_touched=2
Ep  4700 | score  214.44 | avg100  188.32 | grasp100  87.0% | best 0.885 |     48 st/s
    done(50): success=42 t_flicker=7 t_touched=1
Ep  4750 | score  208.88 | avg100  187.41 | grasp100  86.0% | best 0.885 |     48 st/s
    done(50): success=44 t_flicker=5 t_touched=1
Ep  4800 | score  217.37 | avg100  189.93 | grasp100  87.0% | best 0.885 |     48 st/s
    done(50): success=43 t_flicker=5 t_touched=2
Ep  4850 | score   17.48 | avg100  193.94 | grasp100  89.0% | best 0.885 |     48 st/s
    done(50): success=46 t_flicker=3 t_touched=1
Ep  4900 | score  -51.08 | avg100  180.86 | grasp100  81.0% | best 0.885 |     48 st/s
    done(50): success=35 t_flicker=12 t_touched=3
Ep  4950 | score  244.08 | avg100  173.96 | grasp100  76.0% | best 0.885 |     48 st/s
    done(50): success=41 t_flicker=7 t_touched=2
Ep  5000 | score  199.04 | avg100  179.86 | grasp100  79.0% | best 0.885 |     48 st/s
    done(50): success=38 t_flicker=11 t_touched=1
Ep  5050 | score  204.93 | avg100  178.08 | grasp100  76.0% | best 0.885 |     48 st/s
    done(50): success=38 t_flicker=9 t_touched=3
Ep  5100 | score  212.03 | avg100  184.75 | grasp100  80.0% | best 0.885 |     48 st/s
    done(50): success=42 t_flicker=8
Ep  5150 | score  233.38 | avg100  173.47 | grasp100  75.0% | best 0.885 |     48 st/s
    done(50): success=33 t_flicker=14 t_touched=3
Ep  5200 | score  265.38 | avg100  163.26 | grasp100  70.0% | best 0.885 |     48 st/s
    done(50): success=37 t_flicker=12 t_touched=1
Ep  5250 | score  205.91 | avg100  169.59 | grasp100  72.0% | best 0.885 |     48 st/s
    done(50): success=35 t_flicker=11 t_touched=4
Ep  5300 | score  208.96 | avg100  176.72 | grasp100  75.0% | best 0.885 |     48 st/s
    done(50): success=40 t_flicker=9 t_touched=1
Ep  5350 | score  233.65 | avg100  177.34 | grasp100  77.0% | best 0.885 |     48 st/s
    done(50): success=37 t_flicker=11 t_touched=2
  [primacy-bias reset of critic heads @ 125000 updates]
Ep  5400 | score   31.87 | avg100  174.14 | grasp100  76.0% | best 0.885 |     48 st/s
    done(50): success=39 t_flicker=6 t_touched=5
Ep  5450 | score   63.86 | avg100   63.64 | grasp100  39.0% | best 0.885 |     49 st/s
    done(50): t_flicker=10 t_touched=6 t_no_reach=34
Ep  5500 | score  209.93 | avg100   40.60 | grasp100  29.0% | best 0.885 |     49 st/s
    done(50): success=29 t_flicker=11 t_touched=7 t_no_reach=3
Ep  5550 | score  208.53 | avg100  145.69 | grasp100  66.0% | best 0.885 |     49 st/s
    done(50): success=37 t_flicker=6 t_touched=6 t_no_reach=1
Ep  5600 | score   53.77 | avg100  175.95 | grasp100  79.0% | best 0.885 |     49 st/s
    done(50): success=42 t_flicker=8
Ep  5650 | score  -57.70 | avg100  186.62 | grasp100  83.0% | best 0.885 |     49 st/s
    done(50): success=41 t_flicker=7 t_touched=2
Ep  5700 | score  212.69 | avg100  183.22 | grasp100  82.0% | best 0.885 |     49 st/s
    done(50): success=41 t_flicker=6 t_touched=3
Ep  5750 | score  206.61 | avg100  182.79 | grasp100  82.0% | best 0.885 |     49 st/s
    done(50): success=41 t_flicker=6 t_touched=2 t_no_reach=1
Ep  5800 | score  212.20 | avg100  183.57 | grasp100  84.0% | best 0.885 |     49 st/s
    done(50): success=43 t_flicker=6 t_touched=1
Ep  5850 | score   92.27 | avg100  190.70 | grasp100  87.0% | best 0.885 |     49 st/s
    done(50): success=44 t_flicker=5 t_touched=1
Ep  5900 | score  207.41 | avg100  197.20 | grasp100  90.0% | best 0.885 |     49 st/s
    done(50): success=46 t_flicker=4
Ep  5924 | * BEST  level200=2.00 grasp200= 90.0% metric=0.900 | score  209.10
Ep  5950 | score  216.17 | avg100  196.48 | grasp100  91.0% | best 0.900 |     49 st/s
    done(50): success=45 t_flicker=5
Ep  6000 | score  208.31 | avg100  191.88 | grasp100  88.0% | best 0.900 |     49 st/s
    done(50): success=43 t_flicker=6 t_touched=1

========================================================================
DONE  td3_ln_qat8_s4
  Episodes     : 6000
  Env steps    : 351,660  (7183s)
  Best metric  : 0.900  (policy in /home/fahim/Thesis_fahim/pickandplace/checkpoints/td3_grasp_rand_td3_ln_qat8_s4/best)
  Final grasp% : 88.0
  CSV          : /home/fahim/Thesis_fahim/pickandplace/logs/grasp_rand_td3_ln_qat8_s4/episodes.csv
  Probe CSV    : /home/fahim/Thesis_fahim/pickandplace/logs/grasp_rand_td3_ln_qat8_s4/probe.csv
  Manifest     : /home/fahim/Thesis_fahim/pickandplace/logs/grasp_rand_td3_ln_qat8_s4/manifest.json
========================================================================

