[robosuite WARNING] No private macro file found! (__init__.py:7)
[robosuite WARNING] It is recommended to use a private macro file (__init__.py:8)
[robosuite WARNING] To setup, run: python /home/fahim/Thesis_fahim/venv/lib/python3.12/site-packages/robosuite/scripts/setup_macros.py (__init__.py:9)
Gym has been unmaintained since 2022 and does not support NumPy 2.0 amongst other critical functionality.
Please upgrade to Gymnasium, the maintained drop-in replacement of Gym, or contact the authors of your software and request that they upgrade.
See the migration guide at https://gymnasium.farama.org/introduction/migration_guide/ for additional information.
/home/fahim/Thesis_fahim/venv/lib/python3.12/site-packages/gym/spaces/box.py:84: UserWarning: [33mWARN: Box bound precision lowered by casting to float32[0m
  logger.warn(f"Box bound precision lowered by casting to {self.dtype}")
wrote Results/reward_audit/gripfix_s2_explore.csv

====================================================================================================
REWARD AUDIT  |  checkpoints/td3_grasp_rand_td3_ln_gripfix_s2/best
400 episodes, spawn level 2.0, seed 7, action noise 0.2
====================================================================================================
outcome                           n     %      reach  grip_clos  grasp_hol  success_b  partial_c  align_sha       idle       drop       away
--------------------------------------------------------------------------------------------------------------------------------------------
CERTIFIED                       290 72.5%       18.9        2.6       84.4      150.0        0.0        0.0      -10.7       -0.9       -0.1
slip (gripped, lift failed)      76 19.0%       28.3        5.8       96.7        0.0       12.9        0.0      -15.7       -3.1       -0.5
never gripped (timeout)          15  3.8%      129.0       23.1        0.0        0.0        0.0        0.0      -80.0        0.0      -18.0
touched (timeout)                14  3.5%      107.5       17.2       47.1        0.0        0.0        0.0      -80.0       -6.4      -26.2
flicker (>=3 drops, timeout)      5  1.2%      108.1       18.6      140.0        0.0        0.0        0.0      -80.0      -22.0      -14.3
--------------------------------------------------------------------------------------------------------------------------------------------

outcome                          steps   drops    held       TOTAL   DISCOUNTED
-------------------------------------------------------------------------------
CERTIFIED                           27     0.2     8.4       244.2        191.6
slip (gripped, lift failed)         39     0.6     9.7       124.3         89.5
never gripped (timeout)            200     0.0     0.0        54.1         30.2
touched (timeout)                  200     1.3     4.7        59.3         44.2
flicker (>=3 drops, timeout)       200     4.4    14.0       150.5         98.4
