========================================================================
RANDOM-SPAWN GRASP RETRAINING  |  algo=td3_ln  run=td3_ln_long60k_s0
========================================================================
  Envs                : 5 (subprocess-parallel, fork)
  Spawn level         : 2.0 (1.0 = full position box, 2.0 = + z-rotation)
  Updates/vec-step    : 2 (0.400 per env-step; historical baseline 0.5)
  Buffer              : 200,000
  Actor               : 64 -> 32  (5,216 weights)
  Warm start          : checkpoints/td3_grasp_rand_td3_ln_smallc64_s5/best
  Checkpoints         : /home/fahim/Thesis_fahim/pickandplace/checkpoints/td3_grasp_rand_td3_ln_long60k_s0
========================================================================

Spawning 5 subprocess environments (fork)...
[robosuite WARNING] No private macro file found! (__init__.py:7)
[robosuite WARNING] No private macro file found! (__init__.py:7)
[robosuite WARNING] It is recommended to use a private macro file (__init__.py:8)
[robosuite WARNING] No private macro file found! (__init__.py:7)
[robosuite WARNING] It is recommended to use a private macro file (__init__.py:8)
[robosuite WARNING] To setup, run: python /home/fahim/Thesis_fahim/venv/lib/python3.12/site-packages/robosuite/scripts/setup_macros.py (__init__.py:9)
[robosuite WARNING] To setup, run: python /home/fahim/Thesis_fahim/venv/lib/python3.12/site-packages/robosuite/scripts/setup_macros.py (__init__.py:9)
[robosuite WARNING] It is recommended to use a private macro file (__init__.py:8)
[robosuite WARNING] To setup, run: python /home/fahim/Thesis_fahim/venv/lib/python3.12/site-packages/robosuite/scripts/setup_macros.py (__init__.py:9)
[robosuite WARNING] No private macro file found! (__init__.py:7)
[robosuite WARNING] No private macro file found! (__init__.py:7)
[robosuite WARNING] It is recommended to use a private macro file (__init__.py:8)
[robosuite WARNING] It is recommended to use a private macro file (__init__.py:8)
[robosuite WARNING] To setup, run: python /home/fahim/Thesis_fahim/venv/lib/python3.12/site-packages/robosuite/scripts/setup_macros.py (__init__.py:9)
[robosuite WARNING] To setup, run: python /home/fahim/Thesis_fahim/venv/lib/python3.12/site-packages/robosuite/scripts/setup_macros.py (__init__.py:9)
Gym has been unmaintained since 2022 and does not support NumPy 2.0 amongst other critical functionality.
Please upgrade to Gymnasium, the maintained drop-in replacement of Gym, or contact the authors of your software and request that they upgrade.
See the migration guide at https://gymnasium.farama.org/introduction/migration_guide/ for additional information.
Gym has been unmaintained since 2022 and does not support NumPy 2.0 amongst other critical functionality.
Please upgrade to Gymnasium, the maintained drop-in replacement of Gym, or contact the authors of your software and request that they upgrade.
See the migration guide at https://gymnasium.farama.org/introduction/migration_guide/ for additional information.Gym has been unmaintained since 2022 and does not support NumPy 2.0 amongst other critical functionality.
Please upgrade to Gymnasium, the maintained drop-in replacement of Gym, or contact the authors of your software and request that they upgrade.
See the migration guide at https://gymnasium.farama.org/introduction/migration_guide/ for additional information.

Gym has been unmaintained since 2022 and does not support NumPy 2.0 amongst other critical functionality.
Please upgrade to Gymnasium, the maintained drop-in replacement of Gym, or contact the authors of your software and request that they upgrade.
See the migration guide at https://gymnasium.farama.org/introduction/migration_guide/ for additional information.
Gym has been unmaintained since 2022 and does not support NumPy 2.0 amongst other critical functionality.
Please upgrade to Gymnasium, the maintained drop-in replacement of Gym, or contact the authors of your software and request that they upgrade.
See the migration guide at https://gymnasium.farama.org/introduction/migration_guide/ for additional information.
/home/fahim/Thesis_fahim/venv/lib/python3.12/site-packages/gym/spaces/box.py:84: UserWarning: [33mWARN: Box bound precision lowered by casting to float32[0m
  logger.warn(f"Box bound precision lowered by casting to {self.dtype}")
/home/fahim/Thesis_fahim/venv/lib/python3.12/site-packages/gym/spaces/box.py:84: UserWarning: [33mWARN: Box bound precision lowered by casting to float32[0m
  logger.warn(f"Box bound precision lowered by casting to {self.dtype}")
/home/fahim/Thesis_fahim/venv/lib/python3.12/site-packages/gym/spaces/box.py:84: UserWarning: [33mWARN: Box bound precision lowered by casting to float32[0m
  logger.warn(f"Box bound precision lowered by casting to {self.dtype}")
/home/fahim/Thesis_fahim/venv/lib/python3.12/site-packages/gym/spaces/box.py:84: UserWarning: [33mWARN: Box bound precision lowered by casting to float32[0m
  logger.warn(f"Box bound precision lowered by casting to {self.dtype}")
/home/fahim/Thesis_fahim/venv/lib/python3.12/site-packages/gym/spaces/box.py:84: UserWarning: [33mWARN: Box bound precision lowered by casting to float32[0m
  logger.warn(f"Box bound precision lowered by casting to {self.dtype}")
Gym has been unmaintained since 2022 and does not support NumPy 2.0 amongst other critical functionality.
Please upgrade to Gymnasium, the maintained drop-in replacement of Gym, or contact the authors of your software and request that they upgrade.
See the migration guide at https://gymnasium.farama.org/introduction/migration_guide/ for additional information.
5 environments ready.

  Actor QAT           : per-tensor INT8 fake-quant, STE grads
  Actor weight clip   : |w| <= 8.0 * std(w) per Linear tensor (bi_s0 baseline fc1 9.96 / fc2 10.82)
Init: warm-started (source: /home/fahim/Thesis_fahim/pickandplace/checkpoints/td3_grasp_rand_td3_ln_smallc64_s5/best)
Fresh replay buffer.

Training...

Ep    50 | score  211.31 | avg100  201.95 | grasp100  94.0% | best 0.000 |     65 st/s
    done(50): success=47 t_flicker=3
Ep   100 | score  209.42 | avg100  201.66 | grasp100  93.0% | best 0.000 |     65 st/s
    done(50): success=46 t_flicker=4
Ep   150 | score  208.22 | avg100  200.71 | grasp100  92.0% | best 0.000 |     64 st/s
    done(50): success=46 t_flicker=3 t_touched=1
Ep   200 | * BEST  level200=2.00 grasp200= 92.5% metric=0.925 | score  206.70
Ep   250 | score  208.51 | avg100  178.24 | grasp100  81.0% | best 0.925 |     58 st/s
    done(50): success=35 t_flicker=9 t_touched=6
Ep   300 | score  208.18 | avg100  163.87 | grasp100  73.0% | best 0.925 |     57 st/s
    done(50): success=38 t_flicker=6 t_touched=6
Ep   350 | score  -43.47 | avg100  176.46 | grasp100  81.0% | best 0.925 |     56 st/s
    done(50): success=43 t_flicker=3 t_touched=4
Ep   400 | score   69.67 | avg100  177.20 | grasp100  82.0% | best 0.925 |     56 st/s
    done(50): success=39 t_flicker=8 t_touched=3
Ep   450 | score  210.37 | avg100  178.17 | grasp100  81.0% | best 0.925 |     55 st/s
    done(50): success=42 t_flicker=6 t_touched=2
Ep   500 | score  209.23 | avg100  181.96 | grasp100  81.0% | best 0.925 |     54 st/s
    done(50): success=39 t_flicker=9 t_touched=2
Ep   550 | score  204.59 | avg100  178.03 | grasp100  80.0% | best 0.925 |     54 st/s
    done(50): success=41 t_flicker=6 t_touched=2 t_no_reach=1
Ep   600 | score  208.34 | avg100  177.05 | grasp100  81.0% | best 0.925 |     54 st/s
    done(50): success=40 t_flicker=5 t_touched=4 t_no_reach=1
Ep   650 | score  207.17 | avg100  177.46 | grasp100  78.0% | best 0.925 |     54 st/s
    done(50): success=38 t_flicker=10 t_touched=2
Ep   700 | score  207.76 | avg100  174.60 | grasp100  76.0% | best 0.925 |     53 st/s
    done(50): success=38 t_flicker=8 t_touched=4
Ep   750 | score  210.07 | avg100  175.09 | grasp100  78.0% | best 0.925 |     53 st/s
    done(50): success=40 t_flicker=7 t_touched=3
Ep   800 | score   54.45 | avg100  156.25 | grasp100  66.0% | best 0.925 |     55 st/s
    done(50): success=26 t_flicker=13 t_touched=11
Ep   850 | score  210.50 | avg100  123.74 | grasp100  46.0% | best 0.925 |     56 st/s
    done(50): success=20 t_flicker=21 t_touched=9
Ep   900 | score  210.06 | avg100  135.20 | grasp100  51.0% | best 0.925 |     56 st/s
    done(50): success=31 t_flicker=16 t_touched=3
Ep   950 | score   50.61 | avg100  155.05 | grasp100  65.0% | best 0.925 |     55 st/s
    done(50): success=34 t_flicker=9 t_touched=7
Ep  1000 | score  118.87 | avg100  171.10 | grasp100  75.0% | best 0.925 |     55 st/s
    done(50): success=41 t_flicker=7 t_touched=2
Ep  1050 | score  213.37 | avg100  183.00 | grasp100  81.0% | best 0.925 |     54 st/s
    done(50): success=40 t_flicker=6 t_touched=4
Ep  1100 | score  213.00 | avg100  183.46 | grasp100  81.0% | best 0.925 |     53 st/s
    done(50): success=41 t_flicker=5 t_touched=4
Ep  1150 | score  211.42 | avg100  185.47 | grasp100  82.0% | best 0.925 |     53 st/s
    done(50): success=41 t_flicker=5 t_touched=4
Ep  1200 | score  210.66 | avg100  181.32 | grasp100  82.0% | best 0.925 |     53 st/s
    done(50): success=41 t_flicker=7 t_touched=2
Ep  1250 | score  -14.94 | avg100  162.68 | grasp100  71.0% | best 0.925 |     53 st/s
    done(50): success=30 t_flicker=14 t_touched=6
  [primacy-bias reset of critic heads @ 25000 updates]
Ep  1300 | score  -76.63 | avg100  112.43 | grasp100  51.0% | best 0.925 |     53 st/s
    done(50): success=21 t_flicker=8 t_touched=9 t_no_reach=12
Ep  1350 | score  -55.59 | avg100   58.89 | grasp100  28.0% | best 0.925 |     54 st/s
    done(50): success=7 t_flicker=17 t_touched=23 t_no_reach=3
Ep  1400 | score  209.75 | avg100   84.49 | grasp100  32.0% | best 0.925 |     54 st/s
    done(50): success=25 t_flicker=17 t_touched=8
Ep  1450 | score  207.43 | avg100  143.65 | grasp100  59.0% | best 0.925 |     54 st/s
    done(50): success=34 t_flicker=9 t_touched=7
Ep  1500 | score  208.67 | avg100  175.77 | grasp100  79.0% | best 0.925 |     53 st/s
    done(50): success=45 t_flicker=3 t_touched=2
Ep  1550 | score  205.90 | avg100  184.54 | grasp100  85.0% | best 0.925 |     53 st/s
    done(50): success=40 t_flicker=2 t_touched=8
Ep  1600 | score  210.20 | avg100  174.04 | grasp100  78.0% | best 0.925 |     53 st/s
    done(50): success=38 t_flicker=6 t_touched=6
Ep  1650 | score  207.06 | avg100  179.75 | grasp100  81.0% | best 0.925 |     53 st/s
    done(50): success=43 t_flicker=6 t_touched=1
Ep  1700 | score  198.24 | avg100  182.52 | grasp100  83.0% | best 0.925 |     52 st/s
    done(50): success=40 t_flicker=9 t_touched=1
Ep  1750 | score  -33.26 | avg100  170.22 | grasp100  76.0% | best 0.925 |     52 st/s
    done(50): success=36 t_flicker=9 t_touched=5
Ep  1800 | score  211.63 | avg100  167.58 | grasp100  76.0% | best 0.925 |     52 st/s
    done(50): success=40 t_flicker=7 t_touched=2 t_no_reach=1
Ep  1850 | score  -17.50 | avg100  169.76 | grasp100  79.0% | best 0.925 |     52 st/s
    done(50): success=39 t_flicker=7 t_touched=2 t_no_reach=2
Ep  1900 | score  -23.43 | avg100  164.15 | grasp100  77.0% | best 0.925 |     52 st/s
    done(50): success=38 t_flicker=8 t_touched=1 t_no_reach=3
Ep  1950 | score  211.69 | avg100  170.41 | grasp100  79.0% | best 0.925 |     52 st/s
    done(50): success=41 t_flicker=5 t_touched=4
Ep  2000 | score  210.07 | avg100  183.93 | grasp100  85.0% | best 0.925 |     51 st/s
    done(50): success=44 t_flicker=6
Ep  2050 | score   42.67 | avg100  181.81 | grasp100  83.0% | best 0.925 |     51 st/s
    done(50): success=39 t_flicker=9 t_touched=2
Ep  2100 | score  210.24 | avg100  183.03 | grasp100  83.0% | best 0.925 |     51 st/s
    done(50): success=44 t_flicker=5 t_touched=1
Ep  2150 | score  209.72 | avg100  196.45 | grasp100  90.0% | best 0.925 |     50 st/s
    done(50): success=46 t_flicker=4
Ep  2200 | score  122.09 | avg100  195.18 | grasp100  90.0% | best 0.925 |     50 st/s
    done(50): success=44 t_flicker=5 t_touched=1
Ep  2250 | score  210.54 | avg100  188.51 | grasp100  88.0% | best 0.925 |     50 st/s
    done(50): success=44 t_flicker=4 t_touched=2
Ep  2300 | score  208.62 | avg100  189.46 | grasp100  88.0% | best 0.925 |     50 st/s
    done(50): success=44 t_flicker=5 t_touched=1
Ep  2350 | score   58.83 | avg100  194.06 | grasp100  89.0% | best 0.925 |     49 st/s
    done(50): success=45 t_flicker=5
  [primacy-bias reset of critic heads @ 50000 updates]
Ep  2400 | score  -79.78 | avg100  167.42 | grasp100  78.0% | best 0.925 |     50 st/s
    done(50): success=33 t_flicker=5 t_touched=6 t_no_reach=6
Ep  2450 | score  -61.22 | avg100   34.41 | grasp100  34.0% | best 0.925 |     51 st/s
    done(50): success=1 t_touched=4 t_no_reach=45
Ep  2500 | score   90.66 | avg100   20.34 | grasp100  25.0% | best 0.925 |     51 st/s
    done(50): success=24 t_flicker=19 t_touched=5 t_no_reach=2
Ep  2550 | score   61.36 | avg100  144.45 | grasp100  63.0% | best 0.925 |     50 st/s
    done(50): success=39 t_flicker=9 t_touched=2
Ep  2600 | score   69.36 | avg100  187.44 | grasp100  83.0% | best 0.925 |     50 st/s
    done(50): success=44 t_flicker=5 t_touched=1
Ep  2650 | score  101.30 | avg100  193.72 | grasp100  87.0% | best 0.925 |     50 st/s
    done(50): success=43 t_flicker=7
Ep  2700 | score  210.75 | avg100  191.98 | grasp100  87.0% | best 0.925 |     50 st/s
    done(50): success=44 t_flicker=5 t_touched=1
Ep  2750 | score  207.00 | avg100  188.27 | grasp100  85.0% | best 0.925 |     50 st/s
    done(50): success=41 t_flicker=8 t_touched=1
Ep  2800 | score  219.38 | avg100  186.32 | grasp100  85.0% | best 0.925 |     50 st/s
    done(50): success=44 t_flicker=4 t_touched=1 t_no_reach=1
Ep  2850 | score  208.57 | avg100  192.77 | grasp100  88.0% | best 0.925 |     49 st/s
    done(50): success=44 t_flicker=6
Ep  2900 | score  210.49 | avg100  193.77 | grasp100  86.0% | best 0.925 |     49 st/s
    done(50): success=42 t_flicker=8
Ep  2950 | score  207.93 | avg100  189.67 | grasp100  84.0% | best 0.925 |     49 st/s
    done(50): success=42 t_flicker=6 t_touched=2
Ep  3000 | score  212.54 | avg100  198.25 | grasp100  91.0% | best 0.925 |     49 st/s
    done(50): success=49 t_flicker=1
Ep  3050 | score  201.41 | avg100  200.37 | grasp100  94.0% | best 0.925 |     49 st/s
    done(50): success=45 t_flicker=4 t_touched=1
Ep  3100 | score  207.67 | avg100  194.08 | grasp100  91.0% | best 0.925 |     48 st/s
    done(50): success=46 t_flicker=4
Ep  3150 | score  209.64 | avg100  195.09 | grasp100  91.0% | best 0.925 |     48 st/s
    done(50): success=45 t_flicker=5
Ep  3200 | score  198.31 | avg100  190.88 | grasp100  88.0% | best 0.925 |     48 st/s
    done(50): success=43 t_flicker=6 t_touched=1
Ep  3250 | score  209.87 | avg100  189.13 | grasp100  87.0% | best 0.925 |     48 st/s
    done(50): success=44 t_flicker=5 t_touched=1
Ep  3300 | score  208.57 | avg100  199.04 | grasp100  93.0% | best 0.925 |     48 st/s
    done(50): success=49 t_flicker=1
Ep  3350 | score  196.50 | avg100  202.00 | grasp100  95.0% | best 0.925 |     48 st/s
    done(50): success=46 t_flicker=3 t_touched=1
Ep  3400 | score  209.14 | avg100  200.42 | grasp100  94.0% | best 0.925 |     48 st/s
    done(50): success=48 t_flicker=2
Ep  3425 | * BEST  level200=2.00 grasp200= 94.0% metric=0.940 | score  214.36
Ep  3438 | * BEST  level200=2.00 grasp200= 95.5% metric=0.955 | score  208.99
Ep  3450 | score  209.75 | avg100  203.53 | grasp100  96.0% | best 0.955 |     47 st/s
    done(50): success=48 t_flicker=2
Ep  3500 | score  209.95 | avg100  203.60 | grasp100  96.0% | best 0.955 |     47 st/s
    done(50): success=48 t_flicker=2
Ep  3550 | score  210.52 | avg100  198.44 | grasp100  92.0% | best 0.955 |     47 st/s
    done(50): success=44 t_flicker=5 t_touched=1
Ep  3600 | score  208.58 | avg100  196.42 | grasp100  90.0% | best 0.955 |     47 st/s
    done(50): success=46 t_flicker=4
Ep  3650 | score  209.74 | avg100  200.81 | grasp100  93.0% | best 0.955 |     47 st/s
    done(50): success=47 t_flicker=3
Ep  3700 | score  207.85 | avg100  202.37 | grasp100  95.0% | best 0.955 |     47 st/s
    done(50): success=48 t_flicker=2
Ep  3750 | score  208.52 | avg100  200.87 | grasp100  94.0% | best 0.955 |     47 st/s
    done(50): success=46 t_flicker=4
Ep  3800 | score  209.61 | avg100  197.94 | grasp100  92.0% | best 0.955 |     46 st/s
    done(50): success=46 t_flicker=3 t_touched=1
Ep  3850 | score  206.50 | avg100  199.58 | grasp100  93.0% | best 0.955 |     46 st/s
    done(50): success=47 t_flicker=2 t_touched=1
  [primacy-bias reset of critic heads @ 75000 updates]
Ep  3900 | score  244.11 | avg100  126.25 | grasp100  61.0% | best 0.955 |     47 st/s
    done(50): success=14 t_flicker=12 t_touched=16 t_no_reach=8
Ep  3950 | score  209.49 | avg100   94.40 | grasp100  46.0% | best 0.955 |     47 st/s
    done(50): success=32 t_flicker=8 t_touched=10
Ep  4000 | score  -49.24 | avg100  146.66 | grasp100  68.0% | best 0.955 |     47 st/s
    done(50): success=36 t_flicker=7 t_touched=7
Ep  4050 | score  209.03 | avg100  165.71 | grasp100  75.0% | best 0.955 |     47 st/s
    done(50): success=39 t_flicker=9 t_touched=2
Ep  4100 | score  207.92 | avg100  181.49 | grasp100  83.0% | best 0.955 |     47 st/s
    done(50): success=44 t_flicker=5 t_touched=1
Ep  4150 | score  210.73 | avg100  189.93 | grasp100  89.0% | best 0.955 |     47 st/s
    done(50): success=45 t_flicker=5
Ep  4200 | score  207.44 | avg100  193.44 | grasp100  90.0% | best 0.955 |     47 st/s
    done(50): success=45 t_flicker=5
Ep  4250 | score  202.36 | avg100  199.86 | grasp100  93.0% | best 0.955 |     47 st/s
    done(50): success=48 t_flicker=2
Ep  4300 | score  207.98 | avg100  191.33 | grasp100  89.0% | best 0.955 |     47 st/s
    done(50): success=41 t_flicker=8 t_touched=1
Ep  4350 | score  208.07 | avg100  185.90 | grasp100  87.0% | best 0.955 |     46 st/s
    done(50): success=46 t_flicker=3 t_touched=1
Ep  4400 | score  207.88 | avg100  197.45 | grasp100  92.0% | best 0.955 |     46 st/s
    done(50): success=46 t_flicker=3 t_touched=1
Ep  4450 | score  212.06 | avg100  200.57 | grasp100  93.0% | best 0.955 |     46 st/s
    done(50): success=47 t_flicker=2 t_touched=1
Ep  4500 | score  208.68 | avg100  197.82 | grasp100  93.0% | best 0.955 |     46 st/s
    done(50): success=46 t_flicker=3 t_touched=1
Ep  4550 | score   96.25 | avg100  200.79 | grasp100  95.0% | best 0.955 |     46 st/s
    done(50): success=49 t_flicker=1
Ep  4600 | score  204.14 | avg100  207.37 | grasp100  98.0% | best 0.955 |     46 st/s
    done(50): success=49 t_flicker=1
Ep  4649 | * BEST  level200=2.00 grasp200= 97.0% metric=0.970 | score  208.17
Ep  4650 | score  210.17 | avg100  208.28 | grasp100  99.0% | best 0.970 |     46 st/s
    done(50): success=50
Ep  4700 | score  210.84 | avg100  206.41 | grasp100  98.0% | best 0.970 |     46 st/s
    done(50): success=48 t_flicker=2
Ep  4750 | score  210.07 | avg100  198.11 | grasp100  92.0% | best 0.970 |     46 st/s
    done(50): success=44 t_flicker=6
Ep  4800 | score  208.47 | avg100  195.84 | grasp100  91.0% | best 0.970 |     46 st/s
    done(50): success=47 t_flicker=1 t_touched=2
Ep  4850 | score  211.94 | avg100  203.09 | grasp100  96.0% | best 0.970 |     46 st/s
    done(50): success=49 t_flicker=1
Ep  4900 | score  209.99 | avg100  205.03 | grasp100  96.0% | best 0.970 |     45 st/s
    done(50): success=47 t_flicker=3
Ep  4950 | score  210.93 | avg100  205.97 | grasp100  96.0% | best 0.970 |     45 st/s
    done(50): success=49 t_flicker=1
Ep  5000 | score  207.97 | avg100  207.58 | grasp100  98.0% | best 0.970 |     45 st/s
    done(50): success=49 t_flicker=1
Ep  5050 | score  206.70 | avg100  205.88 | grasp100  97.0% | best 0.970 |     45 st/s
    done(50): success=48 t_flicker=1 t_touched=1
Ep  5100 | score  210.16 | avg100  205.42 | grasp100  96.0% | best 0.970 |     45 st/s
    done(50): success=48 t_flicker=2
Ep  5150 | score  206.09 | avg100  206.14 | grasp100  97.0% | best 0.970 |     45 st/s
    done(50): success=49 t_flicker=1
Ep  5200 | score  208.16 | avg100  208.93 | grasp100  99.0% | best 0.970 |     45 st/s
    done(50): success=50
Ep  5250 | score  204.80 | avg100  207.56 | grasp100  98.0% | best 0.970 |     45 st/s
    done(50): success=48 t_flicker=2
Ep  5300 | score  203.92 | avg100  204.44 | grasp100  96.0% | best 0.970 |     45 st/s
    done(50): success=48 t_flicker=2
Ep  5350 | score  205.69 | avg100  202.63 | grasp100  95.0% | best 0.970 |     45 st/s
    done(50): success=47 t_flicker=3
Ep  5400 | score  207.84 | avg100  197.49 | grasp100  91.0% | best 0.970 |     45 st/s
    done(50): success=44 t_flicker=6
Ep  5450 | score  206.82 | avg100  200.29 | grasp100  92.0% | best 0.970 |     44 st/s
    done(50): success=48 t_flicker=2
  [primacy-bias reset of critic heads @ 100000 updates]
Ep  5500 | score  -25.26 | avg100  181.55 | grasp100  84.0% | best 0.970 |     45 st/s
    done(50): success=36 t_flicker=10 t_touched=4
Ep  5550 | score  239.71 | avg100  101.95 | grasp100  55.0% | best 0.970 |     45 st/s
    done(50): success=19 t_flicker=8 t_touched=3 t_no_reach=20
Ep  5600 | score  207.40 | avg100   93.50 | grasp100  52.0% | best 0.970 |     45 st/s
    done(50): success=33 t_flicker=7 t_touched=7 t_no_reach=3
Ep  5650 | score  209.34 | avg100  163.50 | grasp100  76.0% | best 0.970 |     45 st/s
    done(50): success=43 t_flicker=5 t_touched=2
Ep  5700 | score  207.87 | avg100  183.93 | grasp100  83.0% | best 0.970 |     45 st/s
    done(50): success=40 t_flicker=8 t_touched=2
Ep  5750 | score  206.55 | avg100  190.25 | grasp100  85.0% | best 0.970 |     45 st/s
    done(50): success=45 t_flicker=4 t_touched=1
Ep  5800 | score  209.57 | avg100  202.29 | grasp100  94.0% | best 0.970 |     45 st/s
    done(50): success=49 t_flicker=1
Ep  5850 | score  207.14 | avg100  202.82 | grasp100  96.0% | best 0.970 |     45 st/s
    done(50): success=47 t_flicker=3
Ep  5900 | score  206.86 | avg100  198.11 | grasp100  92.0% | best 0.970 |     45 st/s
    done(50): success=45 t_flicker=4 t_touched=1
Ep  5950 | score  210.23 | avg100  198.04 | grasp100  92.0% | best 0.970 |     45 st/s
    done(50): success=47 t_flicker=3
Ep  6000 | score  214.23 | avg100  202.65 | grasp100  95.0% | best 0.970 |     44 st/s
    done(50): success=48 t_flicker=1 t_touched=1
Ep  6050 | score  -22.65 | avg100  191.20 | grasp100  89.0% | best 0.970 |     44 st/s
    done(50): success=41 t_flicker=9
Ep  6100 | score  211.76 | avg100  190.54 | grasp100  89.0% | best 0.970 |     44 st/s
    done(50): success=48 t_flicker=2
Ep  6150 | score  211.88 | avg100  206.03 | grasp100  98.0% | best 0.970 |     44 st/s
    done(50): success=50
Ep  6200 | score  210.28 | avg100  209.17 | grasp100 100.0% | best 0.970 |     44 st/s
    done(50): success=50
Ep  6250 | score  208.18 | avg100  206.00 | grasp100  98.0% | best 0.970 |     44 st/s
    done(50): success=48 t_flicker=2
Ep  6300 | score   93.51 | avg100  198.81 | grasp100  93.0% | best 0.970 |     44 st/s
    done(50): success=45 t_flicker=4 t_touched=1
Ep  6350 | score  208.66 | avg100  197.15 | grasp100  91.0% | best 0.970 |     44 st/s
    done(50): success=46 t_flicker=4
Ep  6400 | score  213.78 | avg100  195.62 | grasp100  88.0% | best 0.970 |     44 st/s
    done(50): success=42 t_flicker=6 t_touched=1 t_no_reach=1
Ep  6450 | score  228.31 | avg100  181.82 | grasp100  78.0% | best 0.970 |     44 st/s
    done(50): success=36 t_flicker=13 t_touched=1
Ep  6500 | score  209.54 | avg100  179.97 | grasp100  80.0% | best 0.970 |     44 st/s
    done(50): success=44 t_flicker=5 t_touched=1
Ep  6550 | score  207.12 | avg100  193.78 | grasp100  90.0% | best 0.970 |     44 st/s
    done(50): success=46 t_flicker=4
Ep  6600 | score  207.86 | avg100  200.23 | grasp100  94.0% | best 0.970 |     44 st/s
    done(50): success=48 t_flicker=1 t_touched=1
Ep  6650 | score  210.37 | avg100  197.07 | grasp100  92.0% | best 0.970 |     44 st/s
    done(50): success=44 t_flicker=6
Ep  6700 | score  210.64 | avg100  191.28 | grasp100  88.0% | best 0.970 |     44 st/s
    done(50): success=44 t_flicker=4 t_touched=2
Ep  6750 | score  216.40 | avg100  196.57 | grasp100  92.0% | best 0.970 |     44 st/s
    done(50): success=48 t_flicker=2
Ep  6800 | score  209.23 | avg100  202.10 | grasp100  94.0% | best 0.970 |     44 st/s
    done(50): success=46 t_flicker=4
Ep  6850 | score  206.53 | avg100  194.98 | grasp100  90.0% | best 0.970 |     44 st/s
    done(50): success=44 t_flicker=5 t_no_reach=1
Ep  6900 | score  206.39 | avg100  195.07 | grasp100  91.0% | best 0.970 |     44 st/s
    done(50): success=47 t_flicker=3
Ep  6950 | score  208.99 | avg100  195.91 | grasp100  91.0% | best 0.970 |     44 st/s
    done(50): success=44 t_flicker=5 t_touched=1
Ep  7000 | score  206.45 | avg100  199.02 | grasp100  93.0% | best 0.970 |     44 st/s
    done(50): success=49 t_flicker=1
Ep  7050 | score  209.71 | avg100  204.53 | grasp100  97.0% | best 0.970 |     43 st/s
    done(50): success=48 t_flicker=2
Ep  7100 | score  205.70 | avg100  197.52 | grasp100  93.0% | best 0.970 |     43 st/s
    done(50): success=45 t_flicker=4 t_touched=1
  [primacy-bias reset of critic heads @ 125000 updates]
Ep  7150 | score   66.13 | avg100  139.57 | grasp100  61.0% | best 0.970 |     44 st/s
    done(50): success=16 t_flicker=17 t_touched=16 t_no_reach=1
Ep  7200 | score  206.34 | avg100  110.68 | grasp100  49.0% | best 0.970 |     44 st/s
    done(50): success=33 t_flicker=12 t_touched=5
Ep  7250 | score  208.46 | avg100  147.78 | grasp100  69.0% | best 0.970 |     44 st/s
    done(50): success=36 t_flicker=11 t_touched=3
Ep  7300 | score   75.75 | avg100  172.13 | grasp100  78.0% | best 0.970 |     44 st/s
    done(50): success=42 t_flicker=7 t_touched=1
Ep  7350 | score  209.13 | avg100  187.71 | grasp100  84.0% | best 0.970 |     44 st/s
    done(50): success=42 t_flicker=8
Ep  7400 | score  207.75 | avg100  185.59 | grasp100  83.0% | best 0.970 |     44 st/s
    done(50): success=41 t_flicker=8 t_touched=1
Ep  7450 | score  208.53 | avg100  189.55 | grasp100  88.0% | best 0.970 |     44 st/s
    done(50): success=47 t_flicker=2 t_touched=1
Ep  7500 | score  205.70 | avg100  201.43 | grasp100  95.0% | best 0.970 |     44 st/s
    done(50): success=48 t_flicker=2
Ep  7550 | score  210.47 | avg100  201.42 | grasp100  95.0% | best 0.970 |     44 st/s
    done(50): success=47 t_flicker=2 t_no_reach=1
Ep  7600 | score  210.81 | avg100  199.52 | grasp100  94.0% | best 0.970 |     44 st/s
    done(50): success=47 t_flicker=2 t_touched=1
Ep  7650 | score  207.40 | avg100  202.14 | grasp100  95.0% | best 0.970 |     43 st/s
    done(50): success=48 t_flicker=2
Ep  7700 | score  209.11 | avg100  205.82 | grasp100  97.0% | best 0.970 |     43 st/s
    done(50): success=49 t_flicker=1
Ep  7750 | score  209.59 | avg100  203.99 | grasp100  96.0% | best 0.970 |     43 st/s
    done(50): success=47 t_flicker=3
Ep  7800 | score  210.84 | avg100  205.56 | grasp100  97.0% | best 0.970 |     43 st/s
    done(50): success=50
Ep  7850 | score  211.50 | avg100  205.21 | grasp100  97.0% | best 0.970 |     43 st/s
    done(50): success=47 t_flicker=2 t_touched=1
Ep  7900 | score  210.99 | avg100  200.73 | grasp100  94.0% | best 0.970 |     43 st/s
    done(50): success=47 t_flicker=3
Ep  7950 | score   60.49 | avg100  201.53 | grasp100  94.0% | best 0.970 |     43 st/s
    done(50): success=47 t_flicker=3
Ep  8000 | score  209.23 | avg100  204.39 | grasp100  96.0% | best 0.970 |     43 st/s
    done(50): success=49 t_flicker=1
Ep  8050 | score  209.47 | avg100  208.34 | grasp100  98.0% | best 0.970 |     43 st/s
    done(50): success=49 t_flicker=1
Ep  8100 | score  206.84 | avg100  206.62 | grasp100  97.0% | best 0.970 |     43 st/s
    done(50): success=48 t_flicker=2
Ep  8150 | score  206.99 | avg100  203.70 | grasp100  96.0% | best 0.970 |     43 st/s
    done(50): success=48 t_flicker=1 t_touched=1
Ep  8200 | score  210.61 | avg100  208.35 | grasp100  98.0% | best 0.970 |     43 st/s
    done(50): success=50
Ep  8250 | score  205.55 | avg100  207.46 | grasp100  97.0% | best 0.970 |     43 st/s
    done(50): success=47 t_flicker=3
Ep  8300 | score  210.75 | avg100  204.97 | grasp100  97.0% | best 0.970 |     43 st/s
    done(50): success=50
Ep  8350 | score  203.84 | avg100  205.27 | grasp100  98.0% | best 0.970 |     43 st/s
    done(50): success=48 t_flicker=1 t_touched=1
Ep  8400 | score  206.12 | avg100  196.65 | grasp100  93.0% | best 0.970 |     43 st/s
    done(50): success=45 t_flicker=3 t_touched=2
Ep  8450 | score  208.41 | avg100  196.19 | grasp100  93.0% | best 0.970 |     43 st/s
    done(50): success=48 t_flicker=1 t_touched=1
Ep  8500 | score  207.57 | avg100  201.37 | grasp100  95.0% | best 0.970 |     43 st/s
    done(50): success=47 t_flicker=3
Ep  8550 | score  209.88 | avg100  203.78 | grasp100  96.0% | best 0.970 |     43 st/s
    done(50): success=49 t_flicker=1
Ep  8600 | score  208.73 | avg100  202.18 | grasp100  95.0% | best 0.970 |     43 st/s
    done(50): success=46 t_flicker=4
Ep  8650 | score  205.40 | avg100  196.87 | grasp100  91.0% | best 0.970 |     43 st/s
    done(50): success=45 t_flicker=5
Ep  8700 | score   90.94 | avg100  193.74 | grasp100  91.0% | best 0.970 |     43 st/s
    done(50): success=46 t_flicker=3 t_touched=1
  [primacy-bias reset of critic heads @ 150000 updates]
Ep  8750 | score   88.41 | avg100  178.84 | grasp100  83.0% | best 0.970 |     43 st/s
    done(50): success=37 t_flicker=10 t_touched=3
Ep  8800 | score  -34.13 | avg100   73.64 | grasp100  42.0% | best 0.970 |     43 st/s
    done(50): success=5 t_flicker=8 t_touched=9 t_no_reach=28
Ep  8850 | score   62.60 | avg100   60.45 | grasp100  34.0% | best 0.970 |     43 st/s
    done(50): success=29 t_flicker=15 t_touched=6
Ep  8900 | score  207.79 | avg100  163.05 | grasp100  69.0% | best 0.970 |     43 st/s
    done(50): success=40 t_flicker=8 t_touched=2
Ep  8950 | score  208.64 | avg100  194.07 | grasp100  87.0% | best 0.970 |     43 st/s
    done(50): success=47 t_flicker=3
Ep  9000 | score  208.64 | avg100  203.64 | grasp100  94.0% | best 0.970 |     43 st/s
    done(50): success=47 t_flicker=3
Ep  9050 | score  210.65 | avg100  198.80 | grasp100  91.0% | best 0.970 |     43 st/s
    done(50): success=44 t_flicker=6
Ep  9100 | score  208.07 | avg100  199.68 | grasp100  93.0% | best 0.970 |     43 st/s
    done(50): success=49 t_flicker=1
Ep  9150 | score  209.30 | avg100  199.41 | grasp100  92.0% | best 0.970 |     43 st/s
    done(50): success=43 t_flicker=6 t_touched=1
Ep  9200 | score  209.02 | avg100  197.81 | grasp100  91.0% | best 0.970 |     43 st/s
    done(50): success=48 t_flicker=2
Ep  9250 | score  206.53 | avg100  200.22 | grasp100  94.0% | best 0.970 |     43 st/s
    done(50): success=46 t_flicker=4
Ep  9300 | score  209.97 | avg100  199.24 | grasp100  94.0% | best 0.970 |     43 st/s
    done(50): success=48 t_flicker=2
Ep  9350 | score  112.25 | avg100  200.07 | grasp100  94.0% | best 0.970 |     43 st/s
    done(50): success=46 t_flicker=4
Ep  9400 | score  210.89 | avg100  201.16 | grasp100  94.0% | best 0.970 |     43 st/s
    done(50): success=48 t_flicker=2
Ep  9450 | score  209.53 | avg100  204.03 | grasp100  96.0% | best 0.970 |     43 st/s
    done(50): success=48 t_flicker=2
Ep  9500 | score  210.46 | avg100  202.90 | grasp100  95.0% | best 0.970 |     43 st/s
    done(50): success=47 t_flicker=3
Ep  9550 | score  207.33 | avg100  199.71 | grasp100  92.0% | best 0.970 |     43 st/s
    done(50): success=45 t_flicker=5
Ep  9600 | score  205.82 | avg100  202.02 | grasp100  94.0% | best 0.970 |     43 st/s
    done(50): success=49 t_flicker=1
Ep  9650 | score   60.82 | avg100  204.19 | grasp100  96.0% | best 0.970 |     43 st/s
    done(50): success=47 t_flicker=3
Ep  9700 | score  210.38 | avg100  201.34 | grasp100  95.0% | best 0.970 |     43 st/s
    done(50): success=48 t_flicker=1 t_touched=1
Ep  9750 | score  206.54 | avg100  200.28 | grasp100  95.0% | best 0.970 |     42 st/s
    done(50): success=47 t_flicker=3
Ep  9800 | score  208.91 | avg100  201.43 | grasp100  95.0% | best 0.970 |     42 st/s
    done(50): success=48 t_flicker=2
Ep  9850 | score  206.00 | avg100  204.56 | grasp100  97.0% | best 0.970 |     42 st/s
    done(50): success=49 t_flicker=1
Ep  9900 | score  210.22 | avg100  198.51 | grasp100  93.0% | best 0.970 |     42 st/s
    done(50): success=44 t_flicker=5 t_touched=1
Ep  9950 | score  208.88 | avg100  196.11 | grasp100  91.0% | best 0.970 |     42 st/s
    done(50): success=47 t_flicker=3
Ep 10000 | score  203.31 | avg100  197.14 | grasp100  92.0% | best 0.970 |     42 st/s
    done(50): success=45 t_flicker=4 t_touched=1
Ep 10050 | score  209.35 | avg100  193.53 | grasp100  90.0% | best 0.970 |     42 st/s
    done(50): success=45 t_flicker=4 t_touched=1
Ep 10100 | score  218.97 | avg100  197.10 | grasp100  92.0% | best 0.970 |     42 st/s
    done(50): success=47 t_flicker=1 t_touched=1 t_no_reach=1
Ep 10150 | score  211.05 | avg100  205.89 | grasp100  97.0% | best 0.970 |     42 st/s
    done(50): success=50
Ep 10200 | score  207.18 | avg100  207.73 | grasp100  98.0% | best 0.970 |     42 st/s
    done(50): success=48 t_flicker=2
Ep 10250 | score  209.47 | avg100  200.53 | grasp100  94.0% | best 0.970 |     42 st/s
    done(50): success=46 t_flicker=4
Ep 10300 | score  208.79 | avg100  193.45 | grasp100  90.0% | best 0.970 |     42 st/s
    done(50): success=44 t_flicker=6
Ep 10350 | score  213.27 | avg100  194.86 | grasp100  90.0% | best 0.970 |     42 st/s
    done(50): success=46 t_flicker=4
Ep 10400 | score  209.21 | avg100  198.97 | grasp100  92.0% | best 0.970 |     42 st/s
    done(50): success=46 t_flicker=4
Ep 10450 | score  209.82 | avg100  197.28 | grasp100  90.0% | best 0.970 |     42 st/s
    done(50): success=44 t_flicker=5 t_touched=1
  [primacy-bias reset of critic heads @ 175000 updates]
Ep 10500 | score  208.56 | avg100  121.18 | grasp100  60.0% | best 0.970 |     42 st/s
    done(50): success=16 t_flicker=11 t_touched=7 t_no_reach=16
Ep 10550 | score   81.41 | avg100   87.18 | grasp100  46.0% | best 0.970 |     42 st/s
    done(50): success=30 t_flicker=12 t_touched=4 t_no_reach=4
Ep 10600 | score  210.34 | avg100  148.23 | grasp100  67.0% | best 0.970 |     42 st/s
    done(50): success=37 t_flicker=11 t_touched=2
Ep 10650 | score  208.71 | avg100  175.98 | grasp100  77.0% | best 0.970 |     42 st/s
    done(50): success=40 t_flicker=8 t_touched=2
Ep 10700 | score  210.27 | avg100  187.24 | grasp100  84.0% | best 0.970 |     42 st/s
    done(50): success=44 t_flicker=5 t_touched=1
Ep 10750 | score  239.03 | avg100  193.79 | grasp100  89.0% | best 0.970 |     42 st/s
    done(50): success=45 t_flicker=4 t_touched=1
Ep 10800 | score  206.82 | avg100  187.97 | grasp100  85.0% | best 0.970 |     42 st/s
    done(50): success=40 t_flicker=10
Ep 10850 | score  210.26 | avg100  184.80 | grasp100  83.0% | best 0.970 |     42 st/s
    done(50): success=43 t_flicker=7
Ep 10900 | score  214.08 | avg100  197.15 | grasp100  90.0% | best 0.970 |     42 st/s
    done(50): success=47 t_flicker=3
Ep 10950 | score  207.46 | avg100  201.06 | grasp100  93.0% | best 0.970 |     42 st/s
    done(50): success=46 t_flicker=3 t_touched=1
Ep 11000 | score  208.07 | avg100  198.13 | grasp100  92.0% | best 0.970 |     42 st/s
    done(50): success=46 t_flicker=4
Ep 11050 | score  209.17 | avg100  198.55 | grasp100  93.0% | best 0.970 |     42 st/s
    done(50): success=47 t_flicker=3
Ep 11100 | score  208.75 | avg100  204.04 | grasp100  97.0% | best 0.970 |     42 st/s
    done(50): success=50
Ep 11150 | score   59.02 | avg100  205.90 | grasp100  98.0% | best 0.970 |     42 st/s
    done(50): success=48 t_flicker=2
Ep 11200 | score  211.56 | avg100  205.85 | grasp100  98.0% | best 0.970 |     42 st/s
    done(50): success=50
Ep 11236 | * BEST  level200=2.00 grasp200= 98.5% metric=0.985 | score  209.47
Ep 11250 | score  210.64 | avg100  207.02 | grasp100  98.0% | best 0.985 |     42 st/s
    done(50): success=48 t_flicker=2
Ep 11300 | score  210.18 | avg100  201.62 | grasp100  94.0% | best 0.985 |     42 st/s
    done(50): success=46 t_flicker=4
Ep 11350 | score  207.75 | avg100  198.19 | grasp100  92.0% | best 0.985 |     42 st/s
    done(50): success=46 t_flicker=4
Ep 11400 | score  209.50 | avg100  198.60 | grasp100  93.0% | best 0.985 |     42 st/s
    done(50): success=47 t_flicker=2 t_touched=1
Ep 11450 | score  208.61 | avg100  201.62 | grasp100  95.0% | best 0.985 |     42 st/s
    done(50): success=48 t_flicker=2
Ep 11500 | score   77.86 | avg100  205.53 | grasp100  97.0% | best 0.985 |     42 st/s
    done(50): success=49 t_flicker=1
Ep 11550 | score  211.40 | avg100  201.92 | grasp100  95.0% | best 0.985 |     42 st/s
    done(50): success=46 t_flicker=4
Ep 11600 | score  207.62 | avg100  201.77 | grasp100  95.0% | best 0.985 |     42 st/s
    done(50): success=49 t_flicker=1
Ep 11650 | score  208.60 | avg100  203.52 | grasp100  96.0% | best 0.985 |     42 st/s
    done(50): success=47 t_flicker=3
Ep 11700 | score  207.52 | avg100  205.14 | grasp100  97.0% | best 0.985 |     42 st/s
    done(50): success=50
Ep 11750 | score  221.86 | avg100  208.92 | grasp100 100.0% | best 0.985 |     42 st/s
    done(50): success=50
Ep 11800 | score  212.77 | avg100  199.23 | grasp100  94.0% | best 0.985 |     42 st/s
    done(50): success=44 t_flicker=5 t_touched=1
Ep 11850 | score  205.93 | avg100  198.46 | grasp100  93.0% | best 0.985 |     42 st/s
    done(50): success=49 t_flicker=1
Ep 11900 | score  206.82 | avg100  206.44 | grasp100  98.0% | best 0.985 |     42 st/s
    done(50): success=49 t_flicker=1
Ep 11950 | score  209.44 | avg100  207.02 | grasp100  99.0% | best 0.985 |     42 st/s
    done(50): success=50
Ep 12000 | score  207.25 | avg100  202.54 | grasp100  96.0% | best 0.985 |     42 st/s
    done(50): success=46 t_flicker=3 t_touched=1
Ep 12050 | score  207.43 | avg100  203.00 | grasp100  95.0% | best 0.985 |     42 st/s
    done(50): success=49 t_flicker=1
Ep 12100 | score   56.32 | avg100  205.89 | grasp100  97.0% | best 0.985 |     41 st/s
    done(50): success=48 t_flicker=2
Ep 12150 | score  210.48 | avg100  201.26 | grasp100  95.0% | best 0.985 |     41 st/s
    done(50): success=47 t_flicker=3
Ep 12200 | score  211.56 | avg100  201.93 | grasp100  95.0% | best 0.985 |     41 st/s
    done(50): success=48 t_flicker=2
Ep 12250 | score  206.25 | avg100  201.33 | grasp100  95.0% | best 0.985 |     41 st/s
    done(50): success=47 t_flicker=3
  [primacy-bias reset of critic heads @ 200000 updates]
Ep 12300 | score  -78.25 | avg100  111.61 | grasp100  64.0% | best 0.985 |     42 st/s
    done(50): success=17 t_flicker=1 t_touched=4 t_no_reach=28
Ep 12350 | score  211.07 | avg100   31.07 | grasp100  36.0% | best 0.985 |     42 st/s
    done(50): success=19 t_flicker=1 t_touched=3 t_no_reach=27
Ep 12400 | score  208.81 | avg100  107.55 | grasp100  61.0% | best 0.985 |     42 st/s
    done(50): success=42 t_flicker=6 t_touched=1 t_no_reach=1
Ep 12450 | score  209.40 | avg100  184.60 | grasp100  87.0% | best 0.985 |     42 st/s
    done(50): success=45 t_flicker=3 t_touched=1 t_no_reach=1
Ep 12500 | score  209.63 | avg100  194.58 | grasp100  91.0% | best 0.985 |     42 st/s
    done(50): success=46 t_flicker=3 t_touched=1
Ep 12550 | score  208.14 | avg100  197.22 | grasp100  91.0% | best 0.985 |     42 st/s
    done(50): success=45 t_flicker=5
Ep 12600 | score  207.50 | avg100  191.95 | grasp100  88.0% | best 0.985 |     42 st/s
    done(50): success=43 t_flicker=6 t_touched=1
Ep 12650 | score  203.25 | avg100  196.26 | grasp100  91.0% | best 0.985 |     42 st/s
    done(50): success=48 t_flicker=2
Ep 12700 | score  209.06 | avg100  197.00 | grasp100  91.0% | best 0.985 |     42 st/s
    done(50): success=43 t_flicker=6 t_touched=1
Ep 12750 | score  208.60 | avg100  198.69 | grasp100  93.0% | best 0.985 |     42 st/s
    done(50): success=50
Ep 12800 | score  209.51 | avg100  208.19 | grasp100  99.0% | best 0.985 |     42 st/s
    done(50): success=49 t_flicker=1
Ep 12850 | score  210.36 | avg100  201.94 | grasp100  95.0% | best 0.985 |     42 st/s
    done(50): success=46 t_flicker=3 t_touched=1
Ep 12900 | score  206.96 | avg100  202.96 | grasp100  96.0% | best 0.985 |     42 st/s
    done(50): success=50
Ep 12950 | score  206.76 | avg100  207.32 | grasp100  98.0% | best 0.985 |     42 st/s
    done(50): success=48 t_flicker=2
Ep 13000 | score  205.96 | avg100  204.55 | grasp100  96.0% | best 0.985 |     42 st/s
    done(50): success=48 t_flicker=2
Ep 13050 | score   64.94 | avg100  199.93 | grasp100  93.0% | best 0.985 |     42 st/s
    done(50): success=45 t_flicker=5
Ep 13100 | score  208.40 | avg100  200.01 | grasp100  94.0% | best 0.985 |     42 st/s
    done(50): success=49 t_flicker=1
Ep 13150 | score  210.22 | avg100  205.22 | grasp100  98.0% | best 0.985 |     42 st/s
    done(50): success=49 t_flicker=1
Ep 13200 | score  210.88 | avg100  205.05 | grasp100  98.0% | best 0.985 |     41 st/s
    done(50): success=49 t_touched=1
Ep 13250 | score  208.12 | avg100  205.17 | grasp100  97.0% | best 0.985 |     41 st/s
    done(50): success=48 t_flicker=2
Ep 13300 | score  252.51 | avg100  204.36 | grasp100  95.0% | best 0.985 |     41 st/s
    done(50): success=47 t_flicker=3
Ep 13350 | score  210.67 | avg100  203.12 | grasp100  95.0% | best 0.985 |     41 st/s
    done(50): success=48 t_flicker=2
Ep 13400 | score  206.88 | avg100  205.03 | grasp100  97.0% | best 0.985 |     41 st/s
    done(50): success=49 t_flicker=1
Ep 13450 | score  205.46 | avg100  201.95 | grasp100  95.0% | best 0.985 |     41 st/s
    done(50): success=46 t_flicker=4
Ep 13500 | score  207.19 | avg100  196.61 | grasp100  91.0% | best 0.985 |     41 st/s
    done(50): success=45 t_flicker=5
Ep 13550 | score  207.34 | avg100  197.18 | grasp100  93.0% | best 0.985 |     41 st/s
    done(50): success=48 t_flicker=2
Ep 13600 | score  204.85 | avg100  201.59 | grasp100  96.0% | best 0.985 |     41 st/s
    done(50): success=48 t_flicker=2
Ep 13650 | score  208.33 | avg100  203.06 | grasp100  96.0% | best 0.985 |     41 st/s
    done(50): success=48 t_flicker=2
Ep 13700 | score  209.86 | avg100  204.19 | grasp100  97.0% | best 0.985 |     41 st/s
    done(50): success=49 t_flicker=1
Ep 13750 | score  208.12 | avg100  205.26 | grasp100  97.0% | best 0.985 |     41 st/s
    done(50): success=48 t_flicker=2
Ep 13800 | score  -23.94 | avg100  202.84 | grasp100  96.0% | best 0.985 |     41 st/s
    done(50): success=48 t_flicker=2
Ep 13850 | score  210.57 | avg100  203.71 | grasp100  97.0% | best 0.985 |     41 st/s
    done(50): success=49 t_flicker=1
Ep 13900 | score  209.55 | avg100  203.53 | grasp100  96.0% | best 0.985 |     41 st/s
    done(50): success=47 t_flicker=3
  [primacy-bias reset of critic heads @ 225000 updates]
Ep 13950 | score   62.29 | avg100  167.77 | grasp100  81.0% | best 0.985 |     41 st/s
    done(50): success=34 t_flicker=6 t_touched=3 t_no_reach=7
Ep 14000 | score  209.72 | avg100  105.08 | grasp100  51.0% | best 0.985 |     41 st/s
    done(50): success=17 t_flicker=20 t_touched=8 t_no_reach=5
Ep 14050 | score  210.39 | avg100   94.22 | grasp100  44.0% | best 0.985 |     41 st/s
    done(50): success=27 t_flicker=9 t_touched=12 t_no_reach=2
Ep 14100 | score  209.73 | avg100  137.55 | grasp100  62.0% | best 0.985 |     41 st/s
    done(50): success=35 t_flicker=10 t_touched=5
Ep 14150 | score  208.21 | avg100  178.68 | grasp100  81.0% | best 0.985 |     41 st/s
    done(50): success=46 t_flicker=2 t_touched=1 t_no_reach=1
Ep 14200 | score  209.26 | avg100  200.22 | grasp100  95.0% | best 0.985 |     41 st/s
    done(50): success=49 t_flicker=1
Ep 14250 | score  210.88 | avg100  202.53 | grasp100  96.0% | best 0.985 |     41 st/s
    done(50): success=47 t_flicker=2 t_touched=1
Ep 14300 | score  206.59 | avg100  197.90 | grasp100  92.0% | best 0.985 |     41 st/s
    done(50): success=45 t_flicker=5
Ep 14350 | score  208.06 | avg100  201.42 | grasp100  94.0% | best 0.985 |     41 st/s
    done(50): success=49 t_flicker=1
Ep 14400 | score  207.68 | avg100  205.05 | grasp100  97.0% | best 0.985 |     41 st/s
    done(50): success=48 t_flicker=2
Ep 14450 | score  209.91 | avg100  200.15 | grasp100  93.0% | best 0.985 |     41 st/s
    done(50): success=45 t_flicker=5
Ep 14500 | score   88.27 | avg100  194.45 | grasp100  88.0% | best 0.985 |     41 st/s
    done(50): success=43 t_flicker=7
Ep 14550 | score  210.72 | avg100  194.67 | grasp100  88.0% | best 0.985 |     41 st/s
    done(50): success=45 t_flicker=5
Ep 14600 | score  207.03 | avg100  195.24 | grasp100  90.0% | best 0.985 |     41 st/s
    done(50): success=45 t_flicker=4 t_touched=1
Ep 14650 | score  211.27 | avg100  198.08 | grasp100  93.0% | best 0.985 |     41 st/s
    done(50): success=48 t_flicker=1 t_touched=1
Ep 14700 | score   94.24 | avg100  199.05 | grasp100  93.0% | best 0.985 |     41 st/s
    done(50): success=45 t_flicker=5
Ep 14750 | score  211.09 | avg100  194.01 | grasp100  89.0% | best 0.985 |     41 st/s
    done(50): success=44 t_flicker=4 t_touched=2
Ep 14800 | score  208.25 | avg100  196.26 | grasp100  91.0% | best 0.985 |     41 st/s
    done(50): success=47 t_flicker=3
Ep 14850 | score  209.67 | avg100  198.94 | grasp100  92.0% | best 0.985 |     41 st/s
    done(50): success=45 t_flicker=5
Ep 14900 | score  209.61 | avg100  200.09 | grasp100  92.0% | best 0.985 |     41 st/s
    done(50): success=47 t_flicker=2 t_touched=1
Ep 14950 | score  211.50 | avg100  201.39 | grasp100  94.0% | best 0.985 |     41 st/s
    done(50): success=47 t_flicker=3
Ep 15000 | score  209.72 | avg100  200.68 | grasp100  93.0% | best 0.985 |     41 st/s
    done(50): success=46 t_flicker=4
Ep 15050 | score  208.13 | avg100  203.83 | grasp100  95.0% | best 0.985 |     41 st/s
    done(50): success=49 t_flicker=1
Ep 15100 | score  210.18 | avg100  208.10 | grasp100  99.0% | best 0.985 |     41 st/s
    done(50): success=50
Ep 15150 | score  208.20 | avg100  203.43 | grasp100  96.0% | best 0.985 |     41 st/s
    done(50): success=46 t_flicker=4
Ep 15200 | score  210.81 | avg100  203.97 | grasp100  96.0% | best 0.985 |     41 st/s
    done(50): success=50
Ep 15250 | score  208.56 | avg100  206.96 | grasp100  98.0% | best 0.985 |     41 st/s
    done(50): success=48 t_flicker=2
Ep 15300 | score  212.49 | avg100  205.63 | grasp100  97.0% | best 0.985 |     41 st/s
    done(50): success=49 t_flicker=1
Ep 15350 | score  203.53 | avg100  208.20 | grasp100  99.0% | best 0.985 |     41 st/s
    done(50): success=50
Ep 15400 | score  236.40 | avg100  204.96 | grasp100  96.0% | best 0.985 |     41 st/s
    done(50): success=46 t_flicker=4
Ep 15450 | score  209.53 | avg100  198.49 | grasp100  91.0% | best 0.985 |     41 st/s
    done(50): success=45 t_flicker=5
Ep 15500 | score  209.21 | avg100  202.67 | grasp100  95.0% | best 0.985 |     41 st/s
    done(50): success=50
Ep 15550 | score  201.10 | avg100  204.00 | grasp100  97.0% | best 0.985 |     41 st/s
    done(50): success=47 t_flicker=3
Ep 15600 | score  207.54 | avg100  199.63 | grasp100  93.0% | best 0.985 |     41 st/s
    done(50): success=46 t_flicker=4
Ep 15650 | score  213.15 | avg100  203.63 | grasp100  95.0% | best 0.985 |     41 st/s
    done(50): success=49 t_flicker=1
Ep 15700 | score  211.47 | avg100  207.03 | grasp100  98.0% | best 0.985 |     41 st/s
    done(50): success=49 t_flicker=1
  [primacy-bias reset of critic heads @ 250000 updates]
Ep 15750 | score    9.22 | avg100  189.49 | grasp100  88.0% | best 0.985 |     41 st/s
    done(50): success=39 t_flicker=6 t_touched=5
Ep 15800 | score  208.66 | avg100  134.61 | grasp100  62.0% | best 0.985 |     41 st/s
    done(50): success=23 t_flicker=13 t_touched=12 t_no_reach=2
Ep 15850 | score  144.46 | avg100  116.34 | grasp100  50.0% | best 0.985 |     41 st/s
    done(50): success=27 t_flicker=17 t_touched=4 t_no_reach=2
Ep 15900 | score   69.85 | avg100  149.38 | grasp100  62.0% | best 0.985 |     41 st/s
    done(50): success=35 t_flicker=12 t_touched=3
Ep 15950 | score  208.02 | avg100  184.18 | grasp100  83.0% | best 0.985 |     41 st/s
    done(50): success=48 t_flicker=2
Ep 16000 | score  209.46 | avg100  202.79 | grasp100  95.0% | best 0.985 |     41 st/s
    done(50): success=47 t_flicker=3
Ep 16050 | score  208.81 | avg100  197.47 | grasp100  92.0% | best 0.985 |     41 st/s
    done(50): success=45 t_flicker=5
Ep 16100 | score  208.24 | avg100  199.02 | grasp100  92.0% | best 0.985 |     41 st/s
    done(50): success=47 t_flicker=3
Ep 16150 | score   56.21 | avg100  205.36 | grasp100  96.0% | best 0.985 |     41 st/s
    done(50): success=49 t_flicker=1
Ep 16200 | score  208.15 | avg100  205.41 | grasp100  97.0% | best 0.985 |     41 st/s
    done(50): success=48 t_flicker=2
Ep 16250 | score  206.69 | avg100  203.66 | grasp100  96.0% | best 0.985 |     41 st/s
    done(50): success=48 t_flicker=1 t_touched=1
Ep 16300 | score  209.15 | avg100  203.17 | grasp100  95.0% | best 0.985 |     41 st/s
    done(50): success=47 t_flicker=3
Ep 16350 | score  208.19 | avg100  203.33 | grasp100  95.0% | best 0.985 |     41 st/s
    done(50): success=48 t_flicker=2
Ep 16400 | score  208.15 | avg100  201.02 | grasp100  95.0% | best 0.985 |     41 st/s
    done(50): success=47 t_flicker=2 t_touched=1
Ep 16450 | score  208.86 | avg100  202.18 | grasp100  95.0% | best 0.985 |     41 st/s
    done(50): success=48 t_flicker=2
Ep 16500 | score  208.11 | avg100  205.83 | grasp100  97.0% | best 0.985 |     41 st/s
    done(50): success=49 t_flicker=1
Ep 16550 | score  210.98 | avg100  206.26 | grasp100  98.0% | best 0.985 |     41 st/s
    done(50): success=49 t_flicker=1
Ep 16600 | score  206.39 | avg100  205.35 | grasp100  97.0% | best 0.985 |     41 st/s
    done(50): success=48 t_flicker=2
Ep 16650 | score  208.30 | avg100  205.20 | grasp100  97.0% | best 0.985 |     41 st/s
    done(50): success=49 t_flicker=1
Ep 16700 | score  223.24 | avg100  208.29 | grasp100  99.0% | best 0.985 |     41 st/s
    done(50): success=50
Ep 16750 | score  209.02 | avg100  208.17 | grasp100  99.0% | best 0.985 |     41 st/s
    done(50): success=49 t_flicker=1
Ep 16800 | score  207.49 | avg100  202.95 | grasp100  95.0% | best 0.985 |     41 st/s
    done(50): success=46 t_flicker=4
Ep 16850 | score  206.00 | avg100  199.77 | grasp100  93.0% | best 0.985 |     41 st/s
    done(50): success=47 t_flicker=3
Ep 16900 | score  209.66 | avg100  200.31 | grasp100  94.0% | best 0.985 |     41 st/s
    done(50): success=47 t_flicker=3
Ep 16950 | score  208.98 | avg100  200.77 | grasp100  94.0% | best 0.985 |     41 st/s
    done(50): success=47 t_flicker=2 t_touched=1
Ep 17000 | score  210.42 | avg100  199.18 | grasp100  94.0% | best 0.985 |     41 st/s
    done(50): success=47 t_flicker=2 t_no_reach=1
Ep 17050 | score  208.02 | avg100  196.00 | grasp100  92.0% | best 0.985 |     41 st/s
    done(50): success=45 t_flicker=5
Ep 17100 | score  207.88 | avg100  195.01 | grasp100  91.0% | best 0.985 |     41 st/s
    done(50): success=46 t_flicker=3 t_touched=1
Ep 17150 | score  209.56 | avg100  198.70 | grasp100  93.0% | best 0.985 |     41 st/s
    done(50): success=47 t_flicker=3
Ep 17200 | score  209.37 | avg100  198.68 | grasp100  93.0% | best 0.985 |     41 st/s
    done(50): success=46 t_flicker=4
Ep 17250 | score  207.09 | avg100  194.43 | grasp100  91.0% | best 0.985 |     41 st/s
    done(50): success=45 t_flicker=4 t_touched=1
Ep 17300 | score  207.07 | avg100  191.96 | grasp100  89.0% | best 0.985 |     41 st/s
    done(50): success=44 t_flicker=5 t_touched=1
Ep 17350 | score  234.31 | avg100  194.82 | grasp100  90.0% | best 0.985 |     41 st/s
    done(50): success=46 t_flicker=4
Ep 17400 | score  209.89 | avg100  201.54 | grasp100  94.0% | best 0.985 |     41 st/s
    done(50): success=48 t_flicker=2
Ep 17450 | score  207.87 | avg100  200.52 | grasp100  94.0% | best 0.985 |     40 st/s
    done(50): success=46 t_flicker=3 t_touched=1
Ep 17500 | score  208.64 | avg100  201.67 | grasp100  95.0% | best 0.985 |     40 st/s
    done(50): success=49 t_flicker=1
Ep 17550 | score  208.70 | avg100  202.26 | grasp100  95.0% | best 0.985 |     40 st/s
    done(50): success=46 t_flicker=3 t_touched=1
Ep 17600 | score  214.83 | avg100  198.95 | grasp100  94.0% | best 0.985 |     40 st/s
    done(50): success=48 t_flicker=2
  [primacy-bias reset of critic heads @ 275000 updates]
Ep 17650 | score  -76.74 | avg100  152.93 | grasp100  78.0% | best 0.985 |     41 st/s
    done(50): success=30 t_flicker=3 t_touched=3 t_no_reach=14
Ep 17700 | score   70.64 | avg100   98.93 | grasp100  56.0% | best 0.985 |     41 st/s
    done(50): success=26 t_flicker=3 t_touched=8 t_no_reach=13
