========================================================================
RANDOM-SPAWN GRASP RETRAINING  |  algo=td3_ln  run=td3_ln_bigc60k_s1
========================================================================
  Envs                : 5 (subprocess-parallel, fork)
  Spawn level         : 2.0 (1.0 = full position box, 2.0 = + z-rotation)
  Updates/vec-step    : 2 (0.400 per env-step; historical baseline 0.5)
  Buffer              : 200,000
  Actor               : 64 -> 32  (5,216 weights)  [critics 512->256]
  Warm start          : checkpoints/td3_grasp_rand_td3_ln_bigc512_s1/best
  Checkpoints         : /home/fahim/Thesis_fahim/pickandplace/checkpoints/td3_grasp_rand_td3_ln_bigc60k_s1
========================================================================

Spawning 5 subprocess environments (fork)...
[robosuite WARNING] No private macro file found! (__init__.py:7)
[robosuite WARNING] It is recommended to use a private macro file (__init__.py:8)
[robosuite WARNING] To setup, run: python /home/fahim/Thesis_fahim/venv/lib/python3.12/site-packages/robosuite/scripts/setup_macros.py (__init__.py:9)
[robosuite WARNING] No private macro file found! (__init__.py:7)
[robosuite WARNING] It is recommended to use a private macro file (__init__.py:8)
[robosuite WARNING] To setup, run: python /home/fahim/Thesis_fahim/venv/lib/python3.12/site-packages/robosuite/scripts/setup_macros.py (__init__.py:9)
[robosuite WARNING] No private macro file found! (__init__.py:7)
[robosuite WARNING] It is recommended to use a private macro file (__init__.py:8)
[robosuite WARNING] To setup, run: python /home/fahim/Thesis_fahim/venv/lib/python3.12/site-packages/robosuite/scripts/setup_macros.py (__init__.py:9)
[robosuite WARNING] No private macro file found! (__init__.py:7)
[robosuite WARNING] It is recommended to use a private macro file (__init__.py:8)
[robosuite WARNING] To setup, run: python /home/fahim/Thesis_fahim/venv/lib/python3.12/site-packages/robosuite/scripts/setup_macros.py (__init__.py:9)
[robosuite WARNING] No private macro file found! (__init__.py:7)
[robosuite WARNING] It is recommended to use a private macro file (__init__.py:8)
[robosuite WARNING] To setup, run: python /home/fahim/Thesis_fahim/venv/lib/python3.12/site-packages/robosuite/scripts/setup_macros.py (__init__.py:9)
Gym has been unmaintained since 2022 and does not support NumPy 2.0 amongst other critical functionality.
Please upgrade to Gymnasium, the maintained drop-in replacement of Gym, or contact the authors of your software and request that they upgrade.
See the migration guide at https://gymnasium.farama.org/introduction/migration_guide/ for additional information.
Gym has been unmaintained since 2022 and does not support NumPy 2.0 amongst other critical functionality.
Please upgrade to Gymnasium, the maintained drop-in replacement of Gym, or contact the authors of your software and request that they upgrade.
See the migration guide at https://gymnasium.farama.org/introduction/migration_guide/ for additional information.
Gym has been unmaintained since 2022 and does not support NumPy 2.0 amongst other critical functionality.
Please upgrade to Gymnasium, the maintained drop-in replacement of Gym, or contact the authors of your software and request that they upgrade.
See the migration guide at https://gymnasium.farama.org/introduction/migration_guide/ for additional information.
Gym has been unmaintained since 2022 and does not support NumPy 2.0 amongst other critical functionality.
Please upgrade to Gymnasium, the maintained drop-in replacement of Gym, or contact the authors of your software and request that they upgrade.
See the migration guide at https://gymnasium.farama.org/introduction/migration_guide/ for additional information.
Gym has been unmaintained since 2022 and does not support NumPy 2.0 amongst other critical functionality.
Please upgrade to Gymnasium, the maintained drop-in replacement of Gym, or contact the authors of your software and request that they upgrade.
See the migration guide at https://gymnasium.farama.org/introduction/migration_guide/ for additional information.
/home/fahim/Thesis_fahim/venv/lib/python3.12/site-packages/gym/spaces/box.py:84: UserWarning: [33mWARN: Box bound precision lowered by casting to float32[0m
  logger.warn(f"Box bound precision lowered by casting to {self.dtype}")
/home/fahim/Thesis_fahim/venv/lib/python3.12/site-packages/gym/spaces/box.py:84: UserWarning: [33mWARN: Box bound precision lowered by casting to float32[0m
  logger.warn(f"Box bound precision lowered by casting to {self.dtype}")
/home/fahim/Thesis_fahim/venv/lib/python3.12/site-packages/gym/spaces/box.py:84: UserWarning: [33mWARN: Box bound precision lowered by casting to float32[0m
  logger.warn(f"Box bound precision lowered by casting to {self.dtype}")
/home/fahim/Thesis_fahim/venv/lib/python3.12/site-packages/gym/spaces/box.py:84: UserWarning: [33mWARN: Box bound precision lowered by casting to float32[0m
  logger.warn(f"Box bound precision lowered by casting to {self.dtype}")
/home/fahim/Thesis_fahim/venv/lib/python3.12/site-packages/gym/spaces/box.py:84: UserWarning: [33mWARN: Box bound precision lowered by casting to float32[0m
  logger.warn(f"Box bound precision lowered by casting to {self.dtype}")
Gym has been unmaintained since 2022 and does not support NumPy 2.0 amongst other critical functionality.
Please upgrade to Gymnasium, the maintained drop-in replacement of Gym, or contact the authors of your software and request that they upgrade.
See the migration guide at https://gymnasium.farama.org/introduction/migration_guide/ for additional information.
5 environments ready.

  Actor QAT           : per-tensor INT8 fake-quant, STE grads
  Actor weight clip   : |w| <= 8.0 * std(w) per Linear tensor (bi_s0 baseline fc1 9.96 / fc2 10.82)
Init: warm-started (source: /home/fahim/Thesis_fahim/pickandplace/checkpoints/td3_grasp_rand_td3_ln_bigc512_s1/best)
Fresh replay buffer.

Training...

Ep    50 | score  207.61 | avg100  198.60 | grasp100  94.0% | best 0.000 |     59 st/s
    done(50): success=47 t_flicker=2 t_touched=1
Ep   100 | score  208.19 | avg100  199.54 | grasp100  95.0% | best 0.000 |     57 st/s
    done(50): success=48 t_flicker=1 t_touched=1
Ep   150 | score  208.75 | avg100  198.65 | grasp100  94.0% | best 0.000 |     54 st/s
    done(50): success=46 t_flicker=3 t_touched=1
Ep   200 | * BEST  level200=2.00 grasp200= 91.5% metric=0.915 | score  -65.52
Ep   250 | score  207.77 | avg100  186.31 | grasp100  85.0% | best 0.915 |     48 st/s
    done(50): success=43 t_flicker=2 t_touched=5
Ep   300 | score  208.10 | avg100  185.33 | grasp100  86.0% | best 0.915 |     47 st/s
    done(50): success=43 t_flicker=5 t_touched=2
Ep   350 | score  205.77 | avg100  191.43 | grasp100  89.0% | best 0.915 |     45 st/s
    done(50): success=46 t_flicker=3 t_touched=1
Ep   400 | score  209.19 | avg100  192.36 | grasp100  90.0% | best 0.915 |     45 st/s
    done(50): success=44 t_flicker=2 t_touched=4
Ep   450 | score  226.99 | avg100  190.37 | grasp100  88.0% | best 0.915 |     44 st/s
    done(50): success=44 t_flicker=6
Ep   500 | score  208.95 | avg100  190.51 | grasp100  88.0% | best 0.915 |     43 st/s
    done(50): success=44 t_flicker=5 t_touched=1
Ep   550 | score  209.96 | avg100  192.35 | grasp100  90.0% | best 0.915 |     43 st/s
    done(50): success=46 t_flicker=2 t_touched=2
Ep   600 | score  207.87 | avg100  197.41 | grasp100  92.0% | best 0.915 |     42 st/s
    done(50): success=46 t_flicker=2 t_touched=2
Ep   650 | score  207.39 | avg100  197.22 | grasp100  92.0% | best 0.915 |     42 st/s
    done(50): success=46 t_flicker=2 t_touched=2
Ep   700 | score  205.19 | avg100  194.30 | grasp100  91.0% | best 0.915 |     41 st/s
    done(50): success=45 t_flicker=3 t_touched=2
Ep   750 | score  207.34 | avg100  193.30 | grasp100  89.0% | best 0.915 |     41 st/s
    done(50): success=44 t_flicker=5 t_touched=1
Ep   800 | score  207.60 | avg100  190.96 | grasp100  86.0% | best 0.915 |     41 st/s
    done(50): success=42 t_flicker=7 t_touched=1
Ep   850 | score  209.88 | avg100  186.25 | grasp100  84.0% | best 0.915 |     41 st/s
    done(50): success=42 t_flicker=6 t_touched=2
Ep   900 | score  206.46 | avg100  189.36 | grasp100  86.0% | best 0.915 |     41 st/s
    done(50): success=44 t_flicker=6
Ep   950 | score  209.63 | avg100  191.80 | grasp100  88.0% | best 0.915 |     40 st/s
    done(50): success=44 t_flicker=4 t_touched=2
Ep  1000 | score  206.37 | avg100  184.08 | grasp100  85.0% | best 0.915 |     41 st/s
    done(50): success=41 t_flicker=4 t_touched=5
Ep  1050 | score  253.76 | avg100  183.64 | grasp100  85.0% | best 0.915 |     41 st/s
    done(50): success=44 t_flicker=2 t_touched=4
Ep  1100 | score  206.56 | avg100  190.50 | grasp100  88.0% | best 0.915 |     41 st/s
    done(50): success=44 t_flicker=5 t_touched=1
Ep  1150 | score  210.64 | avg100  192.60 | grasp100  88.0% | best 0.915 |     41 st/s
    done(50): success=44 t_flicker=4 t_touched=2
Ep  1200 | score  207.01 | avg100  194.36 | grasp100  91.0% | best 0.915 |     40 st/s
    done(50): success=47 t_flicker=1 t_touched=2
Ep  1250 | score  208.14 | avg100  192.40 | grasp100  88.0% | best 0.915 |     41 st/s
    done(50): success=41 t_flicker=5 t_touched=4
Ep  1300 | score  210.98 | avg100  184.30 | grasp100  81.0% | best 0.915 |     40 st/s
    done(50): success=40 t_flicker=9 t_touched=1
Ep  1350 | score  210.52 | avg100  188.99 | grasp100  86.0% | best 0.915 |     40 st/s
    done(50): success=46 t_flicker=3 t_touched=1
Ep  1400 | score  207.95 | avg100  190.36 | grasp100  89.0% | best 0.915 |     40 st/s
    done(50): success=43 t_flicker=4 t_touched=3
Ep  1450 | score  210.73 | avg100  188.87 | grasp100  89.0% | best 0.915 |     40 st/s
    done(50): success=46 t_flicker=3 t_touched=1
Ep  1500 | score  199.12 | avg100  192.84 | grasp100  88.0% | best 0.915 |     40 st/s
    done(50): success=42 t_flicker=8
Ep  1550 | score  207.32 | avg100  197.34 | grasp100  90.0% | best 0.915 |     40 st/s
    done(50): success=48 t_flicker=1 t_touched=1
Ep  1600 | score  209.31 | avg100  200.66 | grasp100  94.0% | best 0.915 |     40 st/s
    done(50): success=46 t_flicker=4
Ep  1650 | score  207.99 | avg100  196.09 | grasp100  90.0% | best 0.915 |     40 st/s
    done(50): success=44 t_flicker=3 t_touched=3
Ep  1693 | * BEST  level200=2.00 grasp200= 93.0% metric=0.930 | score  213.23
Ep  1700 | score  202.88 | avg100  198.07 | grasp100  92.0% | best 0.930 |     40 st/s
    done(50): success=48 t_flicker=1 t_touched=1
  [primacy-bias reset of critic heads @ 25000 updates]
Ep  1750 | score  -79.96 | avg100  122.26 | grasp100  66.0% | best 0.930 |     41 st/s
    done(50): success=18 t_flicker=4 t_touched=3 t_no_reach=25
Ep  1800 | score  137.47 | avg100   45.55 | grasp100  28.0% | best 0.930 |     43 st/s
    done(50): success=10 t_flicker=9 t_touched=15 t_no_reach=16
Ep  1850 | score  208.70 | avg100   94.62 | grasp100  39.0% | best 0.930 |     43 st/s
    done(50): success=29 t_flicker=10 t_touched=10 t_no_reach=1
Ep  1900 | score  210.03 | avg100  152.24 | grasp100  65.0% | best 0.930 |     43 st/s
    done(50): success=36 t_flicker=8 t_touched=6
Ep  1950 | score  209.72 | avg100  166.20 | grasp100  72.0% | best 0.930 |     43 st/s
    done(50): success=36 t_flicker=10 t_touched=3 t_no_reach=1
Ep  2000 | score  213.56 | avg100  181.59 | grasp100  81.0% | best 0.930 |     43 st/s
    done(50): success=45 t_flicker=4 t_touched=1
Ep  2050 | score  209.77 | avg100  195.11 | grasp100  90.0% | best 0.930 |     43 st/s
    done(50): success=45 t_flicker=3 t_touched=2
Ep  2100 | score  205.85 | avg100  196.51 | grasp100  91.0% | best 0.930 |     43 st/s
    done(50): success=46 t_flicker=4
Ep  2150 | score  213.65 | avg100  198.61 | grasp100  92.0% | best 0.930 |     43 st/s
    done(50): success=46 t_flicker=3 t_touched=1
Ep  2200 | score  207.94 | avg100  193.81 | grasp100  89.0% | best 0.930 |     43 st/s
    done(50): success=43 t_flicker=4 t_touched=3
Ep  2250 | score  206.28 | avg100  186.12 | grasp100  85.0% | best 0.930 |     43 st/s
    done(50): success=42 t_flicker=6 t_touched=2
Ep  2300 | score  208.57 | avg100  189.47 | grasp100  87.0% | best 0.930 |     43 st/s
    done(50): success=45 t_flicker=3 t_touched=2
Ep  2350 | score  223.53 | avg100  195.09 | grasp100  90.0% | best 0.930 |     43 st/s
    done(50): success=45 t_flicker=3 t_touched=2
Ep  2400 | score  209.32 | avg100  189.56 | grasp100  86.0% | best 0.930 |     43 st/s
    done(50): success=41 t_flicker=6 t_touched=3
Ep  2450 | score  206.55 | avg100  188.51 | grasp100  86.0% | best 0.930 |     43 st/s
    done(50): success=45 t_flicker=2 t_touched=3
Ep  2500 | score  209.42 | avg100  195.10 | grasp100  90.0% | best 0.930 |     42 st/s
    done(50): success=45 t_flicker=5
Ep  2550 | score  209.27 | avg100  202.13 | grasp100  94.0% | best 0.930 |     42 st/s
    done(50): success=49 t_flicker=1
Ep  2600 | score  206.26 | avg100  203.20 | grasp100  95.0% | best 0.930 |     42 st/s
    done(50): success=46 t_flicker=3 t_touched=1
Ep  2650 | score  210.09 | avg100  196.14 | grasp100  91.0% | best 0.930 |     42 st/s
    done(50): success=45 t_flicker=4 t_touched=1
Ep  2700 | score  211.10 | avg100  195.92 | grasp100  91.0% | best 0.930 |     42 st/s
    done(50): success=46 t_flicker=3 t_touched=1
Ep  2750 | score  208.74 | avg100  196.31 | grasp100  91.0% | best 0.930 |     42 st/s
    done(50): success=45 t_flicker=2 t_touched=3
Ep  2800 | score  206.99 | avg100  195.38 | grasp100  90.0% | best 0.930 |     42 st/s
    done(50): success=45 t_flicker=5
Ep  2850 | score   24.99 | avg100  192.83 | grasp100  89.0% | best 0.930 |     42 st/s
    done(50): success=44 t_flicker=4 t_touched=2
Ep  2900 | score  209.32 | avg100  193.52 | grasp100  90.0% | best 0.930 |     42 st/s
    done(50): success=46 t_flicker=1 t_touched=3
Ep  2950 | score  207.24 | avg100  196.24 | grasp100  90.0% | best 0.930 |     42 st/s
    done(50): success=44 t_flicker=4 t_touched=1 t_no_reach=1
  [primacy-bias reset of critic heads @ 50000 updates]
Ep  3000 | score  207.27 | avg100  123.64 | grasp100  62.0% | best 0.930 |     43 st/s
    done(50): success=18 t_flicker=5 t_touched=13 t_no_reach=14
Ep  3050 | score  205.93 | avg100   82.40 | grasp100  40.0% | best 0.930 |     43 st/s
    done(50): success=22 t_flicker=18 t_touched=9 t_no_reach=1
Ep  3100 | score  212.93 | avg100  129.24 | grasp100  49.0% | best 0.930 |     43 st/s
    done(50): success=27 t_flicker=18 t_touched=5
Ep  3150 | score  211.94 | avg100  164.58 | grasp100  68.0% | best 0.930 |     43 st/s
    done(50): success=41 t_flicker=6 t_touched=2 t_no_reach=1
Ep  3200 | score  210.90 | avg100  182.96 | grasp100  82.0% | best 0.930 |     43 st/s
    done(50): success=41 t_flicker=7 t_touched=2
Ep  3250 | score  210.01 | avg100  182.23 | grasp100  82.0% | best 0.930 |     43 st/s
    done(50): success=41 t_flicker=4 t_touched=5
Ep  3300 | score  209.10 | avg100  187.37 | grasp100  85.0% | best 0.930 |     43 st/s
    done(50): success=44 t_flicker=4 t_touched=2
Ep  3350 | score  209.37 | avg100  195.03 | grasp100  89.0% | best 0.930 |     43 st/s
    done(50): success=45 t_flicker=5
Ep  3400 | score  206.89 | avg100  191.30 | grasp100  86.0% | best 0.930 |     43 st/s
    done(50): success=41 t_flicker=8 t_touched=1
Ep  3450 | score  208.55 | avg100  194.74 | grasp100  89.0% | best 0.930 |     43 st/s
    done(50): success=48 t_flicker=2
Ep  3500 | score  207.86 | avg100  202.21 | grasp100  95.0% | best 0.930 |     43 st/s
    done(50): success=47 t_flicker=3
Ep  3550 | score  207.86 | avg100  194.28 | grasp100  89.0% | best 0.930 |     42 st/s
    done(50): success=42 t_flicker=7 t_touched=1
Ep  3600 | score  208.67 | avg100  197.03 | grasp100  91.0% | best 0.930 |     42 st/s
    done(50): success=49 t_flicker=1
Ep  3650 | score  209.26 | avg100  200.58 | grasp100  93.0% | best 0.930 |     42 st/s
    done(50): success=44 t_flicker=5 t_touched=1
Ep  3700 | score  209.88 | avg100  189.92 | grasp100  86.0% | best 0.930 |     42 st/s
    done(50): success=42 t_flicker=7 t_touched=1
Ep  3750 | score  201.64 | avg100  188.56 | grasp100  87.0% | best 0.930 |     42 st/s
    done(50): success=45 t_flicker=4 t_touched=1
Ep  3800 | score  211.56 | avg100  196.48 | grasp100  91.0% | best 0.930 |     42 st/s
    done(50): success=46 t_flicker=4
Ep  3850 | score  208.02 | avg100  200.84 | grasp100  93.0% | best 0.930 |     42 st/s
    done(50): success=47 t_flicker=3
Ep  3900 | score  209.63 | avg100  200.43 | grasp100  94.0% | best 0.930 |     42 st/s
    done(50): success=47 t_flicker=1 t_touched=2
Ep  3950 | score  210.85 | avg100  196.24 | grasp100  93.0% | best 0.930 |     42 st/s
    done(50): success=46 t_flicker=2 t_touched=2
Ep  4000 | score  209.81 | avg100  191.33 | grasp100  89.0% | best 0.930 |     42 st/s
    done(50): success=43 t_flicker=6 t_touched=1
Ep  4050 | score  202.12 | avg100  198.17 | grasp100  92.0% | best 0.930 |     42 st/s
    done(50): success=49 t_touched=1
Ep  4100 | score  205.88 | avg100  202.11 | grasp100  95.0% | best 0.930 |     42 st/s
    done(50): success=46 t_flicker=3 t_touched=1
Ep  4150 | score  208.14 | avg100  202.43 | grasp100  95.0% | best 0.930 |     42 st/s
    done(50): success=49 t_flicker=1
Ep  4155 | * BEST  level200=2.00 grasp200= 94.5% metric=0.945 | score  208.44
Ep  4190 | * BEST  level200=2.00 grasp200= 96.0% metric=0.960 | score  207.49
Ep  4200 | score  209.30 | avg100  205.26 | grasp100  97.0% | best 0.960 |     42 st/s
    done(50): success=48 t_flicker=2
Ep  4250 | score  209.70 | avg100  202.08 | grasp100  96.0% | best 0.960 |     41 st/s
    done(50): success=48 t_touched=2
Ep  4300 | score  208.67 | avg100  200.33 | grasp100  95.0% | best 0.960 |     41 st/s
    done(50): success=47 t_flicker=2 t_touched=1
Ep  4350 | score  207.82 | avg100  196.63 | grasp100  92.0% | best 0.960 |     41 st/s
    done(50): success=45 t_flicker=3 t_touched=2
Ep  4400 | score  204.64 | avg100  195.20 | grasp100  91.0% | best 0.960 |     41 st/s
    done(50): success=46 t_flicker=3 t_touched=1
Ep  4450 | score  208.52 | avg100  196.19 | grasp100  91.0% | best 0.960 |     41 st/s
    done(50): success=45 t_flicker=3 t_touched=2
Ep  4500 | score  208.45 | avg100  199.05 | grasp100  93.0% | best 0.960 |     41 st/s
    done(50): success=48 t_flicker=2
  [primacy-bias reset of critic heads @ 75000 updates]
Ep  4550 | score   54.30 | avg100  136.25 | grasp100  64.0% | best 0.960 |     42 st/s
    done(50): success=16 t_flicker=5 t_touched=14 t_no_reach=15
Ep  4600 | score  209.20 | avg100   92.79 | grasp100  38.0% | best 0.960 |     42 st/s
    done(50): success=22 t_flicker=15 t_touched=13
Ep  4650 | score  209.37 | avg100  137.71 | grasp100  55.0% | best 0.960 |     42 st/s
    done(50): success=33 t_flicker=9 t_touched=8
Ep  4700 | score  210.51 | avg100  173.81 | grasp100  74.0% | best 0.960 |     42 st/s
    done(50): success=41 t_flicker=5 t_touched=4
Ep  4750 | score  204.55 | avg100  187.47 | grasp100  83.0% | best 0.960 |     42 st/s
    done(50): success=42 t_flicker=5 t_touched=3
Ep  4800 | score  207.98 | avg100  192.66 | grasp100  86.0% | best 0.960 |     42 st/s
    done(50): success=44 t_flicker=5 t_touched=1
Ep  4850 | score  229.47 | avg100  202.84 | grasp100  93.0% | best 0.960 |     42 st/s
    done(50): success=49 t_flicker=1
Ep  4900 | score  209.17 | avg100  206.49 | grasp100  97.0% | best 0.960 |     42 st/s
    done(50): success=48 t_flicker=2
Ep  4950 | score  207.07 | avg100  202.72 | grasp100  95.0% | best 0.960 |     42 st/s
    done(50): success=47 t_flicker=2 t_touched=1
Ep  5000 | score  209.68 | avg100  194.36 | grasp100  91.0% | best 0.960 |     42 st/s
    done(50): success=44 t_flicker=3 t_touched=3
Ep  5050 | score  207.09 | avg100  197.42 | grasp100  93.0% | best 0.960 |     42 st/s
    done(50): success=49 t_flicker=1
Ep  5100 | score  210.08 | avg100  201.49 | grasp100  95.0% | best 0.960 |     42 st/s
    done(50): success=46 t_flicker=3 t_touched=1
Ep  5150 | score  208.61 | avg100  200.99 | grasp100  94.0% | best 0.960 |     42 st/s
    done(50): success=48 t_flicker=1 t_touched=1
Ep  5200 | score  -34.83 | avg100  201.22 | grasp100  95.0% | best 0.960 |     42 st/s
    done(50): success=47 t_flicker=1 t_touched=2
Ep  5250 | score  209.30 | avg100  200.25 | grasp100  94.0% | best 0.960 |     42 st/s
    done(50): success=47 t_flicker=3
Ep  5300 | score  210.10 | avg100  204.76 | grasp100  96.0% | best 0.960 |     42 st/s
    done(50): success=49 t_flicker=1
Ep  5350 | score  208.95 | avg100  202.31 | grasp100  95.0% | best 0.960 |     42 st/s
    done(50): success=46 t_flicker=3 t_touched=1
Ep  5400 | score  209.00 | avg100  203.41 | grasp100  96.0% | best 0.960 |     42 st/s
    done(50): success=50
Ep  5450 | score  206.37 | avg100  207.55 | grasp100  99.0% | best 0.960 |     41 st/s
    done(50): success=49 t_touched=1
Ep  5500 | score  208.91 | avg100  205.98 | grasp100  98.0% | best 0.960 |     41 st/s
    done(50): success=49 t_flicker=1
Ep  5501 | * BEST  level200=2.00 grasp200= 97.5% metric=0.975 | score  208.00
Ep  5550 | score  209.56 | avg100  202.51 | grasp100  96.0% | best 0.975 |     41 st/s
    done(50): success=47 t_flicker=2 t_touched=1
Ep  5600 | score  207.02 | avg100  199.48 | grasp100  94.0% | best 0.975 |     41 st/s
    done(50): success=47 t_flicker=1 t_touched=2
Ep  5650 | score  205.77 | avg100  199.35 | grasp100  94.0% | best 0.975 |     41 st/s
    done(50): success=47 t_flicker=3
Ep  5700 | score  205.24 | avg100  198.18 | grasp100  93.0% | best 0.975 |     41 st/s
    done(50): success=46 t_flicker=3 t_touched=1
Ep  5750 | score  204.74 | avg100  195.70 | grasp100  91.0% | best 0.975 |     41 st/s
    done(50): success=45 t_flicker=3 t_touched=2
Ep  5800 | score  208.01 | avg100  201.65 | grasp100  95.0% | best 0.975 |     41 st/s
    done(50): success=50
Ep  5850 | score  238.24 | avg100  206.92 | grasp100  98.0% | best 0.975 |     41 st/s
    done(50): success=48 t_flicker=1 t_touched=1
Ep  5900 | score  207.58 | avg100  197.80 | grasp100  92.0% | best 0.975 |     41 st/s
    done(50): success=44 t_flicker=4 t_touched=2
Ep  5950 | score  208.06 | avg100  193.07 | grasp100  89.0% | best 0.975 |     41 st/s
    done(50): success=45 t_flicker=5
Ep  6000 | score  207.80 | avg100  199.46 | grasp100  93.0% | best 0.975 |     41 st/s
    done(50): success=48 t_flicker=1 t_touched=1
Ep  6050 | score  210.50 | avg100  205.89 | grasp100  98.0% | best 0.975 |     41 st/s
    done(50): success=50
  [primacy-bias reset of critic heads @ 100000 updates]
Ep  6100 | score  -76.80 | avg100  186.23 | grasp100  91.0% | best 0.975 |     41 st/s
    done(50): success=41 t_flicker=1 t_touched=6 t_no_reach=2
Ep  6150 | score  -22.39 | avg100   84.67 | grasp100  49.0% | best 0.975 |     42 st/s
    done(50): success=8 t_flicker=4 t_touched=15 t_no_reach=23
Ep  6200 | score   92.39 | avg100   77.20 | grasp100  42.0% | best 0.975 |     42 st/s
    done(50): success=34 t_flicker=8 t_touched=7 t_no_reach=1
Ep  6250 | score  208.74 | avg100  166.39 | grasp100  77.0% | best 0.975 |     42 st/s
    done(50): success=43 t_flicker=5 t_touched=2
Ep  6300 | score  205.63 | avg100  181.21 | grasp100  83.0% | best 0.975 |     42 st/s
    done(50): success=40 t_flicker=6 t_touched=4
Ep  6350 | score  205.40 | avg100  186.09 | grasp100  84.0% | best 0.975 |     42 st/s
    done(50): success=44 t_flicker=4 t_touched=2
Ep  6400 | score  204.82 | avg100  200.00 | grasp100  93.0% | best 0.975 |     42 st/s
    done(50): success=49 t_flicker=1
Ep  6450 | score  208.80 | avg100  200.94 | grasp100  95.0% | best 0.975 |     42 st/s
    done(50): success=46 t_flicker=2 t_touched=2
Ep  6500 | score  206.41 | avg100  198.82 | grasp100  94.0% | best 0.975 |     42 st/s
    done(50): success=48 t_flicker=2
Ep  6550 | score  207.44 | avg100  200.65 | grasp100  95.0% | best 0.975 |     42 st/s
    done(50): success=47 t_flicker=2 t_touched=1
Ep  6600 | score  206.62 | avg100  198.04 | grasp100  93.0% | best 0.975 |     42 st/s
    done(50): success=46 t_flicker=3 t_touched=1
Ep  6650 | score  209.98 | avg100  199.69 | grasp100  93.0% | best 0.975 |     41 st/s
    done(50): success=47 t_flicker=3
Ep  6700 | score  207.81 | avg100  199.60 | grasp100  93.0% | best 0.975 |     41 st/s
    done(50): success=46 t_flicker=3 t_touched=1
Ep  6750 | score  207.60 | avg100  201.24 | grasp100  95.0% | best 0.975 |     41 st/s
    done(50): success=49 t_flicker=1
Ep  6800 | score  206.80 | avg100  205.85 | grasp100  98.0% | best 0.975 |     41 st/s
    done(50): success=49 t_flicker=1
Ep  6850 | score  207.05 | avg100  205.24 | grasp100  98.0% | best 0.975 |     41 st/s
    done(50): success=49 t_flicker=1
Ep  6900 | score  206.87 | avg100  205.79 | grasp100  99.0% | best 0.975 |     41 st/s
    done(50): success=50
Ep  6950 | score  208.31 | avg100  201.48 | grasp100  96.0% | best 0.975 |     41 st/s
    done(50): success=46 t_flicker=4
Ep  7000 | score  208.13 | avg100  196.99 | grasp100  92.0% | best 0.975 |     41 st/s
    done(50): success=46 t_flicker=4
Ep  7050 | score  208.10 | avg100  203.37 | grasp100  96.0% | best 0.975 |     41 st/s
    done(50): success=50
Ep  7100 | score  207.43 | avg100  204.70 | grasp100  98.0% | best 0.975 |     41 st/s
    done(50): success=48 t_flicker=1 t_touched=1
Ep  7150 | score  206.49 | avg100  200.81 | grasp100  96.0% | best 0.975 |     41 st/s
    done(50): success=48 t_flicker=2
Ep  7200 | score  206.51 | avg100  203.09 | grasp100  97.0% | best 0.975 |     41 st/s
    done(50): success=49 t_flicker=1
Ep  7250 | score  205.99 | avg100  205.31 | grasp100  98.0% | best 0.975 |     41 st/s
    done(50): success=49 t_flicker=1
Ep  7300 | score  207.92 | avg100  204.84 | grasp100  98.0% | best 0.975 |     41 st/s
    done(50): success=49 t_flicker=1
Ep  7350 | score  207.32 | avg100  206.70 | grasp100  99.0% | best 0.975 |     41 st/s
    done(50): success=50
Ep  7354 | * BEST  level200=2.00 grasp200= 99.0% metric=0.990 | score  206.94
Ep  7400 | score  209.27 | avg100  206.27 | grasp100  98.0% | best 0.990 |     41 st/s
    done(50): success=48 t_flicker=2
Ep  7450 | score  209.73 | avg100  204.13 | grasp100  96.0% | best 0.990 |     41 st/s
    done(50): success=48 t_flicker=2
Ep  7500 | score  208.48 | avg100  205.37 | grasp100  97.0% | best 0.990 |     41 st/s
    done(50): success=49 t_flicker=1
Ep  7550 | score  205.05 | avg100  202.50 | grasp100  96.0% | best 0.990 |     41 st/s
    done(50): success=47 t_flicker=3
Ep  7600 | score  204.43 | avg100  200.00 | grasp100  95.0% | best 0.990 |     41 st/s
    done(50): success=48 t_flicker=2
Ep  7650 | score  208.26 | avg100  205.17 | grasp100  98.0% | best 0.990 |     41 st/s
    done(50): success=50
Ep  7700 | score  205.74 | avg100  203.94 | grasp100  97.0% | best 0.990 |     41 st/s
    done(50): success=47 t_flicker=3
Ep  7750 | score  208.21 | avg100  202.16 | grasp100  96.0% | best 0.990 |     41 st/s
    done(50): success=49 t_flicker=1
  [primacy-bias reset of critic heads @ 125000 updates]
Ep  7800 | score  -38.69 | avg100  164.64 | grasp100  81.0% | best 0.990 |     41 st/s
    done(50): success=32 t_flicker=3 t_touched=7 t_no_reach=8
Ep  7850 | score  208.27 | avg100   93.66 | grasp100  50.0% | best 0.990 |     41 st/s
    done(50): success=18 t_flicker=5 t_touched=13 t_no_reach=14
Ep  7900 | score  209.39 | avg100  112.88 | grasp100  54.0% | best 0.990 |     41 st/s
    done(50): success=36 t_flicker=8 t_touched=6
Ep  7950 | score  209.21 | avg100  180.10 | grasp100  83.0% | best 0.990 |     41 st/s
    done(50): success=47 t_flicker=1 t_touched=2
Ep  8000 | score   54.96 | avg100  196.27 | grasp100  92.0% | best 0.990 |     41 st/s
    done(50): success=45 t_flicker=5
Ep  8050 | score   58.04 | avg100  193.71 | grasp100  90.0% | best 0.990 |     41 st/s
    done(50): success=45 t_flicker=5
Ep  8100 | score   64.57 | avg100  198.09 | grasp100  93.0% | best 0.990 |     41 st/s
    done(50): success=48 t_flicker=2
Ep  8150 | score  210.39 | avg100  205.95 | grasp100  98.0% | best 0.990 |     41 st/s
    done(50): success=50
Ep  8200 | score  209.27 | avg100  205.31 | grasp100  98.0% | best 0.990 |     41 st/s
    done(50): success=48 t_flicker=2
Ep  8250 | score  208.24 | avg100  202.91 | grasp100  96.0% | best 0.990 |     41 st/s
    done(50): success=48 t_flicker=1 t_touched=1
Ep  8300 | score  207.99 | avg100  203.07 | grasp100  96.0% | best 0.990 |     41 st/s
    done(50): success=48 t_flicker=2
Ep  8350 | score  207.83 | avg100  204.52 | grasp100  97.0% | best 0.990 |     41 st/s
    done(50): success=49 t_flicker=1
Ep  8400 | score  206.79 | avg100  203.87 | grasp100  96.0% | best 0.990 |     41 st/s
    done(50): success=47 t_flicker=3
Ep  8450 | score  207.11 | avg100  202.39 | grasp100  95.0% | best 0.990 |     41 st/s
    done(50): success=48 t_flicker=2
Ep  8500 | score  206.83 | avg100  204.96 | grasp100  97.0% | best 0.990 |     41 st/s
    done(50): success=49 t_flicker=1
Ep  8550 | score  207.71 | avg100  206.28 | grasp100  98.0% | best 0.990 |     41 st/s
    done(50): success=49 t_flicker=1
Ep  8600 | score  207.99 | avg100  202.41 | grasp100  95.0% | best 0.990 |     40 st/s
    done(50): success=46 t_flicker=4
Ep  8650 | score  207.38 | avg100  200.68 | grasp100  94.0% | best 0.990 |     40 st/s
    done(50): success=48 t_flicker=2
Ep  8700 | score  209.25 | avg100  201.65 | grasp100  96.0% | best 0.990 |     40 st/s
    done(50): success=48 t_touched=2
Ep  8750 | score  207.78 | avg100  203.33 | grasp100  96.0% | best 0.990 |     40 st/s
    done(50): success=48 t_flicker=2
Ep  8800 | score  205.02 | avg100  205.60 | grasp100  97.0% | best 0.990 |     40 st/s
    done(50): success=49 t_flicker=1
Ep  8850 | score  206.54 | avg100  201.39 | grasp100  95.0% | best 0.990 |     40 st/s
    done(50): success=46 t_flicker=4
Ep  8900 | score  207.22 | avg100  195.82 | grasp100  91.0% | best 0.990 |     40 st/s
    done(50): success=45 t_flicker=4 t_touched=1
Ep  8950 | score  206.46 | avg100  197.66 | grasp100  92.0% | best 0.990 |     40 st/s
    done(50): success=47 t_flicker=3
Ep  9000 | score  207.53 | avg100  204.58 | grasp100  97.0% | best 0.990 |     40 st/s
    done(50): success=50
Ep  9050 | score  207.46 | avg100  203.07 | grasp100  97.0% | best 0.990 |     40 st/s
    done(50): success=47 t_flicker=2 t_touched=1
Ep  9100 | score  207.24 | avg100  201.51 | grasp100  96.0% | best 0.990 |     40 st/s
    done(50): success=49 t_flicker=1
Ep  9150 | score  207.24 | avg100  205.30 | grasp100  98.0% | best 0.990 |     40 st/s
    done(50): success=49 t_flicker=1
Ep  9200 | score  208.45 | avg100  205.48 | grasp100  98.0% | best 0.990 |     40 st/s
    done(50): success=49 t_flicker=1
Ep  9250 | score  204.31 | avg100  204.92 | grasp100  98.0% | best 0.990 |     40 st/s
    done(50): success=49 t_flicker=1
Ep  9300 | score  209.70 | avg100  204.21 | grasp100  97.0% | best 0.990 |     40 st/s
    done(50): success=48 t_flicker=2
Ep  9350 | score  209.59 | avg100  203.49 | grasp100  96.0% | best 0.990 |     40 st/s
    done(50): success=48 t_flicker=2
Ep  9400 | score  210.27 | avg100  205.52 | grasp100  98.0% | best 0.990 |     40 st/s
    done(50): success=50
Ep  9450 | score  203.47 | avg100  204.06 | grasp100  97.0% | best 0.990 |     40 st/s
    done(50): success=47 t_flicker=3
Ep  9500 | score  207.83 | avg100  200.71 | grasp100  94.0% | best 0.990 |     40 st/s
    done(50): success=47 t_flicker=2 t_touched=1
Ep  9550 | score  206.67 | avg100  200.57 | grasp100  94.0% | best 0.990 |     40 st/s
    done(50): success=47 t_flicker=3
Ep  9600 | score  206.80 | avg100  203.09 | grasp100  96.0% | best 0.990 |     40 st/s
    done(50): success=49 t_flicker=1
  [primacy-bias reset of critic heads @ 150000 updates]
Ep  9650 | score   13.52 | avg100  153.17 | grasp100  77.0% | best 0.990 |     40 st/s
    done(50): success=28 t_flicker=5 t_touched=14 t_no_reach=3
Ep  9700 | score  206.82 | avg100   96.70 | grasp100  49.0% | best 0.990 |     40 st/s
    done(50): success=21 t_flicker=7 t_touched=19 t_no_reach=3
Ep  9750 | score  209.11 | avg100  133.21 | grasp100  60.0% | best 0.990 |     40 st/s
    done(50): success=39 t_flicker=6 t_touched=5
Ep  9800 | score  208.67 | avg100  167.98 | grasp100  75.0% | best 0.990 |     40 st/s
    done(50): success=36 t_flicker=10 t_touched=4
Ep  9850 | score  209.59 | avg100  177.92 | grasp100  80.0% | best 0.990 |     40 st/s
    done(50): success=44 t_flicker=6
Ep  9900 | score   97.52 | avg100  195.92 | grasp100  90.0% | best 0.990 |     40 st/s
    done(50): success=46 t_flicker=4
Ep  9950 | score  205.72 | avg100  197.94 | grasp100  92.0% | best 0.990 |     40 st/s
    done(50): success=46 t_flicker=4
Ep 10000 | score  207.97 | avg100  203.61 | grasp100  96.0% | best 0.990 |     40 st/s
    done(50): success=50
Ep 10050 | score  210.00 | avg100  208.76 | grasp100 100.0% | best 0.990 |     40 st/s
    done(50): success=50
Ep 10100 | score  209.05 | avg100  202.31 | grasp100  96.0% | best 0.990 |     40 st/s
    done(50): success=46 t_flicker=4
Ep 10150 | score  206.25 | avg100  199.56 | grasp100  94.0% | best 0.990 |     40 st/s
    done(50): success=48 t_flicker=1 t_touched=1
Ep 10200 | score  229.29 | avg100  202.34 | grasp100  96.0% | best 0.990 |     40 st/s
    done(50): success=48 t_flicker=2
Ep 10250 | score  204.32 | avg100  205.58 | grasp100  98.0% | best 0.990 |     40 st/s
    done(50): success=50
Ep 10300 | score  212.58 | avg100  208.25 | grasp100 100.0% | best 0.990 |     40 st/s
    done(50): success=50
Ep 10350 | score  208.72 | avg100  202.56 | grasp100  96.0% | best 0.990 |     40 st/s
    done(50): success=46 t_flicker=3 t_touched=1
Ep 10400 | score  206.39 | avg100  198.79 | grasp100  93.0% | best 0.990 |     40 st/s
    done(50): success=47 t_flicker=3
Ep 10450 | score  209.01 | avg100  202.95 | grasp100  96.0% | best 0.990 |     40 st/s
    done(50): success=49 t_flicker=1
Ep 10500 | score  211.16 | avg100  206.82 | grasp100  99.0% | best 0.990 |     40 st/s
    done(50): success=50
Ep 10550 | score  206.34 | avg100  206.44 | grasp100  99.0% | best 0.990 |     40 st/s
    done(50): success=49 t_touched=1
Ep 10600 | score  210.12 | avg100  199.36 | grasp100  94.0% | best 0.990 |     40 st/s
    done(50): success=45 t_flicker=4 t_touched=1
Ep 10650 | score  209.74 | avg100  198.12 | grasp100  93.0% | best 0.990 |     40 st/s
    done(50): success=48 t_touched=2
Ep 10700 | score  210.51 | avg100  198.68 | grasp100  94.0% | best 0.990 |     40 st/s
    done(50): success=46 t_flicker=2 t_touched=2
Ep 10750 | score  205.49 | avg100  197.86 | grasp100  93.0% | best 0.990 |     40 st/s
    done(50): success=47 t_flicker=3
Ep 10800 | score  207.04 | avg100  201.19 | grasp100  95.0% | best 0.990 |     40 st/s
    done(50): success=48 t_flicker=1 t_touched=1
Ep 10850 | score  209.31 | avg100  201.98 | grasp100  96.0% | best 0.990 |     40 st/s
    done(50): success=48 t_flicker=2
Ep 10900 | score  207.80 | avg100  203.12 | grasp100  96.0% | best 0.990 |     40 st/s
    done(50): success=48 t_flicker=2
Ep 10950 | score  209.36 | avg100  205.13 | grasp100  97.0% | best 0.990 |     40 st/s
    done(50): success=49 t_touched=1
Ep 11000 | score  206.98 | avg100  205.96 | grasp100  98.0% | best 0.990 |     40 st/s
    done(50): success=49 t_touched=1
Ep 11050 | score  208.33 | avg100  207.30 | grasp100  99.0% | best 0.990 |     40 st/s
    done(50): success=50
Ep 11100 | score  207.69 | avg100  201.53 | grasp100  95.0% | best 0.990 |     40 st/s
    done(50): success=45 t_flicker=4 t_touched=1
Ep 11150 | score  206.27 | avg100  199.30 | grasp100  93.0% | best 0.990 |     40 st/s
    done(50): success=48 t_flicker=2
Ep 11200 | score  208.86 | avg100  206.13 | grasp100  98.0% | best 0.990 |     40 st/s
    done(50): success=50
Ep 11250 | score  208.59 | avg100  206.66 | grasp100  99.0% | best 0.990 |     40 st/s
    done(50): success=49 t_flicker=1
Ep 11300 | score  206.79 | avg100  204.00 | grasp100  97.0% | best 0.990 |     40 st/s
    done(50): success=48 t_flicker=1 t_touched=1
Ep 11350 | score  207.62 | avg100  203.99 | grasp100  97.0% | best 0.990 |     40 st/s
    done(50): success=49 t_flicker=1
  [primacy-bias reset of critic heads @ 175000 updates]
Ep 11400 | score  203.94 | avg100  150.97 | grasp100  76.0% | best 0.990 |     40 st/s
    done(50): success=27 t_flicker=2 t_touched=5 t_no_reach=16
Ep 11450 | score  212.71 | avg100  122.66 | grasp100  57.0% | best 0.990 |     40 st/s
    done(50): success=30 t_flicker=10 t_touched=9 t_no_reach=1
Ep 11500 | score  208.93 | avg100  166.27 | grasp100  70.0% | best 0.990 |     40 st/s
    done(50): success=40 t_flicker=8 t_touched=2
Ep 11550 | score  204.99 | avg100  183.50 | grasp100  81.0% | best 0.990 |     40 st/s
    done(50): success=41 t_flicker=7 t_touched=2
Ep 11600 | score  208.97 | avg100  185.38 | grasp100  85.0% | best 0.990 |     40 st/s
    done(50): success=44 t_flicker=4 t_touched=2
Ep 11650 | score  208.08 | avg100  195.97 | grasp100  93.0% | best 0.990 |     40 st/s
    done(50): success=49 t_flicker=1
Ep 11700 | score  206.64 | avg100  203.59 | grasp100  97.0% | best 0.990 |     40 st/s
    done(50): success=48 t_flicker=1 t_touched=1
Ep 11750 | score  206.68 | avg100  202.97 | grasp100  97.0% | best 0.990 |     40 st/s
    done(50): success=49 t_flicker=1
Ep 11800 | score  207.49 | avg100  205.33 | grasp100  99.0% | best 0.990 |     40 st/s
    done(50): success=50
Ep 11850 | score  206.40 | avg100  205.85 | grasp100  99.0% | best 0.990 |     40 st/s
    done(50): success=49 t_touched=1
Ep 11900 | score  208.66 | avg100  205.83 | grasp100  99.0% | best 0.990 |     40 st/s
    done(50): success=50
Ep 11950 | score  208.71 | avg100  200.51 | grasp100  96.0% | best 0.990 |     40 st/s
    done(50): success=46 t_flicker=4
Ep 12000 | score  207.54 | avg100  195.80 | grasp100  92.0% | best 0.990 |     40 st/s
    done(50): success=46 t_flicker=2 t_touched=2
Ep 12050 | score  209.56 | avg100  200.15 | grasp100  94.0% | best 0.990 |     40 st/s
    done(50): success=48 t_flicker=1 t_touched=1
Ep 12100 | score  206.18 | avg100  204.19 | grasp100  97.0% | best 0.990 |     40 st/s
    done(50): success=49 t_flicker=1
Ep 12150 | score  209.36 | avg100  204.76 | grasp100  97.0% | best 0.990 |     40 st/s
    done(50): success=48 t_flicker=2
Ep 12200 | score  206.89 | avg100  203.25 | grasp100  96.0% | best 0.990 |     40 st/s
    done(50): success=48 t_flicker=2
Ep 12250 | score  206.53 | avg100  199.53 | grasp100  92.0% | best 0.990 |     40 st/s
    done(50): success=44 t_flicker=6
Ep 12300 | score  206.67 | avg100  197.50 | grasp100  91.0% | best 0.990 |     40 st/s
    done(50): success=47 t_flicker=3
Ep 12350 | score  207.89 | avg100  198.38 | grasp100  93.0% | best 0.990 |     40 st/s
    done(50): success=46 t_flicker=4
Ep 12400 | score  207.99 | avg100  199.11 | grasp100  93.0% | best 0.990 |     39 st/s
    done(50): success=47 t_flicker=3
Ep 12450 | score  235.44 | avg100  202.40 | grasp100  95.0% | best 0.990 |     39 st/s
    done(50): success=48 t_flicker=2
Ep 12500 | score  209.14 | avg100  202.54 | grasp100  95.0% | best 0.990 |     39 st/s
    done(50): success=47 t_flicker=3
Ep 12550 | score  206.56 | avg100  204.09 | grasp100  97.0% | best 0.990 |     39 st/s
    done(50): success=50
Ep 12600 | score  212.03 | avg100  204.47 | grasp100  97.0% | best 0.990 |     39 st/s
    done(50): success=47 t_flicker=3
Ep 12650 | score  207.36 | avg100  203.43 | grasp100  96.0% | best 0.990 |     39 st/s
    done(50): success=49 t_touched=1
Ep 12700 | score   57.36 | avg100  205.02 | grasp100  98.0% | best 0.990 |     39 st/s
    done(50): success=49 t_flicker=1
Ep 12750 | score  211.49 | avg100  203.97 | grasp100  97.0% | best 0.990 |     39 st/s
    done(50): success=48 t_flicker=2
Ep 12800 | score  207.90 | avg100  202.73 | grasp100  96.0% | best 0.990 |     39 st/s
    done(50): success=48 t_flicker=2
Ep 12850 | score  206.21 | avg100  198.97 | grasp100  94.0% | best 0.990 |     39 st/s
    done(50): success=46 t_flicker=4
Ep 12900 | score  207.04 | avg100  197.00 | grasp100  92.0% | best 0.990 |     39 st/s
    done(50): success=46 t_flicker=4
Ep 12950 | score  206.41 | avg100  201.23 | grasp100  95.0% | best 0.990 |     39 st/s
    done(50): success=49 t_flicker=1
Ep 13000 | score  205.16 | avg100  203.74 | grasp100  97.0% | best 0.990 |     39 st/s
    done(50): success=48 t_flicker=2
Ep 13050 | score  206.99 | avg100  202.30 | grasp100  96.0% | best 0.990 |     39 st/s
    done(50): success=48 t_flicker=2
Ep 13100 | score  207.20 | avg100  203.09 | grasp100  97.0% | best 0.990 |     39 st/s
    done(50): success=49 t_flicker=1
Ep 13150 | score  206.30 | avg100  204.87 | grasp100  98.0% | best 0.990 |     39 st/s
    done(50): success=49 t_flicker=1
Ep 13200 | score  206.79 | avg100  203.52 | grasp100  97.0% | best 0.990 |     39 st/s
    done(50): success=48 t_flicker=2
Ep 13250 | score  207.59 | avg100  202.44 | grasp100  96.0% | best 0.990 |     39 st/s
    done(50): success=48 t_flicker=2
Ep 13300 | score  207.69 | avg100  205.29 | grasp100  98.0% | best 0.990 |     39 st/s
    done(50): success=50
  [primacy-bias reset of critic heads @ 200000 updates]
Ep 13350 | score  -67.74 | avg100  150.48 | grasp100  79.0% | best 0.990 |     39 st/s
    done(50): success=29 t_flicker=1 t_no_reach=20
Ep 13400 | score  207.61 | avg100   99.48 | grasp100  56.0% | best 0.990 |     39 st/s
    done(50): success=27 t_flicker=5 t_touched=10 t_no_reach=8
Ep 13450 | score  212.07 | avg100  142.73 | grasp100  66.0% | best 0.990 |     39 st/s
    done(50): success=39 t_flicker=8 t_touched=3
Ep 13500 | score  207.54 | avg100  183.61 | grasp100  80.0% | best 0.990 |     39 st/s
    done(50): success=41 t_flicker=9
Ep 13550 | score  207.25 | avg100  194.09 | grasp100  88.0% | best 0.990 |     39 st/s
    done(50): success=47 t_flicker=2 t_touched=1
Ep 13600 | score  207.27 | avg100  199.04 | grasp100  93.0% | best 0.990 |     39 st/s
    done(50): success=46 t_flicker=4
Ep 13650 | score   93.85 | avg100  201.47 | grasp100  95.0% | best 0.990 |     39 st/s
    done(50): success=49 t_flicker=1
Ep 13700 | score  207.25 | avg100  204.80 | grasp100  98.0% | best 0.990 |     39 st/s
    done(50): success=49 t_touched=1
Ep 13750 | score  209.34 | avg100  203.27 | grasp100  97.0% | best 0.990 |     39 st/s
    done(50): success=48 t_flicker=2
Ep 13800 | score   96.22 | avg100  200.63 | grasp100  95.0% | best 0.990 |     39 st/s
    done(50): success=47 t_flicker=2 t_touched=1
Ep 13850 | score  207.76 | avg100  199.48 | grasp100  94.0% | best 0.990 |     39 st/s
    done(50): success=47 t_flicker=3
Ep 13900 | score  206.09 | avg100  202.86 | grasp100  96.0% | best 0.990 |     39 st/s
    done(50): success=49 t_touched=1
Ep 13950 | score  207.61 | avg100  203.33 | grasp100  96.0% | best 0.990 |     39 st/s
    done(50): success=47 t_flicker=3
Ep 14000 | score  209.01 | avg100  193.16 | grasp100  90.0% | best 0.990 |     39 st/s
    done(50): success=43 t_flicker=7
Ep 14050 | score  207.34 | avg100  193.18 | grasp100  91.0% | best 0.990 |     39 st/s
    done(50): success=48 t_flicker=2
Ep 14100 | score   92.88 | avg100  195.44 | grasp100  92.0% | best 0.990 |     39 st/s
    done(50): success=44 t_flicker=5 t_touched=1
Ep 14150 | score  208.07 | avg100  192.47 | grasp100  89.0% | best 0.990 |     39 st/s
    done(50): success=45 t_flicker=3 t_touched=2
Ep 14200 | score  207.40 | avg100  198.20 | grasp100  92.0% | best 0.990 |     39 st/s
    done(50): success=47 t_flicker=3
Ep 14250 | score  205.28 | avg100  198.69 | grasp100  93.0% | best 0.990 |     39 st/s
    done(50): success=46 t_flicker=4
Ep 14300 | score  207.80 | avg100  200.00 | grasp100  94.0% | best 0.990 |     39 st/s
    done(50): success=48 t_flicker=2
Ep 14350 | score  209.31 | avg100  201.59 | grasp100  96.0% | best 0.990 |     39 st/s
    done(50): success=48 t_flicker=1 t_touched=1
Ep 14400 | score   56.13 | avg100  201.85 | grasp100  97.0% | best 0.990 |     39 st/s
    done(50): success=49 t_flicker=1
Ep 14450 | score  211.23 | avg100  206.13 | grasp100  99.0% | best 0.990 |     39 st/s
    done(50): success=50
Ep 14500 | score  206.34 | avg100  207.81 | grasp100 100.0% | best 0.990 |     39 st/s
    done(50): success=50
Ep 14550 | score  208.23 | avg100  208.03 | grasp100 100.0% | best 0.990 |     39 st/s
    done(50): success=50
Ep 14600 | score  207.94 | avg100  206.63 | grasp100  99.0% | best 0.990 |     39 st/s
    done(50): success=49 t_flicker=1
Ep 14650 | score  208.70 | avg100  203.78 | grasp100  97.0% | best 0.990 |     39 st/s
    done(50): success=48 t_flicker=2
Ep 14700 | score  255.46 | avg100  205.47 | grasp100  98.0% | best 0.990 |     39 st/s
    done(50): success=50
Ep 14750 | score  206.78 | avg100  206.54 | grasp100  99.0% | best 0.990 |     39 st/s
    done(50): success=49 t_flicker=1
Ep 14800 | score  208.62 | avg100  203.30 | grasp100  97.0% | best 0.990 |     39 st/s
    done(50): success=48 t_flicker=2
Ep 14850 | score  209.25 | avg100  201.75 | grasp100  96.0% | best 0.990 |     39 st/s
    done(50): success=48 t_touched=2
Ep 14900 | score  207.56 | avg100  200.99 | grasp100  95.0% | best 0.990 |     39 st/s
    done(50): success=47 t_flicker=3
Ep 14950 | score  206.11 | avg100  203.89 | grasp100  97.0% | best 0.990 |     39 st/s
    done(50): success=50
Ep 15000 | score  208.62 | avg100  205.29 | grasp100  98.0% | best 0.990 |     39 st/s
    done(50): success=48 t_flicker=1 t_touched=1
Ep 15050 | score  205.97 | avg100  201.53 | grasp100  95.0% | best 0.990 |     39 st/s
    done(50): success=47 t_flicker=3
Ep 15100 | score  206.80 | avg100  200.99 | grasp100  95.0% | best 0.990 |     39 st/s
    done(50): success=48 t_flicker=2
Ep 15150 | score    3.31 | avg100  198.63 | grasp100  93.0% | best 0.990 |     39 st/s
    done(50): success=45 t_flicker=5
Ep 15200 | score  207.04 | avg100  198.36 | grasp100  93.0% | best 0.990 |     39 st/s
    done(50): success=48 t_flicker=2
  [primacy-bias reset of critic heads @ 225000 updates]
Ep 15250 | score  -61.09 | avg100  176.77 | grasp100  85.0% | best 0.990 |     39 st/s
    done(50): success=37 t_flicker=5 t_touched=4 t_no_reach=4
Ep 15300 | score   95.64 | avg100  126.29 | grasp100  59.0% | best 0.990 |     39 st/s
    done(50): success=22 t_flicker=15 t_touched=8 t_no_reach=5
Ep 15350 | score  -35.72 | avg100  130.62 | grasp100  58.0% | best 0.990 |     39 st/s
    done(50): success=36 t_flicker=9 t_touched=5
Ep 15400 | score  208.86 | avg100  175.86 | grasp100  79.0% | best 0.990 |     39 st/s
    done(50): success=43 t_flicker=5 t_touched=2
Ep 15450 | score   54.72 | avg100  195.42 | grasp100  90.0% | best 0.990 |     39 st/s
    done(50): success=47 t_flicker=3
Ep 15500 | score  243.83 | avg100  201.25 | grasp100  95.0% | best 0.990 |     39 st/s
    done(50): success=48 t_flicker=1 t_touched=1
Ep 15550 | score  206.79 | avg100  200.96 | grasp100  96.0% | best 0.990 |     39 st/s
    done(50): success=48 t_flicker=1 t_no_reach=1
Ep 15600 | score  207.86 | avg100  203.88 | grasp100  98.0% | best 0.990 |     39 st/s
    done(50): success=50
Ep 15650 | score  206.63 | avg100  205.83 | grasp100  98.0% | best 0.990 |     39 st/s
    done(50): success=48 t_flicker=2
Ep 15700 | score  207.51 | avg100  204.09 | grasp100  97.0% | best 0.990 |     39 st/s
    done(50): success=49 t_flicker=1
Ep 15750 | score  209.31 | avg100  204.54 | grasp100  98.0% | best 0.990 |     39 st/s
    done(50): success=49 t_flicker=1
Ep 15800 | score  206.45 | avg100  201.39 | grasp100  95.0% | best 0.990 |     39 st/s
    done(50): success=46 t_flicker=4
Ep 15850 | score  207.08 | avg100  193.70 | grasp100  91.0% | best 0.990 |     39 st/s
    done(50): success=45 t_flicker=4 t_touched=1
Ep 15900 | score  206.48 | avg100  195.63 | grasp100  93.0% | best 0.990 |     39 st/s
    done(50): success=48 t_flicker=2
Ep 15950 | score  205.82 | avg100  201.13 | grasp100  95.0% | best 0.990 |     39 st/s
    done(50): success=47 t_flicker=2 t_touched=1
Ep 16000 | score  207.75 | avg100  198.20 | grasp100  93.0% | best 0.990 |     39 st/s
    done(50): success=46 t_flicker=4
Ep 16050 | score  205.70 | avg100  199.49 | grasp100  94.0% | best 0.990 |     39 st/s
    done(50): success=48 t_flicker=2
Ep 16100 | score  207.39 | avg100  203.65 | grasp100  97.0% | best 0.990 |     39 st/s
    done(50): success=49 t_flicker=1
Ep 16150 | score  205.97 | avg100  204.90 | grasp100  98.0% | best 0.990 |     39 st/s
    done(50): success=49 t_flicker=1
Ep 16200 | score  205.85 | avg100  204.84 | grasp100  98.0% | best 0.990 |     39 st/s
    done(50): success=49 t_flicker=1
Ep 16250 | score  208.18 | avg100  202.14 | grasp100  96.0% | best 0.990 |     39 st/s
    done(50): success=47 t_flicker=3
Ep 16300 | score  206.47 | avg100  203.52 | grasp100  97.0% | best 0.990 |     39 st/s
    done(50): success=50
Ep 16350 | score  205.11 | avg100  208.49 | grasp100 100.0% | best 0.990 |     39 st/s
    done(50): success=50
Ep 16400 | score  206.33 | avg100  205.81 | grasp100  97.0% | best 0.990 |     39 st/s
    done(50): success=47 t_flicker=2 t_touched=1
Ep 16450 | score  206.81 | avg100  203.34 | grasp100  95.0% | best 0.990 |     39 st/s
    done(50): success=48 t_flicker=2
Ep 16500 | score   66.88 | avg100  200.41 | grasp100  94.0% | best 0.990 |     39 st/s
    done(50): success=46 t_flicker=4
Ep 16550 | score  207.29 | avg100  199.46 | grasp100  94.0% | best 0.990 |     39 st/s
    done(50): success=48 t_flicker=2
Ep 16600 | score  209.17 | avg100  205.40 | grasp100  98.0% | best 0.990 |     39 st/s
    done(50): success=50
Ep 16650 | score  208.95 | avg100  207.92 | grasp100 100.0% | best 0.990 |     39 st/s
    done(50): success=50
Ep 16700 | score   56.06 | avg100  206.01 | grasp100  99.0% | best 0.990 |     39 st/s
    done(50): success=49 t_flicker=1
Ep 16750 | score  206.40 | avg100  204.82 | grasp100  98.0% | best 0.990 |     39 st/s
    done(50): success=49 t_flicker=1
Ep 16800 | score  208.01 | avg100  203.75 | grasp100  96.0% | best 0.990 |     39 st/s
    done(50): success=47 t_flicker=2 t_touched=1
Ep 16850 | score  207.76 | avg100  203.96 | grasp100  96.0% | best 0.990 |     39 st/s
    done(50): success=49 t_touched=1
Ep 16900 | score  208.19 | avg100  204.36 | grasp100  97.0% | best 0.990 |     39 st/s
    done(50): success=48 t_flicker=2
Ep 16950 | score  206.86 | avg100  204.55 | grasp100  97.0% | best 0.990 |     38 st/s
    done(50): success=49 t_flicker=1
Ep 17000 | score  205.71 | avg100  205.66 | grasp100  98.0% | best 0.990 |     38 st/s
    done(50): success=49 t_flicker=1
Ep 17050 | score  208.53 | avg100  206.41 | grasp100  99.0% | best 0.990 |     38 st/s
    done(50): success=50
Ep 17100 | score  208.70 | avg100  205.34 | grasp100  98.0% | best 0.990 |     38 st/s
    done(50): success=48 t_flicker=2
Ep 17150 | score  206.89 | avg100  201.71 | grasp100  95.0% | best 0.990 |     38 st/s
    done(50): success=47 t_flicker=3
Ep 17200 | score  207.27 | avg100  204.41 | grasp100  97.0% | best 0.990 |     38 st/s
    done(50): success=50
  [primacy-bias reset of critic heads @ 250000 updates]
Ep 17250 | score  -79.32 | avg100  177.61 | grasp100  87.0% | best 0.990 |     38 st/s
    done(50): success=37 t_flicker=3 t_touched=4 t_no_reach=6
