========================================================================
RANDOM-SPAWN GRASP RETRAINING  |  algo=td3_ln  run=td3_ln_long60k_s1
========================================================================
  Envs                : 5 (subprocess-parallel, fork)
  Spawn level         : 2.0 (1.0 = full position box, 2.0 = + z-rotation)
  Updates/vec-step    : 2 (0.400 per env-step; historical baseline 0.5)
  Buffer              : 200,000
  Actor               : 64 -> 32  (5,216 weights)
  Warm start          : checkpoints/td3_grasp_rand_td3_ln_smallc64_s5/best
  Checkpoints         : /home/fahim/Thesis_fahim/pickandplace/checkpoints/td3_grasp_rand_td3_ln_long60k_s1
========================================================================

Spawning 5 subprocess environments (fork)...
[robosuite WARNING] No private macro file found! (__init__.py:7)
[robosuite WARNING] No private macro file found! (__init__.py:7)
[robosuite WARNING] No private macro file found! (__init__.py:7)
[robosuite WARNING] It is recommended to use a private macro file (__init__.py:8)
[robosuite WARNING] To setup, run: python /home/fahim/Thesis_fahim/venv/lib/python3.12/site-packages/robosuite/scripts/setup_macros.py (__init__.py:9)
[robosuite WARNING] It is recommended to use a private macro file (__init__.py:8)
[robosuite WARNING] It is recommended to use a private macro file (__init__.py:8)
[robosuite WARNING] To setup, run: python /home/fahim/Thesis_fahim/venv/lib/python3.12/site-packages/robosuite/scripts/setup_macros.py (__init__.py:9)
[robosuite WARNING] No private macro file found! (__init__.py:7)
[robosuite WARNING] No private macro file found! (__init__.py:7)
[robosuite WARNING] To setup, run: python /home/fahim/Thesis_fahim/venv/lib/python3.12/site-packages/robosuite/scripts/setup_macros.py (__init__.py:9)
[robosuite WARNING] It is recommended to use a private macro file (__init__.py:8)
[robosuite WARNING] It is recommended to use a private macro file (__init__.py:8)
[robosuite WARNING] To setup, run: python /home/fahim/Thesis_fahim/venv/lib/python3.12/site-packages/robosuite/scripts/setup_macros.py (__init__.py:9)
[robosuite WARNING] To setup, run: python /home/fahim/Thesis_fahim/venv/lib/python3.12/site-packages/robosuite/scripts/setup_macros.py (__init__.py:9)
Gym has been unmaintained since 2022 and does not support NumPy 2.0 amongst other critical functionality.
Please upgrade to Gymnasium, the maintained drop-in replacement of Gym, or contact the authors of your software and request that they upgrade.
See the migration guide at https://gymnasium.farama.org/introduction/migration_guide/ for additional information.
Gym has been unmaintained since 2022 and does not support NumPy 2.0 amongst other critical functionality.
Please upgrade to Gymnasium, the maintained drop-in replacement of Gym, or contact the authors of your software and request that they upgrade.
See the migration guide at https://gymnasium.farama.org/introduction/migration_guide/ for additional information.
Gym has been unmaintained since 2022 and does not support NumPy 2.0 amongst other critical functionality.
Please upgrade to Gymnasium, the maintained drop-in replacement of Gym, or contact the authors of your software and request that they upgrade.
See the migration guide at https://gymnasium.farama.org/introduction/migration_guide/ for additional information.
Gym has been unmaintained since 2022 and does not support NumPy 2.0 amongst other critical functionality.
Please upgrade to Gymnasium, the maintained drop-in replacement of Gym, or contact the authors of your software and request that they upgrade.
See the migration guide at https://gymnasium.farama.org/introduction/migration_guide/ for additional information.
Gym has been unmaintained since 2022 and does not support NumPy 2.0 amongst other critical functionality.
Please upgrade to Gymnasium, the maintained drop-in replacement of Gym, or contact the authors of your software and request that they upgrade.
See the migration guide at https://gymnasium.farama.org/introduction/migration_guide/ for additional information.
/home/fahim/Thesis_fahim/venv/lib/python3.12/site-packages/gym/spaces/box.py:84: UserWarning: [33mWARN: Box bound precision lowered by casting to float32[0m
  logger.warn(f"Box bound precision lowered by casting to {self.dtype}")
/home/fahim/Thesis_fahim/venv/lib/python3.12/site-packages/gym/spaces/box.py:84: UserWarning: [33mWARN: Box bound precision lowered by casting to float32[0m
  logger.warn(f"Box bound precision lowered by casting to {self.dtype}")
/home/fahim/Thesis_fahim/venv/lib/python3.12/site-packages/gym/spaces/box.py:84: UserWarning: [33mWARN: Box bound precision lowered by casting to float32[0m
  logger.warn(f"Box bound precision lowered by casting to {self.dtype}")
/home/fahim/Thesis_fahim/venv/lib/python3.12/site-packages/gym/spaces/box.py:84: UserWarning: [33mWARN: Box bound precision lowered by casting to float32[0m
  logger.warn(f"Box bound precision lowered by casting to {self.dtype}")
/home/fahim/Thesis_fahim/venv/lib/python3.12/site-packages/gym/spaces/box.py:84: UserWarning: [33mWARN: Box bound precision lowered by casting to float32[0m
  logger.warn(f"Box bound precision lowered by casting to {self.dtype}")
Gym has been unmaintained since 2022 and does not support NumPy 2.0 amongst other critical functionality.
Please upgrade to Gymnasium, the maintained drop-in replacement of Gym, or contact the authors of your software and request that they upgrade.
See the migration guide at https://gymnasium.farama.org/introduction/migration_guide/ for additional information.
5 environments ready.

  Actor QAT           : per-tensor INT8 fake-quant, STE grads
  Actor weight clip   : |w| <= 8.0 * std(w) per Linear tensor (bi_s0 baseline fc1 9.96 / fc2 10.82)
Init: warm-started (source: /home/fahim/Thesis_fahim/pickandplace/checkpoints/td3_grasp_rand_td3_ln_smallc64_s5/best)
Fresh replay buffer.

Training...

Ep    50 | score  197.57 | avg100  203.20 | grasp100  96.0% | best 0.000 |     56 st/s
    done(50): success=48 t_flicker=2
Ep   100 | score  210.93 | avg100  201.08 | grasp100  94.0% | best 0.000 |     57 st/s
    done(50): success=46 t_flicker=3 t_touched=1
Ep   150 | score  204.75 | avg100  200.33 | grasp100  93.0% | best 0.000 |     57 st/s
    done(50): success=47 t_flicker=2 t_touched=1
Ep   200 | * BEST  level200=2.00 grasp200= 91.5% metric=0.915 | score  211.87
Ep   250 | score  204.37 | avg100  189.49 | grasp100  85.0% | best 0.915 |     53 st/s
    done(50): success=43 t_flicker=6 t_touched=1
Ep   300 | score  208.13 | avg100  189.53 | grasp100  87.0% | best 0.915 |     52 st/s
    done(50): success=44 t_flicker=4 t_touched=2
Ep   350 | score  206.90 | avg100  187.90 | grasp100  85.0% | best 0.915 |     50 st/s
    done(50): success=41 t_flicker=6 t_touched=3
Ep   400 | score  206.99 | avg100  180.59 | grasp100  79.0% | best 0.915 |     50 st/s
    done(50): success=38 t_flicker=8 t_touched=4
Ep   450 | score  208.94 | avg100  181.03 | grasp100  80.0% | best 0.915 |     50 st/s
    done(50): success=42 t_flicker=6 t_touched=2
Ep   500 | score  207.28 | avg100  181.00 | grasp100  82.0% | best 0.915 |     51 st/s
    done(50): success=40 t_flicker=4 t_touched=3 t_no_reach=3
Ep   550 | score  211.50 | avg100  171.25 | grasp100  78.0% | best 0.915 |     50 st/s
    done(50): success=38 t_flicker=10 t_touched=2
Ep   600 | score  209.53 | avg100  168.23 | grasp100  76.0% | best 0.915 |     50 st/s
    done(50): success=38 t_flicker=8 t_touched=4
Ep   650 | score  211.08 | avg100  177.66 | grasp100  80.0% | best 0.915 |     51 st/s
    done(50): success=42 t_flicker=3 t_touched=5
Ep   700 | score  199.65 | avg100  190.25 | grasp100  87.0% | best 0.915 |     50 st/s
    done(50): success=45 t_flicker=5
Ep   750 | score  210.00 | avg100  195.00 | grasp100  89.0% | best 0.915 |     50 st/s
    done(50): success=44 t_flicker=6
Ep   800 | score   82.34 | avg100  194.65 | grasp100  88.0% | best 0.915 |     49 st/s
    done(50): success=44 t_flicker=5 t_touched=1
Ep   850 | score  204.01 | avg100  191.76 | grasp100  88.0% | best 0.915 |     49 st/s
    done(50): success=44 t_flicker=6
Ep   900 | score  211.23 | avg100  190.35 | grasp100  88.0% | best 0.915 |     48 st/s
    done(50): success=44 t_flicker=4 t_touched=2
Ep   950 | score  209.22 | avg100  191.39 | grasp100  87.0% | best 0.915 |     48 st/s
    done(50): success=43 t_flicker=6 t_touched=1
Ep  1000 | score  210.73 | avg100  192.15 | grasp100  87.0% | best 0.915 |     48 st/s
    done(50): success=44 t_flicker=4 t_touched=2
Ep  1050 | score  226.27 | avg100  177.93 | grasp100  80.0% | best 0.915 |     48 st/s
    done(50): success=36 t_flicker=8 t_touched=6
Ep  1100 | score   24.85 | avg100  171.74 | grasp100  77.0% | best 0.915 |     48 st/s
    done(50): success=41 t_flicker=6 t_touched=3
Ep  1150 | score  209.07 | avg100  183.05 | grasp100  82.0% | best 0.915 |     48 st/s
    done(50): success=41 t_flicker=6 t_touched=3
Ep  1200 | score  211.83 | avg100  184.58 | grasp100  82.0% | best 0.915 |     47 st/s
    done(50): success=41 t_flicker=6 t_touched=3
Ep  1250 | score  205.67 | avg100  185.92 | grasp100  84.0% | best 0.915 |     47 st/s
    done(50): success=43 t_flicker=2 t_touched=5
Ep  1300 | score   80.86 | avg100  191.50 | grasp100  88.0% | best 0.915 |     47 st/s
    done(50): success=45 t_flicker=4 t_touched=1
Ep  1350 | score  206.37 | avg100  192.74 | grasp100  88.0% | best 0.915 |     46 st/s
    done(50): success=43 t_flicker=6 t_touched=1
Ep  1400 | score   82.48 | avg100  189.31 | grasp100  85.0% | best 0.915 |     46 st/s
    done(50): success=42 t_flicker=8
Ep  1450 | score  211.89 | avg100  182.68 | grasp100  82.0% | best 0.915 |     46 st/s
    done(50): success=40 t_flicker=6 t_touched=4
Ep  1500 | score  207.03 | avg100  180.93 | grasp100  82.0% | best 0.915 |     45 st/s
    done(50): success=42 t_flicker=6 t_touched=2
Ep  1550 | score  206.59 | avg100  188.64 | grasp100  85.0% | best 0.915 |     45 st/s
    done(50): success=43 t_flicker=7
  [primacy-bias reset of critic heads @ 25000 updates]
Ep  1600 | score  209.05 | avg100  193.11 | grasp100  87.0% | best 0.915 |     45 st/s
    done(50): success=44 t_flicker=5 t_touched=1
Ep  1650 | score   55.26 | avg100  129.29 | grasp100  60.0% | best 0.915 |     46 st/s
    done(50): success=16 t_flicker=12 t_touched=17 t_no_reach=5
Ep  1700 | score  205.27 | avg100   76.33 | grasp100  40.0% | best 0.915 |     47 st/s
    done(50): success=24 t_flicker=8 t_touched=15 t_no_reach=3
Ep  1750 | score  205.42 | avg100  122.23 | grasp100  63.0% | best 0.915 |     47 st/s
    done(50): success=39 t_flicker=2 t_touched=9
Ep  1800 | score  208.93 | avg100  171.96 | grasp100  82.0% | best 0.915 |     47 st/s
    done(50): success=43 t_flicker=6 t_touched=1
Ep  1850 | score  209.08 | avg100  189.10 | grasp100  86.0% | best 0.915 |     47 st/s
    done(50): success=43 t_flicker=6 t_touched=1
Ep  1900 | score  208.01 | avg100  188.62 | grasp100  84.0% | best 0.915 |     46 st/s
    done(50): success=41 t_flicker=7 t_touched=2
Ep  1950 | score  208.51 | avg100  182.81 | grasp100  81.0% | best 0.915 |     46 st/s
    done(50): success=40 t_flicker=8 t_touched=2
Ep  2000 | score  208.86 | avg100  182.60 | grasp100  81.0% | best 0.915 |     46 st/s
    done(50): success=41 t_flicker=7 t_touched=2
Ep  2050 | score  207.74 | avg100  191.68 | grasp100  88.0% | best 0.915 |     46 st/s
    done(50): success=47 t_flicker=2 t_touched=1
Ep  2100 | score  209.51 | avg100  190.13 | grasp100  87.0% | best 0.915 |     46 st/s
    done(50): success=40 t_flicker=9 t_touched=1
Ep  2150 | score  202.75 | avg100  188.67 | grasp100  86.0% | best 0.915 |     46 st/s
    done(50): success=46 t_flicker=3 t_touched=1
Ep  2200 | score   74.97 | avg100  185.69 | grasp100  84.0% | best 0.915 |     45 st/s
    done(50): success=38 t_flicker=9 t_touched=3
Ep  2250 | score  209.60 | avg100  186.60 | grasp100  84.0% | best 0.915 |     45 st/s
    done(50): success=46 t_flicker=4
Ep  2300 | score  198.96 | avg100  198.30 | grasp100  92.0% | best 0.915 |     45 st/s
    done(50): success=46 t_flicker=2 t_touched=2
Ep  2350 | score  209.77 | avg100  197.01 | grasp100  90.0% | best 0.915 |     45 st/s
    done(50): success=44 t_flicker=6
Ep  2400 | score   98.37 | avg100  196.09 | grasp100  90.0% | best 0.915 |     45 st/s
    done(50): success=46 t_flicker=3 t_touched=1
Ep  2450 | score  204.95 | avg100  197.68 | grasp100  93.0% | best 0.915 |     45 st/s
    done(50): success=47 t_flicker=2 t_touched=1
Ep  2500 | score  210.25 | avg100  196.51 | grasp100  93.0% | best 0.915 |     45 st/s
    done(50): success=46 t_flicker=3 t_touched=1
Ep  2520 | * BEST  level200=2.00 grasp200= 93.0% metric=0.930 | score  214.04
Ep  2540 | * BEST  level200=2.00 grasp200= 94.5% metric=0.945 | score  209.22
Ep  2550 | score  209.31 | avg100  200.51 | grasp100  95.0% | best 0.945 |     44 st/s
    done(50): success=49 t_flicker=1
Ep  2600 | score    2.03 | avg100  195.74 | grasp100  92.0% | best 0.945 |     44 st/s
    done(50): success=43 t_flicker=6 t_touched=1
Ep  2650 | score  208.17 | avg100  196.90 | grasp100  92.0% | best 0.945 |     44 st/s
    done(50): success=49 t_flicker=1
Ep  2700 | score  -14.12 | avg100  202.90 | grasp100  95.0% | best 0.945 |     44 st/s
    done(50): success=46 t_flicker=4
Ep  2750 | score  202.06 | avg100  196.99 | grasp100  92.0% | best 0.945 |     44 st/s
    done(50): success=46 t_flicker=3 t_touched=1
Ep  2800 | score  209.41 | avg100  193.91 | grasp100  90.0% | best 0.945 |     44 st/s
    done(50): success=44 t_flicker=5 t_touched=1
Ep  2850 | score  208.31 | avg100  197.92 | grasp100  92.0% | best 0.945 |     43 st/s
    done(50): success=48 t_flicker=2
Ep  2900 | score  212.67 | avg100  199.54 | grasp100  92.0% | best 0.945 |     43 st/s
    done(50): success=44 t_flicker=6
Ep  2950 | score  209.57 | avg100  196.61 | grasp100  90.0% | best 0.945 |     43 st/s
    done(50): success=46 t_flicker=4
Ep  3000 | score  205.20 | avg100  199.78 | grasp100  93.0% | best 0.945 |     43 st/s
    done(50): success=47 t_flicker=3
  [primacy-bias reset of critic heads @ 50000 updates]
Ep  3050 | score   58.21 | avg100  155.65 | grasp100  74.0% | best 0.945 |     44 st/s
    done(50): success=27 t_flicker=7 t_touched=14 t_no_reach=2
Ep  3100 | score  205.58 | avg100   90.41 | grasp100  46.0% | best 0.945 |     44 st/s
    done(50): success=19 t_flicker=13 t_touched=8 t_no_reach=10
Ep  3150 | score  -44.48 | avg100  116.88 | grasp100  55.0% | best 0.945 |     44 st/s
    done(50): success=36 t_flicker=11 t_touched=3
Ep  3200 | score   95.90 | avg100  160.33 | grasp100  67.0% | best 0.945 |     44 st/s
    done(50): success=31 t_flicker=17 t_touched=2
Ep  3250 | score  206.92 | avg100  174.03 | grasp100  73.0% | best 0.945 |     44 st/s
    done(50): success=42 t_flicker=8
Ep  3300 | score  210.67 | avg100  183.88 | grasp100  83.0% | best 0.945 |     44 st/s
    done(50): success=41 t_flicker=6 t_touched=3
Ep  3350 | score  208.24 | avg100  189.89 | grasp100  88.0% | best 0.945 |     44 st/s
    done(50): success=47 t_flicker=3
Ep  3400 | score  208.98 | avg100  194.36 | grasp100  90.0% | best 0.945 |     44 st/s
    done(50): success=43 t_flicker=7
Ep  3450 | score  200.55 | avg100  186.89 | grasp100  86.0% | best 0.945 |     44 st/s
    done(50): success=43 t_flicker=6 t_touched=1
Ep  3500 | score  209.26 | avg100  193.41 | grasp100  90.0% | best 0.945 |     44 st/s
    done(50): success=47 t_flicker=2 t_touched=1
Ep  3550 | score  208.44 | avg100  200.30 | grasp100  94.0% | best 0.945 |     43 st/s
    done(50): success=47 t_flicker=3
Ep  3600 | score  209.80 | avg100  200.40 | grasp100  94.0% | best 0.945 |     43 st/s
    done(50): success=47 t_flicker=3
Ep  3650 | score  206.39 | avg100  194.87 | grasp100  90.0% | best 0.945 |     43 st/s
    done(50): success=43 t_flicker=7
Ep  3700 | score  211.58 | avg100  185.98 | grasp100  84.0% | best 0.945 |     43 st/s
    done(50): success=41 t_flicker=9
Ep  3750 | score  210.12 | avg100  189.90 | grasp100  87.0% | best 0.945 |     43 st/s
    done(50): success=46 t_flicker=4
Ep  3800 | score  211.69 | avg100  193.58 | grasp100  89.0% | best 0.945 |     43 st/s
    done(50): success=43 t_flicker=6 t_touched=1
Ep  3850 | score   96.79 | avg100  192.86 | grasp100  88.0% | best 0.945 |     43 st/s
    done(50): success=45 t_flicker=4 t_touched=1
Ep  3900 | score  236.93 | avg100  196.31 | grasp100  91.0% | best 0.945 |     43 st/s
    done(50): success=46 t_flicker=3 t_touched=1
Ep  3950 | score  209.31 | avg100  195.15 | grasp100  92.0% | best 0.945 |     43 st/s
    done(50): success=46 t_flicker=3 t_touched=1
Ep  4000 | score  208.18 | avg100  196.85 | grasp100  93.0% | best 0.945 |     43 st/s
    done(50): success=47 t_flicker=3
Ep  4050 | score  210.01 | avg100  189.15 | grasp100  88.0% | best 0.945 |     43 st/s
    done(50): success=41 t_flicker=7 t_touched=2
Ep  4100 | score  211.73 | avg100  191.25 | grasp100  89.0% | best 0.945 |     43 st/s
    done(50): success=48 t_flicker=2
Ep  4150 | score  207.84 | avg100  201.43 | grasp100  95.0% | best 0.945 |     43 st/s
    done(50): success=47 t_flicker=1 t_touched=2
Ep  4200 | score   95.62 | avg100  200.28 | grasp100  94.0% | best 0.945 |     43 st/s
    done(50): success=47 t_flicker=3
Ep  4250 | score  208.55 | avg100  203.42 | grasp100  96.0% | best 0.945 |     42 st/s
    done(50): success=49 t_flicker=1
Ep  4265 | * BEST  level200=2.00 grasp200= 96.0% metric=0.960 | score  209.37
Ep  4300 | score  206.74 | avg100  201.93 | grasp100  96.0% | best 0.960 |     42 st/s
    done(50): success=47 t_flicker=2 t_touched=1
Ep  4350 | score  207.86 | avg100  203.78 | grasp100  97.0% | best 0.960 |     42 st/s
    done(50): success=50
Ep  4400 | score  210.06 | avg100  206.27 | grasp100  97.0% | best 0.960 |     42 st/s
    done(50): success=47 t_flicker=3
Ep  4450 | score  207.46 | avg100  194.82 | grasp100  88.0% | best 0.960 |     42 st/s
    done(50): success=41 t_flicker=8 t_touched=1
Ep  4500 | score  208.22 | avg100  190.12 | grasp100  86.0% | best 0.960 |     42 st/s
    done(50): success=45 t_flicker=5
Ep  4550 | score  208.47 | avg100  196.61 | grasp100  92.0% | best 0.960 |     42 st/s
    done(50): success=47 t_flicker=2 t_touched=1
  [primacy-bias reset of critic heads @ 75000 updates]
Ep  4600 | score  -79.68 | avg100   99.45 | grasp100  58.0% | best 0.960 |     43 st/s
    done(50): success=11 t_flicker=2 t_touched=3 t_no_reach=34
Ep  4650 | score   63.29 | avg100  -12.15 | grasp100  19.0% | best 0.960 |     43 st/s
    done(50): success=8 t_flicker=2 t_touched=3 t_no_reach=37
Ep  4700 | score  208.03 | avg100   73.61 | grasp100  48.0% | best 0.960 |     43 st/s
    done(50): success=40 t_flicker=6 t_touched=4
Ep  4750 | score  209.25 | avg100  176.64 | grasp100  80.0% | best 0.960 |     43 st/s
    done(50): success=40 t_flicker=8 t_touched=2
Ep  4800 | score   62.05 | avg100  187.08 | grasp100  84.0% | best 0.960 |     43 st/s
    done(50): success=44 t_flicker=5 t_touched=1
Ep  4850 | score  207.69 | avg100  193.25 | grasp100  88.0% | best 0.960 |     43 st/s
    done(50): success=44 t_flicker=5 t_touched=1
Ep  4900 | score  206.48 | avg100  193.37 | grasp100  89.0% | best 0.960 |     43 st/s
    done(50): success=45 t_flicker=5
Ep  4950 | score  208.77 | avg100  188.82 | grasp100  87.0% | best 0.960 |     43 st/s
    done(50): success=42 t_flicker=6 t_touched=2
Ep  5000 | score  206.91 | avg100  190.79 | grasp100  88.0% | best 0.960 |     43 st/s
    done(50): success=46 t_flicker=4
Ep  5050 | score  214.05 | avg100  200.68 | grasp100  94.0% | best 0.960 |     43 st/s
    done(50): success=48 t_flicker=1 t_touched=1
Ep  5100 | score  208.23 | avg100  206.10 | grasp100  97.0% | best 0.960 |     43 st/s
    done(50): success=49 t_flicker=1
Ep  5150 | score  207.91 | avg100  204.39 | grasp100  96.0% | best 0.960 |     43 st/s
    done(50): success=47 t_flicker=3
Ep  5200 | score  207.46 | avg100  200.50 | grasp100  93.0% | best 0.960 |     43 st/s
    done(50): success=46 t_flicker=4
Ep  5250 | score  209.49 | avg100  200.43 | grasp100  94.0% | best 0.960 |     43 st/s
    done(50): success=48 t_flicker=1 t_touched=1
Ep  5300 | score  207.63 | avg100  203.16 | grasp100  96.0% | best 0.960 |     43 st/s
    done(50): success=48 t_flicker=1 t_touched=1
Ep  5350 | score  208.64 | avg100  202.77 | grasp100  96.0% | best 0.960 |     43 st/s
    done(50): success=48 t_flicker=2
Ep  5400 | score  209.48 | avg100  202.03 | grasp100  96.0% | best 0.960 |     43 st/s
    done(50): success=48 t_flicker=2
Ep  5450 | score  209.42 | avg100  197.44 | grasp100  94.0% | best 0.960 |     43 st/s
    done(50): success=46 t_flicker=2 t_touched=2
Ep  5500 | score  206.09 | avg100  198.63 | grasp100  95.0% | best 0.960 |     42 st/s
    done(50): success=49 t_flicker=1
Ep  5550 | score  207.21 | avg100  206.95 | grasp100  98.0% | best 0.960 |     42 st/s
    done(50): success=49 t_flicker=1
Ep  5600 | score  206.43 | avg100  207.46 | grasp100  98.0% | best 0.960 |     42 st/s
    done(50): success=49 t_flicker=1
Ep  5650 | score  205.27 | avg100  201.91 | grasp100  94.0% | best 0.960 |     42 st/s
    done(50): success=45 t_flicker=5
Ep  5700 | score  209.13 | avg100  201.57 | grasp100  94.0% | best 0.960 |     42 st/s
    done(50): success=49 t_flicker=1
Ep  5750 | score  210.11 | avg100  203.07 | grasp100  96.0% | best 0.960 |     42 st/s
    done(50): success=47 t_flicker=2 t_touched=1
Ep  5800 | score  207.23 | avg100  201.87 | grasp100  95.0% | best 0.960 |     42 st/s
    done(50): success=48 t_flicker=2
Ep  5850 | score  212.11 | avg100  204.52 | grasp100  97.0% | best 0.960 |     42 st/s
    done(50): success=49 t_flicker=1
Ep  5900 | score  207.93 | avg100  205.79 | grasp100  97.0% | best 0.960 |     42 st/s
    done(50): success=48 t_flicker=2
Ep  5945 | * BEST  level200=2.00 grasp200= 97.5% metric=0.975 | score  205.49
Ep  5950 | score  207.70 | avg100  207.87 | grasp100  98.0% | best 0.975 |     42 st/s
    done(50): success=50
Ep  6000 | score  210.35 | avg100  209.24 | grasp100 100.0% | best 0.975 |     42 st/s
    done(50): success=50
Ep  6050 | score  210.79 | avg100  208.09 | grasp100  99.0% | best 0.975 |     42 st/s
    done(50): success=49 t_touched=1
Ep  6059 | * BEST  level200=2.00 grasp200= 99.0% metric=0.990 | score  214.48
  [primacy-bias reset of critic heads @ 100000 updates]
Ep  6100 | score  209.35 | avg100  206.16 | grasp100  97.0% | best 0.990 |     42 st/s
    done(50): success=48 t_flicker=2
Ep  6150 | score  -47.51 | avg100  139.87 | grasp100  59.0% | best 0.990 |     42 st/s
    done(50): success=11 t_flicker=27 t_touched=10 t_no_reach=2
Ep  6200 | score  207.17 | avg100   90.93 | grasp100  34.0% | best 0.990 |     42 st/s
    done(50): success=23 t_flicker=17 t_touched=10
Ep  6250 | score  207.46 | avg100  142.48 | grasp100  63.0% | best 0.990 |     42 st/s
    done(50): success=40 t_flicker=5 t_touched=5
Ep  6300 | score  208.06 | avg100  183.03 | grasp100  83.0% | best 0.990 |     42 st/s
    done(50): success=43 t_flicker=4 t_touched=3
Ep  6350 | score   97.53 | avg100  190.34 | grasp100  86.0% | best 0.990 |     42 st/s
    done(50): success=43 t_flicker=6 t_no_reach=1
Ep  6400 | score  208.64 | avg100  194.15 | grasp100  88.0% | best 0.990 |     42 st/s
    done(50): success=45 t_flicker=4 t_touched=1
Ep  6450 | score  208.76 | avg100  196.05 | grasp100  92.0% | best 0.990 |     42 st/s
    done(50): success=47 t_flicker=3
Ep  6500 | score  206.17 | avg100  200.91 | grasp100  96.0% | best 0.990 |     42 st/s
    done(50): success=49 t_touched=1
Ep  6550 | score  209.12 | avg100  201.38 | grasp100  95.0% | best 0.990 |     42 st/s
    done(50): success=46 t_flicker=3 t_touched=1
Ep  6600 | score  205.44 | avg100  200.41 | grasp100  94.0% | best 0.990 |     42 st/s
    done(50): success=48 t_flicker=2
Ep  6650 | score   57.05 | avg100  197.59 | grasp100  92.0% | best 0.990 |     42 st/s
    done(50): success=44 t_flicker=5 t_touched=1
Ep  6700 | score  208.65 | avg100  192.43 | grasp100  89.0% | best 0.990 |     42 st/s
    done(50): success=45 t_flicker=3 t_touched=2
Ep  6750 | score  207.31 | avg100  195.63 | grasp100  92.0% | best 0.990 |     42 st/s
    done(50): success=47 t_flicker=2 t_touched=1
Ep  6800 | score  211.10 | avg100  198.92 | grasp100  94.0% | best 0.990 |     42 st/s
    done(50): success=47 t_flicker=2 t_touched=1
Ep  6850 | score  207.97 | avg100  202.06 | grasp100  94.0% | best 0.990 |     42 st/s
    done(50): success=47 t_flicker=3
Ep  6900 | score  206.32 | avg100  198.62 | grasp100  91.0% | best 0.990 |     42 st/s
    done(50): success=44 t_flicker=5 t_touched=1
Ep  6950 | score  203.31 | avg100  198.49 | grasp100  92.0% | best 0.990 |     42 st/s
    done(50): success=48 t_flicker=2
Ep  7000 | score  202.18 | avg100  202.60 | grasp100  96.0% | best 0.990 |     42 st/s
    done(50): success=48 t_flicker=2
Ep  7050 | score  210.01 | avg100  200.77 | grasp100  94.0% | best 0.990 |     42 st/s
    done(50): success=46 t_flicker=3 t_touched=1
Ep  7100 | score  211.13 | avg100  198.85 | grasp100  93.0% | best 0.990 |     42 st/s
    done(50): success=47 t_flicker=1 t_touched=2
Ep  7150 | score  213.60 | avg100  195.11 | grasp100  93.0% | best 0.990 |     42 st/s
    done(50): success=46 t_flicker=2 t_touched=2
Ep  7200 | score   95.45 | avg100  195.98 | grasp100  93.0% | best 0.990 |     42 st/s
    done(50): success=47 t_flicker=2 t_no_reach=1
Ep  7250 | score  200.39 | avg100  200.70 | grasp100  95.0% | best 0.990 |     42 st/s
    done(50): success=48 t_flicker=2
Ep  7300 | score  210.22 | avg100  197.00 | grasp100  93.0% | best 0.990 |     42 st/s
    done(50): success=45 t_flicker=5
Ep  7350 | score  209.60 | avg100  195.23 | grasp100  92.0% | best 0.990 |     41 st/s
    done(50): success=47 t_flicker=3
Ep  7400 | score  209.81 | avg100  196.67 | grasp100  93.0% | best 0.990 |     41 st/s
    done(50): success=46 t_flicker=3 t_no_reach=1
Ep  7450 | score  208.12 | avg100  194.71 | grasp100  92.0% | best 0.990 |     41 st/s
    done(50): success=46 t_flicker=3 t_touched=1
Ep  7500 | score  205.60 | avg100  198.59 | grasp100  94.0% | best 0.990 |     41 st/s
    done(50): success=48 t_flicker=2
Ep  7550 | score  209.43 | avg100  204.05 | grasp100  97.0% | best 0.990 |     41 st/s
    done(50): success=49 t_flicker=1
Ep  7600 | score  208.47 | avg100  194.45 | grasp100  91.0% | best 0.990 |     41 st/s
    done(50): success=42 t_flicker=5 t_touched=2 t_no_reach=1
Ep  7650 | score  207.46 | avg100  190.49 | grasp100  89.0% | best 0.990 |     41 st/s
    done(50): success=47 t_flicker=2 t_touched=1
  [primacy-bias reset of critic heads @ 125000 updates]
Ep  7700 | score  -16.68 | avg100  181.51 | grasp100  86.0% | best 0.990 |     41 st/s
    done(50): success=39 t_flicker=5 t_touched=5 t_no_reach=1
Ep  7750 | score  209.54 | avg100   77.86 | grasp100  46.0% | best 0.990 |     42 st/s
    done(50): success=7 t_flicker=3 t_touched=11 t_no_reach=29
Ep  7800 | score  208.09 | avg100   71.69 | grasp100  42.0% | best 0.990 |     42 st/s
    done(50): success=35 t_flicker=6 t_touched=9
Ep  7850 | score  209.24 | avg100  171.77 | grasp100  79.0% | best 0.990 |     42 st/s
    done(50): success=44 t_flicker=6
Ep  7900 | score  207.52 | avg100  188.56 | grasp100  88.0% | best 0.990 |     42 st/s
    done(50): success=44 t_flicker=4 t_touched=2
Ep  7950 | score  -37.94 | avg100  186.18 | grasp100  87.0% | best 0.990 |     42 st/s
    done(50): success=43 t_flicker=6 t_touched=1
Ep  8000 | score  206.44 | avg100  191.49 | grasp100  88.0% | best 0.990 |     42 st/s
    done(50): success=45 t_flicker=5
Ep  8050 | score  207.13 | avg100  197.86 | grasp100  91.0% | best 0.990 |     42 st/s
    done(50): success=46 t_flicker=4
Ep  8100 | score  206.69 | avg100  201.40 | grasp100  94.0% | best 0.990 |     42 st/s
    done(50): success=48 t_flicker=2
Ep  8150 | score  208.08 | avg100  199.68 | grasp100  94.0% | best 0.990 |     42 st/s
    done(50): success=46 t_flicker=2 t_touched=2
Ep  8200 | score  209.88 | avg100  200.49 | grasp100  94.0% | best 0.990 |     42 st/s
    done(50): success=48 t_flicker=2
Ep  8250 | score  250.69 | avg100  205.92 | grasp100  96.0% | best 0.990 |     42 st/s
    done(50): success=48 t_flicker=2
Ep  8300 | score  210.54 | avg100  202.90 | grasp100  94.0% | best 0.990 |     42 st/s
    done(50): success=46 t_flicker=4
Ep  8350 | score  210.52 | avg100  203.32 | grasp100  95.0% | best 0.990 |     42 st/s
    done(50): success=49 t_touched=1
Ep  8400 | score  209.42 | avg100  205.01 | grasp100  97.0% | best 0.990 |     42 st/s
    done(50): success=48 t_flicker=2
Ep  8450 | score  207.55 | avg100  202.60 | grasp100  95.0% | best 0.990 |     42 st/s
    done(50): success=47 t_flicker=3
Ep  8500 | score  210.06 | avg100  201.58 | grasp100  94.0% | best 0.990 |     41 st/s
    done(50): success=47 t_flicker=2 t_touched=1
Ep  8550 | score  209.05 | avg100  202.72 | grasp100  95.0% | best 0.990 |     41 st/s
    done(50): success=48 t_flicker=2
Ep  8600 | score  209.32 | avg100  204.86 | grasp100  97.0% | best 0.990 |     41 st/s
    done(50): success=49 t_touched=1
Ep  8650 | score  205.62 | avg100  199.17 | grasp100  94.0% | best 0.990 |     41 st/s
    done(50): success=45 t_flicker=4 t_touched=1
Ep  8700 | score  207.96 | avg100  195.73 | grasp100  92.0% | best 0.990 |     41 st/s
    done(50): success=47 t_flicker=2 t_touched=1
Ep  8750 | score  207.13 | avg100  199.38 | grasp100  93.0% | best 0.990 |     41 st/s
    done(50): success=46 t_flicker=3 t_touched=1
Ep  8800 | score  211.37 | avg100  201.75 | grasp100  94.0% | best 0.990 |     41 st/s
    done(50): success=48 t_flicker=2
Ep  8850 | score  207.27 | avg100  202.12 | grasp100  95.0% | best 0.990 |     41 st/s
    done(50): success=47 t_flicker=3
Ep  8900 | score  207.36 | avg100  197.85 | grasp100  92.0% | best 0.990 |     41 st/s
    done(50): success=45 t_flicker=5
Ep  8950 | score  211.17 | avg100  195.07 | grasp100  90.0% | best 0.990 |     41 st/s
    done(50): success=45 t_flicker=5
Ep  9000 | score  202.30 | avg100  198.52 | grasp100  93.0% | best 0.990 |     41 st/s
    done(50): success=48 t_flicker=1 t_touched=1
Ep  9050 | score  209.20 | avg100  201.46 | grasp100  95.0% | best 0.990 |     41 st/s
    done(50): success=47 t_flicker=3
Ep  9100 | score  210.10 | avg100  201.36 | grasp100  94.0% | best 0.990 |     41 st/s
    done(50): success=47 t_flicker=3
Ep  9150 | score  209.56 | avg100  202.90 | grasp100  95.0% | best 0.990 |     41 st/s
    done(50): success=48 t_flicker=2
Ep  9200 | score  207.60 | avg100  201.41 | grasp100  93.0% | best 0.990 |     41 st/s
    done(50): success=45 t_flicker=5
Ep  9250 | score  209.72 | avg100  193.14 | grasp100  89.0% | best 0.990 |     41 st/s
    done(50): success=44 t_flicker=4 t_touched=2
Ep  9300 | score  206.39 | avg100  192.64 | grasp100  90.0% | best 0.990 |     41 st/s
    done(50): success=46 t_flicker=4
  [primacy-bias reset of critic heads @ 150000 updates]
Ep  9350 | score  -79.92 | avg100  164.79 | grasp100  80.0% | best 0.990 |     41 st/s
    done(50): success=34 t_flicker=3 t_touched=4 t_no_reach=9
Ep  9400 | score   91.70 | avg100   69.38 | grasp100  45.0% | best 0.990 |     41 st/s
    done(50): success=11 t_flicker=8 t_touched=3 t_no_reach=28
Ep  9450 | score  206.68 | avg100   82.54 | grasp100  47.0% | best 0.990 |     42 st/s
    done(50): success=36 t_flicker=13 t_touched=1
Ep  9500 | score  216.16 | avg100  176.30 | grasp100  81.0% | best 0.990 |     42 st/s
    done(50): success=45 t_flicker=3 t_touched=2
Ep  9550 | score  210.13 | avg100  195.37 | grasp100  89.0% | best 0.990 |     41 st/s
    done(50): success=44 t_flicker=6
Ep  9600 | score  207.63 | avg100  197.78 | grasp100  90.0% | best 0.990 |     41 st/s
    done(50): success=46 t_flicker=3 t_touched=1
Ep  9650 | score  210.35 | avg100  197.10 | grasp100  91.0% | best 0.990 |     41 st/s
    done(50): success=45 t_flicker=5
Ep  9700 | score  209.91 | avg100  200.84 | grasp100  94.0% | best 0.990 |     41 st/s
    done(50): success=49 t_flicker=1
Ep  9750 | score   97.98 | avg100  207.17 | grasp100  98.0% | best 0.990 |     41 st/s
    done(50): success=49 t_flicker=1
Ep  9800 | score  207.76 | avg100  206.92 | grasp100  98.0% | best 0.990 |     41 st/s
    done(50): success=49 t_flicker=1
Ep  9850 | score  207.11 | avg100  202.81 | grasp100  96.0% | best 0.990 |     41 st/s
    done(50): success=47 t_flicker=2 t_touched=1
Ep  9900 | score  211.07 | avg100  194.86 | grasp100  90.0% | best 0.990 |     41 st/s
    done(50): success=43 t_flicker=7
Ep  9950 | score  209.40 | avg100  191.29 | grasp100  88.0% | best 0.990 |     41 st/s
    done(50): success=45 t_flicker=4 t_touched=1
Ep 10000 | score  207.70 | avg100  196.06 | grasp100  91.0% | best 0.990 |     41 st/s
    done(50): success=46 t_flicker=4
Ep 10050 | score  206.08 | avg100  200.83 | grasp100  93.0% | best 0.990 |     41 st/s
    done(50): success=47 t_flicker=3
Ep 10100 | score  208.66 | avg100  202.09 | grasp100  94.0% | best 0.990 |     41 st/s
    done(50): success=47 t_flicker=3
Ep 10150 | score  210.23 | avg100  202.43 | grasp100  95.0% | best 0.990 |     41 st/s
    done(50): success=48 t_flicker=2
Ep 10200 | score  207.94 | avg100  194.86 | grasp100  91.0% | best 0.990 |     41 st/s
    done(50): success=43 t_flicker=6 t_touched=1
Ep 10250 | score  229.13 | avg100  195.83 | grasp100  91.0% | best 0.990 |     41 st/s
    done(50): success=48 t_flicker=2
Ep 10300 | score  205.75 | avg100  205.70 | grasp100  97.0% | best 0.990 |     41 st/s
    done(50): success=49 t_flicker=1
Ep 10350 | score  203.27 | avg100  207.90 | grasp100  99.0% | best 0.990 |     41 st/s
    done(50): success=50
Ep 10400 | score  207.42 | avg100  208.15 | grasp100  99.0% | best 0.990 |     41 st/s
    done(50): success=49 t_flicker=1
Ep 10450 | score  216.19 | avg100  206.17 | grasp100  98.0% | best 0.990 |     41 st/s
    done(50): success=49 t_flicker=1
Ep 10500 | score  210.13 | avg100  206.12 | grasp100  98.0% | best 0.990 |     41 st/s
    done(50): success=49 t_flicker=1
Ep 10550 | score  208.23 | avg100  202.23 | grasp100  96.0% | best 0.990 |     41 st/s
    done(50): success=47 t_flicker=1 t_touched=2
Ep 10600 | score  208.52 | avg100  198.58 | grasp100  94.0% | best 0.990 |     41 st/s
    done(50): success=47 t_flicker=3
Ep 10650 | score  207.17 | avg100  201.89 | grasp100  95.0% | best 0.990 |     41 st/s
    done(50): success=48 t_flicker=2
Ep 10700 | score  214.77 | avg100  203.49 | grasp100  96.0% | best 0.990 |     41 st/s
    done(50): success=48 t_flicker=2
Ep 10750 | score  -14.31 | avg100  199.70 | grasp100  94.0% | best 0.990 |     41 st/s
    done(50): success=46 t_flicker=4
Ep 10800 | score  210.82 | avg100  198.68 | grasp100  92.0% | best 0.990 |     41 st/s
    done(50): success=46 t_flicker=4
Ep 10850 | score   56.93 | avg100  199.53 | grasp100  93.0% | best 0.990 |     41 st/s
    done(50): success=47 t_flicker=3
Ep 10900 | score  205.75 | avg100  203.53 | grasp100  97.0% | best 0.990 |     41 st/s
    done(50): success=50
Ep 10950 | score  211.19 | avg100  206.97 | grasp100  99.0% | best 0.990 |     41 st/s
    done(50): success=49 t_touched=1
Ep 11000 | score  209.69 | avg100  206.33 | grasp100  98.0% | best 0.990 |     41 st/s
    done(50): success=49 t_flicker=1
Ep 11050 | score  209.27 | avg100  207.81 | grasp100  98.0% | best 0.990 |     41 st/s
    done(50): success=49 t_flicker=1
Ep 11100 | score  206.20 | avg100  201.53 | grasp100  93.0% | best 0.990 |     41 st/s
    done(50): success=44 t_flicker=5 t_touched=1
  [primacy-bias reset of critic heads @ 175000 updates]
Ep 11150 | score  -78.64 | avg100  116.30 | grasp100  63.0% | best 0.990 |     41 st/s
    done(50): success=19 t_flicker=2 t_touched=2 t_no_reach=27
Ep 11200 | score   41.31 | avg100   38.38 | grasp100  35.0% | best 0.990 |     41 st/s
    done(50): success=16 t_flicker=7 t_touched=6 t_no_reach=21
Ep 11250 | score  210.63 | avg100  110.38 | grasp100  55.0% | best 0.990 |     41 st/s
    done(50): success=39 t_flicker=9 t_touched=2
Ep 11300 | score  209.00 | avg100  180.69 | grasp100  79.0% | best 0.990 |     41 st/s
    done(50): success=40 t_flicker=8 t_touched=2
Ep 11350 | score  211.93 | avg100  182.43 | grasp100  83.0% | best 0.990 |     41 st/s
    done(50): success=43 t_flicker=7
Ep 11400 | score  209.28 | avg100  191.28 | grasp100  89.0% | best 0.990 |     41 st/s
    done(50): success=46 t_flicker=3 t_touched=1
Ep 11450 | score  209.80 | avg100  198.07 | grasp100  90.0% | best 0.990 |     41 st/s
    done(50): success=44 t_flicker=6
Ep 11500 | score  209.58 | avg100  197.50 | grasp100  89.0% | best 0.990 |     41 st/s
    done(50): success=45 t_flicker=5
Ep 11550 | score  209.17 | avg100  194.43 | grasp100  90.0% | best 0.990 |     41 st/s
    done(50): success=45 t_flicker=3 t_touched=2
Ep 11600 | score  208.05 | avg100  197.50 | grasp100  92.0% | best 0.990 |     41 st/s
    done(50): success=47 t_flicker=3
Ep 11650 | score  207.26 | avg100  200.78 | grasp100  94.0% | best 0.990 |     41 st/s
    done(50): success=47 t_flicker=1 t_touched=2
Ep 11700 | score  206.50 | avg100  198.58 | grasp100  93.0% | best 0.990 |     41 st/s
    done(50): success=46 t_flicker=3 t_touched=1
Ep 11750 | score  210.03 | avg100  199.53 | grasp100  93.0% | best 0.990 |     41 st/s
    done(50): success=47 t_flicker=2 t_touched=1
Ep 11800 | score  206.70 | avg100  201.45 | grasp100  94.0% | best 0.990 |     41 st/s
    done(50): success=47 t_flicker=3
Ep 11850 | score  211.18 | avg100  202.40 | grasp100  94.0% | best 0.990 |     41 st/s
    done(50): success=47 t_flicker=2 t_touched=1
Ep 11900 | score   79.75 | avg100  201.07 | grasp100  94.0% | best 0.990 |     41 st/s
    done(50): success=47 t_flicker=3
Ep 11950 | score  208.70 | avg100  203.07 | grasp100  96.0% | best 0.990 |     41 st/s
    done(50): success=49 t_flicker=1
Ep 12000 | score  206.09 | avg100  205.31 | grasp100  97.0% | best 0.990 |     41 st/s
    done(50): success=48 t_flicker=1 t_touched=1
Ep 12050 | score  210.69 | avg100  201.71 | grasp100  94.0% | best 0.990 |     41 st/s
    done(50): success=46 t_flicker=3 t_touched=1
Ep 12100 | score  207.21 | avg100  201.57 | grasp100  93.0% | best 0.990 |     41 st/s
    done(50): success=47 t_flicker=3
Ep 12150 | score  205.04 | avg100  202.72 | grasp100  94.0% | best 0.990 |     41 st/s
    done(50): success=47 t_flicker=3
Ep 12200 | score  209.06 | avg100  202.33 | grasp100  94.0% | best 0.990 |     41 st/s
    done(50): success=47 t_flicker=2 t_touched=1
Ep 12250 | score  205.82 | avg100  204.37 | grasp100  95.0% | best 0.990 |     41 st/s
    done(50): success=48 t_flicker=1 t_touched=1
Ep 12300 | score  210.78 | avg100  205.48 | grasp100  96.0% | best 0.990 |     41 st/s
    done(50): success=48 t_flicker=2
Ep 12350 | score  210.34 | avg100  206.73 | grasp100  97.0% | best 0.990 |     41 st/s
    done(50): success=49 t_flicker=1
Ep 12400 | score  212.55 | avg100  207.93 | grasp100  98.0% | best 0.990 |     40 st/s
    done(50): success=49 t_flicker=1
Ep 12450 | score  209.46 | avg100  201.21 | grasp100  95.0% | best 0.990 |     40 st/s
    done(50): success=46 t_flicker=3 t_touched=1
Ep 12500 | score  208.74 | avg100  197.46 | grasp100  93.0% | best 0.990 |     40 st/s
    done(50): success=47 t_flicker=2 t_touched=1
Ep 12550 | score  205.77 | avg100  203.49 | grasp100  96.0% | best 0.990 |     40 st/s
    done(50): success=49 t_flicker=1
Ep 12600 | score  213.79 | avg100  202.85 | grasp100  96.0% | best 0.990 |     40 st/s
    done(50): success=47 t_flicker=3
Ep 12650 | score  213.90 | avg100  204.20 | grasp100  97.0% | best 0.990 |     40 st/s
    done(50): success=50
Ep 12700 | score  207.27 | avg100  200.87 | grasp100  94.0% | best 0.990 |     40 st/s
    done(50): success=44 t_flicker=6
  [primacy-bias reset of critic heads @ 200000 updates]
Ep 12750 | score  -54.66 | avg100  191.34 | grasp100  89.0% | best 0.990 |     40 st/s
    done(50): success=45 t_flicker=3 t_touched=2
Ep 12800 | score  -22.58 | avg100   79.08 | grasp100  47.0% | best 0.990 |     41 st/s
    done(50): success=2 t_flicker=7 t_touched=18 t_no_reach=23
Ep 12850 | score  211.40 | avg100   58.83 | grasp100  34.0% | best 0.990 |     41 st/s
    done(50): success=32 t_flicker=13 t_touched=5
Ep 12900 | score   15.09 | avg100  162.30 | grasp100  69.0% | best 0.990 |     41 st/s
    done(50): success=37 t_flicker=11 t_touched=2
Ep 12950 | score  210.32 | avg100  177.19 | grasp100  76.0% | best 0.990 |     41 st/s
    done(50): success=39 t_flicker=7 t_touched=4
Ep 13000 | score  207.65 | avg100  191.89 | grasp100  86.0% | best 0.990 |     41 st/s
    done(50): success=47 t_flicker=3
Ep 13050 | score  246.95 | avg100  200.08 | grasp100  91.0% | best 0.990 |     41 st/s
    done(50): success=44 t_flicker=6
Ep 13100 | score   91.04 | avg100  196.36 | grasp100  88.0% | best 0.990 |     41 st/s
    done(50): success=44 t_flicker=6
Ep 13150 | score  208.67 | avg100  199.00 | grasp100  90.0% | best 0.990 |     41 st/s
    done(50): success=46 t_flicker=4
Ep 13200 | score  205.26 | avg100  199.51 | grasp100  92.0% | best 0.990 |     41 st/s
    done(50): success=46 t_flicker=4
Ep 13250 | score  209.32 | avg100  196.16 | grasp100  91.0% | best 0.990 |     41 st/s
    done(50): success=45 t_flicker=3 t_touched=2
Ep 13300 | score  217.61 | avg100  199.47 | grasp100  92.0% | best 0.990 |     41 st/s
    done(50): success=47 t_flicker=3
Ep 13350 | score  209.44 | avg100  205.96 | grasp100  96.0% | best 0.990 |     41 st/s
    done(50): success=49 t_flicker=1
Ep 13400 | score  205.00 | avg100  206.66 | grasp100  98.0% | best 0.990 |     41 st/s
    done(50): success=49 t_flicker=1
Ep 13450 | score  210.07 | avg100  203.18 | grasp100  95.0% | best 0.990 |     41 st/s
    done(50): success=46 t_flicker=4
Ep 13500 | score  206.82 | avg100  205.35 | grasp100  96.0% | best 0.990 |     41 st/s
    done(50): success=50
Ep 13550 | score  205.60 | avg100  208.70 | grasp100  99.0% | best 0.990 |     41 st/s
    done(50): success=49 t_flicker=1
Ep 13600 | score  213.33 | avg100  200.60 | grasp100  94.0% | best 0.990 |     40 st/s
    done(50): success=45 t_flicker=5
Ep 13650 | score  211.83 | avg100  197.90 | grasp100  92.0% | best 0.990 |     40 st/s
    done(50): success=47 t_flicker=3
Ep 13700 | score  207.67 | avg100  203.32 | grasp100  94.0% | best 0.990 |     40 st/s
    done(50): success=47 t_flicker=3
Ep 13750 | score  205.67 | avg100  200.88 | grasp100  93.0% | best 0.990 |     40 st/s
    done(50): success=46 t_flicker=4
Ep 13800 | score  206.72 | avg100  193.45 | grasp100  89.0% | best 0.990 |     40 st/s
    done(50): success=43 t_flicker=6 t_touched=1
Ep 13850 | score  211.12 | avg100  191.55 | grasp100  87.0% | best 0.990 |     40 st/s
    done(50): success=44 t_flicker=6
Ep 13900 | score  206.44 | avg100  199.46 | grasp100  93.0% | best 0.990 |     40 st/s
    done(50): success=49 t_flicker=1
Ep 13950 | score  208.64 | avg100  189.66 | grasp100  89.0% | best 0.990 |     40 st/s
    done(50): success=40 t_flicker=7 t_touched=3
Ep 14000 | score  207.47 | avg100  188.29 | grasp100  88.0% | best 0.990 |     40 st/s
    done(50): success=48 t_flicker=2
Ep 14050 | score  205.15 | avg100  203.72 | grasp100  97.0% | best 0.990 |     40 st/s
    done(50): success=49 t_flicker=1
Ep 14100 | score  207.04 | avg100  200.21 | grasp100  95.0% | best 0.990 |     40 st/s
    done(50): success=46 t_flicker=3 t_touched=1
Ep 14150 | score  207.55 | avg100  196.66 | grasp100  92.0% | best 0.990 |     40 st/s
    done(50): success=46 t_flicker=3 t_touched=1
Ep 14200 | score  207.55 | avg100  201.77 | grasp100  95.0% | best 0.990 |     40 st/s
    done(50): success=49 t_flicker=1
Ep 14250 | score  208.71 | avg100  202.70 | grasp100  96.0% | best 0.990 |     40 st/s
    done(50): success=47 t_flicker=3
Ep 14300 | score  205.95 | avg100  203.54 | grasp100  96.0% | best 0.990 |     40 st/s
    done(50): success=49 t_flicker=1
Ep 14350 | score  210.32 | avg100  207.53 | grasp100  98.0% | best 0.990 |     40 st/s
    done(50): success=49 t_touched=1
Ep 14400 | score  210.06 | avg100  204.40 | grasp100  96.0% | best 0.990 |     40 st/s
    done(50): success=47 t_flicker=3
  [primacy-bias reset of critic heads @ 225000 updates]
Ep 14450 | score  -77.29 | avg100  133.93 | grasp100  70.0% | best 0.990 |     40 st/s
    done(50): success=23 t_flicker=2 t_touched=5 t_no_reach=20
Ep 14500 | score   54.41 | avg100   83.63 | grasp100  43.0% | best 0.990 |     40 st/s
    done(50): success=20 t_flicker=22 t_touched=2 t_no_reach=6
Ep 14550 | score  209.60 | avg100  150.68 | grasp100  66.0% | best 0.990 |     40 st/s
    done(50): success=46 t_flicker=4
Ep 14600 | score  210.75 | avg100  195.16 | grasp100  89.0% | best 0.990 |     40 st/s
    done(50): success=43 t_flicker=4 t_touched=3
Ep 14650 | score  207.66 | avg100  193.23 | grasp100  88.0% | best 0.990 |     40 st/s
    done(50): success=45 t_flicker=3 t_touched=1 t_no_reach=1
Ep 14700 | score  211.55 | avg100  192.09 | grasp100  86.0% | best 0.990 |     40 st/s
    done(50): success=41 t_flicker=6 t_touched=3
Ep 14750 | score  209.35 | avg100  197.07 | grasp100  89.0% | best 0.990 |     40 st/s
    done(50): success=48 t_flicker=2
Ep 14800 | score  209.48 | avg100  205.90 | grasp100  96.0% | best 0.990 |     40 st/s
    done(50): success=48 t_flicker=2
Ep 14850 | score  210.12 | avg100  204.84 | grasp100  96.0% | best 0.990 |     40 st/s
    done(50): success=48 t_flicker=1 t_no_reach=1
Ep 14900 | score  209.45 | avg100  200.52 | grasp100  94.0% | best 0.990 |     40 st/s
    done(50): success=46 t_flicker=3 t_touched=1
Ep 14950 | score  228.94 | avg100  199.09 | grasp100  93.0% | best 0.990 |     40 st/s
    done(50): success=47 t_flicker=2 t_touched=1
Ep 15000 | score  210.61 | avg100  202.28 | grasp100  94.0% | best 0.990 |     40 st/s
    done(50): success=47 t_flicker=3
Ep 15050 | score  210.41 | avg100  202.03 | grasp100  94.0% | best 0.990 |     40 st/s
    done(50): success=47 t_flicker=2 t_touched=1
Ep 15100 | score  208.99 | avg100  201.84 | grasp100  94.0% | best 0.990 |     40 st/s
    done(50): success=47 t_flicker=3
Ep 15150 | score  206.48 | avg100  203.54 | grasp100  95.0% | best 0.990 |     40 st/s
    done(50): success=48 t_flicker=2
Ep 15200 | score  209.33 | avg100  207.68 | grasp100  98.0% | best 0.990 |     40 st/s
    done(50): success=50
Ep 15250 | score  211.54 | avg100  210.92 | grasp100 100.0% | best 0.990 |     40 st/s
    done(50): success=50
Ep 15300 | score  207.74 | avg100  209.40 | grasp100  99.0% | best 0.990 |     40 st/s
    done(50): success=49 t_flicker=1
Ep 15350 | score  208.08 | avg100  208.54 | grasp100  99.0% | best 0.990 |     40 st/s
    done(50): success=50
Ep 15400 | score  205.19 | avg100  201.70 | grasp100  95.0% | best 0.990 |     40 st/s
    done(50): success=45 t_flicker=3 t_touched=1 t_no_reach=1
Ep 15450 | score  210.00 | avg100  197.89 | grasp100  92.0% | best 0.990 |     40 st/s
    done(50): success=47 t_flicker=3
Ep 15500 | score  207.32 | avg100  202.96 | grasp100  96.0% | best 0.990 |     40 st/s
    done(50): success=49 t_no_reach=1
Ep 15550 | score   58.13 | avg100  201.55 | grasp100  95.0% | best 0.990 |     40 st/s
    done(50): success=46 t_flicker=3 t_touched=1
Ep 15600 | score  208.24 | avg100  202.34 | grasp100  93.0% | best 0.990 |     40 st/s
    done(50): success=47 t_flicker=3
Ep 15650 | score  209.69 | avg100  203.03 | grasp100  94.0% | best 0.990 |     40 st/s
    done(50): success=47 t_flicker=2 t_touched=1
Ep 15700 | score  207.50 | avg100  198.58 | grasp100  92.0% | best 0.990 |     40 st/s
    done(50): success=45 t_flicker=5
Ep 15750 | score  209.59 | avg100  194.86 | grasp100  90.0% | best 0.990 |     40 st/s
    done(50): success=45 t_flicker=3 t_touched=2
Ep 15800 | score  235.09 | avg100  196.25 | grasp100  92.0% | best 0.990 |     40 st/s
    done(50): success=47 t_flicker=1 t_touched=2
Ep 15850 | score  209.60 | avg100  204.57 | grasp100  97.0% | best 0.990 |     40 st/s
    done(50): success=50
Ep 15900 | score  209.39 | avg100  208.24 | grasp100  99.0% | best 0.990 |     40 st/s
    done(50): success=49 t_flicker=1
Ep 15950 | score  240.63 | avg100  203.35 | grasp100  95.0% | best 0.990 |     40 st/s
    done(50): success=46 t_flicker=3 t_touched=1
Ep 16000 | score  206.74 | avg100  202.10 | grasp100  94.0% | best 0.990 |     40 st/s
    done(50): success=48 t_flicker=2
Ep 16050 | score  208.32 | avg100  205.71 | grasp100  96.0% | best 0.990 |     40 st/s
    done(50): success=48 t_flicker=1 t_touched=1
Ep 16100 | score  209.01 | avg100  202.78 | grasp100  94.0% | best 0.990 |     40 st/s
    done(50): success=46 t_flicker=4
Ep 16150 | score  213.28 | avg100  198.26 | grasp100  92.0% | best 0.990 |     40 st/s
    done(50): success=46 t_flicker=3 t_touched=1
  [primacy-bias reset of critic heads @ 250000 updates]
Ep 16200 | score  -75.77 | avg100  150.76 | grasp100  77.0% | best 0.990 |     40 st/s
    done(50): success=31 t_flicker=2 t_touched=2 t_no_reach=15
Ep 16250 | score  -77.64 | avg100   13.32 | grasp100  31.0% | best 0.990 |     40 st/s
    done(50): t_flicker=1 t_no_reach=49
Ep 16300 | score  210.66 | avg100   52.27 | grasp100  44.0% | best 0.990 |     40 st/s
    done(50): success=44 t_flicker=2 t_touched=1 t_no_reach=3
Ep 16350 | score  205.95 | avg100  187.62 | grasp100  89.0% | best 0.990 |     40 st/s
    done(50): success=45 t_flicker=3 t_touched=2
Ep 16400 | score  210.72 | avg100  199.91 | grasp100  93.0% | best 0.990 |     40 st/s
    done(50): success=48 t_flicker=2
Ep 16450 | score  209.86 | avg100  197.94 | grasp100  88.0% | best 0.990 |     40 st/s
    done(50): success=40 t_flicker=10
Ep 16500 | score  206.46 | avg100  192.52 | grasp100  86.0% | best 0.990 |     40 st/s
    done(50): success=46 t_flicker=3 t_touched=1
Ep 16550 | score  208.39 | avg100  196.43 | grasp100  92.0% | best 0.990 |     40 st/s
    done(50): success=46 t_flicker=3 t_touched=1
Ep 16600 | score  208.12 | avg100  201.95 | grasp100  95.0% | best 0.990 |     40 st/s
    done(50): success=49 t_flicker=1
Ep 16650 | score  210.72 | avg100  201.24 | grasp100  94.0% | best 0.990 |     40 st/s
    done(50): success=45 t_flicker=5
Ep 16700 | score  209.80 | avg100  196.70 | grasp100  91.0% | best 0.990 |     40 st/s
    done(50): success=46 t_flicker=4
Ep 16750 | score  208.49 | avg100  201.13 | grasp100  93.0% | best 0.990 |     40 st/s
    done(50): success=47 t_flicker=3
Ep 16800 | score  210.58 | avg100  200.46 | grasp100  93.0% | best 0.990 |     40 st/s
    done(50): success=46 t_flicker=3 t_touched=1
Ep 16850 | score  210.44 | avg100  198.75 | grasp100  94.0% | best 0.990 |     40 st/s
    done(50): success=48 t_flicker=1 t_touched=1
Ep 16900 | score  206.95 | avg100  200.05 | grasp100  95.0% | best 0.990 |     40 st/s
    done(50): success=47 t_flicker=2 t_touched=1
Ep 16950 | score  211.37 | avg100  199.17 | grasp100  94.0% | best 0.990 |     40 st/s
    done(50): success=47 t_flicker=3
Ep 17000 | score  213.08 | avg100  195.45 | grasp100  91.0% | best 0.990 |     40 st/s
    done(50): success=44 t_flicker=5 t_no_reach=1
Ep 17050 | score  208.99 | avg100  190.59 | grasp100  87.0% | best 0.990 |     40 st/s
    done(50): success=43 t_flicker=7
Ep 17100 | score  205.62 | avg100  196.56 | grasp100  91.0% | best 0.990 |     40 st/s
    done(50): success=48 t_flicker=2
Ep 17150 | score  205.39 | avg100  202.79 | grasp100  95.0% | best 0.990 |     40 st/s
    done(50): success=47 t_flicker=3
Ep 17200 | score  217.54 | avg100  202.57 | grasp100  94.0% | best 0.990 |     40 st/s
    done(50): success=47 t_flicker=3
Ep 17250 | score  223.88 | avg100  197.88 | grasp100  91.0% | best 0.990 |     40 st/s
    done(50): success=44 t_flicker=3 t_touched=3
Ep 17300 | score  212.50 | avg100  198.40 | grasp100  92.0% | best 0.990 |     40 st/s
    done(50): success=48 t_flicker=2
Ep 17350 | score  203.37 | avg100  201.54 | grasp100  95.0% | best 0.990 |     40 st/s
    done(50): success=47 t_flicker=3
Ep 17400 | score  207.13 | avg100  199.44 | grasp100  94.0% | best 0.990 |     40 st/s
    done(50): success=47 t_flicker=3
Ep 17450 | score  211.95 | avg100  195.10 | grasp100  89.0% | best 0.990 |     40 st/s
    done(50): success=42 t_flicker=8
Ep 17500 | score  205.28 | avg100  197.24 | grasp100  90.0% | best 0.990 |     40 st/s
    done(50): success=48 t_flicker=2
Ep 17550 | score  208.11 | avg100  203.35 | grasp100  96.0% | best 0.990 |     40 st/s
    done(50): success=48 t_flicker=2
Ep 17600 | score  207.48 | avg100  199.07 | grasp100  95.0% | best 0.990 |     40 st/s
    done(50): success=47 t_flicker=2 t_touched=1
Ep 17650 | score  212.83 | avg100  195.45 | grasp100  93.0% | best 0.990 |     40 st/s
    done(50): success=46 t_flicker=2 t_touched=1 t_no_reach=1
Ep 17700 | score  210.02 | avg100  196.54 | grasp100  93.0% | best 0.990 |     40 st/s
    done(50): success=47 t_flicker=2 t_no_reach=1
Ep 17750 | score  210.99 | avg100  197.02 | grasp100  93.0% | best 0.990 |     40 st/s
    done(50): success=46 t_flicker=4
  [primacy-bias reset of critic heads @ 275000 updates]
