[robosuite WARNING] No private macro file found! (__init__.py:7)
[robosuite WARNING] It is recommended to use a private macro file (__init__.py:8)
[robosuite WARNING] To setup, run: python /home/fahim/Thesis_fahim/venv/lib/python3.12/site-packages/robosuite/scripts/setup_macros.py (__init__.py:9)
Gym has been unmaintained since 2022 and does not support NumPy 2.0 amongst other critical functionality.
Please upgrade to Gymnasium, the maintained drop-in replacement of Gym, or contact the authors of your software and request that they upgrade.
See the migration guide at https://gymnasium.farama.org/introduction/migration_guide/ for additional information.
  100 detections / 138 resets (72%)
  200 detections / 283 resets (71%)
  300 detections / 418 resets (72%)
  400 detections / 564 resets (71%)
  500 detections / 715 resets (70%)
wrote Results/wrist32_ds/w_s0.csv: 558/800 detected (69.8%), raw error median 20.5 mm
Exception ignored in: <function MjRenderContext.__del__ at 0x7b9b407894e0>
Traceback (most recent call last):
  File "/home/fahim/Thesis_fahim/venv/lib/python3.12/site-packages/robosuite/utils/binding_utils.py", line 199, in __del__
    self.gl_ctx.free()
  File "/home/fahim/Thesis_fahim/venv/lib/python3.12/site-packages/robosuite/renderers/context/egl_context.py", line 150, in free
    EGL.eglDestroyContext(EGL_DISPLAY, self._context)
  File "/home/fahim/Thesis_fahim/venv/lib/python3.12/site-packages/OpenGL/error.py", line 230, in glCheckError
    raise self._errorClass(
OpenGL.raw.EGL._errors.EGLError: EGLError(
	err = EGL_NOT_INITIALIZED,
	baseOperation = eglDestroyContext,
	cArguments = (
		<OpenGL._opaque.EGLDisplay_pointer object at 0x7b9a1f0594d0>,
		<OpenGL._opaque.EGLContext_pointer object at 0x7b9a1f01c450>,
	),
	result = 0
)
Exception ignored in: <function EGLGLContext.__del__ at 0x7b9b407893a0>
Traceback (most recent call last):
  File "/home/fahim/Thesis_fahim/venv/lib/python3.12/site-packages/robosuite/renderers/context/egl_context.py", line 155, in __del__
    self.free()
  File "/home/fahim/Thesis_fahim/venv/lib/python3.12/site-packages/robosuite/renderers/context/egl_context.py", line 150, in free
    EGL.eglDestroyContext(EGL_DISPLAY, self._context)
  File "/home/fahim/Thesis_fahim/venv/lib/python3.12/site-packages/OpenGL/error.py", line 230, in glCheckError
    raise self._errorClass(
OpenGL.raw.EGL._errors.EGLError: EGLError(
	err = EGL_NOT_INITIALIZED,
	baseOperation = eglDestroyContext,
	cArguments = (
		<OpenGL._opaque.EGLDisplay_pointer object at 0x7b9a1f0594d0>,
		<OpenGL._opaque.EGLContext_pointer object at 0x7b9a1f01c450>,
	),
	result = 0
)
