[robosuite WARNING] No private macro file found! (__init__.py:7)
[robosuite WARNING] It is recommended to use a private macro file (__init__.py:8)
[robosuite WARNING] To setup, run: python /home/fahim/Thesis_fahim/venv/lib/python3.12/site-packages/robosuite/scripts/setup_macros.py (__init__.py:9)
Gym has been unmaintained since 2022 and does not support NumPy 2.0 amongst other critical functionality.
Please upgrade to Gymnasium, the maintained drop-in replacement of Gym, or contact the authors of your software and request that they upgrade.
See the migration guide at https://gymnasium.farama.org/introduction/migration_guide/ for additional information.

======================================================================
PLACE MODEL EVALUATION (Full Pipeline: Grasp → Place)
======================================================================
  Episodes:        100
  Render:          False
  Grasp checkpoint: ../checkpoints/td3_grasp_rand_td3_ln_liftcert_phaseB_s2/best
  Place checkpoint: ../checkpoints/td3_place_rs_control_s1/best
======================================================================

/home/fahim/Thesis_fahim/venv/lib/python3.12/site-packages/gym/spaces/box.py:84: UserWarning: [33mWARN: Box bound precision lowered by casting to float32[0m
  logger.warn(f"Box bound precision lowered by casting to {self.dtype}")
  Object spawn:     NATIVE (full bin randomization + rotation)
  Release trigger:  xy<=0.14m for 3 steps | place horizon: 300
Loading trained place model...
Models loaded.

  [PlaceWrapper] Grasp agent loaded from ../checkpoints/td3_grasp_rand_td3_ln_liftcert_phaseB_s2/best
Episode 1/100 | Steps:  58 | Score:   -12.18 | ✗ failed (fell_off_table)
Episode 2/100 | Steps:  46 | Score:   147.51 | ✓ PLACED (success)
Episode 3/100 | Steps:  41 | Score:   139.63 | ✓ PLACED (success)
Episode 4/100 | Steps:  17 | Score:   149.32 | ✓ PLACED (success)
Episode 5/100 | Steps:  73 | Score:   146.89 | ✓ PLACED (success)
Episode 6/100 | Steps:  35 | Score:   -10.33 | ✗ failed (fell_off_table)
Episode 7/100 | Steps:  26 | Score:   149.14 | ✓ PLACED (success)
Episode 8/100 | Steps:  54 | Score:   147.29 | ✓ PLACED (success)
Episode 9/100 | Steps: 124 | Score:   143.59 | ✓ PLACED (success)
Episode 10/100 | Steps:  74 | Score:   -26.10 | ✗ failed (transport_stall)
Episode 11/100 | Steps:  59 | Score:   147.42 | ✓ PLACED (success)
Episode 12/100 | Steps:  78 | Score:   -26.58 | ✗ failed (transport_stall)
Episode 13/100 | Steps:  74 | Score:   -25.49 | ✗ failed (transport_stall)
Episode 14/100 | Steps:  52 | Score:   147.41 | ✓ PLACED (success)
Episode 15/100 | Steps:  51 | Score:   -24.45 | ✗ failed (transport_stall)
Episode 16/100 | Steps:  51 | Score:   -23.57 | ✗ failed (transport_stall)
Episode 17/100 | Steps:  60 | Score:   -24.21 | ✗ failed (transport_stall)
Episode 18/100 | Steps:  63 | Score:   -24.86 | ✗ failed (transport_stall)
Episode 19/100 | Steps:  53 | Score:   147.72 | ✓ PLACED (success)
Episode 20/100 | Steps: 300 | Score:   -33.38 | ✗ failed (timeout_dropped)
Episode 21/100 | Steps:  51 | Score:   -23.57 | ✗ failed (transport_stall)
Episode 22/100 | Steps: 122 | Score:   -29.90 | ✗ failed (transport_stall)
Episode 23/100 | Steps: 300 | Score:   -29.61 | ✗ failed (timeout_dropped)
Episode 24/100 | Steps:  91 | Score:    -5.01 | ✗ failed (release_miss)
Episode 25/100 | Steps:  70 | Score:   -13.14 | ✗ failed (fell_off_table)
Episode 26/100 | Steps: 300 | Score:   -33.63 | ✗ failed (timeout_dropped)
Episode 27/100 | Steps:  46 | Score:   147.99 | ✓ PLACED (success)
Episode 28/100 | Steps:  56 | Score:   146.98 | ✓ PLACED (success)
Episode 29/100 | Steps:  55 | Score:   -11.82 | ✗ failed (fell_off_table)
Episode 30/100 | Steps:  85 | Score:   -27.06 | ✗ failed (transport_stall)
Episode 31/100 | Steps:  24 | Score:   149.87 | ✓ PLACED (success)
Episode 32/100 | Steps:  32 | Score:   -10.24 | ✗ failed (fell_off_table)
Episode 33/100 | Steps: 300 | Score:   -30.97 | ✗ failed (timeout_dropped)
Episode 34/100 | Steps:  12 | Score:   150.00 | ✓ PLACED (success)
Episode 35/100 | Steps: 300 | Score:   -29.45 | ✗ failed (timeout_dropped)
Episode 36/100 | Steps:  36 | Score:   -10.52 | ✗ failed (fell_off_table)
Episode 37/100 | Steps:  77 | Score:   -26.37 | ✗ failed (transport_stall)
Episode 38/100 | Steps:  64 | Score:   -24.48 | ✗ failed (transport_stall)
Episode 39/100 | Steps: 144 | Score:   -30.75 | ✗ failed (transport_stall)
Episode 40/100 | Steps:  56 | Score:    -0.14 | ✗ failed (release_miss)
Episode 41/100 | Steps: 100 | Score:   -28.35 | ✗ failed (transport_stall)
Episode 42/100 | Steps:  70 | Score:   146.23 | ✓ PLACED (success)
Episode 43/100 | Steps: 300 | Score:   -43.37 | ✗ failed (timeout_dropped)
Episode 44/100 | Steps:  29 | Score:   148.82 | ✓ PLACED (success)
Episode 45/100 | Steps:  51 | Score:   -23.82 | ✗ failed (transport_stall)
Episode 46/100 | Steps:  20 | Score:     0.48 | ✗ failed (release_miss)
Episode 47/100 | Steps: 109 | Score:   -28.84 | ✗ failed (transport_stall)
Episode 48/100 | Steps:  51 | Score:   -24.00 | ✗ failed (transport_stall)
Episode 49/100 | Steps:  34 | Score:   148.51 | ✓ PLACED (success)
Episode 50/100 | Steps:  57 | Score:   139.46 | ✓ PLACED (success)
Episode 51/100 | Steps: 300 | Score:   -29.87 | ✗ failed (timeout_dropped)
Episode 52/100 | Steps:  35 | Score:   148.44 | ✓ PLACED (success)
Episode 53/100 | Steps:  95 | Score:   143.21 | ✓ PLACED (success)
Episode 54/100 | Steps:  51 | Score:   -23.57 | ✗ failed (transport_stall)
Episode 55/100 | Steps:  58 | Score:   -25.93 | ✗ failed (transport_stall)
Episode 56/100 | Steps:  30 | Score:   149.78 | ✓ PLACED (success)
Episode 57/100 | Steps:  69 | Score:   -25.51 | ✗ failed (transport_stall)
Episode 58/100 | Steps: 107 | Score:   -28.76 | ✗ failed (transport_stall)
Episode 59/100 | Steps:  61 | Score:   147.05 | ✓ PLACED (success)
Episode 60/100 | Steps:  51 | Score:   -23.57 | ✗ failed (transport_stall)
Episode 61/100 | Steps:  98 | Score:   -27.99 | ✗ failed (stalled_holding)
Episode 62/100 | Steps:  51 | Score:   -24.46 | ✗ failed (transport_stall)
Episode 63/100 | Steps:  88 | Score:   143.37 | ✓ PLACED (success)
Episode 64/100 | Steps:   9 | Score:   150.37 | ✓ PLACED (success)
Episode 65/100 | Steps:  56 | Score:   -24.31 | ✗ failed (transport_stall)
Episode 66/100 | Steps:  55 | Score:   146.39 | ✓ PLACED (success)
Episode 67/100 | Steps:  23 | Score:   148.99 | ✓ PLACED (success)
Episode 68/100 | Steps:  69 | Score:   -24.92 | ✗ failed (transport_stall)
Episode 69/100 | Steps: 300 | Score:   -33.41 | ✗ failed (timeout_dropped)
Episode 70/100 | Steps: 300 | Score:   -33.67 | ✗ failed (timeout_dropped)
Episode 71/100 | Steps: 300 | Score:   -30.68 | ✗ failed (timeout_dropped)
Episode 72/100 | Steps:  59 | Score:   123.00 | ✓ PLACED (success)
Episode 73/100 | Steps:  61 | Score:   -25.88 | ✗ failed (transport_stall)
Episode 74/100 | Steps: 103 | Score:   -28.36 | ✗ failed (transport_stall)
Episode 75/100 | Steps:  51 | Score:   -23.57 | ✗ failed (transport_stall)
Episode 76/100 | Steps:  51 | Score:   -23.48 | ✗ failed (transport_stall)
Episode 77/100 | Steps: 300 | Score:   -33.67 | ✗ failed (timeout_dropped)
Episode 78/100 | Steps:  44 | Score:   147.92 | ✓ PLACED (success)
Episode 79/100 | Steps:  51 | Score:   -23.12 | ✗ failed (transport_stall)
Episode 80/100 | Steps: 109 | Score:   -16.80 | ✗ failed (fell_off_table)
Episode 81/100 | Steps:  52 | Score:   147.17 | ✓ PLACED (success)
Episode 82/100 | Steps:  95 | Score:   -27.69 | ✗ failed (transport_stall)
Episode 83/100 | Steps:  33 | Score:   148.27 | ✓ PLACED (success)
Episode 84/100 | Steps:  64 | Score:   -25.01 | ✗ failed (transport_stall)
Episode 85/100 | Steps:  51 | Score:   147.47 | ✓ PLACED (success)
Episode 86/100 | Steps:  51 | Score:   147.83 | ✓ PLACED (success)
Episode 87/100 | Steps:  51 | Score:   -23.84 | ✗ failed (transport_stall)
Episode 88/100 | Steps:  51 | Score:   -24.26 | ✗ failed (transport_stall)
Episode 89/100 | Steps:  86 | Score:   -12.86 | ✗ failed (fell_off_table)
Episode 90/100 | Steps: 300 | Score:   -29.46 | ✗ failed (timeout_dropped)
Episode 91/100 | Steps:  30 | Score:   148.65 | ✓ PLACED (success)
Episode 92/100 | Steps:  42 | Score:   -11.12 | ✗ failed (fell_off_table)
Episode 93/100 | Steps:  12 | Score:   149.16 | ✓ PLACED (success)
Episode 94/100 | Steps:  69 | Score:   147.18 | ✓ PLACED (success)
Episode 95/100 | Steps:  51 | Score:   147.29 | ✓ PLACED (success)
Episode 96/100 | Steps: 300 | Score:   -31.78 | ✗ failed (timeout_dropped)
Episode 97/100 | Steps:  69 | Score:   -13.42 | ✗ failed (fell_off_table)
Episode 98/100 | Steps:  54 | Score:   133.35 | ✓ PLACED (success)
Episode 99/100 | Steps: 130 | Score:   -30.36 | ✗ failed (transport_stall)
Episode 100/100 | Steps:  62 | Score:   146.78 | ✓ PLACED (success)

======================================================================
RESULTS (End-to-End: Grasp → Place)
======================================================================
  Place success:    38/100 (38.0%)
  Mean score:       40.78 ± 82.84
  Mean steps:       91.2 ± 84.5
  Outcomes:         success:38  transport_stall:35  timeout_dropped:13  fell_off_table:10  release_miss:3  stalled_holding:1
======================================================================

