[robosuite WARNING] No private macro file found! (__init__.py:7)
[robosuite WARNING] It is recommended to use a private macro file (__init__.py:8)
[robosuite WARNING] To setup, run: python /home/fahim/Thesis_fahim/venv/lib/python3.12/site-packages/robosuite/scripts/setup_macros.py (__init__.py:9)
Gym has been unmaintained since 2022 and does not support NumPy 2.0 amongst other critical functionality.
Please upgrade to Gymnasium, the maintained drop-in replacement of Gym, or contact the authors of your software and request that they upgrade.
See the migration guide at https://gymnasium.farama.org/introduction/migration_guide/ for additional information.

======================================================================
PLACE MODEL EVALUATION (Full Pipeline: Grasp → Place)
======================================================================
  Episodes:        100
  Render:          False
  Grasp checkpoint: ../checkpoints/td3_grasp_rand_td3_ln_liftcert_phaseB_s2/best
  Place checkpoint: ../checkpoints/td3_place_rs_control_s0/best
======================================================================

/home/fahim/Thesis_fahim/venv/lib/python3.12/site-packages/gym/spaces/box.py:84: UserWarning: [33mWARN: Box bound precision lowered by casting to float32[0m
  logger.warn(f"Box bound precision lowered by casting to {self.dtype}")
  Object spawn:     NATIVE (full bin randomization + rotation)
  Release trigger:  xy<=0.14m for 3 steps | place horizon: 300
Loading trained place model...
Models loaded.

  [PlaceWrapper] Grasp agent loaded from ../checkpoints/td3_grasp_rand_td3_ln_liftcert_phaseB_s2/best
Episode 1/100 | Steps:  62 | Score:   146.42 | ✓ PLACED (success)
Episode 2/100 | Steps:  78 | Score:   146.23 | ✓ PLACED (success)
Episode 3/100 | Steps:  46 | Score:   148.14 | ✓ PLACED (success)
Episode 4/100 | Steps:   8 | Score:   149.50 | ✓ PLACED (success)
Episode 5/100 | Steps:  46 | Score:   147.27 | ✓ PLACED (success)
Episode 6/100 | Steps:  70 | Score:   146.72 | ✓ PLACED (success)
Episode 7/100 | Steps: 300 | Score:   -46.58 | ✗ failed (timeout_dropped)
Episode 8/100 | Steps:  23 | Score:   149.42 | ✓ PLACED (success)
Episode 9/100 | Steps:  82 | Score:   146.05 | ✓ PLACED (success)
Episode 10/100 | Steps:  69 | Score:   146.09 | ✓ PLACED (success)
Episode 11/100 | Steps:  53 | Score:   147.13 | ✓ PLACED (success)
Episode 12/100 | Steps:  51 | Score:   147.39 | ✓ PLACED (success)
Episode 13/100 | Steps:  41 | Score:   147.75 | ✓ PLACED (success)
Episode 14/100 | Steps:  28 | Score:   149.32 | ✓ PLACED (success)
Episode 15/100 | Steps:  64 | Score:   146.81 | ✓ PLACED (success)
Episode 16/100 | Steps:  79 | Score:   145.73 | ✓ PLACED (success)
Episode 17/100 | Steps:  56 | Score:   146.51 | ✓ PLACED (success)
Episode 18/100 | Steps:  97 | Score:   -27.13 | ✗ failed (transport_stall)
Episode 19/100 | Steps:  33 | Score:   148.41 | ✓ PLACED (success)
Episode 20/100 | Steps: 300 | Score:   -35.73 | ✗ failed (timeout_dropped)
Episode 21/100 | Steps:  64 | Score:   145.88 | ✓ PLACED (success)
Episode 22/100 | Steps:  73 | Score:   146.40 | ✓ PLACED (success)
Episode 23/100 | Steps:  18 | Score:    -8.86 | ✗ failed (fell_off_table)
Episode 24/100 | Steps:  65 | Score:   146.35 | ✓ PLACED (success)
Episode 25/100 | Steps: 300 | Score:   -30.90 | ✗ failed (timeout_dropped)
Episode 26/100 | Steps:  82 | Score:   145.37 | ✓ PLACED (success)
Episode 27/100 | Steps:  59 | Score:   147.78 | ✓ PLACED (success)
Episode 28/100 | Steps:  67 | Score:   147.86 | ✓ PLACED (success)
Episode 29/100 | Steps: 300 | Score:   -42.01 | ✗ failed (timeout_dropped)
Episode 30/100 | Steps:  42 | Score:   148.53 | ✓ PLACED (success)
Episode 31/100 | Steps:  35 | Score:   148.51 | ✓ PLACED (success)
Episode 32/100 | Steps:  35 | Score:    -0.99 | ✗ failed (release_miss)
Episode 33/100 | Steps:  24 | Score:    -8.99 | ✗ failed (fell_off_table)
Episode 34/100 | Steps:  63 | Score:   -24.10 | ✗ failed (transport_stall)
Episode 35/100 | Steps:  45 | Score:   147.49 | ✓ PLACED (success)
Episode 36/100 | Steps:  29 | Score:   148.90 | ✓ PLACED (success)
Episode 37/100 | Steps:  37 | Score:   148.72 | ✓ PLACED (success)
Episode 38/100 | Steps:  67 | Score:   147.33 | ✓ PLACED (success)
Episode 39/100 | Steps:  25 | Score:   148.53 | ✓ PLACED (success)
Episode 40/100 | Steps:  87 | Score:   145.82 | ✓ PLACED (success)
Episode 41/100 | Steps:  10 | Score:   151.48 | ✓ PLACED (success)
Episode 42/100 | Steps:  60 | Score:   -25.05 | ✗ failed (transport_stall)
Episode 43/100 | Steps:  58 | Score:   149.34 | ✓ PLACED (success)
Episode 44/100 | Steps:  47 | Score:   147.68 | ✓ PLACED (success)
Episode 45/100 | Steps:  74 | Score:   146.49 | ✓ PLACED (success)
Episode 46/100 | Steps:  28 | Score:   148.66 | ✓ PLACED (success)
Episode 47/100 | Steps: 300 | Score:   -44.91 | ✗ failed (timeout_held)
Episode 48/100 | Steps: 300 | Score:   -33.05 | ✗ failed (timeout_dropped)
Episode 49/100 | Steps:  16 | Score:   150.07 | ✓ PLACED (success)
Episode 50/100 | Steps: 300 | Score:   -32.07 | ✗ failed (timeout_dropped)
Episode 51/100 | Steps:  33 | Score:   148.04 | ✓ PLACED (success)
Episode 52/100 | Steps: 300 | Score:   -27.46 | ✗ failed (timeout_dropped)
Episode 53/100 | Steps:  58 | Score:   147.98 | ✓ PLACED (success)
Episode 54/100 | Steps:  34 | Score:   148.89 | ✓ PLACED (success)
Episode 55/100 | Steps:  58 | Score:   146.24 | ✓ PLACED (success)
Episode 56/100 | Steps:  63 | Score:   147.21 | ✓ PLACED (success)
Episode 57/100 | Steps:  51 | Score:   147.36 | ✓ PLACED (success)
Episode 58/100 | Steps: 300 | Score:   -45.36 | ✗ failed (timeout_dropped)
Episode 59/100 | Steps: 300 | Score:   -33.87 | ✗ failed (timeout_dropped)
Episode 60/100 | Steps: 108 | Score:    -6.31 | ✗ failed (release_miss)
Episode 61/100 | Steps: 300 | Score:   -39.28 | ✗ failed (timeout_dropped)
Episode 62/100 | Steps:  46 | Score:   147.81 | ✓ PLACED (success)
Episode 63/100 | Steps:  58 | Score:   147.95 | ✓ PLACED (success)
Episode 64/100 | Steps:  91 | Score:   145.55 | ✓ PLACED (success)
Episode 65/100 | Steps:  46 | Score:   147.72 | ✓ PLACED (success)
Episode 66/100 | Steps:  62 | Score:   146.57 | ✓ PLACED (success)
Episode 67/100 | Steps:  59 | Score:   146.35 | ✓ PLACED (success)
Episode 68/100 | Steps:  31 | Score:   148.39 | ✓ PLACED (success)
Episode 69/100 | Steps:  69 | Score:   147.37 | ✓ PLACED (success)
Episode 70/100 | Steps:  63 | Score:   147.98 | ✓ PLACED (success)
Episode 71/100 | Steps:  55 | Score:   147.16 | ✓ PLACED (success)
Episode 72/100 | Steps:  88 | Score:   146.64 | ✓ PLACED (success)
Episode 73/100 | Steps:  70 | Score:   146.55 | ✓ PLACED (success)
Episode 74/100 | Steps:  31 | Score:   148.73 | ✓ PLACED (success)
Episode 75/100 | Steps:  44 | Score:   146.87 | ✓ PLACED (success)
Episode 76/100 | Steps:  22 | Score:   150.83 | ✓ PLACED (success)
Episode 77/100 | Steps:  92 | Score:   -26.68 | ✗ failed (transport_stall)
Episode 78/100 | Steps:  39 | Score:   148.09 | ✓ PLACED (success)
Episode 79/100 | Steps:  41 | Score:   148.11 | ✓ PLACED (success)
Episode 80/100 | Steps:  56 | Score:   146.38 | ✓ PLACED (success)
Episode 81/100 | Steps:  72 | Score:   146.05 | ✓ PLACED (success)
Episode 82/100 | Steps: 300 | Score:   -36.17 | ✗ failed (timeout_dropped)
Episode 83/100 | Steps:  57 | Score:   -11.99 | ✗ failed (fell_off_table)
Episode 84/100 | Steps: 127 | Score:   -29.20 | ✗ failed (stalled_holding)
Episode 85/100 | Steps:  32 | Score:   148.59 | ✓ PLACED (success)
Episode 86/100 | Steps:  27 | Score:   148.66 | ✓ PLACED (success)
Episode 87/100 | Steps:  74 | Score:   146.51 | ✓ PLACED (success)
Episode 88/100 | Steps:  56 | Score:   147.04 | ✓ PLACED (success)
Episode 89/100 | Steps:  77 | Score:   145.96 | ✓ PLACED (success)
Episode 90/100 | Steps:  66 | Score:   146.58 | ✓ PLACED (success)
Episode 91/100 | Steps: 300 | Score:   -35.55 | ✗ failed (timeout_dropped)
Episode 92/100 | Steps:  39 | Score:   147.92 | ✓ PLACED (success)
Episode 93/100 | Steps: 300 | Score:   -29.81 | ✗ failed (timeout_dropped)
Episode 94/100 | Steps:  68 | Score:   -24.37 | ✗ failed (transport_stall)
Episode 95/100 | Steps:  73 | Score:   146.94 | ✓ PLACED (success)
Episode 96/100 | Steps:  67 | Score:   146.71 | ✓ PLACED (success)
Episode 97/100 | Steps:  54 | Score:   146.66 | ✓ PLACED (success)
Episode 98/100 | Steps:  62 | Score:   147.67 | ✓ PLACED (success)
Episode 99/100 | Steps:  61 | Score:   146.51 | ✓ PLACED (success)
Episode 100/100 | Steps:  38 | Score:   148.28 | ✓ PLACED (success)

======================================================================
RESULTS (End-to-End: Grasp → Place)
======================================================================
  Place success:    75/100 (75.0%)
  Mean score:       103.57 ± 76.36
  Mean steps:       89.1 ± 87.5
  Outcomes:         success:75  timeout_dropped:13  transport_stall:5  fell_off_table:3  release_miss:2  timeout_held:1  stalled_holding:1
======================================================================

