[robosuite WARNING] No private macro file found! (__init__.py:7)
[robosuite WARNING] It is recommended to use a private macro file (__init__.py:8)
[robosuite WARNING] To setup, run: python /home/fahim/Thesis_fahim/venv/lib/python3.12/site-packages/robosuite/scripts/setup_macros.py (__init__.py:9)
Gym has been unmaintained since 2022 and does not support NumPy 2.0 amongst other critical functionality.
Please upgrade to Gymnasium, the maintained drop-in replacement of Gym, or contact the authors of your software and request that they upgrade.
See the migration guide at https://gymnasium.farama.org/introduction/migration_guide/ for additional information.

======================================================================
PLACE MODEL EVALUATION (Full Pipeline: Grasp → Place)
======================================================================
  Episodes:        100
  Render:          False
  Grasp checkpoint: ../checkpoints/td3_grasp_rand_td3_ln_liftcert_phaseB_s2/best
  Place checkpoint: ../checkpoints/td3_place_rs_reset_s1/best
======================================================================

/home/fahim/Thesis_fahim/venv/lib/python3.12/site-packages/gym/spaces/box.py:84: UserWarning: [33mWARN: Box bound precision lowered by casting to float32[0m
  logger.warn(f"Box bound precision lowered by casting to {self.dtype}")
  Object spawn:     NATIVE (full bin randomization + rotation)
  Release trigger:  xy<=0.14m for 3 steps | place horizon: 300
Loading trained place model...
Models loaded.

  [PlaceWrapper] Grasp agent loaded from ../checkpoints/td3_grasp_rand_td3_ln_liftcert_phaseB_s2/best
Episode 1/100 | Steps: 300 | Score:   -30.29 | ✗ failed (timeout_dropped)
Episode 2/100 | Steps:  17 | Score:   148.79 | ✓ PLACED (success)
Episode 3/100 | Steps: 118 | Score:   -28.98 | ✗ failed (transport_stall)
Episode 4/100 | Steps: 300 | Score:   -31.73 | ✗ failed (timeout_dropped)
Episode 5/100 | Steps: 143 | Score:   -30.61 | ✗ failed (transport_stall)
Episode 6/100 | Steps: 300 | Score:   -31.38 | ✗ failed (timeout_dropped)
Episode 7/100 | Steps: 100 | Score:   -27.19 | ✗ failed (transport_stall)
Episode 8/100 | Steps: 300 | Score:   -30.58 | ✗ failed (timeout_dropped)
Episode 9/100 | Steps:  78 | Score:   146.01 | ✓ PLACED (success)
Episode 10/100 | Steps:  98 | Score:   -26.67 | ✗ failed (transport_stall)
Episode 11/100 | Steps:  74 | Score:   146.01 | ✓ PLACED (success)
Episode 12/100 | Steps: 102 | Score:   144.46 | ✓ PLACED (success)
Episode 13/100 | Steps:  77 | Score:   -26.77 | ✗ failed (transport_stall)
Episode 14/100 | Steps:  74 | Score:   -25.22 | ✗ failed (transport_stall)
Episode 15/100 | Steps:  35 | Score:   148.40 | ✓ PLACED (success)
Episode 16/100 | Steps:  86 | Score:   -25.90 | ✗ failed (transport_stall)
Episode 17/100 | Steps: 123 | Score:   -38.49 | ✗ failed (stalled_holding)
Episode 18/100 | Steps:  86 | Score:   145.65 | ✓ PLACED (success)
Episode 19/100 | Steps: 300 | Score:   -30.63 | ✗ failed (timeout_dropped)
Episode 20/100 | Steps:   7 | Score:   150.27 | ✓ PLACED (success)
Episode 21/100 | Steps:  58 | Score:   -25.24 | ✗ failed (transport_stall)
Episode 22/100 | Steps:  75 | Score:   -26.42 | ✗ failed (transport_stall)
Episode 23/100 | Steps: 300 | Score:   -33.57 | ✗ failed (timeout_dropped)
Episode 24/100 | Steps:  77 | Score:   145.62 | ✓ PLACED (success)
Episode 25/100 | Steps:  27 | Score:   148.87 | ✓ PLACED (success)
Episode 26/100 | Steps:  65 | Score:   145.44 | ✓ PLACED (success)
Episode 27/100 | Steps:  58 | Score:   148.38 | ✓ PLACED (success)
Episode 28/100 | Steps:  41 | Score:   147.90 | ✓ PLACED (success)
Episode 29/100 | Steps:  41 | Score:    -2.21 | ✗ failed (release_miss)
Episode 30/100 | Steps:  72 | Score:   144.72 | ✓ PLACED (success)
Episode 31/100 | Steps:  98 | Score:   145.24 | ✓ PLACED (success)
Episode 32/100 | Steps:  37 | Score:   147.46 | ✓ PLACED (success)
Episode 33/100 | Steps:  65 | Score:   146.73 | ✓ PLACED (success)
Episode 34/100 | Steps:  34 | Score:   148.44 | ✓ PLACED (success)
Episode 35/100 | Steps:  80 | Score:   146.49 | ✓ PLACED (success)
Episode 36/100 | Steps: 122 | Score:   -31.94 | ✗ failed (transport_stall)
Episode 37/100 | Steps:  81 | Score:   146.36 | ✓ PLACED (success)
Episode 38/100 | Steps:  67 | Score:   146.78 | ✓ PLACED (success)
Episode 39/100 | Steps:  29 | Score:   148.57 | ✓ PLACED (success)
Episode 40/100 | Steps:  76 | Score:   146.48 | ✓ PLACED (success)
Episode 41/100 | Steps:  97 | Score:   -27.20 | ✗ failed (transport_stall)
Episode 42/100 | Steps:  72 | Score:   147.48 | ✓ PLACED (success)
Episode 43/100 | Steps:  51 | Score:   147.40 | ✓ PLACED (success)
Episode 44/100 | Steps: 125 | Score:   -27.70 | ✗ failed (transport_stall)
Episode 45/100 | Steps:  23 | Score:   149.05 | ✓ PLACED (success)
Episode 46/100 | Steps: 128 | Score:   -29.99 | ✗ failed (transport_stall)
Episode 47/100 | Steps:  79 | Score:   146.76 | ✓ PLACED (success)
Episode 48/100 | Steps:  50 | Score:   147.92 | ✓ PLACED (success)
Episode 49/100 | Steps:  59 | Score:   147.01 | ✓ PLACED (success)
Episode 50/100 | Steps:  25 | Score:   149.05 | ✓ PLACED (success)
Episode 51/100 | Steps:  75 | Score:   146.34 | ✓ PLACED (success)
Episode 52/100 | Steps:  48 | Score:   146.79 | ✓ PLACED (success)
Episode 53/100 | Steps:  95 | Score:   145.22 | ✓ PLACED (success)
Episode 54/100 | Steps:  72 | Score:   146.53 | ✓ PLACED (success)
Episode 55/100 | Steps:  57 | Score:   147.55 | ✓ PLACED (success)
Episode 56/100 | Steps:  79 | Score:   146.49 | ✓ PLACED (success)
Episode 57/100 | Steps:  81 | Score:   144.36 | ✓ PLACED (success)
Episode 58/100 | Steps:  84 | Score:   -25.35 | ✗ failed (transport_stall)
Episode 59/100 | Steps:  69 | Score:   -25.29 | ✗ failed (transport_stall)
Episode 60/100 | Steps: 300 | Score:   -33.58 | ✗ failed (timeout_dropped)
Episode 61/100 | Steps:  19 | Score:   150.10 | ✓ PLACED (success)
Episode 62/100 | Steps: 300 | Score:   -32.64 | ✗ failed (timeout_dropped)
Episode 63/100 | Steps:  29 | Score:   148.62 | ✓ PLACED (success)
Episode 64/100 | Steps:  36 | Score:   148.30 | ✓ PLACED (success)
Episode 65/100 | Steps: 300 | Score:   -32.78 | ✗ failed (timeout_dropped)
Episode 66/100 | Steps:  70 | Score:   145.90 | ✓ PLACED (success)
Episode 67/100 | Steps: 300 | Score:   -31.82 | ✗ failed (timeout_dropped)
Episode 68/100 | Steps:  69 | Score:   147.07 | ✓ PLACED (success)
Episode 69/100 | Steps:  24 | Score:    -0.24 | ✗ failed (release_miss)
Episode 70/100 | Steps: 120 | Score:   141.20 | ✓ PLACED (success)
Episode 71/100 | Steps:  73 | Score:   146.52 | ✓ PLACED (success)
Episode 72/100 | Steps: 300 | Score:   -29.93 | ✗ failed (timeout_dropped)
Episode 73/100 | Steps:  42 | Score:   147.88 | ✓ PLACED (success)
Episode 74/100 | Steps:  51 | Score:   -23.12 | ✗ failed (transport_stall)
Episode 75/100 | Steps: 300 | Score:   -34.97 | ✗ failed (timeout_dropped)
Episode 76/100 | Steps:  89 | Score:   145.54 | ✓ PLACED (success)
Episode 77/100 | Steps: 300 | Score:   -27.19 | ✗ failed (timeout_dropped)
Episode 78/100 | Steps:  46 | Score:   147.79 | ✓ PLACED (success)
Episode 79/100 | Steps:  53 | Score:   -25.30 | ✗ failed (transport_stall)
Episode 80/100 | Steps:  51 | Score:   -22.96 | ✗ failed (transport_stall)
Episode 81/100 | Steps:  41 | Score:   147.89 | ✓ PLACED (success)
Episode 82/100 | Steps:  70 | Score:   -32.08 | ✗ failed (transport_stall)
Episode 83/100 | Steps:  52 | Score:   147.24 | ✓ PLACED (success)
Episode 84/100 | Steps:  58 | Score:   147.49 | ✓ PLACED (success)
Episode 85/100 | Steps: 300 | Score:   -32.85 | ✗ failed (timeout_dropped)
Episode 86/100 | Steps: 300 | Score:   -27.01 | ✗ failed (timeout_dropped)
Episode 87/100 | Steps:  85 | Score:   145.24 | ✓ PLACED (success)
Episode 88/100 | Steps:  74 | Score:   -14.03 | ✗ failed (fell_off_table)
Episode 89/100 | Steps:  11 | Score:   150.38 | ✓ PLACED (success)
Episode 90/100 | Steps:  48 | Score:   -11.99 | ✗ failed (fell_off_table)
Episode 91/100 | Steps:  80 | Score:   145.72 | ✓ PLACED (success)
Episode 92/100 | Steps: 300 | Score:   -31.20 | ✗ failed (timeout_dropped)
Episode 93/100 | Steps: 104 | Score:   144.54 | ✓ PLACED (success)
Episode 94/100 | Steps:  10 | Score:   150.13 | ✓ PLACED (success)
Episode 95/100 | Steps:  31 | Score:   148.57 | ✓ PLACED (success)
Episode 96/100 | Steps: 103 | Score:   145.02 | ✓ PLACED (success)
Episode 97/100 | Steps:  64 | Score:   146.90 | ✓ PLACED (success)
Episode 98/100 | Steps:  51 | Score:    -1.82 | ✗ failed (fell_off_table)
Episode 99/100 | Steps:  78 | Score:   147.27 | ✓ PLACED (success)
Episode 100/100 | Steps: 300 | Score:   -33.30 | ✗ failed (timeout_dropped)

======================================================================
RESULTS (End-to-End: Grasp → Place)
======================================================================
  Place success:    58/100 (58.0%)
  Mean score:       74.08 ± 85.88
  Mean steps:       106.2 ± 91.8
  Outcomes:         success:58  transport_stall:19  timeout_dropped:17  fell_off_table:3  release_miss:2  stalled_holding:1
======================================================================

