[robosuite WARNING] No private macro file found! (__init__.py:7)
[robosuite WARNING] It is recommended to use a private macro file (__init__.py:8)
[robosuite WARNING] To setup, run: python /home/fahim/Thesis_fahim/venv/lib/python3.12/site-packages/robosuite/scripts/setup_macros.py (__init__.py:9)
Gym has been unmaintained since 2022 and does not support NumPy 2.0 amongst other critical functionality.
Please upgrade to Gymnasium, the maintained drop-in replacement of Gym, or contact the authors of your software and request that they upgrade.
See the migration guide at https://gymnasium.farama.org/introduction/migration_guide/ for additional information.

======================================================================
PLACE MODEL EVALUATION (Full Pipeline: Grasp → Place)
======================================================================
  Episodes:        100
  Render:          False
  Grasp checkpoint: ../checkpoints/td3_grasp_rand_td3_ln_liftcert_phaseB_s2/best
  Place checkpoint: ../checkpoints/td3_place_rs_reset_s2/best
======================================================================

/home/fahim/Thesis_fahim/venv/lib/python3.12/site-packages/gym/spaces/box.py:84: UserWarning: [33mWARN: Box bound precision lowered by casting to float32[0m
  logger.warn(f"Box bound precision lowered by casting to {self.dtype}")
  Object spawn:     NATIVE (full bin randomization + rotation)
  Release trigger:  xy<=0.14m for 3 steps | place horizon: 300
Loading trained place model...
Models loaded.

  [PlaceWrapper] Grasp agent loaded from ../checkpoints/td3_grasp_rand_td3_ln_liftcert_phaseB_s2/best
Episode 1/100 | Steps:  51 | Score:   -24.46 | ✗ failed (transport_stall)
Episode 2/100 | Steps:  62 | Score:   -25.04 | ✗ failed (transport_stall)
Episode 3/100 | Steps:  51 | Score:   -24.44 | ✗ failed (transport_stall)
Episode 4/100 | Steps:  51 | Score:   -24.97 | ✗ failed (transport_stall)
Episode 5/100 | Steps:  86 | Score:   -26.47 | ✗ failed (transport_stall)
Episode 6/100 | Steps:  51 | Score:   -24.37 | ✗ failed (transport_stall)
Episode 7/100 | Steps:  51 | Score:   -23.79 | ✗ failed (transport_stall)
Episode 8/100 | Steps:  51 | Score:   -24.96 | ✗ failed (transport_stall)
Episode 9/100 | Steps:  58 | Score:   -12.06 | ✗ failed (fell_off_table)
Episode 10/100 | Steps:  51 | Score:   -24.26 | ✗ failed (transport_stall)
Episode 11/100 | Steps:  30 | Score:   -10.46 | ✗ failed (fell_off_table)
Episode 12/100 | Steps:  80 | Score:   -27.48 | ✗ failed (transport_stall)
Episode 13/100 | Steps: 300 | Score:   -30.25 | ✗ failed (timeout_dropped)
Episode 14/100 | Steps:  51 | Score:   -24.52 | ✗ failed (transport_stall)
Episode 15/100 | Steps:  85 | Score:   -26.93 | ✗ failed (transport_stall)
Episode 16/100 | Steps:  80 | Score:   -27.19 | ✗ failed (transport_stall)
Episode 17/100 | Steps:  65 | Score:   -24.55 | ✗ failed (transport_stall)
Episode 18/100 | Steps: 300 | Score:   -34.09 | ✗ failed (timeout_dropped)
Episode 19/100 | Steps:  84 | Score:   -25.64 | ✗ failed (transport_stall)
Episode 20/100 | Steps:  88 | Score:   -27.37 | ✗ failed (transport_stall)
Episode 21/100 | Steps:  51 | Score:   -22.91 | ✗ failed (transport_stall)
Episode 22/100 | Steps:  76 | Score:   -26.15 | ✗ failed (transport_stall)
Episode 23/100 | Steps:  51 | Score:   -23.57 | ✗ failed (transport_stall)
Episode 24/100 | Steps:  51 | Score:   -23.57 | ✗ failed (transport_stall)
Episode 25/100 | Steps:  51 | Score:   -23.57 | ✗ failed (transport_stall)
Episode 26/100 | Steps:  51 | Score:   -22.68 | ✗ failed (transport_stall)
Episode 27/100 | Steps:  51 | Score:   -23.86 | ✗ failed (transport_stall)
Episode 28/100 | Steps:  63 | Score:   -25.14 | ✗ failed (transport_stall)
Episode 29/100 | Steps:  51 | Score:   -23.68 | ✗ failed (transport_stall)
Episode 30/100 | Steps:  62 | Score:   -24.87 | ✗ failed (transport_stall)
Episode 31/100 | Steps:  51 | Score:   -24.97 | ✗ failed (transport_stall)
Episode 32/100 | Steps:  51 | Score:   -23.93 | ✗ failed (transport_stall)
Episode 33/100 | Steps:  62 | Score:   -25.93 | ✗ failed (transport_stall)
Episode 34/100 | Steps:  51 | Score:   -25.37 | ✗ failed (transport_stall)
Episode 35/100 | Steps:  70 | Score:   -26.80 | ✗ failed (transport_stall)
Episode 36/100 | Steps:  68 | Score:   -25.44 | ✗ failed (transport_stall)
Episode 37/100 | Steps:  63 | Score:   -12.76 | ✗ failed (fell_off_table)
Episode 38/100 | Steps:  69 | Score:   -26.01 | ✗ failed (transport_stall)
Episode 39/100 | Steps:  66 | Score:   -26.66 | ✗ failed (transport_stall)
Episode 40/100 | Steps:  51 | Score:   -24.54 | ✗ failed (transport_stall)
Episode 41/100 | Steps:  51 | Score:   -23.72 | ✗ failed (transport_stall)
Episode 42/100 | Steps:  59 | Score:   -25.53 | ✗ failed (transport_stall)
Episode 43/100 | Steps:  51 | Score:   -24.91 | ✗ failed (transport_stall)
Episode 44/100 | Steps:  51 | Score:   -25.02 | ✗ failed (transport_stall)
Episode 45/100 | Steps:  51 | Score:   -23.57 | ✗ failed (transport_stall)
Episode 46/100 | Steps:  51 | Score:   -23.57 | ✗ failed (transport_stall)
Episode 47/100 | Steps:  67 | Score:   -26.01 | ✗ failed (transport_stall)
Episode 48/100 | Steps:  51 | Score:   -23.73 | ✗ failed (transport_stall)
Episode 49/100 | Steps:  51 | Score:   -25.26 | ✗ failed (transport_stall)
Episode 50/100 | Steps:  51 | Score:   -25.29 | ✗ failed (transport_stall)
Episode 51/100 | Steps:  49 | Score:   -11.22 | ✗ failed (fell_off_table)
Episode 52/100 | Steps:  22 | Score:    -9.56 | ✗ failed (fell_off_table)
Episode 53/100 | Steps: 300 | Score:   -34.19 | ✗ failed (timeout_dropped)
Episode 54/100 | Steps:  67 | Score:   -14.48 | ✗ failed (fell_off_table)
Episode 55/100 | Steps:  51 | Score:   -24.74 | ✗ failed (transport_stall)
Episode 56/100 | Steps:  51 | Score:   -25.10 | ✗ failed (transport_stall)
Episode 57/100 | Steps:  49 | Score:   -12.86 | ✗ failed (fell_off_table)
Episode 58/100 | Steps:  51 | Score:   -22.82 | ✗ failed (transport_stall)
Episode 59/100 | Steps:  51 | Score:   -25.00 | ✗ failed (transport_stall)
Episode 60/100 | Steps:  51 | Score:   -24.38 | ✗ failed (transport_stall)
Episode 61/100 | Steps:  54 | Score:   -25.07 | ✗ failed (transport_stall)
Episode 62/100 | Steps:  51 | Score:   -25.00 | ✗ failed (transport_stall)
Episode 63/100 | Steps:  51 | Score:   -25.98 | ✗ failed (transport_stall)
Episode 64/100 | Steps:  51 | Score:   -24.64 | ✗ failed (transport_stall)
Episode 65/100 | Steps:  51 | Score:   -24.38 | ✗ failed (transport_stall)
Episode 66/100 | Steps: 300 | Score:   -31.92 | ✗ failed (timeout_dropped)
Episode 67/100 | Steps:  51 | Score:   -24.43 | ✗ failed (transport_stall)
Episode 68/100 | Steps:  37 | Score:   -11.01 | ✗ failed (fell_off_table)
Episode 69/100 | Steps:  22 | Score:   149.26 | ✓ PLACED (success)
Episode 70/100 | Steps:  51 | Score:   -24.92 | ✗ failed (transport_stall)
Episode 71/100 | Steps:  51 | Score:   -23.87 | ✗ failed (transport_stall)
Episode 72/100 | Steps:  51 | Score:   -24.07 | ✗ failed (transport_stall)
Episode 73/100 | Steps: 300 | Score:   -29.74 | ✗ failed (timeout_dropped)
Episode 74/100 | Steps:  51 | Score:   -22.95 | ✗ failed (transport_stall)
Episode 75/100 | Steps:  51 | Score:   -23.93 | ✗ failed (transport_stall)
Episode 76/100 | Steps:  51 | Score:   -23.90 | ✗ failed (transport_stall)
Episode 77/100 | Steps:  51 | Score:   -23.92 | ✗ failed (transport_stall)
Episode 78/100 | Steps:  54 | Score:   -12.12 | ✗ failed (fell_off_table)
Episode 79/100 | Steps:  96 | Score:   -28.47 | ✗ failed (transport_stall)
Episode 80/100 | Steps:  68 | Score:   -13.88 | ✗ failed (fell_off_table)
Episode 81/100 | Steps:  51 | Score:   -24.99 | ✗ failed (transport_stall)
Episode 82/100 | Steps:  51 | Score:   -24.92 | ✗ failed (transport_stall)
Episode 83/100 | Steps:  66 | Score:   -24.95 | ✗ failed (transport_stall)
Episode 84/100 | Steps:  65 | Score:   -25.57 | ✗ failed (transport_stall)
Episode 85/100 | Steps:  61 | Score:   -25.88 | ✗ failed (transport_stall)
Episode 86/100 | Steps:  51 | Score:   -24.48 | ✗ failed (transport_stall)
Episode 87/100 | Steps:  88 | Score:   -28.06 | ✗ failed (transport_stall)
Episode 88/100 | Steps:  51 | Score:   -25.21 | ✗ failed (transport_stall)
Episode 89/100 | Steps:  51 | Score:   -24.70 | ✗ failed (transport_stall)
Episode 90/100 | Steps:  81 | Score:   -25.35 | ✗ failed (transport_stall)
Episode 91/100 | Steps:  57 | Score:   -25.70 | ✗ failed (transport_stall)
Episode 92/100 | Steps:  51 | Score:   -24.60 | ✗ failed (transport_stall)
Episode 93/100 | Steps:  68 | Score:   -24.91 | ✗ failed (transport_stall)
Episode 94/100 | Steps:  51 | Score:   -23.73 | ✗ failed (transport_stall)
Episode 95/100 | Steps:  90 | Score:   -26.86 | ✗ failed (transport_stall)
Episode 96/100 | Steps:  51 | Score:   -23.58 | ✗ failed (transport_stall)
Episode 97/100 | Steps: 300 | Score:   -31.94 | ✗ failed (timeout_dropped)
Episode 98/100 | Steps:  11 | Score:    -8.77 | ✗ failed (fell_off_table)
Episode 99/100 | Steps:  72 | Score:   -25.53 | ✗ failed (transport_stall)
Episode 100/100 | Steps:  51 | Score:   -23.57 | ✗ failed (transport_stall)

======================================================================
RESULTS (End-to-End: Grasp → Place)
======================================================================
  Place success:    1/100 (1.0%)
  Mean score:       -22.15 ± 17.87
  Mean steps:       71.2 ± 59.3
  Outcomes:         transport_stall:82  fell_off_table:11  timeout_dropped:6  success:1
======================================================================

