========================================================================
RANDOM-SPAWN GRASP RETRAINING  |  algo=td3_ln  run=td3_ln_wclip8_s4
========================================================================
  Envs                : 5 (subprocess-parallel, fork)
  Spawn level         : 2.0 (1.0 = full position box, 2.0 = + z-rotation)
  Updates/vec-step    : 2 (0.400 per env-step; historical baseline 0.5)
  Buffer              : 200,000
  Network             : 64 -> 32  (5,216 weights)
  Warm start          : checkpoints/td3_grasp_rand_td3_ln_liftcert_phaseB_s2/best
  Checkpoints         : /home/fahim/Thesis_fahim/pickandplace/checkpoints/td3_grasp_rand_td3_ln_wclip8_s4
========================================================================

Spawning 5 subprocess environments (fork)...
[robosuite WARNING] No private macro file found! (__init__.py:7)
[robosuite WARNING] It is recommended to use a private macro file (__init__.py:8)
[robosuite WARNING] To setup, run: python /home/fahim/Thesis_fahim/venv/lib/python3.12/site-packages/robosuite/scripts/setup_macros.py (__init__.py:9)
[robosuite WARNING] No private macro file found! (__init__.py:7)
[robosuite WARNING] It is recommended to use a private macro file (__init__.py:8)
[robosuite WARNING] To setup, run: python /home/fahim/Thesis_fahim/venv/lib/python3.12/site-packages/robosuite/scripts/setup_macros.py (__init__.py:9)
[robosuite WARNING] No private macro file found! (__init__.py:7)
[robosuite WARNING] It is recommended to use a private macro file (__init__.py:8)
[robosuite WARNING] To setup, run: python /home/fahim/Thesis_fahim/venv/lib/python3.12/site-packages/robosuite/scripts/setup_macros.py (__init__.py:9)
[robosuite WARNING] No private macro file found! (__init__.py:7)
[robosuite WARNING] It is recommended to use a private macro file (__init__.py:8)
[robosuite WARNING] To setup, run: python /home/fahim/Thesis_fahim/venv/lib/python3.12/site-packages/robosuite/scripts/setup_macros.py (__init__.py:9)
[robosuite WARNING] No private macro file found! (__init__.py:7)
[robosuite WARNING] It is recommended to use a private macro file (__init__.py:8)
[robosuite WARNING] To setup, run: python /home/fahim/Thesis_fahim/venv/lib/python3.12/site-packages/robosuite/scripts/setup_macros.py (__init__.py:9)
Gym has been unmaintained since 2022 and does not support NumPy 2.0 amongst other critical functionality.
Please upgrade to Gymnasium, the maintained drop-in replacement of Gym, or contact the authors of your software and request that they upgrade.
See the migration guide at https://gymnasium.farama.org/introduction/migration_guide/ for additional information.
Gym has been unmaintained since 2022 and does not support NumPy 2.0 amongst other critical functionality.
Please upgrade to Gymnasium, the maintained drop-in replacement of Gym, or contact the authors of your software and request that they upgrade.
See the migration guide at https://gymnasium.farama.org/introduction/migration_guide/ for additional information.
Gym has been unmaintained since 2022 and does not support NumPy 2.0 amongst other critical functionality.
Please upgrade to Gymnasium, the maintained drop-in replacement of Gym, or contact the authors of your software and request that they upgrade.
See the migration guide at https://gymnasium.farama.org/introduction/migration_guide/ for additional information.
Gym has been unmaintained since 2022 and does not support NumPy 2.0 amongst other critical functionality.
Please upgrade to Gymnasium, the maintained drop-in replacement of Gym, or contact the authors of your software and request that they upgrade.
See the migration guide at https://gymnasium.farama.org/introduction/migration_guide/ for additional information.
Gym has been unmaintained since 2022 and does not support NumPy 2.0 amongst other critical functionality.
Please upgrade to Gymnasium, the maintained drop-in replacement of Gym, or contact the authors of your software and request that they upgrade.
See the migration guide at https://gymnasium.farama.org/introduction/migration_guide/ for additional information.
/home/fahim/Thesis_fahim/venv/lib/python3.12/site-packages/gym/spaces/box.py:84: UserWarning: [33mWARN: Box bound precision lowered by casting to float32[0m
  logger.warn(f"Box bound precision lowered by casting to {self.dtype}")
/home/fahim/Thesis_fahim/venv/lib/python3.12/site-packages/gym/spaces/box.py:84: UserWarning: [33mWARN: Box bound precision lowered by casting to float32[0m
  logger.warn(f"Box bound precision lowered by casting to {self.dtype}")
/home/fahim/Thesis_fahim/venv/lib/python3.12/site-packages/gym/spaces/box.py:84: UserWarning: [33mWARN: Box bound precision lowered by casting to float32[0m
  logger.warn(f"Box bound precision lowered by casting to {self.dtype}")
/home/fahim/Thesis_fahim/venv/lib/python3.12/site-packages/gym/spaces/box.py:84: UserWarning: [33mWARN: Box bound precision lowered by casting to float32[0m
  logger.warn(f"Box bound precision lowered by casting to {self.dtype}")
/home/fahim/Thesis_fahim/venv/lib/python3.12/site-packages/gym/spaces/box.py:84: UserWarning: [33mWARN: Box bound precision lowered by casting to float32[0m
  logger.warn(f"Box bound precision lowered by casting to {self.dtype}")
Gym has been unmaintained since 2022 and does not support NumPy 2.0 amongst other critical functionality.
Please upgrade to Gymnasium, the maintained drop-in replacement of Gym, or contact the authors of your software and request that they upgrade.
See the migration guide at https://gymnasium.farama.org/introduction/migration_guide/ for additional information.
5 environments ready.

  Actor weight clip   : |w| <= 8.0 * std(w) per Linear tensor (bi_s0 baseline fc1 9.96 / fc2 10.82)
Init: warm-started (source: /home/fahim/Thesis_fahim/pickandplace/checkpoints/td3_grasp_rand_td3_ln_liftcert_phaseB_s2/best)
Fresh replay buffer.

Training...

Ep    50 | score   95.21 | avg100  167.97 | grasp100  68.0% | best 0.000 |     54 st/s
    done(50): success=34 t_flicker=16
Ep   100 | score   92.71 | avg100  161.68 | grasp100  65.0% | best 0.000 |     60 st/s
    done(50): success=31 t_flicker=17 t_touched=2
Ep   150 | score  206.26 | avg100  142.77 | grasp100  53.0% | best 0.000 |     59 st/s
    done(50): success=22 t_flicker=26 t_touched=2
Ep   200 | * BEST  level200=2.00 grasp200= 54.0% metric=0.540 | score  206.39
Ep   250 | score    6.77 | avg100  126.01 | grasp100  42.0% | best 0.540 |     53 st/s
    done(50): success=21 t_flicker=27 t_touched=2
Ep   300 | score  208.13 | avg100  128.09 | grasp100  45.0% | best 0.540 |     52 st/s
    done(50): success=24 t_flicker=24 t_touched=2
Ep   350 | score   57.90 | avg100  114.20 | grasp100  37.0% | best 0.540 |     52 st/s
    done(50): success=13 t_flicker=36 t_touched=1
Ep   400 | score  205.51 | avg100  109.30 | grasp100  31.0% | best 0.540 |     51 st/s
    done(50): success=18 t_flicker=31 t_touched=1
Ep   450 | score   79.93 | avg100  118.75 | grasp100  35.0% | best 0.540 |     51 st/s
    done(50): success=17 t_flicker=30 t_touched=3
Ep   500 | score  206.37 | avg100  119.26 | grasp100  36.0% | best 0.540 |     51 st/s
    done(50): success=19 t_flicker=26 t_touched=5
Ep   550 | score   49.89 | avg100  118.00 | grasp100  38.0% | best 0.540 |     51 st/s
    done(50): success=19 t_flicker=26 t_touched=5
Ep   600 | score   95.00 | avg100  129.69 | grasp100  46.0% | best 0.540 |     50 st/s
    done(50): success=27 t_flicker=20 t_touched=3
Ep   650 | score    4.36 | avg100  142.57 | grasp100  54.0% | best 0.540 |     49 st/s
    done(50): success=27 t_flicker=20 t_touched=3
Ep   700 | score   80.65 | avg100  153.06 | grasp100  60.0% | best 0.540 |     49 st/s
    done(50): success=33 t_flicker=15 t_touched=2
Ep   709 | * BEST  level200=2.00 grasp200= 55.5% metric=0.555 | score  199.89
Ep   716 | * BEST  level200=2.00 grasp200= 57.0% metric=0.570 | score  205.91
Ep   723 | * BEST  level200=2.00 grasp200= 58.5% metric=0.585 | score  205.00
Ep   731 | * BEST  level200=2.00 grasp200= 60.0% metric=0.600 | score  207.27
Ep   745 | * BEST  level200=2.00 grasp200= 61.5% metric=0.615 | score  208.23
Ep   750 | score  205.70 | avg100  168.83 | grasp100  70.0% | best 0.615 |     48 st/s
    done(50): success=37 t_flicker=12 t_touched=1
Ep   761 | * BEST  level200=2.00 grasp200= 63.0% metric=0.630 | score  208.99
Ep   800 | score  207.82 | avg100  159.48 | grasp100  64.0% | best 0.630 |     48 st/s
    done(50): success=27 t_flicker=20 t_touched=3
Ep   850 | score  206.53 | avg100  145.03 | grasp100  55.0% | best 0.630 |     48 st/s
    done(50): success=28 t_flicker=20 t_touched=1 t_no_reach=1
Ep   900 | score  202.51 | avg100  142.44 | grasp100  55.0% | best 0.630 |     48 st/s
    done(50): success=27 t_flicker=22 t_touched=1
Ep   950 | score  207.29 | avg100  152.78 | grasp100  60.0% | best 0.630 |     48 st/s
    done(50): success=33 t_flicker=17
Ep  1000 | score  218.67 | avg100  170.10 | grasp100  71.0% | best 0.630 |     47 st/s
    done(50): success=38 t_flicker=9 t_touched=3
Ep  1026 | * BEST  level200=2.00 grasp200= 64.5% metric=0.645 | score  217.43
Ep  1045 | * BEST  level200=2.00 grasp200= 66.0% metric=0.660 | score  207.28
Ep  1050 | score  206.35 | avg100  169.08 | grasp100  73.0% | best 0.660 |     47 st/s
    done(50): success=35 t_flicker=11 t_touched=4
Ep  1066 | * BEST  level200=2.00 grasp200= 67.5% metric=0.675 | score  204.17
Ep  1084 | * BEST  level200=2.00 grasp200= 69.0% metric=0.690 | score  207.41
Ep  1091 | * BEST  level200=2.00 grasp200= 70.5% metric=0.705 | score  203.16
Ep  1100 | score   92.91 | avg100  163.91 | grasp100  71.0% | best 0.705 |     47 st/s
    done(50): success=36 t_flicker=13 t_touched=1
Ep  1124 | * BEST  level200=2.00 grasp200= 72.0% metric=0.720 | score  206.63
Ep  1134 | * BEST  level200=2.00 grasp200= 73.5% metric=0.735 | score  207.39
Ep  1150 | score   42.31 | avg100  162.85 | grasp100  69.0% | best 0.735 |     46 st/s
    done(50): success=33 t_flicker=14 t_touched=2 t_no_reach=1
Ep  1200 | score  205.57 | avg100  151.16 | grasp100  63.0% | best 0.735 |     47 st/s
    done(50): success=30 t_flicker=14 t_touched=3 t_no_reach=3
  [primacy-bias reset of critic heads @ 25000 updates]
Ep  1250 | score   72.49 | avg100   74.25 | grasp100  35.0% | best 0.735 |     48 st/s
    done(50): success=5 t_flicker=10 t_touched=17 t_no_reach=18
Ep  1300 | score  227.09 | avg100   34.77 | grasp100  18.0% | best 0.735 |     49 st/s
    done(50): success=13 t_flicker=15 t_touched=19 t_no_reach=3
Ep  1350 | score   31.29 | avg100   70.44 | grasp100  27.0% | best 0.735 |     49 st/s
    done(50): success=14 t_flicker=20 t_touched=10 t_no_reach=6
Ep  1400 | score  -68.45 | avg100   99.59 | grasp100  38.0% | best 0.735 |     49 st/s
    done(50): success=24 t_flicker=20 t_touched=5 t_no_reach=1
Ep  1450 | score  205.62 | avg100  134.35 | grasp100  54.0% | best 0.735 |     49 st/s
    done(50): success=30 t_flicker=16 t_touched=3 t_no_reach=1
Ep  1500 | score  218.13 | avg100  141.52 | grasp100  60.0% | best 0.735 |     49 st/s
    done(50): success=30 t_flicker=14 t_touched=4 t_no_reach=2
Ep  1550 | score  208.12 | avg100  153.75 | grasp100  68.0% | best 0.735 |     49 st/s
    done(50): success=38 t_flicker=9 t_touched=3
Ep  1600 | score  -26.40 | avg100  162.50 | grasp100  68.0% | best 0.735 |     49 st/s
    done(50): success=30 t_flicker=19 t_touched=1
Ep  1650 | score  203.51 | avg100  158.49 | grasp100  64.0% | best 0.735 |     49 st/s
    done(50): success=34 t_flicker=16
Ep  1700 | score   95.08 | avg100  159.00 | grasp100  65.0% | best 0.735 |     49 st/s
    done(50): success=31 t_flicker=16 t_touched=3
Ep  1750 | score  206.63 | avg100  160.84 | grasp100  67.0% | best 0.735 |     49 st/s
    done(50): success=36 t_flicker=13 t_touched=1
Ep  1800 | score  206.43 | avg100  161.98 | grasp100  67.0% | best 0.735 |     49 st/s
    done(50): success=31 t_flicker=16 t_touched=2 t_no_reach=1
Ep  1850 | score  201.70 | avg100  148.62 | grasp100  61.0% | best 0.735 |     49 st/s
    done(50): success=30 t_flicker=13 t_touched=3 t_no_reach=4
Ep  1900 | score   83.86 | avg100  157.11 | grasp100  69.0% | best 0.735 |     49 st/s
    done(50): success=39 t_flicker=8 t_touched=2 t_no_reach=1
Ep  1950 | score  200.23 | avg100  172.26 | grasp100  76.0% | best 0.735 |     48 st/s
    done(50): success=37 t_flicker=12 t_no_reach=1
Ep  2000 | score  200.24 | avg100  153.21 | grasp100  65.0% | best 0.735 |     49 st/s
    done(50): success=28 t_flicker=15 t_touched=4 t_no_reach=3
Ep  2050 | score   72.70 | avg100  151.63 | grasp100  63.0% | best 0.735 |     48 st/s
    done(50): success=35 t_flicker=13 t_touched=2
  [primacy-bias reset of critic heads @ 50000 updates]
Ep  2100 | score  -73.64 | avg100  101.15 | grasp100  50.0% | best 0.735 |     49 st/s
    done(50): success=15 t_flicker=4 t_touched=4 t_no_reach=27
Ep  2150 | score  -63.13 | avg100   10.23 | grasp100  17.0% | best 0.735 |     50 st/s
    done(50): success=2 t_flicker=14 t_touched=8 t_no_reach=26
Ep  2200 | score  206.93 | avg100   72.01 | grasp100  35.0% | best 0.735 |     50 st/s
    done(50): success=33 t_flicker=15 t_touched=2
Ep  2250 | score  206.09 | avg100  169.09 | grasp100  72.0% | best 0.735 |     50 st/s
    done(50): success=39 t_flicker=10 t_no_reach=1
Ep  2300 | score  202.39 | avg100  169.28 | grasp100  74.0% | best 0.735 |     50 st/s
    done(50): success=35 t_flicker=12 t_touched=1 t_no_reach=2
Ep  2350 | score  199.81 | avg100  158.91 | grasp100  69.0% | best 0.735 |     50 st/s
    done(50): success=34 t_flicker=13 t_touched=2 t_no_reach=1
Ep  2400 | score  209.55 | avg100  163.53 | grasp100  71.0% | best 0.735 |     50 st/s
    done(50): success=37 t_flicker=12 t_touched=1
Ep  2450 | score  208.34 | avg100  166.90 | grasp100  74.0% | best 0.735 |     50 st/s
    done(50): success=37 t_flicker=10 t_touched=3
Ep  2477 | * BEST  level200=2.00 grasp200= 75.0% metric=0.750 | score  204.66
Ep  2500 | score  211.48 | avg100  171.86 | grasp100  77.0% | best 0.750 |     49 st/s
    done(50): success=40 t_flicker=9 t_touched=1
Ep  2516 | * BEST  level200=2.00 grasp200= 76.5% metric=0.765 | score  209.83
Ep  2521 | * BEST  level200=2.00 grasp200= 78.0% metric=0.780 | score  207.32
Ep  2541 | * BEST  level200=2.00 grasp200= 79.5% metric=0.795 | score  211.99
Ep  2550 | score  208.06 | avg100  184.71 | grasp100  84.0% | best 0.795 |     49 st/s
    done(50): success=44 t_flicker=5 t_touched=1
Ep  2564 | * BEST  level200=2.00 grasp200= 81.0% metric=0.810 | score  204.95
Ep  2586 | * BEST  level200=2.00 grasp200= 82.5% metric=0.825 | score  209.48
Ep  2600 | score  240.06 | avg100  189.58 | grasp100  87.0% | best 0.825 |     49 st/s
    done(50): success=43 t_flicker=5 t_touched=1 t_no_reach=1
Ep  2627 | * BEST  level200=2.00 grasp200= 84.0% metric=0.840 | score  206.27
Ep  2633 | * BEST  level200=2.00 grasp200= 85.5% metric=0.855 | score  204.45
Ep  2650 | score  205.47 | avg100  186.86 | grasp100  85.0% | best 0.855 |     49 st/s
    done(50): success=42 t_flicker=7 t_touched=1
Ep  2700 | score  202.02 | avg100  182.02 | grasp100  82.0% | best 0.855 |     49 st/s
    done(50): success=40 t_flicker=7 t_touched=1 t_no_reach=2
Ep  2750 | score  207.43 | avg100  177.44 | grasp100  80.0% | best 0.855 |     49 st/s
    done(50): success=40 t_flicker=10
Ep  2800 | score  208.25 | avg100  183.62 | grasp100  84.0% | best 0.855 |     49 st/s
    done(50): success=44 t_flicker=4 t_touched=2
Ep  2850 | score  207.78 | avg100  187.71 | grasp100  86.0% | best 0.855 |     49 st/s
    done(50): success=42 t_flicker=8
Ep  2900 | score  199.29 | avg100  182.70 | grasp100  81.0% | best 0.855 |     49 st/s
    done(50): success=39 t_flicker=10 t_touched=1
Ep  2950 | score  200.01 | avg100  177.02 | grasp100  78.0% | best 0.855 |     49 st/s
    done(50): success=39 t_flicker=8 t_touched=2 t_no_reach=1
Ep  3000 | score  210.19 | avg100  184.09 | grasp100  84.0% | best 0.855 |     49 st/s
    done(50): success=45 t_flicker=4 t_touched=1
Ep  3050 | score  195.04 | avg100  189.85 | grasp100  88.0% | best 0.855 |     49 st/s
    done(50): success=43 t_flicker=5 t_touched=2
Ep  3100 | score   32.95 | avg100  179.86 | grasp100  81.0% | best 0.855 |     48 st/s
    done(50): success=38 t_flicker=10 t_touched=2
Ep  3150 | score  207.62 | avg100  180.16 | grasp100  80.0% | best 0.855 |     48 st/s
    done(50): success=42 t_flicker=8
Ep  3200 | score  204.63 | avg100  190.03 | grasp100  87.0% | best 0.855 |     48 st/s
    done(50): success=45 t_flicker=5
  [primacy-bias reset of critic heads @ 75000 updates]
Ep  3250 | score  -53.73 | avg100  125.09 | grasp100  64.0% | best 0.855 |     49 st/s
    done(50): success=19 t_flicker=6 t_touched=5 t_no_reach=20
Ep  3300 | score  209.28 | avg100   35.77 | grasp100  31.0% | best 0.855 |     49 st/s
    done(50): success=12 t_flicker=7 t_touched=8 t_no_reach=23
Ep  3350 | score  208.96 | avg100   77.85 | grasp100  41.0% | best 0.855 |     49 st/s
    done(50): success=29 t_flicker=15 t_touched=4 t_no_reach=2
Ep  3400 | score   84.55 | avg100  157.20 | grasp100  65.0% | best 0.855 |     49 st/s
    done(50): success=36 t_flicker=8 t_touched=6
Ep  3450 | score  101.19 | avg100  174.31 | grasp100  73.0% | best 0.855 |     49 st/s
    done(50): success=37 t_flicker=10 t_touched=3
Ep  3500 | score   36.21 | avg100  177.29 | grasp100  77.0% | best 0.855 |     49 st/s
    done(50): success=40 t_flicker=8 t_touched=2
Ep  3550 | score  215.10 | avg100  185.75 | grasp100  83.0% | best 0.855 |     49 st/s
    done(50): success=43 t_flicker=7
Ep  3600 | score  206.71 | avg100  187.26 | grasp100  84.0% | best 0.855 |     49 st/s
    done(50): success=41 t_flicker=8 t_touched=1
Ep  3650 | score  208.75 | avg100  176.55 | grasp100  78.0% | best 0.855 |     49 st/s
    done(50): success=37 t_flicker=11 t_touched=2
Ep  3700 | score  208.12 | avg100  176.53 | grasp100  78.0% | best 0.855 |     49 st/s
    done(50): success=41 t_flicker=9
Ep  3750 | score  222.41 | avg100  173.14 | grasp100  75.0% | best 0.855 |     49 st/s
    done(50): success=34 t_flicker=14 t_touched=1 t_no_reach=1
Ep  3800 | score  230.23 | avg100  175.23 | grasp100  76.0% | best 0.855 |     49 st/s
    done(50): success=42 t_flicker=8
Ep  3850 | score  202.20 | avg100  185.80 | grasp100  84.0% | best 0.855 |     49 st/s
    done(50): success=42 t_flicker=8
Ep  3900 | score  209.14 | avg100  185.77 | grasp100  84.0% | best 0.855 |     49 st/s
    done(50): success=42 t_flicker=8
Ep  3943 | * BEST  level200=2.00 grasp200= 87.0% metric=0.870 | score  207.55
Ep  3950 | score  207.02 | avg100  193.34 | grasp100  90.0% | best 0.870 |     49 st/s
    done(50): success=48 t_flicker=1 t_touched=1
Ep  3974 | * BEST  level200=2.00 grasp200= 88.5% metric=0.885 | score  205.72
Ep  4000 | score  206.22 | avg100  189.99 | grasp100  90.0% | best 0.885 |     49 st/s
    done(50): success=42 t_flicker=6 t_touched=1 t_no_reach=1
Ep  4050 | score  193.78 | avg100  180.84 | grasp100  84.0% | best 0.885 |     49 st/s
    done(50): success=42 t_flicker=7 t_no_reach=1
Ep  4100 | score   96.33 | avg100  180.01 | grasp100  81.0% | best 0.885 |     49 st/s
    done(50): success=39 t_flicker=9 t_touched=1 t_no_reach=1
Ep  4150 | score  206.22 | avg100  177.24 | grasp100  77.0% | best 0.885 |     49 st/s
    done(50): success=38 t_flicker=12
Ep  4200 | score  209.02 | avg100  176.74 | grasp100  79.0% | best 0.885 |     49 st/s
    done(50): success=41 t_flicker=8 t_touched=1
Ep  4250 | score  207.99 | avg100  184.09 | grasp100  86.0% | best 0.885 |     49 st/s
    done(50): success=45 t_flicker=5
Ep  4300 | score  204.96 | avg100  188.80 | grasp100  87.0% | best 0.885 |     49 st/s
    done(50): success=42 t_flicker=8
Ep  4350 | score   57.78 | avg100  190.28 | grasp100  88.0% | best 0.885 |     48 st/s
    done(50): success=46 t_flicker=4
Ep  4400 | score  206.81 | avg100  189.07 | grasp100  88.0% | best 0.885 |     48 st/s
    done(50): success=42 t_flicker=7 t_touched=1
  [primacy-bias reset of critic heads @ 100000 updates]
Ep  4450 | score  -73.90 | avg100  170.76 | grasp100  79.0% | best 0.885 |     48 st/s
    done(50): success=37 t_flicker=8 t_touched=1 t_no_reach=4
Ep  4500 | score  116.76 | avg100  104.71 | grasp100  49.0% | best 0.885 |     49 st/s
    done(50): success=12 t_flicker=19 t_touched=9 t_no_reach=10
Ep  4550 | score  210.07 | avg100   77.71 | grasp100  30.0% | best 0.885 |     49 st/s
    done(50): success=18 t_flicker=20 t_touched=12
Ep  4600 | score   88.78 | avg100  128.42 | grasp100  52.0% | best 0.885 |     49 st/s
    done(50): success=34 t_flicker=11 t_touched=5
Ep  4650 | score  205.28 | avg100  174.76 | grasp100  79.0% | best 0.885 |     49 st/s
    done(50): success=45 t_flicker=3 t_touched=2
Ep  4700 | score  205.78 | avg100  191.37 | grasp100  89.0% | best 0.885 |     49 st/s
    done(50): success=44 t_flicker=6
Ep  4750 | score  205.75 | avg100  180.86 | grasp100  83.0% | best 0.885 |     49 st/s
    done(50): success=39 t_flicker=9 t_touched=2
Ep  4800 | score  204.51 | avg100  168.61 | grasp100  74.0% | best 0.885 |     49 st/s
    done(50): success=35 t_flicker=12 t_touched=3
Ep  4850 | score  213.37 | avg100  173.15 | grasp100  76.0% | best 0.885 |     49 st/s
    done(50): success=41 t_flicker=7 t_touched=2
Ep  4900 | score  209.21 | avg100  174.40 | grasp100  77.0% | best 0.885 |     49 st/s
    done(50): success=36 t_flicker=11 t_touched=3
Ep  4950 | score  210.30 | avg100  171.14 | grasp100  74.0% | best 0.885 |     49 st/s
    done(50): success=38 t_flicker=10 t_touched=2
Ep  5000 | score  207.33 | avg100  183.27 | grasp100  81.0% | best 0.885 |     49 st/s
    done(50): success=43 t_flicker=7
Ep  5050 | score  210.07 | avg100  191.64 | grasp100  87.0% | best 0.885 |     49 st/s
    done(50): success=44 t_flicker=6
Ep  5100 | score  209.54 | avg100  192.55 | grasp100  88.0% | best 0.885 |     49 st/s
    done(50): success=44 t_flicker=6
Ep  5150 | score  196.31 | avg100  189.31 | grasp100  86.0% | best 0.885 |     49 st/s
    done(50): success=42 t_flicker=6 t_touched=2
Ep  5200 | score  214.23 | avg100  183.51 | grasp100  82.0% | best 0.885 |     49 st/s
    done(50): success=40 t_flicker=10
Ep  5250 | score  210.93 | avg100  179.53 | grasp100  80.0% | best 0.885 |     49 st/s
    done(50): success=40 t_flicker=8 t_touched=2
Ep  5300 | score  212.08 | avg100  173.21 | grasp100  75.0% | best 0.885 |     49 st/s
    done(50): success=35 t_flicker=12 t_touched=3
Ep  5350 | score  206.72 | avg100  172.10 | grasp100  74.0% | best 0.885 |     49 st/s
    done(50): success=39 t_flicker=10 t_touched=1
Ep  5400 | score  204.91 | avg100  182.85 | grasp100  83.0% | best 0.885 |     49 st/s
    done(50): success=44 t_flicker=4 t_touched=2
Ep  5450 | score  211.05 | avg100  194.11 | grasp100  89.0% | best 0.885 |     49 st/s
    done(50): success=45 t_flicker=5
Ep  5500 | score  210.14 | avg100  203.73 | grasp100  94.0% | best 0.885 |     49 st/s
    done(50): success=49 t_flicker=1

Target reached: 95.0% over 100 episodes at spawn level 2.0.

========================================================================
DONE  td3_ln_wclip8_s4
  Episodes     : 5501
  Env steps    : 309,685  (6380s)
  Best metric  : 0.885  (policy in /home/fahim/Thesis_fahim/pickandplace/checkpoints/td3_grasp_rand_td3_ln_wclip8_s4/best)
  Final grasp% : 95.0
  CSV          : /home/fahim/Thesis_fahim/pickandplace/logs/grasp_rand_td3_ln_wclip8_s4/episodes.csv
  Probe CSV    : /home/fahim/Thesis_fahim/pickandplace/logs/grasp_rand_td3_ln_wclip8_s4/probe.csv
  Manifest     : /home/fahim/Thesis_fahim/pickandplace/logs/grasp_rand_td3_ln_wclip8_s4/manifest.json
========================================================================

