========================================================================
RANDOM-SPAWN GRASP RETRAINING  |  algo=td3_ln  run=td3_ln_wclip6_s1
========================================================================
  Envs                : 5 (subprocess-parallel, fork)
  Spawn level         : 2.0 (1.0 = full position box, 2.0 = + z-rotation)
  Updates/vec-step    : 2 (0.400 per env-step; historical baseline 0.5)
  Buffer              : 200,000
  Network             : 64 -> 32 (deployment-fixed)
  Warm start          : checkpoints/td3_grasp_rand_td3_ln_liftcert_phaseB_s2/best
  Checkpoints         : /home/fahim/Thesis_fahim/pickandplace/checkpoints/td3_grasp_rand_td3_ln_wclip6_s1
========================================================================

Spawning 5 subprocess environments (fork)...
[robosuite WARNING] No private macro file found! (__init__.py:7)
[robosuite WARNING] It is recommended to use a private macro file (__init__.py:8)
[robosuite WARNING] To setup, run: python /home/fahim/Thesis_fahim/venv/lib/python3.12/site-packages/robosuite/scripts/setup_macros.py (__init__.py:9)
[robosuite WARNING] No private macro file found! (__init__.py:7)
[robosuite WARNING] It is recommended to use a private macro file (__init__.py:8)
[robosuite WARNING] To setup, run: python /home/fahim/Thesis_fahim/venv/lib/python3.12/site-packages/robosuite/scripts/setup_macros.py (__init__.py:9)
[robosuite WARNING] No private macro file found! (__init__.py:7)
[robosuite WARNING] It is recommended to use a private macro file (__init__.py:8)
[robosuite WARNING] To setup, run: python /home/fahim/Thesis_fahim/venv/lib/python3.12/site-packages/robosuite/scripts/setup_macros.py (__init__.py:9)
[robosuite WARNING] No private macro file found! (__init__.py:7)
[robosuite WARNING] It is recommended to use a private macro file (__init__.py:8)
[robosuite WARNING] To setup, run: python /home/fahim/Thesis_fahim/venv/lib/python3.12/site-packages/robosuite/scripts/setup_macros.py (__init__.py:9)
[robosuite WARNING] No private macro file found! (__init__.py:7)
[robosuite WARNING] It is recommended to use a private macro file (__init__.py:8)
[robosuite WARNING] To setup, run: python /home/fahim/Thesis_fahim/venv/lib/python3.12/site-packages/robosuite/scripts/setup_macros.py (__init__.py:9)
Gym has been unmaintained since 2022 and does not support NumPy 2.0 amongst other critical functionality.
Please upgrade to Gymnasium, the maintained drop-in replacement of Gym, or contact the authors of your software and request that they upgrade.
See the migration guide at https://gymnasium.farama.org/introduction/migration_guide/ for additional information.
Gym has been unmaintained since 2022 and does not support NumPy 2.0 amongst other critical functionality.
Please upgrade to Gymnasium, the maintained drop-in replacement of Gym, or contact the authors of your software and request that they upgrade.
See the migration guide at https://gymnasium.farama.org/introduction/migration_guide/ for additional information.
Gym has been unmaintained since 2022 and does not support NumPy 2.0 amongst other critical functionality.
Please upgrade to Gymnasium, the maintained drop-in replacement of Gym, or contact the authors of your software and request that they upgrade.
See the migration guide at https://gymnasium.farama.org/introduction/migration_guide/ for additional information.
Gym has been unmaintained since 2022 and does not support NumPy 2.0 amongst other critical functionality.
Please upgrade to Gymnasium, the maintained drop-in replacement of Gym, or contact the authors of your software and request that they upgrade.
See the migration guide at https://gymnasium.farama.org/introduction/migration_guide/ for additional information.
Gym has been unmaintained since 2022 and does not support NumPy 2.0 amongst other critical functionality.
Please upgrade to Gymnasium, the maintained drop-in replacement of Gym, or contact the authors of your software and request that they upgrade.
See the migration guide at https://gymnasium.farama.org/introduction/migration_guide/ for additional information.
/home/fahim/Thesis_fahim/venv/lib/python3.12/site-packages/gym/spaces/box.py:84: UserWarning: [33mWARN: Box bound precision lowered by casting to float32[0m
  logger.warn(f"Box bound precision lowered by casting to {self.dtype}")
/home/fahim/Thesis_fahim/venv/lib/python3.12/site-packages/gym/spaces/box.py:84: UserWarning: [33mWARN: Box bound precision lowered by casting to float32[0m
  logger.warn(f"Box bound precision lowered by casting to {self.dtype}")
/home/fahim/Thesis_fahim/venv/lib/python3.12/site-packages/gym/spaces/box.py:84: UserWarning: [33mWARN: Box bound precision lowered by casting to float32[0m
  logger.warn(f"Box bound precision lowered by casting to {self.dtype}")
/home/fahim/Thesis_fahim/venv/lib/python3.12/site-packages/gym/spaces/box.py:84: UserWarning: [33mWARN: Box bound precision lowered by casting to float32[0m
  logger.warn(f"Box bound precision lowered by casting to {self.dtype}")
/home/fahim/Thesis_fahim/venv/lib/python3.12/site-packages/gym/spaces/box.py:84: UserWarning: [33mWARN: Box bound precision lowered by casting to float32[0m
  logger.warn(f"Box bound precision lowered by casting to {self.dtype}")
Gym has been unmaintained since 2022 and does not support NumPy 2.0 amongst other critical functionality.
Please upgrade to Gymnasium, the maintained drop-in replacement of Gym, or contact the authors of your software and request that they upgrade.
See the migration guide at https://gymnasium.farama.org/introduction/migration_guide/ for additional information.
5 environments ready.

  Actor weight clip   : |w| <= 6.0 * std(w) per Linear tensor (bi_s0 baseline fc1 9.96 / fc2 10.82)
Init: warm-started (source: /home/fahim/Thesis_fahim/pickandplace/checkpoints/td3_grasp_rand_td3_ln_liftcert_phaseB_s2/best)
Fresh replay buffer.

Training...

Ep    50 | score   62.64 | avg100  155.42 | grasp100  62.0% | best 0.000 |     58 st/s
    done(50): success=31 t_flicker=16 t_touched=3
Ep   100 | score   58.49 | avg100  159.79 | grasp100  64.0% | best 0.000 |     53 st/s
    done(50): success=33 t_flicker=16 t_touched=1
Ep   150 | score  207.07 | avg100  153.44 | grasp100  60.0% | best 0.000 |     47 st/s
    done(50): success=27 t_flicker=22 t_touched=1
Ep   200 | * BEST  level200=2.00 grasp200= 54.0% metric=0.540 | score  207.08
Ep   250 | score   64.16 | avg100  108.29 | grasp100  35.0% | best 0.540 |     44 st/s
    done(50): success=18 t_flicker=25 t_touched=7
Ep   300 | score  204.11 | avg100  114.89 | grasp100  37.0% | best 0.540 |     43 st/s
    done(50): success=19 t_flicker=25 t_touched=6
Ep   350 | score  206.57 | avg100  123.55 | grasp100  40.0% | best 0.540 |     42 st/s
    done(50): success=21 t_flicker=23 t_touched=6
Ep   400 | score  203.93 | avg100  114.83 | grasp100  36.0% | best 0.540 |     42 st/s
    done(50): success=15 t_flicker=30 t_touched=5
Ep   450 | score   83.38 | avg100  102.98 | grasp100  30.0% | best 0.540 |     41 st/s
    done(50): success=15 t_flicker=29 t_touched=6
Ep   500 | score   17.97 | avg100  106.34 | grasp100  32.0% | best 0.540 |     42 st/s
    done(50): success=17 t_flicker=20 t_touched=13
Ep   550 | score   32.48 | avg100  108.14 | grasp100  36.0% | best 0.540 |     41 st/s
    done(50): success=19 t_flicker=22 t_touched=9
Ep   600 | score  205.96 | avg100  107.08 | grasp100  34.0% | best 0.540 |     42 st/s
    done(50): success=15 t_flicker=24 t_touched=11
Ep   650 | score  -61.28 | avg100  111.64 | grasp100  37.0% | best 0.540 |     42 st/s
    done(50): success=22 t_flicker=21 t_touched=7
Ep   700 | score  208.70 | avg100  114.01 | grasp100  40.0% | best 0.540 |     42 st/s
    done(50): success=18 t_flicker=21 t_touched=11
Ep   750 | score  121.43 | avg100  123.03 | grasp100  45.0% | best 0.540 |     41 st/s
    done(50): success=27 t_flicker=16 t_touched=7
Ep   800 | score  209.53 | avg100  143.67 | grasp100  58.0% | best 0.540 |     41 st/s
    done(50): success=31 t_flicker=14 t_touched=4 t_no_reach=1
Ep   850 | score  208.03 | avg100  144.50 | grasp100  58.0% | best 0.540 |     41 st/s
    done(50): success=27 t_flicker=20 t_touched=2 t_no_reach=1
Ep   877 | * BEST  level200=2.00 grasp200= 55.5% metric=0.555 | score  205.26
  [primacy-bias reset of critic heads @ 25000 updates]
Ep   900 | score  -79.43 | avg100   99.91 | grasp100  44.0% | best 0.555 |     41 st/s
    done(50): success=17 t_flicker=14 t_touched=3 t_no_reach=16
Ep   950 | score  -39.08 | avg100   39.18 | grasp100  24.0% | best 0.555 |     42 st/s
    done(50): success=7 t_flicker=11 t_touched=28 t_no_reach=4
Ep  1000 | score  207.77 | avg100   51.78 | grasp100  23.0% | best 0.555 |     41 st/s
    done(50): success=16 t_flicker=22 t_touched=12
Ep  1050 | score   58.14 | avg100  108.62 | grasp100  40.0% | best 0.555 |     41 st/s
    done(50): success=24 t_flicker=19 t_touched=7
Ep  1100 | score  208.00 | avg100  123.16 | grasp100  47.0% | best 0.555 |     41 st/s
    done(50): success=23 t_flicker=16 t_touched=10 t_no_reach=1
Ep  1150 | score   65.13 | avg100  132.72 | grasp100  53.0% | best 0.555 |     41 st/s
    done(50): success=30 t_flicker=16 t_touched=4
Ep  1185 | * BEST  level200=2.00 grasp200= 57.0% metric=0.570 | score  209.75
Ep  1190 | * BEST  level200=2.00 grasp200= 58.5% metric=0.585 | score  206.87
Ep  1194 | * BEST  level200=2.00 grasp200= 60.0% metric=0.600 | score  208.29
Ep  1200 | score   90.99 | avg100  168.25 | grasp100  71.0% | best 0.600 |     41 st/s
    done(50): success=41 t_flicker=8 t_touched=1
Ep  1212 | * BEST  level200=2.00 grasp200= 61.5% metric=0.615 | score  209.75
Ep  1237 | * BEST  level200=2.00 grasp200= 63.0% metric=0.630 | score  206.51
Ep  1250 | score   40.53 | avg100  171.52 | grasp100  75.0% | best 0.630 |     41 st/s
    done(50): success=34 t_flicker=13 t_touched=3
Ep  1252 | * BEST  level200=2.00 grasp200= 64.5% metric=0.645 | score  205.17
Ep  1258 | * BEST  level200=2.00 grasp200= 66.0% metric=0.660 | score  205.09
Ep  1265 | * BEST  level200=2.00 grasp200= 67.5% metric=0.675 | score  216.97
Ep  1272 | * BEST  level200=2.00 grasp200= 69.0% metric=0.690 | score  207.25
Ep  1282 | * BEST  level200=2.00 grasp200= 70.5% metric=0.705 | score  200.73
Ep  1300 | score   69.05 | avg100  159.02 | grasp100  69.0% | best 0.705 |     40 st/s
    done(50): success=35 t_flicker=13 t_touched=2
Ep  1350 | score  209.14 | avg100  157.53 | grasp100  68.0% | best 0.705 |     40 st/s
    done(50): success=33 t_flicker=12 t_touched=5
Ep  1379 | * BEST  level200=2.00 grasp200= 72.0% metric=0.720 | score  204.96
Ep  1400 | score  210.31 | avg100  169.07 | grasp100  75.0% | best 0.720 |     40 st/s
    done(50): success=42 t_flicker=6 t_touched=2
Ep  1423 | * BEST  level200=2.00 grasp200= 73.5% metric=0.735 | score  206.22
Ep  1440 | * BEST  level200=2.00 grasp200= 75.0% metric=0.750 | score  204.80
Ep  1450 | * BEST  level200=2.00 grasp200= 76.5% metric=0.765 | score  208.03
Ep  1500 | * BEST  level200=2.00 grasp200= 78.0% metric=0.780 | score  196.53
Ep  1512 | * BEST  level200=2.00 grasp200= 79.5% metric=0.795 | score  206.11
Ep  1550 | score    9.97 | avg100  164.71 | grasp100  74.0% | best 0.795 |     40 st/s
    done(50): success=36 t_flicker=11 t_touched=3
Ep  1555 | * BEST  level200=2.00 grasp200= 81.0% metric=0.810 | score  220.50
Ep  1600 | score  209.07 | avg100  165.46 | grasp100  75.0% | best 0.810 |     40 st/s
    done(50): success=39 t_flicker=10 t_touched=1
Ep  1650 | score  123.83 | avg100  174.57 | grasp100  79.0% | best 0.810 |     39 st/s
    done(50): success=40 t_flicker=10
Ep  1700 | score  204.63 | avg100  177.77 | grasp100  79.0% | best 0.810 |     39 st/s
    done(50): success=39 t_flicker=8 t_touched=3
Ep  1750 | score  218.65 | avg100  174.45 | grasp100  77.0% | best 0.810 |     39 st/s
    done(50): success=38 t_flicker=10 t_touched=2
Ep  1800 | score  209.48 | avg100  175.67 | grasp100  79.0% | best 0.810 |     39 st/s
    done(50): success=41 t_flicker=7 t_touched=2
  [primacy-bias reset of critic heads @ 50000 updates]
Ep  1850 | score  -79.91 | avg100  122.14 | grasp100  63.0% | best 0.810 |     39 st/s
    done(50): success=22 t_flicker=4 t_touched=5 t_no_reach=19
Ep  1900 | score  209.05 | avg100   48.26 | grasp100  34.0% | best 0.810 |     40 st/s
    done(50): success=12 t_flicker=10 t_touched=5 t_no_reach=23
Ep  1950 | score   53.22 | avg100   92.67 | grasp100  47.0% | best 0.810 |     40 st/s
    done(50): success=35 t_flicker=9 t_touched=5 t_no_reach=1
Ep  2000 | score  206.65 | avg100  144.93 | grasp100  63.0% | best 0.810 |     40 st/s
    done(50): success=28 t_flicker=14 t_touched=8
Ep  2050 | score  -50.60 | avg100  150.79 | grasp100  64.0% | best 0.810 |     39 st/s
    done(50): success=36 t_flicker=10 t_touched=4
Ep  2100 | score   51.42 | avg100  161.10 | grasp100  70.0% | best 0.810 |     39 st/s
    done(50): success=34 t_flicker=13 t_touched=3
Ep  2150 | score  210.45 | avg100  166.79 | grasp100  75.0% | best 0.810 |     39 st/s
    done(50): success=41 t_flicker=7 t_touched=2
Ep  2200 | score  207.10 | avg100  174.87 | grasp100  79.0% | best 0.810 |     39 st/s
    done(50): success=38 t_flicker=11 t_touched=1
Ep  2250 | score  225.18 | avg100  170.29 | grasp100  74.0% | best 0.810 |     39 st/s
    done(50): success=36 t_flicker=10 t_touched=3 t_no_reach=1
Ep  2300 | score  206.50 | avg100  176.44 | grasp100  77.0% | best 0.810 |     39 st/s
    done(50): success=41 t_flicker=9
Ep  2350 | score  209.05 | avg100  183.63 | grasp100  81.0% | best 0.810 |     39 st/s
    done(50): success=40 t_flicker=8 t_touched=2
Ep  2400 | score  203.21 | avg100  186.45 | grasp100  85.0% | best 0.810 |     39 st/s
    done(50): success=45 t_flicker=4 t_touched=1
Ep  2410 | * BEST  level200=2.00 grasp200= 82.5% metric=0.825 | score  205.83
Ep  2429 | * BEST  level200=2.00 grasp200= 84.0% metric=0.840 | score  208.55
Ep  2445 | * BEST  level200=2.00 grasp200= 85.5% metric=0.855 | score  206.70
Ep  2450 | score  208.06 | avg100  194.48 | grasp100  91.0% | best 0.855 |     39 st/s
    done(50): success=46 t_flicker=4
Ep  2461 | * BEST  level200=2.00 grasp200= 87.0% metric=0.870 | score  207.36
Ep  2500 | score  190.07 | avg100  184.28 | grasp100  85.0% | best 0.870 |     39 st/s
    done(50): success=39 t_flicker=9 t_touched=2
Ep  2550 | score  -18.74 | avg100  179.57 | grasp100  82.0% | best 0.870 |     38 st/s
    done(50): success=43 t_flicker=4 t_touched=3
Ep  2600 | score  204.88 | avg100  185.07 | grasp100  83.0% | best 0.870 |     38 st/s
    done(50): success=40 t_flicker=10
Ep  2650 | score  208.56 | avg100  184.54 | grasp100  82.0% | best 0.870 |     38 st/s
    done(50): success=42 t_flicker=5 t_touched=2 t_no_reach=1
Ep  2700 | score  208.56 | avg100  180.73 | grasp100  83.0% | best 0.870 |     38 st/s
    done(50): success=41 t_flicker=5 t_touched=4
Ep  2750 | score  204.13 | avg100  175.08 | grasp100  81.0% | best 0.870 |     38 st/s
    done(50): success=40 t_flicker=6 t_touched=3 t_no_reach=1
Ep  2800 | score  107.45 | avg100  181.29 | grasp100  83.0% | best 0.870 |     38 st/s
    done(50): success=43 t_flicker=4 t_touched=3
Ep  2850 | score  209.46 | avg100  182.58 | grasp100  83.0% | best 0.870 |     38 st/s
    done(50): success=40 t_flicker=9 t_no_reach=1
Ep  2900 | score  208.43 | avg100  181.03 | grasp100  82.0% | best 0.870 |     38 st/s
    done(50): success=42 t_flicker=7 t_touched=1
Ep  2950 | score  209.34 | avg100  184.65 | grasp100  84.0% | best 0.870 |     38 st/s
    done(50): success=42 t_flicker=7 t_touched=1
  [primacy-bias reset of critic heads @ 75000 updates]
Ep  3000 | score   -0.66 | avg100  186.33 | grasp100  85.0% | best 0.870 |     38 st/s
    done(50): success=43 t_flicker=5 t_touched=2
Ep  3050 | score  208.20 | avg100  112.16 | grasp100  56.0% | best 0.870 |     38 st/s
    done(50): success=13 t_flicker=4 t_touched=23 t_no_reach=10
Ep  3100 | score  209.23 | avg100   85.09 | grasp100  37.0% | best 0.870 |     38 st/s
    done(50): success=24 t_flicker=22 t_touched=3 t_no_reach=1
Ep  3150 | score   99.52 | avg100  143.51 | grasp100  57.0% | best 0.870 |     38 st/s
    done(50): success=33 t_flicker=13 t_touched=4
Ep  3200 | score  208.74 | avg100  156.88 | grasp100  71.0% | best 0.870 |     38 st/s
    done(50): success=38 t_flicker=6 t_touched=4 t_no_reach=2
Ep  3250 | score  208.48 | avg100  168.53 | grasp100  78.0% | best 0.870 |     38 st/s
    done(50): success=40 t_flicker=7 t_touched=1 t_no_reach=2
Ep  3300 | score  209.91 | avg100  175.42 | grasp100  77.0% | best 0.870 |     38 st/s
    done(50): success=37 t_flicker=13
Ep  3350 | score  212.00 | avg100  181.15 | grasp100  80.0% | best 0.870 |     38 st/s
    done(50): success=43 t_flicker=5 t_touched=2
Ep  3400 | score   85.40 | avg100  192.30 | grasp100  88.0% | best 0.870 |     38 st/s
    done(50): success=45 t_flicker=5
Ep  3450 | score  209.98 | avg100  184.09 | grasp100  83.0% | best 0.870 |     38 st/s
    done(50): success=38 t_flicker=9 t_touched=3
Ep  3500 | score  208.27 | avg100  184.49 | grasp100  84.0% | best 0.870 |     38 st/s
    done(50): success=46 t_flicker=3 t_touched=1
Ep  3550 | score  208.01 | avg100  190.81 | grasp100  88.0% | best 0.870 |     38 st/s
    done(50): success=42 t_flicker=6 t_touched=2
Ep  3600 | score  206.42 | avg100  188.17 | grasp100  86.0% | best 0.870 |     37 st/s
    done(50): success=44 t_flicker=6
Ep  3632 | * BEST  level200=2.00 grasp200= 88.5% metric=0.885 | score  206.73
Ep  3650 | score  208.92 | avg100  193.96 | grasp100  89.0% | best 0.885 |     37 st/s
    done(50): success=45 t_flicker=3 t_touched=2
Ep  3700 | score   64.04 | avg100  179.94 | grasp100  80.0% | best 0.885 |     37 st/s
    done(50): success=35 t_flicker=13 t_touched=2
Ep  3750 | score  208.44 | avg100  176.18 | grasp100  77.0% | best 0.885 |     37 st/s
    done(50): success=42 t_flicker=8
Ep  3800 | score  207.24 | avg100  187.72 | grasp100  85.0% | best 0.885 |     37 st/s
    done(50): success=43 t_flicker=6 t_touched=1
Ep  3850 | score  209.93 | avg100  191.50 | grasp100  89.0% | best 0.885 |     37 st/s
    done(50): success=46 t_flicker=3 t_touched=1
Ep  3900 | score  206.87 | avg100  199.11 | grasp100  93.0% | best 0.885 |     37 st/s
    done(50): success=47 t_flicker=3

Target reached: 95.0% over 100 episodes at spawn level 2.0.

========================================================================
DONE  td3_ln_wclip6_s1
  Episodes     : 3913
  Env steps    : 236,550  (6388s)
  Best metric  : 0.885  (policy in /home/fahim/Thesis_fahim/pickandplace/checkpoints/td3_grasp_rand_td3_ln_wclip6_s1/best)
  Final grasp% : 95.0
  CSV          : /home/fahim/Thesis_fahim/pickandplace/logs/grasp_rand_td3_ln_wclip6_s1/episodes.csv
  Probe CSV    : /home/fahim/Thesis_fahim/pickandplace/logs/grasp_rand_td3_ln_wclip6_s1/probe.csv
  Manifest     : /home/fahim/Thesis_fahim/pickandplace/logs/grasp_rand_td3_ln_wclip6_s1/manifest.json
========================================================================

