========================================================================
RANDOM-SPAWN GRASP RETRAINING  |  algo=td3_ln  run=td3_ln_wclip8_s3
========================================================================
  Envs                : 5 (subprocess-parallel, fork)
  Spawn level         : 2.0 (1.0 = full position box, 2.0 = + z-rotation)
  Updates/vec-step    : 2 (0.400 per env-step; historical baseline 0.5)
  Buffer              : 200,000
  Network             : 64 -> 32  (5,216 weights)
  Warm start          : checkpoints/td3_grasp_rand_td3_ln_liftcert_phaseB_s2/best
  Checkpoints         : /home/fahim/Thesis_fahim/pickandplace/checkpoints/td3_grasp_rand_td3_ln_wclip8_s3
========================================================================

Spawning 5 subprocess environments (fork)...
[robosuite WARNING] No private macro file found! (__init__.py:7)
[robosuite WARNING] It is recommended to use a private macro file (__init__.py:8)
[robosuite WARNING] To setup, run: python /home/fahim/Thesis_fahim/venv/lib/python3.12/site-packages/robosuite/scripts/setup_macros.py (__init__.py:9)
[robosuite WARNING] No private macro file found! (__init__.py:7)
[robosuite WARNING] It is recommended to use a private macro file (__init__.py:8)
[robosuite WARNING] To setup, run: python /home/fahim/Thesis_fahim/venv/lib/python3.12/site-packages/robosuite/scripts/setup_macros.py (__init__.py:9)
[robosuite WARNING] No private macro file found! (__init__.py:7)
[robosuite WARNING] It is recommended to use a private macro file (__init__.py:8)
[robosuite WARNING] To setup, run: python /home/fahim/Thesis_fahim/venv/lib/python3.12/site-packages/robosuite/scripts/setup_macros.py (__init__.py:9)
[robosuite WARNING] No private macro file found! (__init__.py:7)
[robosuite WARNING] It is recommended to use a private macro file (__init__.py:8)
[robosuite WARNING] To setup, run: python /home/fahim/Thesis_fahim/venv/lib/python3.12/site-packages/robosuite/scripts/setup_macros.py (__init__.py:9)
[robosuite WARNING] No private macro file found! (__init__.py:7)
[robosuite WARNING] It is recommended to use a private macro file (__init__.py:8)
[robosuite WARNING] To setup, run: python /home/fahim/Thesis_fahim/venv/lib/python3.12/site-packages/robosuite/scripts/setup_macros.py (__init__.py:9)
Gym has been unmaintained since 2022 and does not support NumPy 2.0 amongst other critical functionality.
Please upgrade to Gymnasium, the maintained drop-in replacement of Gym, or contact the authors of your software and request that they upgrade.
See the migration guide at https://gymnasium.farama.org/introduction/migration_guide/ for additional information.
Gym has been unmaintained since 2022 and does not support NumPy 2.0 amongst other critical functionality.
Please upgrade to Gymnasium, the maintained drop-in replacement of Gym, or contact the authors of your software and request that they upgrade.
See the migration guide at https://gymnasium.farama.org/introduction/migration_guide/ for additional information.
Gym has been unmaintained since 2022 and does not support NumPy 2.0 amongst other critical functionality.
Please upgrade to Gymnasium, the maintained drop-in replacement of Gym, or contact the authors of your software and request that they upgrade.
See the migration guide at https://gymnasium.farama.org/introduction/migration_guide/ for additional information.
Gym has been unmaintained since 2022 and does not support NumPy 2.0 amongst other critical functionality.
Please upgrade to Gymnasium, the maintained drop-in replacement of Gym, or contact the authors of your software and request that they upgrade.
See the migration guide at https://gymnasium.farama.org/introduction/migration_guide/ for additional information.
Gym has been unmaintained since 2022 and does not support NumPy 2.0 amongst other critical functionality.
Please upgrade to Gymnasium, the maintained drop-in replacement of Gym, or contact the authors of your software and request that they upgrade.
See the migration guide at https://gymnasium.farama.org/introduction/migration_guide/ for additional information.
/home/fahim/Thesis_fahim/venv/lib/python3.12/site-packages/gym/spaces/box.py:84: UserWarning: [33mWARN: Box bound precision lowered by casting to float32[0m
  logger.warn(f"Box bound precision lowered by casting to {self.dtype}")
/home/fahim/Thesis_fahim/venv/lib/python3.12/site-packages/gym/spaces/box.py:84: UserWarning: [33mWARN: Box bound precision lowered by casting to float32[0m
  logger.warn(f"Box bound precision lowered by casting to {self.dtype}")
/home/fahim/Thesis_fahim/venv/lib/python3.12/site-packages/gym/spaces/box.py:84: UserWarning: [33mWARN: Box bound precision lowered by casting to float32[0m
  logger.warn(f"Box bound precision lowered by casting to {self.dtype}")
/home/fahim/Thesis_fahim/venv/lib/python3.12/site-packages/gym/spaces/box.py:84: UserWarning: [33mWARN: Box bound precision lowered by casting to float32[0m
  logger.warn(f"Box bound precision lowered by casting to {self.dtype}")
/home/fahim/Thesis_fahim/venv/lib/python3.12/site-packages/gym/spaces/box.py:84: UserWarning: [33mWARN: Box bound precision lowered by casting to float32[0m
  logger.warn(f"Box bound precision lowered by casting to {self.dtype}")
Gym has been unmaintained since 2022 and does not support NumPy 2.0 amongst other critical functionality.
Please upgrade to Gymnasium, the maintained drop-in replacement of Gym, or contact the authors of your software and request that they upgrade.
See the migration guide at https://gymnasium.farama.org/introduction/migration_guide/ for additional information.
5 environments ready.

  Actor weight clip   : |w| <= 8.0 * std(w) per Linear tensor (bi_s0 baseline fc1 9.96 / fc2 10.82)
Init: warm-started (source: /home/fahim/Thesis_fahim/pickandplace/checkpoints/td3_grasp_rand_td3_ln_liftcert_phaseB_s2/best)
Fresh replay buffer.

Training...

Ep    50 | score   54.90 | avg100  144.00 | grasp100  52.0% | best 0.000 |     51 st/s
    done(50): success=26 t_flicker=24
Ep   100 | score   54.73 | avg100  149.82 | grasp100  56.0% | best 0.000 |     53 st/s
    done(50): success=30 t_flicker=20
Ep   150 | score  204.43 | avg100  153.85 | grasp100  59.0% | best 0.000 |     53 st/s
    done(50): success=29 t_flicker=20 t_touched=1
Ep   200 | * BEST  level200=2.00 grasp200= 59.0% metric=0.590 | score   67.56
Ep   246 | * BEST  level200=2.00 grasp200= 60.5% metric=0.605 | score  207.83
Ep   250 | score   94.75 | avg100  151.27 | grasp100  61.0% | best 0.605 |     49 st/s
    done(50): success=28 t_flicker=18 t_touched=4
Ep   300 | score   60.62 | avg100  128.42 | grasp100  43.0% | best 0.605 |     49 st/s
    done(50): success=15 t_flicker=33 t_touched=2
Ep   350 | score   43.48 | avg100  108.66 | grasp100  26.0% | best 0.605 |     51 st/s
    done(50): success=11 t_flicker=33 t_touched=6
Ep   400 | score  109.10 | avg100  103.16 | grasp100  27.0% | best 0.605 |     51 st/s
    done(50): success=16 t_flicker=32 t_touched=2
Ep   450 | score  109.84 | avg100  104.59 | grasp100  32.0% | best 0.605 |     52 st/s
    done(50): success=16 t_flicker=27 t_touched=7
Ep   500 | score  -69.53 | avg100   85.29 | grasp100  24.0% | best 0.605 |     54 st/s
    done(50): success=8 t_flicker=28 t_touched=9 t_no_reach=5
Ep   550 | score   55.94 | avg100   88.68 | grasp100  28.0% | best 0.605 |     53 st/s
    done(50): success=20 t_flicker=22 t_touched=5 t_no_reach=3
Ep   600 | score   11.57 | avg100  113.62 | grasp100  39.0% | best 0.605 |     54 st/s
    done(50): success=19 t_flicker=24 t_touched=6 t_no_reach=1
Ep   650 | score  194.41 | avg100  135.84 | grasp100  51.0% | best 0.605 |     54 st/s
    done(50): success=32 t_flicker=16 t_touched=2
Ep   700 | score   97.44 | avg100  157.07 | grasp100  63.0% | best 0.605 |     53 st/s
    done(50): success=31 t_flicker=16 t_touched=3
Ep   750 | score  208.87 | avg100  151.72 | grasp100  62.0% | best 0.605 |     53 st/s
    done(50): success=31 t_flicker=15 t_touched=4
Ep   800 | score  206.23 | avg100  127.38 | grasp100  53.0% | best 0.605 |     53 st/s
    done(50): success=22 t_flicker=21 t_touched=7
Ep   850 | score  101.46 | avg100  120.62 | grasp100  47.0% | best 0.605 |     53 st/s
    done(50): success=25 t_flicker=20 t_touched=5
Ep   900 | score   59.68 | avg100  139.21 | grasp100  53.0% | best 0.605 |     53 st/s
    done(50): success=28 t_flicker=19 t_touched=3
Ep   950 | score  106.71 | avg100  152.70 | grasp100  61.0% | best 0.605 |     52 st/s
    done(50): success=33 t_flicker=16 t_touched=1
  [primacy-bias reset of critic heads @ 25000 updates]
Ep  1000 | score  -58.18 | avg100  112.28 | grasp100  49.0% | best 0.605 |     53 st/s
    done(50): success=16 t_flicker=14 t_touched=9 t_no_reach=11
Ep  1050 | score  204.58 | avg100   60.08 | grasp100  28.0% | best 0.605 |     54 st/s
    done(50): success=12 t_flicker=20 t_touched=15 t_no_reach=3
Ep  1100 | score   28.69 | avg100   73.95 | grasp100  28.0% | best 0.605 |     54 st/s
    done(50): success=16 t_flicker=24 t_touched=9 t_no_reach=1
Ep  1150 | score  206.20 | avg100  109.70 | grasp100  37.0% | best 0.605 |     54 st/s
    done(50): success=21 t_flicker=22 t_touched=7
Ep  1200 | score  208.45 | avg100  147.29 | grasp100  55.0% | best 0.605 |     53 st/s
    done(50): success=34 t_flicker=14 t_touched=2
Ep  1250 | score   87.92 | avg100  160.01 | grasp100  64.0% | best 0.605 |     53 st/s
    done(50): success=30 t_flicker=17 t_touched=3
Ep  1300 | score   63.17 | avg100  156.62 | grasp100  63.0% | best 0.605 |     52 st/s
    done(50): success=33 t_flicker=15 t_touched=1 t_no_reach=1
Ep  1317 | * BEST  level200=2.00 grasp200= 62.0% metric=0.620 | score  200.04
Ep  1323 | * BEST  level200=2.00 grasp200= 63.5% metric=0.635 | score  208.64
Ep  1344 | * BEST  level200=2.00 grasp200= 65.0% metric=0.650 | score  207.17
Ep  1350 | score  207.35 | avg100  160.41 | grasp100  65.0% | best 0.650 |     52 st/s
    done(50): success=32 t_flicker=17 t_no_reach=1
Ep  1400 | score  113.88 | avg100  165.42 | grasp100  68.0% | best 0.650 |     52 st/s
    done(50): success=36 t_flicker=12 t_touched=2
Ep  1418 | * BEST  level200=2.00 grasp200= 66.5% metric=0.665 | score  207.53
Ep  1450 | score  207.90 | avg100  167.10 | grasp100  69.0% | best 0.665 |     52 st/s
    done(50): success=33 t_flicker=16 t_no_reach=1
Ep  1500 | score  208.95 | avg100  159.99 | grasp100  65.0% | best 0.665 |     51 st/s
    done(50): success=32 t_flicker=15 t_touched=2 t_no_reach=1
Ep  1550 | score  209.36 | avg100  159.00 | grasp100  66.0% | best 0.665 |     51 st/s
    done(50): success=34 t_flicker=14 t_touched=2
Ep  1553 | * BEST  level200=2.00 grasp200= 68.0% metric=0.680 | score  209.14
Ep  1600 | score  205.86 | avg100  161.97 | grasp100  66.0% | best 0.680 |     51 st/s
    done(50): success=32 t_flicker=17 t_touched=1
Ep  1650 | score  207.59 | avg100  173.18 | grasp100  72.0% | best 0.680 |     51 st/s
    done(50): success=40 t_flicker=8 t_touched=2
Ep  1651 | * BEST  level200=2.00 grasp200= 69.5% metric=0.695 | score  199.10
Ep  1656 | * BEST  level200=2.00 grasp200= 71.0% metric=0.710 | score  205.77
Ep  1693 | * BEST  level200=2.00 grasp200= 72.5% metric=0.725 | score  206.29
Ep  1700 | score   80.50 | avg100  180.16 | grasp100  79.0% | best 0.725 |     50 st/s
    done(50): success=39 t_flicker=10 t_touched=1
Ep  1719 | * BEST  level200=2.00 grasp200= 74.0% metric=0.740 | score  208.17
Ep  1726 | * BEST  level200=2.00 grasp200= 75.5% metric=0.755 | score  206.75
Ep  1733 | * BEST  level200=2.00 grasp200= 77.0% metric=0.770 | score  207.75
Ep  1750 | score  206.98 | avg100  181.65 | grasp100  82.0% | best 0.770 |     50 st/s
    done(50): success=43 t_flicker=6 t_touched=1
Ep  1764 | * BEST  level200=2.00 grasp200= 78.5% metric=0.785 | score  208.58
Ep  1769 | * BEST  level200=2.00 grasp200= 80.0% metric=0.800 | score  209.50
Ep  1787 | * BEST  level200=2.00 grasp200= 81.5% metric=0.815 | score  207.04
Ep  1795 | * BEST  level200=2.00 grasp200= 83.0% metric=0.830 | score  207.22
Ep  1800 | score  162.93 | avg100  189.68 | grasp100  86.0% | best 0.830 |     50 st/s
    done(50): success=43 t_flicker=7
Ep  1815 | * BEST  level200=2.00 grasp200= 84.5% metric=0.845 | score  200.49
Ep  1850 | score  205.67 | avg100  188.71 | grasp100  85.0% | best 0.845 |     50 st/s
    done(50): success=42 t_flicker=6 t_touched=2
Ep  1900 | score  210.38 | avg100  167.99 | grasp100  72.0% | best 0.845 |     50 st/s
    done(50): success=30 t_flicker=16 t_touched=4
Ep  1950 | score  199.43 | avg100  162.46 | grasp100  69.0% | best 0.845 |     50 st/s
    done(50): success=39 t_flicker=10 t_touched=1
Ep  2000 | score  209.66 | avg100  170.15 | grasp100  74.0% | best 0.845 |     50 st/s
    done(50): success=35 t_flicker=12 t_touched=3
  [primacy-bias reset of critic heads @ 50000 updates]
Ep  2050 | score  -79.54 | avg100   89.01 | grasp100  46.0% | best 0.845 |     50 st/s
    done(50): success=11 t_flicker=6 t_touched=5 t_no_reach=28
Ep  2100 | score  128.86 | avg100  -13.62 | grasp100  13.0% | best 0.845 |     51 st/s
    done(50): success=2 t_flicker=9 t_touched=8 t_no_reach=31
Ep  2150 | score  206.94 | avg100   43.98 | grasp100  26.0% | best 0.845 |     51 st/s
    done(50): success=24 t_flicker=15 t_touched=11
Ep  2200 | score  210.43 | avg100  142.30 | grasp100  58.0% | best 0.845 |     51 st/s
    done(50): success=34 t_flicker=15 t_touched=1
Ep  2250 | score  197.14 | avg100  157.86 | grasp100  67.0% | best 0.845 |     51 st/s
    done(50): success=33 t_flicker=13 t_touched=4
Ep  2300 | score   99.50 | avg100  160.93 | grasp100  69.0% | best 0.845 |     51 st/s
    done(50): success=36 t_flicker=12 t_touched=2
Ep  2350 | score  120.37 | avg100  159.66 | grasp100  70.0% | best 0.845 |     51 st/s
    done(50): success=34 t_flicker=15 t_touched=1
Ep  2400 | score   95.81 | avg100  162.80 | grasp100  72.0% | best 0.845 |     51 st/s
    done(50): success=38 t_flicker=10 t_touched=2
Ep  2450 | score  209.40 | avg100  178.41 | grasp100  80.0% | best 0.845 |     51 st/s
    done(50): success=42 t_flicker=7 t_touched=1
Ep  2500 | score  208.55 | avg100  184.59 | grasp100  85.0% | best 0.845 |     51 st/s
    done(50): success=43 t_flicker=5 t_touched=2
Ep  2550 | score   95.82 | avg100  174.54 | grasp100  78.0% | best 0.845 |     50 st/s
    done(50): success=35 t_flicker=13 t_touched=2
Ep  2600 | score  207.48 | avg100  176.09 | grasp100  74.0% | best 0.845 |     50 st/s
    done(50): success=39 t_flicker=11
Ep  2650 | score   62.68 | avg100  184.65 | grasp100  80.0% | best 0.845 |     50 st/s
    done(50): success=41 t_flicker=7 t_touched=2
Ep  2700 | score  204.70 | avg100  178.77 | grasp100  80.0% | best 0.845 |     50 st/s
    done(50): success=39 t_flicker=10 t_touched=1
Ep  2750 | score  209.04 | avg100  178.83 | grasp100  79.0% | best 0.845 |     50 st/s
    done(50): success=40 t_flicker=10
Ep  2800 | score  117.56 | avg100  184.42 | grasp100  82.0% | best 0.845 |     50 st/s
    done(50): success=42 t_flicker=7 t_touched=1
Ep  2850 | score  209.98 | avg100  187.58 | grasp100  84.0% | best 0.845 |     50 st/s
    done(50): success=42 t_flicker=7 t_touched=1
Ep  2900 | score   94.31 | avg100  188.52 | grasp100  84.0% | best 0.845 |     50 st/s
    done(50): success=42 t_flicker=8
Ep  2950 | score  208.50 | avg100  184.88 | grasp100  83.0% | best 0.845 |     50 st/s
    done(50): success=41 t_flicker=8 t_touched=1
Ep  3000 | score  209.44 | avg100  180.64 | grasp100  80.0% | best 0.845 |     50 st/s
    done(50): success=39 t_flicker=9 t_touched=2
Ep  3050 | score   72.58 | avg100  179.44 | grasp100  77.0% | best 0.845 |     50 st/s
    done(50): success=38 t_flicker=11 t_touched=1
  [primacy-bias reset of critic heads @ 75000 updates]
Ep  3100 | score  185.34 | avg100  185.11 | grasp100  82.0% | best 0.845 |     49 st/s
    done(50): success=44 t_flicker=6
Ep  3150 | score   70.41 | avg100  116.79 | grasp100  51.0% | best 0.845 |     50 st/s
    done(50): success=7 t_flicker=20 t_touched=14 t_no_reach=9
Ep  3200 | score   58.44 | avg100   58.92 | grasp100  19.0% | best 0.845 |     50 st/s
    done(50): success=12 t_flicker=28 t_touched=10
Ep  3250 | score  208.96 | avg100  107.56 | grasp100  41.0% | best 0.845 |     50 st/s
    done(50): success=29 t_flicker=17 t_touched=4
Ep  3300 | score  209.31 | avg100  146.08 | grasp100  60.0% | best 0.845 |     50 st/s
    done(50): success=31 t_flicker=15 t_touched=4
Ep  3350 | score  211.46 | avg100  172.08 | grasp100  75.0% | best 0.845 |     50 st/s
    done(50): success=44 t_flicker=5 t_touched=1
Ep  3400 | score  209.96 | avg100  194.03 | grasp100  88.0% | best 0.845 |     50 st/s
    done(50): success=44 t_flicker=6
Ep  3450 | score  206.37 | avg100  191.54 | grasp100  86.0% | best 0.845 |     50 st/s
    done(50): success=42 t_flicker=6 t_touched=2
Ep  3498 | * BEST  level200=2.00 grasp200= 86.0% metric=0.860 | score  209.93
Ep  3500 | score  236.93 | avg100  187.13 | grasp100  84.0% | best 0.860 |     50 st/s
    done(50): success=42 t_flicker=7 t_touched=1
Ep  3550 | score  207.47 | avg100  193.16 | grasp100  86.0% | best 0.860 |     50 st/s
    done(50): success=44 t_flicker=6
Ep  3600 | score  207.49 | avg100  196.33 | grasp100  88.0% | best 0.860 |     50 st/s
    done(50): success=44 t_flicker=6
Ep  3615 | * BEST  level200=2.00 grasp200= 87.5% metric=0.875 | score  206.37
Ep  3650 | score   60.22 | avg100  188.32 | grasp100  85.0% | best 0.875 |     50 st/s
    done(50): success=41 t_flicker=9
Ep  3700 | score  206.78 | avg100  190.44 | grasp100  87.0% | best 0.875 |     49 st/s
    done(50): success=46 t_flicker=4
Ep  3715 | * BEST  level200=2.00 grasp200= 89.0% metric=0.890 | score  206.21
Ep  3750 | score  207.85 | avg100  194.99 | grasp100  90.0% | best 0.890 |     49 st/s
    done(50): success=44 t_flicker=5 t_touched=1
Ep  3800 | score  203.47 | avg100  196.02 | grasp100  90.0% | best 0.890 |     49 st/s
    done(50): success=46 t_flicker=4
Ep  3850 | score  207.56 | avg100  196.34 | grasp100  88.0% | best 0.890 |     49 st/s
    done(50): success=42 t_flicker=7 t_touched=1
Ep  3900 | score  208.24 | avg100  197.23 | grasp100  89.0% | best 0.890 |     49 st/s
    done(50): success=47 t_flicker=3
Ep  3950 | score  208.79 | avg100  193.48 | grasp100  87.0% | best 0.890 |     49 st/s
    done(50): success=40 t_flicker=10
Ep  4000 | score  202.94 | avg100  189.15 | grasp100  86.0% | best 0.890 |     49 st/s
    done(50): success=46 t_flicker=3 t_touched=1
Ep  4050 | score  208.89 | avg100  188.95 | grasp100  89.0% | best 0.890 |     49 st/s
    done(50): success=43 t_flicker=5 t_touched=2
Ep  4100 | score  209.91 | avg100  191.64 | grasp100  90.0% | best 0.890 |     49 st/s
    done(50): success=47 t_flicker=3
Ep  4150 | score  205.26 | avg100  188.62 | grasp100  86.0% | best 0.890 |     49 st/s
    done(50): success=39 t_flicker=11
Ep  4200 | score  208.80 | avg100  186.82 | grasp100  85.0% | best 0.890 |     49 st/s
    done(50): success=46 t_flicker=4
Ep  4250 | score  204.43 | avg100  194.69 | grasp100  91.0% | best 0.890 |     49 st/s
    done(50): success=45 t_flicker=3 t_touched=2
Ep  4300 | score  202.06 | avg100  189.59 | grasp100  87.0% | best 0.890 |     48 st/s
    done(50): success=42 t_flicker=8
Ep  4350 | score  207.81 | avg100  189.70 | grasp100  87.0% | best 0.890 |     48 st/s
    done(50): success=45 t_flicker=4 t_touched=1
Ep  4400 | score   46.61 | avg100  187.82 | grasp100  84.0% | best 0.890 |     48 st/s
    done(50): success=39 t_flicker=10 t_no_reach=1
Ep  4450 | score  208.96 | avg100  178.77 | grasp100  80.0% | best 0.890 |     48 st/s
    done(50): success=41 t_flicker=6 t_touched=3
  [primacy-bias reset of critic heads @ 100000 updates]
Ep  4500 | score  -66.22 | avg100  164.67 | grasp100  74.0% | best 0.890 |     49 st/s
    done(50): success=33 t_flicker=10 t_touched=4 t_no_reach=3
Ep  4550 | score   39.37 | avg100   48.30 | grasp100  35.0% | best 0.890 |     49 st/s
    done(50): success=2 t_flicker=3 t_touched=1 t_no_reach=44
Ep  4600 | score  211.60 | avg100   27.76 | grasp100  22.0% | best 0.890 |     49 st/s
    done(50): success=20 t_flicker=17 t_touched=13
Ep  4650 | score  208.14 | avg100  129.91 | grasp100  50.0% | best 0.890 |     49 st/s
    done(50): success=30 t_flicker=12 t_touched=8
Ep  4700 | score   59.69 | avg100  162.25 | grasp100  68.0% | best 0.890 |     49 st/s
    done(50): success=38 t_flicker=8 t_touched=4
Ep  4750 | score  209.14 | avg100  172.86 | grasp100  74.0% | best 0.890 |     49 st/s
    done(50): success=36 t_flicker=14
Ep  4800 | score  208.36 | avg100  176.96 | grasp100  77.0% | best 0.890 |     49 st/s
    done(50): success=41 t_flicker=8 t_touched=1
Ep  4850 | score  279.53 | avg100  187.36 | grasp100  84.0% | best 0.890 |     49 st/s
    done(50): success=43 t_flicker=6 t_touched=1
Ep  4900 | score  207.59 | avg100  185.26 | grasp100  85.0% | best 0.890 |     49 st/s
    done(50): success=42 t_flicker=7 t_touched=1
Ep  4950 | score  206.30 | avg100  185.59 | grasp100  84.0% | best 0.890 |     49 st/s
    done(50): success=42 t_flicker=7 t_touched=1
Ep  5000 | score  209.29 | avg100  188.12 | grasp100  83.0% | best 0.890 |     49 st/s
    done(50): success=41 t_flicker=8 t_touched=1
Ep  5050 | score  203.62 | avg100  180.16 | grasp100  79.0% | best 0.890 |     49 st/s
    done(50): success=38 t_flicker=11 t_touched=1
Ep  5100 | score   54.09 | avg100  176.62 | grasp100  76.0% | best 0.890 |     49 st/s
    done(50): success=38 t_flicker=11 t_touched=1
Ep  5150 | score  205.42 | avg100  174.10 | grasp100  75.0% | best 0.890 |     49 st/s
    done(50): success=37 t_flicker=11 t_touched=2
Ep  5200 | score  202.15 | avg100  174.97 | grasp100  75.0% | best 0.890 |     49 st/s
    done(50): success=38 t_flicker=12
Ep  5250 | score  206.52 | avg100  182.93 | grasp100  79.0% | best 0.890 |     49 st/s
    done(50): success=41 t_flicker=8 t_touched=1
Ep  5300 | score  207.17 | avg100  177.61 | grasp100  78.0% | best 0.890 |     49 st/s
    done(50): success=37 t_flicker=10 t_touched=3
Ep  5350 | score  208.47 | avg100  174.07 | grasp100  76.0% | best 0.890 |     49 st/s
    done(50): success=39 t_flicker=9 t_touched=2
Ep  5400 | score  211.28 | avg100  172.84 | grasp100  75.0% | best 0.890 |     50 st/s
    done(50): success=36 t_flicker=9 t_touched=5
Ep  5450 | score  202.33 | avg100  173.27 | grasp100  75.0% | best 0.890 |     50 st/s
    done(50): success=39 t_flicker=8 t_touched=3
Ep  5500 | score  207.03 | avg100  180.16 | grasp100  80.0% | best 0.890 |     50 st/s
    done(50): success=41 t_flicker=8 t_touched=1
  [primacy-bias reset of critic heads @ 125000 updates]
Ep  5550 | score  205.59 | avg100  186.58 | grasp100  85.0% | best 0.890 |     49 st/s
    done(50): success=44 t_flicker=6
Ep  5600 | score    0.27 | avg100  110.46 | grasp100  49.0% | best 0.890 |     50 st/s
    done(50): success=5 t_flicker=7 t_touched=19 t_no_reach=19
Ep  5650 | score  206.78 | avg100   86.13 | grasp100  34.0% | best 0.890 |     50 st/s
    done(50): success=29 t_flicker=12 t_touched=9
Ep  5700 | score  211.49 | avg100  150.21 | grasp100  63.0% | best 0.890 |     50 st/s
    done(50): success=34 t_flicker=11 t_touched=5
Ep  5750 | score  207.43 | avg100  167.12 | grasp100  74.0% | best 0.890 |     50 st/s
    done(50): success=40 t_flicker=8 t_touched=2
Ep  5800 | score  206.63 | avg100  171.64 | grasp100  77.0% | best 0.890 |     50 st/s
    done(50): success=37 t_flicker=9 t_touched=4
Ep  5850 | score  198.61 | avg100  169.82 | grasp100  74.0% | best 0.890 |     50 st/s
    done(50): success=37 t_flicker=10 t_touched=3
Ep  5900 | score  209.25 | avg100  177.05 | grasp100  77.0% | best 0.890 |     50 st/s
    done(50): success=40 t_flicker=5 t_touched=5
Ep  5950 | score   83.39 | avg100  177.84 | grasp100  78.0% | best 0.890 |     50 st/s
    done(50): success=38 t_flicker=12
Ep  6000 | score  207.91 | avg100  183.35 | grasp100  82.0% | best 0.890 |     50 st/s
    done(50): success=44 t_flicker=6

========================================================================
DONE  td3_ln_wclip8_s3
  Episodes     : 6000
  Env steps    : 346,160  (6895s)
  Best metric  : 0.890  (policy in /home/fahim/Thesis_fahim/pickandplace/checkpoints/td3_grasp_rand_td3_ln_wclip8_s3/best)
  Final grasp% : 82.0
  CSV          : /home/fahim/Thesis_fahim/pickandplace/logs/grasp_rand_td3_ln_wclip8_s3/episodes.csv
  Probe CSV    : /home/fahim/Thesis_fahim/pickandplace/logs/grasp_rand_td3_ln_wclip8_s3/probe.csv
  Manifest     : /home/fahim/Thesis_fahim/pickandplace/logs/grasp_rand_td3_ln_wclip8_s3/manifest.json
========================================================================

