========================================================================
RANDOM-SPAWN GRASP RETRAINING  |  algo=td3_ln  run=td3_ln_wclip0_s1
========================================================================
  Envs                : 5 (subprocess-parallel, fork)
  Spawn level         : 2.0 (1.0 = full position box, 2.0 = + z-rotation)
  Updates/vec-step    : 2 (0.400 per env-step; historical baseline 0.5)
  Buffer              : 200,000
  Network             : 64 -> 32 (deployment-fixed)
  Warm start          : checkpoints/td3_grasp_rand_td3_ln_liftcert_phaseB_s2/best
  Checkpoints         : /home/fahim/Thesis_fahim/pickandplace/checkpoints/td3_grasp_rand_td3_ln_wclip0_s1
========================================================================

Spawning 5 subprocess environments (fork)...
[robosuite WARNING] No private macro file found! (__init__.py:7)
[robosuite WARNING] It is recommended to use a private macro file (__init__.py:8)
[robosuite WARNING] To setup, run: python /home/fahim/Thesis_fahim/venv/lib/python3.12/site-packages/robosuite/scripts/setup_macros.py (__init__.py:9)
[robosuite WARNING] No private macro file found! (__init__.py:7)
[robosuite WARNING] It is recommended to use a private macro file (__init__.py:8)
[robosuite WARNING] To setup, run: python /home/fahim/Thesis_fahim/venv/lib/python3.12/site-packages/robosuite/scripts/setup_macros.py (__init__.py:9)
[robosuite WARNING] No private macro file found! (__init__.py:7)
[robosuite WARNING] It is recommended to use a private macro file (__init__.py:8)
[robosuite WARNING] To setup, run: python /home/fahim/Thesis_fahim/venv/lib/python3.12/site-packages/robosuite/scripts/setup_macros.py (__init__.py:9)
[robosuite WARNING] No private macro file found! (__init__.py:7)
[robosuite WARNING] It is recommended to use a private macro file (__init__.py:8)
[robosuite WARNING] To setup, run: python /home/fahim/Thesis_fahim/venv/lib/python3.12/site-packages/robosuite/scripts/setup_macros.py (__init__.py:9)
[robosuite WARNING] No private macro file found! (__init__.py:7)
[robosuite WARNING] It is recommended to use a private macro file (__init__.py:8)
[robosuite WARNING] To setup, run: python /home/fahim/Thesis_fahim/venv/lib/python3.12/site-packages/robosuite/scripts/setup_macros.py (__init__.py:9)
Gym has been unmaintained since 2022 and does not support NumPy 2.0 amongst other critical functionality.
Please upgrade to Gymnasium, the maintained drop-in replacement of Gym, or contact the authors of your software and request that they upgrade.
See the migration guide at https://gymnasium.farama.org/introduction/migration_guide/ for additional information.
Gym has been unmaintained since 2022 and does not support NumPy 2.0 amongst other critical functionality.
Please upgrade to Gymnasium, the maintained drop-in replacement of Gym, or contact the authors of your software and request that they upgrade.
See the migration guide at https://gymnasium.farama.org/introduction/migration_guide/ for additional information.
Gym has been unmaintained since 2022 and does not support NumPy 2.0 amongst other critical functionality.
Please upgrade to Gymnasium, the maintained drop-in replacement of Gym, or contact the authors of your software and request that they upgrade.
See the migration guide at https://gymnasium.farama.org/introduction/migration_guide/ for additional information.
Gym has been unmaintained since 2022 and does not support NumPy 2.0 amongst other critical functionality.
Please upgrade to Gymnasium, the maintained drop-in replacement of Gym, or contact the authors of your software and request that they upgrade.
See the migration guide at https://gymnasium.farama.org/introduction/migration_guide/ for additional information.
Gym has been unmaintained since 2022 and does not support NumPy 2.0 amongst other critical functionality.
Please upgrade to Gymnasium, the maintained drop-in replacement of Gym, or contact the authors of your software and request that they upgrade.
See the migration guide at https://gymnasium.farama.org/introduction/migration_guide/ for additional information.
/home/fahim/Thesis_fahim/venv/lib/python3.12/site-packages/gym/spaces/box.py:84: UserWarning: [33mWARN: Box bound precision lowered by casting to float32[0m
  logger.warn(f"Box bound precision lowered by casting to {self.dtype}")
/home/fahim/Thesis_fahim/venv/lib/python3.12/site-packages/gym/spaces/box.py:84: UserWarning: [33mWARN: Box bound precision lowered by casting to float32[0m
  logger.warn(f"Box bound precision lowered by casting to {self.dtype}")
/home/fahim/Thesis_fahim/venv/lib/python3.12/site-packages/gym/spaces/box.py:84: UserWarning: [33mWARN: Box bound precision lowered by casting to float32[0m
  logger.warn(f"Box bound precision lowered by casting to {self.dtype}")
/home/fahim/Thesis_fahim/venv/lib/python3.12/site-packages/gym/spaces/box.py:84: UserWarning: [33mWARN: Box bound precision lowered by casting to float32[0m
  logger.warn(f"Box bound precision lowered by casting to {self.dtype}")
Gym has been unmaintained since 2022 and does not support NumPy 2.0 amongst other critical functionality.
Please upgrade to Gymnasium, the maintained drop-in replacement of Gym, or contact the authors of your software and request that they upgrade.
See the migration guide at https://gymnasium.farama.org/introduction/migration_guide/ for additional information.
5 environments ready.

/home/fahim/Thesis_fahim/venv/lib/python3.12/site-packages/gym/spaces/box.py:84: UserWarning: [33mWARN: Box bound precision lowered by casting to float32[0m
  logger.warn(f"Box bound precision lowered by casting to {self.dtype}")
Init: warm-started (source: /home/fahim/Thesis_fahim/pickandplace/checkpoints/td3_grasp_rand_td3_ln_liftcert_phaseB_s2/best)
Fresh replay buffer.

Training...

Ep    50 | score   62.64 | avg100  155.42 | grasp100  62.0% | best 0.000 |     57 st/s
    done(50): success=31 t_flicker=16 t_touched=3
Ep   100 | score   58.49 | avg100  159.79 | grasp100  64.0% | best 0.000 |     52 st/s
    done(50): success=33 t_flicker=16 t_touched=1
Ep   150 | score   92.90 | avg100  157.44 | grasp100  62.0% | best 0.000 |     48 st/s
    done(50): success=29 t_flicker=20 t_touched=1
Ep   200 | * BEST  level200=2.00 grasp200= 63.0% metric=0.630 | score   59.08
Ep   250 | score  209.47 | avg100  155.66 | grasp100  65.0% | best 0.630 |     40 st/s
    done(50): success=32 t_flicker=16 t_touched=2
Ep   300 | score   46.08 | avg100  144.81 | grasp100  57.0% | best 0.630 |     39 st/s
    done(50): success=25 t_flicker=23 t_touched=2
Ep   350 | score   63.91 | avg100  125.53 | grasp100  40.0% | best 0.630 |     39 st/s
    done(50): success=15 t_flicker=30 t_touched=5
Ep   400 | score   45.64 | avg100  101.08 | grasp100  26.0% | best 0.630 |     39 st/s
    done(50): success=11 t_flicker=37 t_touched=1 t_no_reach=1
Ep   450 | score   73.73 | avg100   88.58 | grasp100  22.0% | best 0.630 |     40 st/s
    done(50): success=11 t_flicker=34 t_touched=5
Ep   500 | score   35.30 | avg100   94.26 | grasp100  28.0% | best 0.630 |     40 st/s
    done(50): success=17 t_flicker=26 t_touched=7
Ep   550 | score  233.50 | avg100  103.34 | grasp100  29.0% | best 0.630 |     40 st/s
    done(50): success=12 t_flicker=32 t_touched=4 t_no_reach=2
Ep   600 | score  209.15 | avg100  119.41 | grasp100  36.0% | best 0.630 |     40 st/s
    done(50): success=24 t_flicker=23 t_touched=3
Ep   650 | score  -53.59 | avg100  149.02 | grasp100  58.0% | best 0.630 |     39 st/s
    done(50): success=34 t_flicker=14 t_touched=2
Ep   700 | score  206.59 | avg100  155.37 | grasp100  63.0% | best 0.630 |     39 st/s
    done(50): success=29 t_flicker=17 t_touched=4
Ep   750 | score   66.08 | avg100  152.04 | grasp100  62.0% | best 0.630 |     39 st/s
    done(50): success=33 t_flicker=13 t_touched=4
Ep   800 | score   95.14 | avg100  147.64 | grasp100  61.0% | best 0.630 |     39 st/s
    done(50): success=28 t_flicker=15 t_touched=7
Ep   850 | score  -31.47 | avg100  130.69 | grasp100  51.0% | best 0.630 |     40 st/s
    done(50): success=23 t_flicker=17 t_touched=10
Ep   900 | score  209.14 | avg100  123.57 | grasp100  48.0% | best 0.630 |     40 st/s
    done(50): success=25 t_flicker=18 t_touched=7
Ep   950 | score  -56.62 | avg100  117.26 | grasp100  44.0% | best 0.630 |     40 st/s
    done(50): success=19 t_flicker=23 t_touched=6 t_no_reach=2
  [primacy-bias reset of critic heads @ 25000 updates]
Ep  1000 | score  -49.61 | avg100   68.65 | grasp100  29.0% | best 0.630 |     40 st/s
    done(50): success=10 t_flicker=8 t_touched=14 t_no_reach=18
Ep  1050 | score  208.51 | avg100   42.71 | grasp100  21.0% | best 0.630 |     40 st/s
    done(50): success=11 t_flicker=15 t_touched=17 t_no_reach=7
Ep  1100 | score   50.97 | avg100  102.88 | grasp100  37.0% | best 0.630 |     40 st/s
    done(50): success=26 t_flicker=18 t_touched=6
Ep  1150 | score  207.45 | avg100  149.64 | grasp100  55.0% | best 0.630 |     40 st/s
    done(50): success=29 t_flicker=15 t_touched=6
Ep  1200 | score  207.57 | avg100  152.89 | grasp100  59.0% | best 0.630 |     40 st/s
    done(50): success=30 t_flicker=18 t_touched=2
Ep  1250 | score   74.40 | avg100  146.46 | grasp100  57.0% | best 0.630 |     40 st/s
    done(50): success=27 t_flicker=20 t_touched=3
Ep  1300 | score  263.46 | avg100  152.06 | grasp100  62.0% | best 0.630 |     40 st/s
    done(50): success=35 t_flicker=13 t_touched=2
Ep  1350 | score   44.46 | avg100  152.17 | grasp100  60.0% | best 0.630 |     40 st/s
    done(50): success=25 t_flicker=20 t_touched=5
Ep  1400 | score   32.33 | avg100  136.28 | grasp100  48.0% | best 0.630 |     40 st/s
    done(50): success=23 t_flicker=17 t_touched=7 t_no_reach=3
Ep  1450 | score  208.15 | avg100  126.47 | grasp100  46.0% | best 0.630 |     40 st/s
    done(50): success=23 t_flicker=18 t_touched=8 t_no_reach=1
Ep  1500 | score   20.27 | avg100  139.31 | grasp100  53.0% | best 0.630 |     40 st/s
    done(50): success=30 t_flicker=18 t_touched=2
Ep  1550 | score  121.28 | avg100  142.59 | grasp100  52.0% | best 0.630 |     40 st/s
    done(50): success=22 t_flicker=17 t_touched=11
Ep  1600 | score  143.13 | avg100  144.55 | grasp100  54.0% | best 0.630 |     40 st/s
    done(50): success=32 t_flicker=14 t_touched=4
Ep  1650 | score  -33.92 | avg100  158.19 | grasp100  61.0% | best 0.630 |     40 st/s
    done(50): success=29 t_flicker=15 t_touched=6
Ep  1700 | score  207.54 | avg100  151.23 | grasp100  57.0% | best 0.630 |     40 st/s
    done(50): success=28 t_flicker=16 t_touched=5 t_no_reach=1
  [primacy-bias reset of critic heads @ 50000 updates]
Ep  1750 | score  191.74 | avg100   96.69 | grasp100  45.0% | best 0.630 |     41 st/s
    done(50): success=17 t_flicker=4 t_touched=7 t_no_reach=22
Ep  1800 | score  -46.58 | avg100   59.15 | grasp100  32.0% | best 0.630 |     41 st/s
    done(50): success=15 t_flicker=17 t_touched=5 t_no_reach=13
Ep  1850 | score   62.38 | avg100   97.09 | grasp100  39.0% | best 0.630 |     41 st/s
    done(50): success=24 t_flicker=16 t_touched=10
Ep  1900 | score   98.63 | avg100  131.50 | grasp100  50.0% | best 0.630 |     41 st/s
    done(50): success=26 t_flicker=21 t_touched=3
Ep  1950 | score   97.57 | avg100  148.06 | grasp100  54.0% | best 0.630 |     41 st/s
    done(50): success=28 t_flicker=21 t_touched=1
Ep  2000 | score  210.90 | avg100  159.78 | grasp100  63.0% | best 0.630 |     41 st/s
    done(50): success=35 t_flicker=11 t_touched=4
Ep  2050 | score  202.17 | avg100  160.07 | grasp100  65.0% | best 0.630 |     41 st/s
    done(50): success=30 t_flicker=18 t_touched=2
Ep  2096 | * BEST  level200=2.00 grasp200= 64.5% metric=0.645 | score  203.40
Ep  2100 | score  211.63 | avg100  166.71 | grasp100  68.0% | best 0.645 |     40 st/s
    done(50): success=38 t_flicker=9 t_touched=3
Ep  2107 | * BEST  level200=2.00 grasp200= 66.0% metric=0.660 | score  209.27
Ep  2125 | * BEST  level200=2.00 grasp200= 67.5% metric=0.675 | score  255.37
Ep  2131 | * BEST  level200=2.00 grasp200= 69.0% metric=0.690 | score  206.23
Ep  2150 | score  210.45 | avg100  173.08 | grasp100  75.0% | best 0.690 |     40 st/s
    done(50): success=37 t_flicker=8 t_touched=5
Ep  2151 | * BEST  level200=2.00 grasp200= 70.5% metric=0.705 | score  208.81
Ep  2167 | * BEST  level200=2.00 grasp200= 72.0% metric=0.720 | score  210.15
Ep  2194 | * BEST  level200=2.00 grasp200= 73.5% metric=0.735 | score  210.20
Ep  2200 | score  208.71 | avg100  176.23 | grasp100  77.0% | best 0.735 |     40 st/s
    done(50): success=40 t_flicker=9 t_touched=1
Ep  2216 | * BEST  level200=2.00 grasp200= 75.0% metric=0.750 | score  207.31
Ep  2250 | score  203.04 | avg100  173.88 | grasp100  76.0% | best 0.750 |     40 st/s
    done(50): success=36 t_flicker=11 t_touched=3
Ep  2252 | * BEST  level200=2.00 grasp200= 76.5% metric=0.765 | score  210.51
Ep  2300 | score  208.38 | avg100  167.43 | grasp100  71.0% | best 0.765 |     40 st/s
    done(50): success=35 t_flicker=9 t_touched=6
Ep  2350 | score   54.47 | avg100  171.95 | grasp100  72.0% | best 0.765 |     40 st/s
    done(50): success=37 t_flicker=7 t_touched=6
Ep  2400 | score   93.86 | avg100  172.82 | grasp100  73.0% | best 0.765 |     40 st/s
    done(50): success=36 t_flicker=12 t_touched=2
Ep  2450 | score  196.06 | avg100  165.35 | grasp100  70.0% | best 0.765 |     40 st/s
    done(50): success=34 t_flicker=12 t_touched=4
Ep  2500 | score  156.71 | avg100  160.98 | grasp100  68.0% | best 0.765 |     40 st/s
    done(50): success=34 t_flicker=10 t_touched=6
Ep  2550 | score  206.99 | avg100  170.95 | grasp100  71.0% | best 0.765 |     40 st/s
    done(50): success=37 t_flicker=13
Ep  2600 | score  112.96 | avg100  176.39 | grasp100  74.0% | best 0.765 |     40 st/s
    done(50): success=37 t_flicker=12 t_touched=1
Ep  2650 | score  208.56 | avg100  179.05 | grasp100  77.0% | best 0.765 |     40 st/s
    done(50): success=40 t_flicker=8 t_touched=2
Ep  2700 | score  195.11 | avg100  175.14 | grasp100  74.0% | best 0.765 |     40 st/s
    done(50): success=34 t_flicker=13 t_touched=3
  [primacy-bias reset of critic heads @ 75000 updates]
Ep  2750 | score   50.48 | avg100  155.62 | grasp100  63.0% | best 0.765 |     40 st/s
    done(50): success=29 t_flicker=13 t_touched=8
Ep  2800 | score  -37.37 | avg100   85.76 | grasp100  35.0% | best 0.765 |     40 st/s
    done(50): success=6 t_flicker=10 t_touched=24 t_no_reach=10
Ep  2850 | score  203.27 | avg100   78.68 | grasp100  29.0% | best 0.765 |     40 st/s
    done(50): success=23 t_flicker=20 t_touched=6 t_no_reach=1
Ep  2900 | score  202.33 | avg100  147.21 | grasp100  55.0% | best 0.765 |     40 st/s
    done(50): success=32 t_flicker=17 t_touched=1
Ep  2950 | score  210.56 | avg100  163.64 | grasp100  69.0% | best 0.765 |     40 st/s
    done(50): success=37 t_flicker=9 t_touched=4
Ep  3000 | score  211.19 | avg100  170.73 | grasp100  75.0% | best 0.765 |     40 st/s
    done(50): success=38 t_flicker=11 t_touched=1
Ep  3050 | score  210.63 | avg100  189.95 | grasp100  84.0% | best 0.765 |     40 st/s
    done(50): success=46 t_flicker=4
Ep  3057 | * BEST  level200=2.00 grasp200= 78.0% metric=0.780 | score  207.85
Ep  3081 | * BEST  level200=2.00 grasp200= 79.5% metric=0.795 | score  209.62
Ep  3099 | * BEST  level200=2.00 grasp200= 81.0% metric=0.810 | score  207.00
Ep  3100 | score  208.12 | avg100  194.72 | grasp100  87.0% | best 0.810 |     40 st/s
    done(50): success=41 t_flicker=8 t_touched=1
Ep  3150 | score  208.41 | avg100  171.12 | grasp100  72.0% | best 0.810 |     40 st/s
    done(50): success=31 t_flicker=19
Ep  3200 | score  210.64 | avg100  160.08 | grasp100  65.0% | best 0.810 |     40 st/s
    done(50): success=34 t_flicker=13 t_touched=2 t_no_reach=1
Ep  3250 | score  207.78 | avg100  177.92 | grasp100  78.0% | best 0.810 |     39 st/s
    done(50): success=44 t_flicker=4 t_touched=2
Ep  3300 | score  209.66 | avg100  186.90 | grasp100  84.0% | best 0.810 |     39 st/s
    done(50): success=40 t_flicker=8 t_touched=2
Ep  3350 | score  207.42 | avg100  186.28 | grasp100  82.0% | best 0.810 |     39 st/s
    done(50): success=42 t_flicker=8
Ep  3381 | * BEST  level200=2.00 grasp200= 82.5% metric=0.825 | score  208.42
Ep  3394 | * BEST  level200=2.00 grasp200= 84.0% metric=0.840 | score  207.09
Ep  3400 | score   96.25 | avg100  185.89 | grasp100  82.0% | best 0.840 |     39 st/s
    done(50): success=40 t_flicker=9 t_touched=1
Ep  3450 | score  208.07 | avg100  184.76 | grasp100  81.0% | best 0.840 |     39 st/s
    done(50): success=41 t_flicker=8 t_touched=1
Ep  3500 | score   66.16 | avg100  178.40 | grasp100  77.0% | best 0.840 |     39 st/s
    done(50): success=36 t_flicker=11 t_touched=3
Ep  3550 | score  224.06 | avg100  176.82 | grasp100  77.0% | best 0.840 |     39 st/s
    done(50): success=41 t_flicker=7 t_touched=1 t_no_reach=1
Ep  3600 | score  209.27 | avg100  175.75 | grasp100  76.0% | best 0.840 |     39 st/s
    done(50): success=35 t_flicker=13 t_touched=2
Ep  3650 | score   58.57 | avg100  168.36 | grasp100  72.0% | best 0.840 |     39 st/s
    done(50): success=37 t_flicker=10 t_touched=3
Ep  3700 | score  209.24 | avg100  173.94 | grasp100  75.0% | best 0.840 |     39 st/s
    done(50): success=38 t_flicker=10 t_touched=2
Ep  3750 | score  114.95 | avg100  175.66 | grasp100  75.0% | best 0.840 |     39 st/s
    done(50): success=37 t_flicker=9 t_touched=4
Ep  3800 | score   96.79 | avg100  176.45 | grasp100  76.0% | best 0.840 |     39 st/s
    done(50): success=39 t_flicker=10 t_touched=1
Ep  3850 | score  106.27 | avg100  173.05 | grasp100  77.0% | best 0.840 |     39 st/s
    done(50): success=38 t_flicker=8 t_touched=2 t_no_reach=2
  [primacy-bias reset of critic heads @ 100000 updates]
Ep  3900 | score    2.25 | avg100  120.63 | grasp100  58.0% | best 0.840 |     39 st/s
    done(50): success=20 t_flicker=13 t_touched=6 t_no_reach=11
Ep  3950 | score  114.60 | avg100   76.88 | grasp100  34.0% | best 0.840 |     40 st/s
    done(50): success=14 t_flicker=21 t_touched=14 t_no_reach=1
Ep  4000 | score   -5.07 | avg100  117.29 | grasp100  48.0% | best 0.840 |     40 st/s
    done(50): success=34 t_flicker=14 t_touched=2
Ep  4050 | score   93.43 | avg100  160.44 | grasp100  68.0% | best 0.840 |     40 st/s
    done(50): success=34 t_flicker=14 t_touched=2
Ep  4100 | score  212.21 | avg100  167.53 | grasp100  71.0% | best 0.840 |     40 st/s
    done(50): success=37 t_flicker=10 t_touched=3
Ep  4150 | score   97.75 | avg100  173.35 | grasp100  75.0% | best 0.840 |     39 st/s
    done(50): success=38 t_flicker=11 t_touched=1
Ep  4200 | score  -29.66 | avg100  174.14 | grasp100  75.0% | best 0.840 |     39 st/s
    done(50): success=37 t_flicker=11 t_touched=2
Ep  4250 | score  205.63 | avg100  167.97 | grasp100  72.0% | best 0.840 |     40 st/s
    done(50): success=35 t_flicker=11 t_touched=4
Ep  4300 | score  208.02 | avg100  171.98 | grasp100  74.0% | best 0.840 |     39 st/s
    done(50): success=39 t_flicker=10 t_touched=1
Ep  4350 | score  198.76 | avg100  182.70 | grasp100  80.0% | best 0.840 |     39 st/s
    done(50): success=41 t_flicker=8 t_touched=1
Ep  4400 | score  224.35 | avg100  185.82 | grasp100  80.0% | best 0.840 |     39 st/s
    done(50): success=39 t_flicker=10 t_touched=1
Ep  4450 | score  208.51 | avg100  177.64 | grasp100  74.0% | best 0.840 |     40 st/s
    done(50): success=35 t_flicker=12 t_touched=3
Ep  4500 | score   61.85 | avg100  183.32 | grasp100  81.0% | best 0.840 |     40 st/s
    done(50): success=46 t_flicker=3 t_touched=1
Ep  4550 | score  210.36 | avg100  198.77 | grasp100  91.0% | best 0.840 |     40 st/s
    done(50): success=45 t_flicker=2 t_touched=3
Ep  4600 | score  212.63 | avg100  194.05 | grasp100  86.0% | best 0.840 |     40 st/s
    done(50): success=41 t_flicker=8 t_touched=1
Ep  4612 | * BEST  level200=2.00 grasp200= 85.5% metric=0.855 | score  207.82
Ep  4650 | score  223.31 | avg100  187.71 | grasp100  82.0% | best 0.855 |     40 st/s
    done(50): success=41 t_flicker=9
Ep  4700 | score  207.90 | avg100  182.60 | grasp100  80.0% | best 0.855 |     40 st/s
    done(50): success=39 t_flicker=8 t_touched=3
Ep  4750 | score  209.21 | avg100  185.58 | grasp100  82.0% | best 0.855 |     40 st/s
    done(50): success=43 t_flicker=7
Ep  4800 | score  208.41 | avg100  190.77 | grasp100  84.0% | best 0.855 |     40 st/s
    done(50): success=41 t_flicker=8 t_touched=1
Ep  4850 | score  209.45 | avg100  189.90 | grasp100  85.0% | best 0.855 |     40 st/s
    done(50): success=44 t_flicker=5 t_touched=1
Ep  4900 | score  208.26 | avg100  183.98 | grasp100  83.0% | best 0.855 |     40 st/s
    done(50): success=39 t_flicker=8 t_touched=3
Ep  4950 | score  209.22 | avg100  175.72 | grasp100  78.0% | best 0.855 |     40 st/s
    done(50): success=39 t_flicker=9 t_touched=1 t_no_reach=1
Ep  5000 | score  208.62 | avg100  185.71 | grasp100  84.0% | best 0.855 |     40 st/s
    done(50): success=45 t_flicker=4 t_touched=1
Ep  5050 | score  208.00 | avg100  192.23 | grasp100  88.0% | best 0.855 |     40 st/s
    done(50): success=43 t_flicker=6 t_touched=1
Ep  5082 | * BEST  level200=2.00 grasp200= 87.0% metric=0.870 | score  212.30
Ep  5100 | score  206.18 | avg100  195.63 | grasp100  90.0% | best 0.870 |     40 st/s
    done(50): success=47 t_flicker=3
  [primacy-bias reset of critic heads @ 125000 updates]
Ep  5150 | score  -34.16 | avg100  124.86 | grasp100  60.0% | best 0.870 |     40 st/s
    done(50): success=13 t_flicker=12 t_touched=10 t_no_reach=15
Ep  5200 | score  195.15 | avg100   61.49 | grasp100  18.0% | best 0.870 |     40 st/s
    done(50): success=5 t_flicker=40 t_touched=5
Ep  5250 | score  211.55 | avg100  122.44 | grasp100  42.0% | best 0.870 |     41 st/s
    done(50): success=37 t_flicker=8 t_touched=5
Ep  5300 | score   62.41 | avg100  174.52 | grasp100  76.0% | best 0.870 |     41 st/s
    done(50): success=39 t_flicker=11
Ep  5350 | score  209.31 | avg100  180.95 | grasp100  78.0% | best 0.870 |     41 st/s
    done(50): success=39 t_flicker=9 t_touched=2
Ep  5400 | score  208.05 | avg100  183.50 | grasp100  81.0% | best 0.870 |     41 st/s
    done(50): success=42 t_flicker=6 t_touched=2
Ep  5450 | score  210.74 | avg100  183.36 | grasp100  81.0% | best 0.870 |     41 st/s
    done(50): success=39 t_flicker=10 t_touched=1
Ep  5500 | score   21.57 | avg100  181.13 | grasp100  79.0% | best 0.870 |     41 st/s
    done(50): success=40 t_flicker=8 t_touched=2
Ep  5550 | score  203.94 | avg100  178.09 | grasp100  78.0% | best 0.870 |     41 st/s
    done(50): success=38 t_flicker=10 t_touched=2
Ep  5600 | score  205.84 | avg100  183.91 | grasp100  82.0% | best 0.870 |     41 st/s
    done(50): success=44 t_flicker=6
Ep  5650 | score  209.44 | avg100  187.47 | grasp100  84.0% | best 0.870 |     41 st/s
    done(50): success=40 t_flicker=10
Ep  5700 | score  208.85 | avg100  179.68 | grasp100  79.0% | best 0.870 |     41 st/s
    done(50): success=39 t_flicker=10 t_touched=1
Ep  5750 | score  207.11 | avg100  177.10 | grasp100  78.0% | best 0.870 |     41 st/s
    done(50): success=39 t_flicker=9 t_touched=1 t_no_reach=1
Ep  5800 | score   53.54 | avg100  169.10 | grasp100  72.0% | best 0.870 |     41 st/s
    done(50): success=33 t_flicker=14 t_touched=3
Ep  5850 | score  207.26 | avg100  168.18 | grasp100  72.0% | best 0.870 |     41 st/s
    done(50): success=39 t_flicker=9 t_touched=2
Ep  5900 | score  205.97 | avg100  177.84 | grasp100  79.0% | best 0.870 |     41 st/s
    done(50): success=40 t_flicker=6 t_touched=4
Ep  5950 | score   79.71 | avg100  181.08 | grasp100  81.0% | best 0.870 |     41 st/s
    done(50): success=41 t_flicker=7 t_touched=2
Ep  6000 | score  210.36 | avg100  180.79 | grasp100  81.0% | best 0.870 |     41 st/s
    done(50): success=40 t_flicker=10

========================================================================
DONE  td3_ln_wclip0_s1
  Episodes     : 6000
  Env steps    : 366,235  (8900s)
  Best metric  : 0.870  (policy in /home/fahim/Thesis_fahim/pickandplace/checkpoints/td3_grasp_rand_td3_ln_wclip0_s1/best)
  Final grasp% : 81.0
  CSV          : /home/fahim/Thesis_fahim/pickandplace/logs/grasp_rand_td3_ln_wclip0_s1/episodes.csv
  Probe CSV    : /home/fahim/Thesis_fahim/pickandplace/logs/grasp_rand_td3_ln_wclip0_s1/probe.csv
  Manifest     : /home/fahim/Thesis_fahim/pickandplace/logs/grasp_rand_td3_ln_wclip0_s1/manifest.json
========================================================================

