========================================================================
RANDOM-SPAWN GRASP RETRAINING  |  algo=td3_ln  run=td3_ln_wclip4_s2
========================================================================
  Envs                : 5 (subprocess-parallel, fork)
  Spawn level         : 2.0 (1.0 = full position box, 2.0 = + z-rotation)
  Updates/vec-step    : 2 (0.400 per env-step; historical baseline 0.5)
  Buffer              : 200,000
  Network             : 64 -> 32 (deployment-fixed)
  Warm start          : checkpoints/td3_grasp_rand_td3_ln_liftcert_phaseB_s2/best
  Checkpoints         : /home/fahim/Thesis_fahim/pickandplace/checkpoints/td3_grasp_rand_td3_ln_wclip4_s2
========================================================================

Spawning 5 subprocess environments (fork)...
[robosuite WARNING] No private macro file found! (__init__.py:7)
[robosuite WARNING] It is recommended to use a private macro file (__init__.py:8)
[robosuite WARNING] To setup, run: python /home/fahim/Thesis_fahim/venv/lib/python3.12/site-packages/robosuite/scripts/setup_macros.py (__init__.py:9)
[robosuite WARNING] No private macro file found! (__init__.py:7)
[robosuite WARNING] It is recommended to use a private macro file (__init__.py:8)
[robosuite WARNING] To setup, run: python /home/fahim/Thesis_fahim/venv/lib/python3.12/site-packages/robosuite/scripts/setup_macros.py (__init__.py:9)
[robosuite WARNING] No private macro file found! (__init__.py:7)
[robosuite WARNING] It is recommended to use a private macro file (__init__.py:8)
[robosuite WARNING] To setup, run: python /home/fahim/Thesis_fahim/venv/lib/python3.12/site-packages/robosuite/scripts/setup_macros.py (__init__.py:9)
[robosuite WARNING] No private macro file found! (__init__.py:7)
[robosuite WARNING] It is recommended to use a private macro file (__init__.py:8)
[robosuite WARNING] To setup, run: python /home/fahim/Thesis_fahim/venv/lib/python3.12/site-packages/robosuite/scripts/setup_macros.py (__init__.py:9)
[robosuite WARNING] No private macro file found! (__init__.py:7)
[robosuite WARNING] It is recommended to use a private macro file (__init__.py:8)
[robosuite WARNING] To setup, run: python /home/fahim/Thesis_fahim/venv/lib/python3.12/site-packages/robosuite/scripts/setup_macros.py (__init__.py:9)
Gym has been unmaintained since 2022 and does not support NumPy 2.0 amongst other critical functionality.
Please upgrade to Gymnasium, the maintained drop-in replacement of Gym, or contact the authors of your software and request that they upgrade.
See the migration guide at https://gymnasium.farama.org/introduction/migration_guide/ for additional information.
Gym has been unmaintained since 2022 and does not support NumPy 2.0 amongst other critical functionality.
Please upgrade to Gymnasium, the maintained drop-in replacement of Gym, or contact the authors of your software and request that they upgrade.
See the migration guide at https://gymnasium.farama.org/introduction/migration_guide/ for additional information.
Gym has been unmaintained since 2022 and does not support NumPy 2.0 amongst other critical functionality.
Please upgrade to Gymnasium, the maintained drop-in replacement of Gym, or contact the authors of your software and request that they upgrade.
See the migration guide at https://gymnasium.farama.org/introduction/migration_guide/ for additional information.
Gym has been unmaintained since 2022 and does not support NumPy 2.0 amongst other critical functionality.
Please upgrade to Gymnasium, the maintained drop-in replacement of Gym, or contact the authors of your software and request that they upgrade.
See the migration guide at https://gymnasium.farama.org/introduction/migration_guide/ for additional information.
Gym has been unmaintained since 2022 and does not support NumPy 2.0 amongst other critical functionality.
Please upgrade to Gymnasium, the maintained drop-in replacement of Gym, or contact the authors of your software and request that they upgrade.
See the migration guide at https://gymnasium.farama.org/introduction/migration_guide/ for additional information.
/home/fahim/Thesis_fahim/venv/lib/python3.12/site-packages/gym/spaces/box.py:84: UserWarning: [33mWARN: Box bound precision lowered by casting to float32[0m
  logger.warn(f"Box bound precision lowered by casting to {self.dtype}")
/home/fahim/Thesis_fahim/venv/lib/python3.12/site-packages/gym/spaces/box.py:84: UserWarning: [33mWARN: Box bound precision lowered by casting to float32[0m
  logger.warn(f"Box bound precision lowered by casting to {self.dtype}")
/home/fahim/Thesis_fahim/venv/lib/python3.12/site-packages/gym/spaces/box.py:84: UserWarning: [33mWARN: Box bound precision lowered by casting to float32[0m
  logger.warn(f"Box bound precision lowered by casting to {self.dtype}")
/home/fahim/Thesis_fahim/venv/lib/python3.12/site-packages/gym/spaces/box.py:84: UserWarning: [33mWARN: Box bound precision lowered by casting to float32[0m
  logger.warn(f"Box bound precision lowered by casting to {self.dtype}")
/home/fahim/Thesis_fahim/venv/lib/python3.12/site-packages/gym/spaces/box.py:84: UserWarning: [33mWARN: Box bound precision lowered by casting to float32[0m
  logger.warn(f"Box bound precision lowered by casting to {self.dtype}")
Gym has been unmaintained since 2022 and does not support NumPy 2.0 amongst other critical functionality.
Please upgrade to Gymnasium, the maintained drop-in replacement of Gym, or contact the authors of your software and request that they upgrade.
See the migration guide at https://gymnasium.farama.org/introduction/migration_guide/ for additional information.
5 environments ready.

  Actor weight clip   : |w| <= 4.0 * std(w) per Linear tensor (bi_s0 baseline fc1 9.96 / fc2 10.82)
Init: warm-started (source: /home/fahim/Thesis_fahim/pickandplace/checkpoints/td3_grasp_rand_td3_ln_liftcert_phaseB_s2/best)
Fresh replay buffer.

Training...

Ep    50 | score  205.88 | avg100  164.91 | grasp100  66.0% | best 0.000 |     49 st/s
    done(50): success=33 t_flicker=16 t_touched=1
Ep   100 | score  206.47 | avg100  160.62 | grasp100  64.0% | best 0.000 |     52 st/s
    done(50): success=31 t_flicker=18 t_touched=1
Ep   150 | score  198.92 | avg100  149.50 | grasp100  60.0% | best 0.000 |     48 st/s
    done(50): success=29 t_flicker=20 t_touched=1
Ep   200 | * BEST  level200=2.00 grasp200= 60.0% metric=0.600 | score  202.43
Ep   250 | score  208.20 | avg100  139.44 | grasp100  53.0% | best 0.600 |     42 st/s
    done(50): success=26 t_flicker=19 t_touched=5
Ep   300 | score   71.75 | avg100  151.73 | grasp100  60.0% | best 0.600 |     40 st/s
    done(50): success=34 t_flicker=16
Ep   335 | * BEST  level200=2.00 grasp200= 61.5% metric=0.615 | score  206.30
Ep   340 | * BEST  level200=2.00 grasp200= 63.0% metric=0.630 | score  205.51
Ep   350 | score   57.52 | avg100  174.57 | grasp100  74.0% | best 0.630 |     38 st/s
    done(50): success=40 t_flicker=10
Ep   369 | * BEST  level200=2.00 grasp200= 64.5% metric=0.645 | score  207.74
Ep   400 | score  207.63 | avg100  166.77 | grasp100  67.0% | best 0.645 |     38 st/s
    done(50): success=27 t_flicker=22 t_touched=1
Ep   414 | * BEST  level200=2.00 grasp200= 66.0% metric=0.660 | score  205.27
Ep   428 | * BEST  level200=2.00 grasp200= 67.5% metric=0.675 | score  206.30
Ep   450 | score  204.82 | avg100  146.53 | grasp100  52.0% | best 0.675 |     38 st/s
    done(50): success=25 t_flicker=22 t_touched=3
Ep   500 | score  110.62 | avg100  141.51 | grasp100  48.0% | best 0.675 |     38 st/s
    done(50): success=23 t_flicker=19 t_touched=8
Ep   550 | score  205.87 | avg100  122.61 | grasp100  39.0% | best 0.675 |     39 st/s
    done(50): success=16 t_flicker=23 t_touched=10 t_no_reach=1
Ep   600 | score   78.12 | avg100  112.15 | grasp100  35.0% | best 0.675 |     39 st/s
    done(50): success=19 t_flicker=26 t_touched=5
Ep   650 | score   57.41 | avg100  123.66 | grasp100  43.0% | best 0.675 |     39 st/s
    done(50): success=24 t_flicker=22 t_touched=4
Ep   700 | score  219.10 | avg100  133.03 | grasp100  52.0% | best 0.675 |     39 st/s
    done(50): success=28 t_flicker=18 t_touched=3 t_no_reach=1
Ep   750 | score   96.71 | avg100  141.37 | grasp100  53.0% | best 0.675 |     39 st/s
    done(50): success=25 t_flicker=18 t_touched=7
Ep   800 | score   88.23 | avg100  146.11 | grasp100  54.0% | best 0.675 |     39 st/s
    done(50): success=29 t_flicker=15 t_touched=6
Ep   850 | score   95.85 | avg100  147.38 | grasp100  55.0% | best 0.675 |     39 st/s
    done(50): success=26 t_flicker=19 t_touched=5
Ep   900 | score   70.52 | avg100  150.67 | grasp100  55.0% | best 0.675 |     39 st/s
    done(50): success=29 t_flicker=18 t_touched=3
Ep   950 | score  209.71 | avg100  151.23 | grasp100  57.0% | best 0.675 |     39 st/s
    done(50): success=28 t_flicker=16 t_touched=6
Ep  1000 | score   97.58 | avg100  149.90 | grasp100  59.0% | best 0.675 |     39 st/s
    done(50): success=31 t_flicker=12 t_touched=7
  [primacy-bias reset of critic heads @ 25000 updates]
Ep  1050 | score  -60.39 | avg100  150.44 | grasp100  63.0% | best 0.675 |     39 st/s
    done(50): success=32 t_flicker=11 t_touched=5 t_no_reach=2
Ep  1100 | score   58.13 | avg100   94.23 | grasp100  39.0% | best 0.675 |     39 st/s
    done(50): success=7 t_flicker=13 t_touched=18 t_no_reach=12
Ep  1150 | score  107.08 | avg100   91.48 | grasp100  37.0% | best 0.675 |     39 st/s
    done(50): success=30 t_flicker=11 t_touched=9
Ep  1200 | score  209.58 | avg100  155.93 | grasp100  64.0% | best 0.675 |     39 st/s
    done(50): success=34 t_flicker=14 t_touched=2
Ep  1250 | score  209.39 | avg100  165.47 | grasp100  67.0% | best 0.675 |     39 st/s
    done(50): success=33 t_flicker=17
Ep  1300 | score   58.54 | avg100  164.64 | grasp100  68.0% | best 0.675 |     39 st/s
    done(50): success=35 t_flicker=13 t_touched=2
Ep  1322 | * BEST  level200=2.00 grasp200= 69.0% metric=0.690 | score  205.70
Ep  1336 | * BEST  level200=2.00 grasp200= 70.5% metric=0.705 | score  218.74
Ep  1347 | * BEST  level200=2.00 grasp200= 72.0% metric=0.720 | score  207.00
Ep  1350 | score  209.40 | avg100  180.11 | grasp100  78.0% | best 0.720 |     39 st/s
    done(50): success=43 t_flicker=5 t_touched=2
Ep  1362 | * BEST  level200=2.00 grasp200= 73.5% metric=0.735 | score  209.28
Ep  1400 | score  207.56 | avg100  181.73 | grasp100  79.0% | best 0.735 |     39 st/s
    done(50): success=36 t_flicker=12 t_touched=2
Ep  1447 | * BEST  level200=2.00 grasp200= 75.0% metric=0.750 | score  206.41
Ep  1450 | score   87.78 | avg100  164.63 | grasp100  69.0% | best 0.750 |     39 st/s
    done(50): success=33 t_flicker=12 t_touched=5
Ep  1500 | score  206.50 | avg100  155.27 | grasp100  64.0% | best 0.750 |     39 st/s
    done(50): success=31 t_flicker=12 t_touched=7
Ep  1550 | score  205.55 | avg100  152.72 | grasp100  61.0% | best 0.750 |     39 st/s
    done(50): success=30 t_flicker=12 t_touched=8
Ep  1600 | score  206.13 | avg100  168.40 | grasp100  70.0% | best 0.750 |     39 st/s
    done(50): success=40 t_flicker=10
Ep  1650 | score  208.91 | avg100  167.30 | grasp100  72.0% | best 0.750 |     39 st/s
    done(50): success=32 t_flicker=15 t_touched=3
Ep  1700 | score  225.25 | avg100  164.43 | grasp100  71.0% | best 0.750 |     39 st/s
    done(50): success=39 t_flicker=10 t_touched=1
Ep  1750 | score  208.89 | avg100  165.71 | grasp100  69.0% | best 0.750 |     39 st/s
    done(50): success=30 t_flicker=14 t_touched=6
Ep  1800 | score  206.33 | avg100  160.75 | grasp100  65.0% | best 0.750 |     39 st/s
    done(50): success=35 t_flicker=12 t_touched=3
Ep  1850 | score   50.78 | avg100  166.85 | grasp100  71.0% | best 0.750 |     39 st/s
    done(50): success=36 t_flicker=13 t_touched=1
Ep  1900 | score  -47.90 | avg100  160.05 | grasp100  70.0% | best 0.750 |     39 st/s
    done(50): success=34 t_flicker=13 t_touched=3
Ep  1950 | score  211.41 | avg100  156.41 | grasp100  67.0% | best 0.750 |     39 st/s
    done(50): success=33 t_flicker=15 t_touched=2
  [primacy-bias reset of critic heads @ 50000 updates]
Ep  2000 | score  -65.33 | avg100  138.68 | grasp100  61.0% | best 0.750 |     39 st/s
    done(50): success=28 t_flicker=9 t_touched=6 t_no_reach=7
Ep  2050 | score  -14.95 | avg100   66.87 | grasp100  36.0% | best 0.750 |     39 st/s
    done(50): success=8 t_flicker=12 t_touched=15 t_no_reach=15
Ep  2100 | score  207.55 | avg100   79.79 | grasp100  38.0% | best 0.750 |     39 st/s
    done(50): success=30 t_flicker=11 t_touched=8 t_no_reach=1
Ep  2150 | score   26.18 | avg100  146.06 | grasp100  60.0% | best 0.750 |     39 st/s
    done(50): success=30 t_flicker=15 t_touched=5
Ep  2200 | score  208.76 | avg100  160.55 | grasp100  66.0% | best 0.750 |     39 st/s
    done(50): success=36 t_flicker=13 t_touched=1
Ep  2250 | score  206.24 | avg100  177.57 | grasp100  76.0% | best 0.750 |     39 st/s
    done(50): success=40 t_flicker=7 t_touched=3
Ep  2300 | score  129.15 | avg100  176.41 | grasp100  77.0% | best 0.750 |     39 st/s
    done(50): success=37 t_flicker=8 t_touched=5
Ep  2350 | score  203.83 | avg100  172.78 | grasp100  75.0% | best 0.750 |     39 st/s
    done(50): success=38 t_flicker=11 t_touched=1
Ep  2356 | * BEST  level200=2.00 grasp200= 76.5% metric=0.765 | score  206.71
Ep  2360 | * BEST  level200=2.00 grasp200= 78.0% metric=0.780 | score  206.03
Ep  2400 | score  212.94 | avg100  183.87 | grasp100  80.0% | best 0.780 |     39 st/s
    done(50): success=42 t_flicker=7 t_touched=1
Ep  2404 | * BEST  level200=2.00 grasp200= 79.5% metric=0.795 | score  208.01
Ep  2450 | score   94.24 | avg100  179.14 | grasp100  77.0% | best 0.795 |     39 st/s
    done(50): success=35 t_flicker=12 t_touched=3
Ep  2500 | score  203.66 | avg100  164.08 | grasp100  68.0% | best 0.795 |     39 st/s
    done(50): success=33 t_flicker=13 t_touched=4
Ep  2550 | score  207.28 | avg100  166.85 | grasp100  71.0% | best 0.795 |     39 st/s
    done(50): success=38 t_flicker=10 t_touched=2
Ep  2600 | score   58.70 | avg100  169.90 | grasp100  76.0% | best 0.795 |     39 st/s
    done(50): success=38 t_flicker=9 t_touched=3
Ep  2650 | score  206.98 | avg100  165.13 | grasp100  73.0% | best 0.795 |     39 st/s
    done(50): success=35 t_flicker=11 t_touched=4
Ep  2700 | score  205.48 | avg100  165.89 | grasp100  73.0% | best 0.795 |     39 st/s
    done(50): success=38 t_flicker=9 t_touched=3
Ep  2750 | score  200.05 | avg100  170.60 | grasp100  77.0% | best 0.795 |     38 st/s
    done(50): success=39 t_flicker=8 t_touched=3
Ep  2800 | score  205.90 | avg100  175.16 | grasp100  78.0% | best 0.795 |     38 st/s
    done(50): success=39 t_flicker=10 t_touched=1
Ep  2850 | score  198.03 | avg100  165.89 | grasp100  71.0% | best 0.795 |     38 st/s
    done(50): success=32 t_flicker=17 t_touched=1
Ep  2900 | score  208.99 | avg100  157.49 | grasp100  66.0% | best 0.795 |     38 st/s
    done(50): success=34 t_flicker=13 t_touched=3
Ep  2950 | score  207.76 | avg100  165.68 | grasp100  70.0% | best 0.795 |     38 st/s
    done(50): success=36 t_flicker=14
Ep  3000 | score   43.36 | avg100  170.64 | grasp100  72.0% | best 0.795 |     38 st/s
    done(50): success=36 t_flicker=12 t_touched=2
  [primacy-bias reset of critic heads @ 75000 updates]
Ep  3050 | score  -46.64 | avg100  152.67 | grasp100  65.0% | best 0.795 |     38 st/s
    done(50): success=29 t_flicker=11 t_touched=4 t_no_reach=6
Ep  3100 | score  109.50 | avg100  121.21 | grasp100  51.0% | best 0.795 |     38 st/s
    done(50): success=22 t_flicker=17 t_touched=7 t_no_reach=4
Ep  3150 | score  207.95 | avg100  133.75 | grasp100  56.0% | best 0.795 |     38 st/s
    done(50): success=34 t_flicker=12 t_touched=4
Ep  3200 | score  205.86 | avg100  166.62 | grasp100  74.0% | best 0.795 |     38 st/s
    done(50): success=40 t_flicker=5 t_touched=5
Ep  3250 | score  209.62 | avg100  179.76 | grasp100  81.0% | best 0.795 |     38 st/s
    done(50): success=41 t_flicker=9
Ep  3300 | score  208.87 | avg100  172.36 | grasp100  74.0% | best 0.795 |     38 st/s
    done(50): success=33 t_flicker=14 t_touched=3
Ep  3350 | score   60.30 | avg100  165.14 | grasp100  68.0% | best 0.795 |     38 st/s
    done(50): success=35 t_flicker=14 t_touched=1
Ep  3400 | score  213.88 | avg100  170.10 | grasp100  69.0% | best 0.795 |     38 st/s
    done(50): success=34 t_flicker=12 t_touched=4
Ep  3450 | score  206.67 | avg100  180.04 | grasp100  78.0% | best 0.795 |     38 st/s
    done(50): success=44 t_flicker=4 t_touched=2
Ep  3500 | score  207.69 | avg100  188.87 | grasp100  86.0% | best 0.795 |     38 st/s
    done(50): success=42 t_flicker=8
Ep  3520 | * BEST  level200=2.00 grasp200= 81.0% metric=0.810 | score  208.54
Ep  3550 | score  -25.66 | avg100  184.74 | grasp100  83.0% | best 0.810 |     38 st/s
    done(50): success=41 t_flicker=8 t_touched=1
Ep  3564 | * BEST  level200=2.00 grasp200= 82.5% metric=0.825 | score  211.88
Ep  3578 | * BEST  level200=2.00 grasp200= 84.0% metric=0.840 | score  218.37
Ep  3600 | score  209.39 | avg100  183.50 | grasp100  84.0% | best 0.840 |     38 st/s
    done(50): success=43 t_flicker=6 t_touched=1
Ep  3614 | * BEST  level200=2.00 grasp200= 85.5% metric=0.855 | score  209.95
Ep  3650 | score  206.56 | avg100  178.19 | grasp100  79.0% | best 0.855 |     38 st/s
    done(50): success=36 t_flicker=13 t_touched=1
Ep  3700 | score  207.74 | avg100  169.89 | grasp100  71.0% | best 0.855 |     38 st/s
    done(50): success=35 t_flicker=13 t_touched=2
Ep  3750 | score  206.19 | avg100  174.04 | grasp100  74.0% | best 0.855 |     38 st/s
    done(50): success=39 t_flicker=11
Ep  3800 | score  203.41 | avg100  179.36 | grasp100  79.0% | best 0.855 |     38 st/s
    done(50): success=40 t_flicker=7 t_touched=3
Ep  3850 | score   83.01 | avg100  169.84 | grasp100  72.0% | best 0.855 |     38 st/s
    done(50): success=32 t_flicker=15 t_touched=3
Ep  3900 | score   59.84 | avg100  166.30 | grasp100  70.0% | best 0.855 |     38 st/s
    done(50): success=38 t_flicker=9 t_touched=3
Ep  3950 | score  208.32 | avg100  170.82 | grasp100  73.0% | best 0.855 |     38 st/s
    done(50): success=35 t_flicker=13 t_touched=2
Ep  4000 | score  206.37 | avg100  167.32 | grasp100  69.0% | best 0.855 |     38 st/s
    done(50): success=34 t_flicker=14 t_touched=2
Ep  4050 | score  238.41 | avg100  177.72 | grasp100  76.0% | best 0.855 |     38 st/s
    done(50): success=42 t_flicker=6 t_touched=2
Ep  4100 | score  207.88 | avg100  177.93 | grasp100  78.0% | best 0.855 |     38 st/s
    done(50): success=36 t_flicker=12 t_touched=2
Ep  4150 | score  207.42 | avg100  171.83 | grasp100  74.0% | best 0.855 |     38 st/s
    done(50): success=38 t_flicker=10 t_touched=2
Ep  4200 | score   59.19 | avg100  179.04 | grasp100  78.0% | best 0.855 |     38 st/s
    done(50): success=40 t_flicker=8 t_touched=2
Ep  4250 | score  202.33 | avg100  181.12 | grasp100  81.0% | best 0.855 |     38 st/s
    done(50): success=41 t_flicker=6 t_touched=2 t_no_reach=1
  [primacy-bias reset of critic heads @ 100000 updates]
Ep  4300 | score  -78.99 | avg100  117.58 | grasp100  58.0% | best 0.855 |     38 st/s
    done(50): success=17 t_flicker=6 t_touched=13 t_no_reach=14
Ep  4350 | score  209.46 | avg100   60.45 | grasp100  33.0% | best 0.855 |     38 st/s
    done(50): success=16 t_flicker=14 t_touched=12 t_no_reach=8
Ep  4400 | score  211.04 | avg100   99.52 | grasp100  45.0% | best 0.855 |     38 st/s
    done(50): success=29 t_flicker=15 t_touched=6
Ep  4450 | score  210.90 | avg100  156.45 | grasp100  71.0% | best 0.855 |     38 st/s
    done(50): success=42 t_flicker=6 t_touched=2
Ep  4500 | score  208.79 | avg100  179.30 | grasp100  82.0% | best 0.855 |     38 st/s
    done(50): success=40 t_flicker=7 t_touched=3
Ep  4550 | score  209.90 | avg100  173.97 | grasp100  79.0% | best 0.855 |     38 st/s
    done(50): success=39 t_flicker=8 t_touched=3
Ep  4600 | score  212.12 | avg100  173.50 | grasp100  78.0% | best 0.855 |     39 st/s
    done(50): success=39 t_flicker=6 t_touched=5
Ep  4650 | score  212.05 | avg100  180.58 | grasp100  82.0% | best 0.855 |     39 st/s
    done(50): success=43 t_flicker=6 t_touched=1
Ep  4700 | score  207.86 | avg100  185.99 | grasp100  85.0% | best 0.855 |     39 st/s
    done(50): success=42 t_flicker=8
Ep  4750 | score   64.31 | avg100  187.77 | grasp100  86.0% | best 0.855 |     39 st/s
    done(50): success=44 t_flicker=5 t_touched=1
Ep  4780 | * BEST  level200=2.00 grasp200= 87.0% metric=0.870 | score  209.45
Ep  4800 | score  233.15 | avg100  192.63 | grasp100  90.0% | best 0.870 |     39 st/s
    done(50): success=46 t_flicker=4
Ep  4850 | score  210.09 | avg100  186.49 | grasp100  85.0% | best 0.870 |     39 st/s
    done(50): success=39 t_flicker=10 t_touched=1
Ep  4900 | score  208.14 | avg100  179.07 | grasp100  79.0% | best 0.870 |     39 st/s
    done(50): success=40 t_flicker=6 t_touched=4
Ep  4950 | score  233.83 | avg100  181.91 | grasp100  80.0% | best 0.870 |     39 st/s
    done(50): success=40 t_flicker=7 t_touched=3
Ep  5000 | score   90.37 | avg100  178.30 | grasp100  79.0% | best 0.870 |     39 st/s
    done(50): success=39 t_flicker=7 t_touched=3 t_no_reach=1
Ep  5050 | score  213.77 | avg100  184.97 | grasp100  84.0% | best 0.870 |     39 st/s
    done(50): success=45 t_flicker=2 t_touched=2 t_no_reach=1
Ep  5100 | score  195.75 | avg100  186.31 | grasp100  84.0% | best 0.870 |     39 st/s
    done(50): success=39 t_flicker=10 t_touched=1
Ep  5150 | score  209.41 | avg100  183.21 | grasp100  83.0% | best 0.870 |     39 st/s
    done(50): success=44 t_flicker=4 t_touched=2
Ep  5200 | score  210.29 | avg100  191.57 | grasp100  89.0% | best 0.870 |     39 st/s
    done(50): success=45 t_flicker=3 t_touched=2
Ep  5250 | score  233.62 | avg100  198.40 | grasp100  92.0% | best 0.870 |     39 st/s
    done(50): success=47 t_flicker=3
Ep  5254 | * BEST  level200=2.00 grasp200= 88.5% metric=0.885 | score  238.51
Ep  5300 | score   58.64 | avg100  193.11 | grasp100  87.0% | best 0.885 |     39 st/s
    done(50): success=40 t_flicker=8 t_touched=2
Ep  5350 | score  -65.17 | avg100  179.47 | grasp100  80.0% | best 0.885 |     39 st/s
    done(50): success=40 t_flicker=7 t_touched=2 t_no_reach=1
Ep  5400 | score  199.23 | avg100  186.09 | grasp100  85.0% | best 0.885 |     39 st/s
    done(50): success=45 t_flicker=4 t_touched=1
Ep  5450 | score   20.79 | avg100  192.44 | grasp100  87.0% | best 0.885 |     39 st/s
    done(50): success=42 t_flicker=8
  [primacy-bias reset of critic heads @ 125000 updates]
Ep  5500 | score  -76.91 | avg100   84.73 | grasp100  50.0% | best 0.885 |     40 st/s
    done(50): success=8 t_flicker=4 t_touched=4 t_no_reach=34
Ep  5550 | score   78.79 | avg100   40.02 | grasp100  29.0% | best 0.885 |     40 st/s
    done(50): success=21 t_flicker=16 t_touched=12 t_no_reach=1
Ep  5600 | score  209.62 | avg100  128.50 | grasp100  57.0% | best 0.885 |     40 st/s
    done(50): success=36 t_flicker=9 t_touched=3 t_no_reach=2
Ep  5650 | score  210.11 | avg100  168.31 | grasp100  75.0% | best 0.885 |     40 st/s
    done(50): success=39 t_flicker=9 t_touched=1 t_no_reach=1
Ep  5700 | score  212.70 | avg100  177.89 | grasp100  79.0% | best 0.885 |     40 st/s
    done(50): success=40 t_flicker=7 t_touched=3
Ep  5750 | score  209.28 | avg100  190.09 | grasp100  88.0% | best 0.885 |     40 st/s
    done(50): success=48 t_flicker=2
Ep  5800 | score  206.95 | avg100  192.89 | grasp100  90.0% | best 0.885 |     40 st/s
    done(50): success=42 t_flicker=5 t_touched=2 t_no_reach=1
Ep  5850 | score  207.45 | avg100  192.75 | grasp100  89.0% | best 0.885 |     40 st/s
    done(50): success=47 t_flicker=2 t_touched=1
Ep  5882 | * BEST  level200=2.00 grasp200= 90.0% metric=0.900 | score  204.66
Ep  5900 | score   82.89 | avg100  193.40 | grasp100  89.0% | best 0.900 |     40 st/s
    done(50): success=42 t_flicker=5 t_touched=3
Ep  5950 | score  212.36 | avg100  189.47 | grasp100  87.0% | best 0.900 |     40 st/s
    done(50): success=45 t_flicker=4 t_no_reach=1
Ep  6000 | score  209.28 | avg100  189.75 | grasp100  86.0% | best 0.900 |     40 st/s
    done(50): success=41 t_flicker=8 t_touched=1

========================================================================
DONE  td3_ln_wclip4_s2
  Episodes     : 6000
  Env steps    : 348,950  (8720s)
  Best metric  : 0.900  (policy in /home/fahim/Thesis_fahim/pickandplace/checkpoints/td3_grasp_rand_td3_ln_wclip4_s2/best)
  Final grasp% : 86.0
  CSV          : /home/fahim/Thesis_fahim/pickandplace/logs/grasp_rand_td3_ln_wclip4_s2/episodes.csv
  Probe CSV    : /home/fahim/Thesis_fahim/pickandplace/logs/grasp_rand_td3_ln_wclip4_s2/probe.csv
  Manifest     : /home/fahim/Thesis_fahim/pickandplace/logs/grasp_rand_td3_ln_wclip4_s2/manifest.json
========================================================================

