========================================================================
RANDOM-SPAWN GRASP RETRAINING  |  algo=td3_ln  run=td3_ln_wclip4_s1
========================================================================
  Envs                : 5 (subprocess-parallel, fork)
  Spawn level         : 2.0 (1.0 = full position box, 2.0 = + z-rotation)
  Updates/vec-step    : 2 (0.400 per env-step; historical baseline 0.5)
  Buffer              : 200,000
  Network             : 64 -> 32 (deployment-fixed)
  Warm start          : checkpoints/td3_grasp_rand_td3_ln_liftcert_phaseB_s2/best
  Checkpoints         : /home/fahim/Thesis_fahim/pickandplace/checkpoints/td3_grasp_rand_td3_ln_wclip4_s1
========================================================================

Spawning 5 subprocess environments (fork)...
[robosuite WARNING] No private macro file found! (__init__.py:7)
[robosuite WARNING] It is recommended to use a private macro file (__init__.py:8)
[robosuite WARNING] To setup, run: python /home/fahim/Thesis_fahim/venv/lib/python3.12/site-packages/robosuite/scripts/setup_macros.py (__init__.py:9)
[robosuite WARNING] No private macro file found! (__init__.py:7)
[robosuite WARNING] It is recommended to use a private macro file (__init__.py:8)
[robosuite WARNING] To setup, run: python /home/fahim/Thesis_fahim/venv/lib/python3.12/site-packages/robosuite/scripts/setup_macros.py (__init__.py:9)
[robosuite WARNING] No private macro file found! (__init__.py:7)
[robosuite WARNING] It is recommended to use a private macro file (__init__.py:8)
[robosuite WARNING] To setup, run: python /home/fahim/Thesis_fahim/venv/lib/python3.12/site-packages/robosuite/scripts/setup_macros.py (__init__.py:9)
[robosuite WARNING] No private macro file found! (__init__.py:7)
[robosuite WARNING] It is recommended to use a private macro file (__init__.py:8)
[robosuite WARNING] To setup, run: python /home/fahim/Thesis_fahim/venv/lib/python3.12/site-packages/robosuite/scripts/setup_macros.py (__init__.py:9)
[robosuite WARNING] No private macro file found! (__init__.py:7)
[robosuite WARNING] It is recommended to use a private macro file (__init__.py:8)
[robosuite WARNING] To setup, run: python /home/fahim/Thesis_fahim/venv/lib/python3.12/site-packages/robosuite/scripts/setup_macros.py (__init__.py:9)
Gym has been unmaintained since 2022 and does not support NumPy 2.0 amongst other critical functionality.
Please upgrade to Gymnasium, the maintained drop-in replacement of Gym, or contact the authors of your software and request that they upgrade.
See the migration guide at https://gymnasium.farama.org/introduction/migration_guide/ for additional information.
Gym has been unmaintained since 2022 and does not support NumPy 2.0 amongst other critical functionality.
Please upgrade to Gymnasium, the maintained drop-in replacement of Gym, or contact the authors of your software and request that they upgrade.
See the migration guide at https://gymnasium.farama.org/introduction/migration_guide/ for additional information.
Gym has been unmaintained since 2022 and does not support NumPy 2.0 amongst other critical functionality.
Please upgrade to Gymnasium, the maintained drop-in replacement of Gym, or contact the authors of your software and request that they upgrade.
See the migration guide at https://gymnasium.farama.org/introduction/migration_guide/ for additional information.
Gym has been unmaintained since 2022 and does not support NumPy 2.0 amongst other critical functionality.
Please upgrade to Gymnasium, the maintained drop-in replacement of Gym, or contact the authors of your software and request that they upgrade.
See the migration guide at https://gymnasium.farama.org/introduction/migration_guide/ for additional information.
Gym has been unmaintained since 2022 and does not support NumPy 2.0 amongst other critical functionality.
Please upgrade to Gymnasium, the maintained drop-in replacement of Gym, or contact the authors of your software and request that they upgrade.
See the migration guide at https://gymnasium.farama.org/introduction/migration_guide/ for additional information.
/home/fahim/Thesis_fahim/venv/lib/python3.12/site-packages/gym/spaces/box.py:84: UserWarning: [33mWARN: Box bound precision lowered by casting to float32[0m
  logger.warn(f"Box bound precision lowered by casting to {self.dtype}")
/home/fahim/Thesis_fahim/venv/lib/python3.12/site-packages/gym/spaces/box.py:84: UserWarning: [33mWARN: Box bound precision lowered by casting to float32[0m
  logger.warn(f"Box bound precision lowered by casting to {self.dtype}")
Gym has been unmaintained since 2022 and does not support NumPy 2.0 amongst other critical functionality.
Please upgrade to Gymnasium, the maintained drop-in replacement of Gym, or contact the authors of your software and request that they upgrade.
See the migration guide at https://gymnasium.farama.org/introduction/migration_guide/ for additional information.
5 environments ready.

/home/fahim/Thesis_fahim/venv/lib/python3.12/site-packages/gym/spaces/box.py:84: UserWarning: [33mWARN: Box bound precision lowered by casting to float32[0m
  logger.warn(f"Box bound precision lowered by casting to {self.dtype}")
/home/fahim/Thesis_fahim/venv/lib/python3.12/site-packages/gym/spaces/box.py:84: UserWarning: [33mWARN: Box bound precision lowered by casting to float32[0m
  logger.warn(f"Box bound precision lowered by casting to {self.dtype}")
/home/fahim/Thesis_fahim/venv/lib/python3.12/site-packages/gym/spaces/box.py:84: UserWarning: [33mWARN: Box bound precision lowered by casting to float32[0m
  logger.warn(f"Box bound precision lowered by casting to {self.dtype}")
  Actor weight clip   : |w| <= 4.0 * std(w) per Linear tensor (bi_s0 baseline fc1 9.96 / fc2 10.82)
Init: warm-started (source: /home/fahim/Thesis_fahim/pickandplace/checkpoints/td3_grasp_rand_td3_ln_liftcert_phaseB_s2/best)
Fresh replay buffer.

Training...

Ep    50 | score   62.64 | avg100  155.42 | grasp100  62.0% | best 0.000 |     53 st/s
    done(50): success=31 t_flicker=16 t_touched=3
Ep   100 | score   58.49 | avg100  159.79 | grasp100  64.0% | best 0.000 |     50 st/s
    done(50): success=33 t_flicker=16 t_touched=1
Ep   150 | score  197.87 | avg100  162.26 | grasp100  66.0% | best 0.000 |     46 st/s
    done(50): success=33 t_flicker=14 t_touched=3
Ep   200 | * BEST  level200=2.00 grasp200= 61.5% metric=0.615 | score  211.74
Ep   250 | score  194.73 | avg100  125.62 | grasp100  54.0% | best 0.615 |     43 st/s
    done(50): success=28 t_flicker=17 t_touched=5
Ep   300 | score  208.42 | avg100  133.59 | grasp100  53.0% | best 0.615 |     42 st/s
    done(50): success=25 t_flicker=21 t_touched=4
Ep   350 | score  207.03 | avg100  141.59 | grasp100  55.0% | best 0.615 |     41 st/s
    done(50): success=30 t_flicker=16 t_touched=4
Ep   400 | score  222.38 | avg100  156.63 | grasp100  63.0% | best 0.615 |     40 st/s
    done(50): success=33 t_flicker=16 t_touched=1
Ep   450 | score  215.56 | avg100  158.12 | grasp100  62.0% | best 0.615 |     39 st/s
    done(50): success=29 t_flicker=20 t_touched=1
Ep   500 | score   69.93 | avg100  149.31 | grasp100  59.0% | best 0.615 |     39 st/s
    done(50): success=30 t_flicker=18 t_touched=2
Ep   522 | * BEST  level200=2.00 grasp200= 63.0% metric=0.630 | score  205.23
Ep   547 | * BEST  level200=2.00 grasp200= 64.5% metric=0.645 | score  209.70
Ep   550 | score  207.32 | avg100  161.62 | grasp100  67.0% | best 0.645 |     38 st/s
    done(50): success=37 t_flicker=11 t_touched=2
Ep   600 | score   -6.45 | avg100  157.27 | grasp100  63.0% | best 0.645 |     38 st/s
    done(50): success=26 t_flicker=19 t_touched=5
Ep   650 | score  207.20 | avg100  146.89 | grasp100  56.0% | best 0.645 |     38 st/s
    done(50): success=30 t_flicker=15 t_touched=4 t_no_reach=1
Ep   700 | score  204.87 | avg100  144.86 | grasp100  54.0% | best 0.645 |     38 st/s
    done(50): success=24 t_flicker=24 t_touched=2
Ep   750 | score  209.03 | avg100  153.81 | grasp100  61.0% | best 0.645 |     38 st/s
    done(50): success=37 t_flicker=13
Ep   800 | score  -19.93 | avg100  153.49 | grasp100  61.0% | best 0.645 |     38 st/s
    done(50): success=24 t_flicker=24 t_touched=2
Ep   850 | score   45.03 | avg100  133.00 | grasp100  50.0% | best 0.645 |     38 st/s
    done(50): success=26 t_flicker=19 t_touched=4 t_no_reach=1
Ep   900 | score   89.54 | avg100  140.44 | grasp100  57.0% | best 0.645 |     38 st/s
    done(50): success=31 t_flicker=15 t_touched=3 t_no_reach=1
Ep   950 | score  207.88 | avg100  137.76 | grasp100  57.0% | best 0.645 |     38 st/s
    done(50): success=26 t_flicker=15 t_touched=8 t_no_reach=1
Ep  1000 | score  -35.47 | avg100  122.89 | grasp100  53.0% | best 0.645 |     38 st/s
    done(50): success=27 t_flicker=13 t_touched=10
Ep  1050 | score   57.36 | avg100  105.04 | grasp100  48.0% | best 0.645 |     38 st/s
    done(50): success=21 t_flicker=17 t_touched=11 t_no_reach=1
  [primacy-bias reset of critic heads @ 25000 updates]
Ep  1100 | score  -51.24 | avg100   38.61 | grasp100  26.0% | best 0.645 |     39 st/s
    done(50): success=5 t_flicker=10 t_touched=11 t_no_reach=24
Ep  1150 | score  -45.13 | avg100   -4.64 | grasp100  14.0% | best 0.645 |     40 st/s
    done(50): success=9 t_flicker=8 t_touched=21 t_no_reach=12
Ep  1200 | score   80.29 | avg100   62.59 | grasp100  32.0% | best 0.645 |     40 st/s
    done(50): success=23 t_flicker=22 t_touched=5
Ep  1250 | score  206.28 | avg100  139.26 | grasp100  55.0% | best 0.645 |     40 st/s
    done(50): success=32 t_flicker=15 t_touched=3
Ep  1300 | score  207.26 | avg100  151.76 | grasp100  63.0% | best 0.645 |     40 st/s
    done(50): success=31 t_flicker=16 t_touched=3
Ep  1350 | score  207.52 | avg100  158.54 | grasp100  68.0% | best 0.645 |     40 st/s
    done(50): success=37 t_flicker=11 t_touched=2
Ep  1377 | * BEST  level200=2.00 grasp200= 66.0% metric=0.660 | score  208.04
Ep  1385 | * BEST  level200=2.00 grasp200= 67.5% metric=0.675 | score  207.90
Ep  1400 | score  208.57 | avg100  173.36 | grasp100  74.0% | best 0.675 |     39 st/s
    done(50): success=37 t_flicker=12 t_touched=1
Ep  1403 | * BEST  level200=2.00 grasp200= 69.0% metric=0.690 | score  267.18
Ep  1414 | * BEST  level200=2.00 grasp200= 70.5% metric=0.705 | score  205.81
Ep  1450 | score  202.35 | avg100  175.02 | grasp100  75.0% | best 0.705 |     39 st/s
    done(50): success=38 t_flicker=12
Ep  1453 | * BEST  level200=2.00 grasp200= 72.0% metric=0.720 | score  210.00
Ep  1458 | * BEST  level200=2.00 grasp200= 73.5% metric=0.735 | score  234.53
Ep  1490 | * BEST  level200=2.00 grasp200= 75.0% metric=0.750 | score  210.71
Ep  1500 | score  210.92 | avg100  173.94 | grasp100  77.0% | best 0.750 |     39 st/s
    done(50): success=39 t_flicker=9 t_touched=2
Ep  1513 | * BEST  level200=2.00 grasp200= 76.5% metric=0.765 | score  213.21
Ep  1550 | score   54.86 | avg100  171.32 | grasp100  75.0% | best 0.765 |     39 st/s
    done(50): success=36 t_flicker=12 t_touched=2
Ep  1600 | score  216.29 | avg100  160.38 | grasp100  69.0% | best 0.765 |     39 st/s
    done(50): success=33 t_flicker=14 t_touched=2 t_no_reach=1
Ep  1650 | score  206.95 | avg100  163.98 | grasp100  72.0% | best 0.765 |     39 st/s
    done(50): success=39 t_flicker=11
Ep  1700 | score  208.56 | avg100  177.97 | grasp100  80.0% | best 0.765 |     39 st/s
    done(50): success=41 t_flicker=8 t_touched=1
Ep  1750 | score  207.37 | avg100  178.14 | grasp100  80.0% | best 0.765 |     39 st/s
    done(50): success=39 t_flicker=11
Ep  1800 | score  210.19 | avg100  172.37 | grasp100  74.0% | best 0.765 |     39 st/s
    done(50): success=35 t_flicker=14 t_touched=1
Ep  1828 | * BEST  level200=2.00 grasp200= 78.0% metric=0.780 | score  207.62
Ep  1850 | score  212.81 | avg100  175.55 | grasp100  76.0% | best 0.780 |     38 st/s
    done(50): success=41 t_flicker=8 t_touched=1
Ep  1872 | * BEST  level200=2.00 grasp200= 79.5% metric=0.795 | score  207.89
Ep  1900 | score  207.17 | avg100  180.95 | grasp100  81.0% | best 0.795 |     38 st/s
    done(50): success=40 t_flicker=9 t_touched=1
Ep  1950 | score  206.58 | avg100  180.57 | grasp100  81.0% | best 0.795 |     38 st/s
    done(50): success=41 t_flicker=8 t_touched=1
Ep  1969 | * BEST  level200=2.00 grasp200= 81.0% metric=0.810 | score  207.51
Ep  1997 | * BEST  level200=2.00 grasp200= 82.5% metric=0.825 | score  209.36
Ep  2000 | score  207.78 | avg100  182.49 | grasp100  84.0% | best 0.825 |     38 st/s
    done(50): success=43 t_flicker=7
  [primacy-bias reset of critic heads @ 50000 updates]
Ep  2050 | score  209.18 | avg100  176.53 | grasp100  82.0% | best 0.825 |     38 st/s
    done(50): success=39 t_flicker=8 t_touched=3
Ep  2100 | score   57.27 | avg100   93.42 | grasp100  49.0% | best 0.825 |     38 st/s
    done(50): success=10 t_flicker=10 t_touched=13 t_no_reach=17
Ep  2150 | score   96.66 | avg100   60.12 | grasp100  33.0% | best 0.825 |     39 st/s
    done(50): success=23 t_flicker=12 t_touched=15
Ep  2200 | score  207.58 | avg100  119.76 | grasp100  52.0% | best 0.825 |     39 st/s
    done(50): success=29 t_flicker=14 t_touched=6 t_no_reach=1
Ep  2250 | score  210.59 | avg100  149.39 | grasp100  63.0% | best 0.825 |     39 st/s
    done(50): success=34 t_flicker=12 t_touched=3 t_no_reach=1
Ep  2300 | score  106.04 | avg100  169.22 | grasp100  72.0% | best 0.825 |     38 st/s
    done(50): success=38 t_flicker=10 t_touched=2
Ep  2350 | score  -36.60 | avg100  173.27 | grasp100  76.0% | best 0.825 |     38 st/s
    done(50): success=38 t_flicker=7 t_touched=5
Ep  2400 | score  220.46 | avg100  159.23 | grasp100  66.0% | best 0.825 |     38 st/s
    done(50): success=28 t_flicker=17 t_touched=5
Ep  2450 | score  207.09 | avg100  160.44 | grasp100  66.0% | best 0.825 |     38 st/s
    done(50): success=38 t_flicker=8 t_touched=4
Ep  2500 | score  218.87 | avg100  174.01 | grasp100  78.0% | best 0.825 |     38 st/s
    done(50): success=40 t_flicker=7 t_touched=3
Ep  2550 | score  210.40 | avg100  171.20 | grasp100  77.0% | best 0.825 |     38 st/s
    done(50): success=37 t_flicker=11 t_touched=2
Ep  2600 | score  204.92 | avg100  170.66 | grasp100  78.0% | best 0.825 |     38 st/s
    done(50): success=41 t_flicker=7 t_touched=1 t_no_reach=1
Ep  2650 | score  205.40 | avg100  158.95 | grasp100  76.0% | best 0.825 |     38 st/s
    done(50): success=35 t_flicker=8 t_touched=1 t_no_reach=6
Ep  2700 | score  207.70 | avg100  158.37 | grasp100  76.0% | best 0.825 |     38 st/s
    done(50): success=41 t_flicker=6 t_touched=2 t_no_reach=1
Ep  2750 | score  203.98 | avg100  173.31 | grasp100  79.0% | best 0.825 |     38 st/s
    done(50): success=38 t_flicker=9 t_touched=3
Ep  2800 | score  204.84 | avg100  174.23 | grasp100  77.0% | best 0.825 |     38 st/s
    done(50): success=39 t_flicker=10 t_touched=1
Ep  2850 | score  206.65 | avg100  173.45 | grasp100  77.0% | best 0.825 |     38 st/s
    done(50): success=38 t_flicker=11 t_touched=1
Ep  2900 | score  207.91 | avg100  176.16 | grasp100  77.0% | best 0.825 |     38 st/s
    done(50): success=39 t_flicker=10 t_touched=1
Ep  2950 | score  204.85 | avg100  172.35 | grasp100  75.0% | best 0.825 |     38 st/s
    done(50): success=36 t_flicker=14
Ep  3000 | score  207.93 | avg100  176.74 | grasp100  79.0% | best 0.825 |     38 st/s
    done(50): success=43 t_flicker=6 t_touched=1
Ep  3050 | score  112.26 | avg100  182.89 | grasp100  81.0% | best 0.825 |     38 st/s
    done(50): success=38 t_flicker=9 t_touched=3
Ep  3100 | score   58.69 | avg100  179.51 | grasp100  78.0% | best 0.825 |     38 st/s
    done(50): success=40 t_flicker=8 t_touched=2
  [primacy-bias reset of critic heads @ 75000 updates]
Ep  3150 | score  205.87 | avg100  184.23 | grasp100  83.0% | best 0.825 |     38 st/s
    done(50): success=43 t_flicker=6 t_touched=1
Ep  3200 | score  206.22 | avg100  102.23 | grasp100  54.0% | best 0.825 |     38 st/s
    done(50): success=11 t_flicker=10 t_touched=7 t_no_reach=22
Ep  3250 | score  209.34 | avg100   52.64 | grasp100  33.0% | best 0.825 |     38 st/s
    done(50): success=22 t_flicker=11 t_touched=5 t_no_reach=12
Ep  3300 | score  206.77 | avg100  121.62 | grasp100  60.0% | best 0.825 |     38 st/s
    done(50): success=38 t_flicker=5 t_touched=4 t_no_reach=3
Ep  3350 | score  207.18 | avg100  155.13 | grasp100  74.0% | best 0.825 |     38 st/s
    done(50): success=36 t_flicker=9 t_touched=5
Ep  3400 | score  212.67 | avg100  167.39 | grasp100  77.0% | best 0.825 |     38 st/s
    done(50): success=41 t_flicker=5 t_touched=4
Ep  3450 | score  223.45 | avg100  176.68 | grasp100  82.0% | best 0.825 |     38 st/s
    done(50): success=41 t_flicker=6 t_touched=3
Ep  3500 | score  207.48 | avg100  177.96 | grasp100  82.0% | best 0.825 |     38 st/s
    done(50): success=41 t_flicker=8 t_touched=1
Ep  3550 | score  209.07 | avg100  181.37 | grasp100  84.0% | best 0.825 |     38 st/s
    done(50): success=43 t_flicker=5 t_touched=1 t_no_reach=1
Ep  3600 | score  200.60 | avg100  177.73 | grasp100  81.0% | best 0.825 |     38 st/s
    done(50): success=38 t_flicker=11 t_touched=1
Ep  3650 | score  206.97 | avg100  183.44 | grasp100  81.0% | best 0.825 |     38 st/s
    done(50): success=43 t_flicker=7
Ep  3683 | * BEST  level200=2.00 grasp200= 84.0% metric=0.840 | score  204.91
Ep  3700 | score  205.90 | avg100  188.68 | grasp100  86.0% | best 0.840 |     38 st/s
    done(50): success=43 t_flicker=6 t_no_reach=1
Ep  3750 | score  208.40 | avg100  177.04 | grasp100  81.0% | best 0.840 |     38 st/s
    done(50): success=38 t_flicker=12
Ep  3800 | score  205.47 | avg100  174.71 | grasp100  79.0% | best 0.840 |     38 st/s
    done(50): success=41 t_flicker=9
Ep  3850 | score  206.97 | avg100  184.86 | grasp100  86.0% | best 0.840 |     38 st/s
    done(50): success=45 t_flicker=3 t_touched=1 t_no_reach=1
Ep  3900 | score   67.29 | avg100  188.65 | grasp100  89.0% | best 0.840 |     38 st/s
    done(50): success=44 t_flicker=5 t_touched=1
Ep  3917 | * BEST  level200=2.00 grasp200= 85.5% metric=0.855 | score  206.51
Ep  3950 | score  235.13 | avg100  187.45 | grasp100  85.0% | best 0.855 |     37 st/s
    done(50): success=41 t_flicker=9
Ep  4000 | score  203.65 | avg100  180.67 | grasp100  79.0% | best 0.855 |     37 st/s
    done(50): success=38 t_flicker=12
Ep  4050 | score  207.90 | avg100  177.06 | grasp100  76.0% | best 0.855 |     37 st/s
    done(50): success=38 t_flicker=12
Ep  4100 | score  216.49 | avg100  187.42 | grasp100  84.0% | best 0.855 |     37 st/s
    done(50): success=46 t_flicker=4
Ep  4150 | score  205.32 | avg100  191.75 | grasp100  90.0% | best 0.855 |     37 st/s
    done(50): success=44 t_flicker=6
Ep  4200 | score  202.86 | avg100  190.47 | grasp100  86.0% | best 0.855 |     37 st/s
    done(50): success=42 t_flicker=8
Ep  4238 | * BEST  level200=2.00 grasp200= 87.0% metric=0.870 | score  207.20
Ep  4250 | score  200.97 | avg100  190.44 | grasp100  83.0% | best 0.870 |     37 st/s
    done(50): success=41 t_flicker=8 t_touched=1
Ep  4300 | score  206.58 | avg100  186.90 | grasp100  83.0% | best 0.870 |     37 st/s
    done(50): success=42 t_flicker=7 t_touched=1
  [primacy-bias reset of critic heads @ 100000 updates]
Ep  4350 | score  -27.09 | avg100  178.77 | grasp100  80.0% | best 0.870 |     38 st/s
    done(50): success=38 t_flicker=6 t_touched=4 t_no_reach=2
Ep  4400 | score  -55.75 | avg100   86.32 | grasp100  42.0% | best 0.870 |     38 st/s
    done(50): success=4 t_flicker=11 t_touched=21 t_no_reach=14
Ep  4450 | score   55.29 | avg100   46.12 | grasp100  23.0% | best 0.870 |     38 st/s
    done(50): success=19 t_flicker=16 t_touched=15
Ep  4500 | score  -44.58 | avg100  117.87 | grasp100  51.0% | best 0.870 |     38 st/s
    done(50): success=32 t_flicker=13 t_touched=5
Ep  4550 | score  -15.27 | avg100  161.43 | grasp100  72.0% | best 0.870 |     38 st/s
    done(50): success=40 t_flicker=8 t_touched=2
Ep  4600 | score   48.39 | avg100  180.88 | grasp100  80.0% | best 0.870 |     38 st/s
    done(50): success=40 t_flicker=9 t_touched=1
Ep  4650 | score  208.66 | avg100  178.09 | grasp100  78.0% | best 0.870 |     38 st/s
    done(50): success=38 t_flicker=9 t_touched=2 t_no_reach=1
Ep  4700 | score  208.65 | avg100  177.11 | grasp100  78.0% | best 0.870 |     38 st/s
    done(50): success=40 t_flicker=10
Ep  4750 | score  210.54 | avg100  191.01 | grasp100  86.0% | best 0.870 |     38 st/s
    done(50): success=46 t_flicker=4
Ep  4800 | score  210.65 | avg100  190.81 | grasp100  87.0% | best 0.870 |     38 st/s
    done(50): success=41 t_flicker=8 t_touched=1
Ep  4850 | score  209.42 | avg100  180.98 | grasp100  80.0% | best 0.870 |     38 st/s
    done(50): success=39 t_flicker=9 t_touched=2
Ep  4900 | score  208.71 | avg100  184.51 | grasp100  83.0% | best 0.870 |     38 st/s
    done(50): success=44 t_flicker=5 t_touched=1
Ep  4950 | score  207.08 | avg100  189.70 | grasp100  86.0% | best 0.870 |     38 st/s
    done(50): success=42 t_flicker=8
Ep  5000 | score  205.37 | avg100  181.66 | grasp100  81.0% | best 0.870 |     38 st/s
    done(50): success=39 t_flicker=9 t_touched=2
Ep  5050 | score  207.14 | avg100  183.77 | grasp100  83.0% | best 0.870 |     38 st/s
    done(50): success=44 t_flicker=5 t_touched=1
Ep  5100 | score  208.25 | avg100  187.87 | grasp100  86.0% | best 0.870 |     38 st/s
    done(50): success=42 t_flicker=5 t_touched=3
Ep  5150 | score  208.75 | avg100  179.49 | grasp100  81.0% | best 0.870 |     39 st/s
    done(50): success=39 t_flicker=8 t_touched=3
Ep  5200 | score  208.44 | avg100  183.97 | grasp100  82.0% | best 0.870 |     39 st/s
    done(50): success=43 t_flicker=6 t_touched=1
Ep  5250 | score  207.68 | avg100  190.65 | grasp100  86.0% | best 0.870 |     39 st/s
    done(50): success=43 t_flicker=3 t_touched=4
Ep  5300 | score  207.68 | avg100  195.24 | grasp100  90.0% | best 0.870 |     39 st/s
    done(50): success=47 t_flicker=3
Ep  5327 | * BEST  level200=2.00 grasp200= 88.5% metric=0.885 | score  206.86
Ep  5335 | * BEST  level200=2.00 grasp200= 90.0% metric=0.900 | score  206.65

Target reached: 95.0% over 100 episodes at spawn level 2.0.

========================================================================
DONE  td3_ln_wclip4_s1
  Episodes     : 5345
  Env steps    : 307,960  (7996s)
  Best metric  : 0.900  (policy in /home/fahim/Thesis_fahim/pickandplace/checkpoints/td3_grasp_rand_td3_ln_wclip4_s1/best)
  Final grasp% : 95.0
  CSV          : /home/fahim/Thesis_fahim/pickandplace/logs/grasp_rand_td3_ln_wclip4_s1/episodes.csv
  Probe CSV    : /home/fahim/Thesis_fahim/pickandplace/logs/grasp_rand_td3_ln_wclip4_s1/probe.csv
  Manifest     : /home/fahim/Thesis_fahim/pickandplace/logs/grasp_rand_td3_ln_wclip4_s1/manifest.json
========================================================================

