========================================================================
RANDOM-SPAWN GRASP RETRAINING  |  algo=td3_ln  run=td3_ln_wclip6_s0
========================================================================
  Envs                : 5 (subprocess-parallel, fork)
  Spawn level         : 2.0 (1.0 = full position box, 2.0 = + z-rotation)
  Updates/vec-step    : 2 (0.400 per env-step; historical baseline 0.5)
  Buffer              : 200,000
  Network             : 64 -> 32 (deployment-fixed)
  Warm start          : checkpoints/td3_grasp_rand_td3_ln_liftcert_phaseB_s2/best
  Checkpoints         : /home/fahim/Thesis_fahim/pickandplace/checkpoints/td3_grasp_rand_td3_ln_wclip6_s0
========================================================================

Spawning 5 subprocess environments (fork)...
[robosuite WARNING] No private macro file found! (__init__.py:7)
[robosuite WARNING] No private macro file found! (__init__.py:7)
[robosuite WARNING] It is recommended to use a private macro file (__init__.py:8)
[robosuite WARNING] It is recommended to use a private macro file (__init__.py:8)
[robosuite WARNING] To setup, run: python /home/fahim/Thesis_fahim/venv/lib/python3.12/site-packages/robosuite/scripts/setup_macros.py (__init__.py:9)
[robosuite WARNING] To setup, run: python /home/fahim/Thesis_fahim/venv/lib/python3.12/site-packages/robosuite/scripts/setup_macros.py (__init__.py:9)
[robosuite WARNING] No private macro file found! (__init__.py:7)
[robosuite WARNING] No private macro file found! (__init__.py:7)
[robosuite WARNING] It is recommended to use a private macro file (__init__.py:8)
[robosuite WARNING] No private macro file found! (__init__.py:7)
[robosuite WARNING] To setup, run: python /home/fahim/Thesis_fahim/venv/lib/python3.12/site-packages/robosuite/scripts/setup_macros.py (__init__.py:9)
[robosuite WARNING] It is recommended to use a private macro file (__init__.py:8)
[robosuite WARNING] It is recommended to use a private macro file (__init__.py:8)
[robosuite WARNING] To setup, run: python /home/fahim/Thesis_fahim/venv/lib/python3.12/site-packages/robosuite/scripts/setup_macros.py (__init__.py:9)
[robosuite WARNING] To setup, run: python /home/fahim/Thesis_fahim/venv/lib/python3.12/site-packages/robosuite/scripts/setup_macros.py (__init__.py:9)
Gym has been unmaintained since 2022 and does not support NumPy 2.0 amongst other critical functionality.
Please upgrade to Gymnasium, the maintained drop-in replacement of Gym, or contact the authors of your software and request that they upgrade.
See the migration guide at https://gymnasium.farama.org/introduction/migration_guide/ for additional information.
Gym has been unmaintained since 2022 and does not support NumPy 2.0 amongst other critical functionality.
Please upgrade to Gymnasium, the maintained drop-in replacement of Gym, or contact the authors of your software and request that they upgrade.
See the migration guide at https://gymnasium.farama.org/introduction/migration_guide/ for additional information.
Gym has been unmaintained since 2022 and does not support NumPy 2.0 amongst other critical functionality.
Please upgrade to Gymnasium, the maintained drop-in replacement of Gym, or contact the authors of your software and request that they upgrade.
See the migration guide at https://gymnasium.farama.org/introduction/migration_guide/ for additional information.
Gym has been unmaintained since 2022 and does not support NumPy 2.0 amongst other critical functionality.
Please upgrade to Gymnasium, the maintained drop-in replacement of Gym, or contact the authors of your software and request that they upgrade.
See the migration guide at https://gymnasium.farama.org/introduction/migration_guide/ for additional information.
Gym has been unmaintained since 2022 and does not support NumPy 2.0 amongst other critical functionality.
Please upgrade to Gymnasium, the maintained drop-in replacement of Gym, or contact the authors of your software and request that they upgrade.
See the migration guide at https://gymnasium.farama.org/introduction/migration_guide/ for additional information.
/home/fahim/Thesis_fahim/venv/lib/python3.12/site-packages/gym/spaces/box.py:84: UserWarning: [33mWARN: Box bound precision lowered by casting to float32[0m
  logger.warn(f"Box bound precision lowered by casting to {self.dtype}")
/home/fahim/Thesis_fahim/venv/lib/python3.12/site-packages/gym/spaces/box.py:84: UserWarning: [33mWARN: Box bound precision lowered by casting to float32[0m
  logger.warn(f"Box bound precision lowered by casting to {self.dtype}")
/home/fahim/Thesis_fahim/venv/lib/python3.12/site-packages/gym/spaces/box.py:84: UserWarning: [33mWARN: Box bound precision lowered by casting to float32[0m
  logger.warn(f"Box bound precision lowered by casting to {self.dtype}")
/home/fahim/Thesis_fahim/venv/lib/python3.12/site-packages/gym/spaces/box.py:84: UserWarning: [33mWARN: Box bound precision lowered by casting to float32[0m
  logger.warn(f"Box bound precision lowered by casting to {self.dtype}")
/home/fahim/Thesis_fahim/venv/lib/python3.12/site-packages/gym/spaces/box.py:84: UserWarning: [33mWARN: Box bound precision lowered by casting to float32[0m
  logger.warn(f"Box bound precision lowered by casting to {self.dtype}")
Gym has been unmaintained since 2022 and does not support NumPy 2.0 amongst other critical functionality.
Please upgrade to Gymnasium, the maintained drop-in replacement of Gym, or contact the authors of your software and request that they upgrade.
See the migration guide at https://gymnasium.farama.org/introduction/migration_guide/ for additional information.
5 environments ready.

  Actor weight clip   : |w| <= 6.0 * std(w) per Linear tensor (bi_s0 baseline fc1 9.96 / fc2 10.82)
Init: warm-started (source: /home/fahim/Thesis_fahim/pickandplace/checkpoints/td3_grasp_rand_td3_ln_liftcert_phaseB_s2/best)
Fresh replay buffer.

Training...

Ep    50 | score  204.99 | avg100  147.86 | grasp100  56.0% | best 0.000 |     66 st/s
    done(50): success=28 t_flicker=22
Ep   100 | score  204.93 | avg100  153.44 | grasp100  60.0% | best 0.000 |     80 st/s
    done(50): success=32 t_flicker=17 t_touched=1
Ep   150 | score  -58.81 | avg100  141.23 | grasp100  54.0% | best 0.000 |     80 st/s
    done(50): success=22 t_flicker=22 t_touched=6
Ep   200 | * BEST  level200=2.00 grasp200= 51.5% metric=0.515 | score  207.84
Ep   215 | * BEST  level200=2.00 grasp200= 53.0% metric=0.530 | score  208.29
Ep   225 | * BEST  level200=2.00 grasp200= 54.5% metric=0.545 | score  207.89
Ep   250 | score   77.42 | avg100  130.01 | grasp100  52.0% | best 0.545 |     71 st/s
    done(50): success=31 t_flicker=15 t_touched=3 t_no_reach=1
Ep   300 | score  211.06 | avg100  143.68 | grasp100  57.0% | best 0.545 |     69 st/s
    done(50): success=26 t_flicker=19 t_touched=5
Ep   350 | score   69.05 | avg100  120.06 | grasp100  44.0% | best 0.545 |     69 st/s
    done(50): success=18 t_flicker=23 t_touched=9
Ep   400 | score  207.10 | avg100  115.77 | grasp100  42.0% | best 0.545 |     68 st/s
    done(50): success=24 t_flicker=21 t_touched=5
Ep   450 | score   90.21 | avg100  122.20 | grasp100  43.0% | best 0.545 |     68 st/s
    done(50): success=19 t_flicker=25 t_touched=6
Ep   500 | score  209.26 | avg100  120.03 | grasp100  39.0% | best 0.545 |     68 st/s
    done(50): success=20 t_flicker=24 t_touched=6
Ep   550 | score  -38.12 | avg100  119.13 | grasp100  40.0% | best 0.545 |     64 st/s
    done(50): success=20 t_flicker=17 t_touched=13
Ep   600 | score   43.24 | avg100  114.09 | grasp100  39.0% | best 0.545 |     61 st/s
    done(50): success=19 t_flicker=16 t_touched=15
Ep   650 | score  209.78 | avg100  121.33 | grasp100  45.0% | best 0.545 |     59 st/s
    done(50): success=26 t_flicker=15 t_touched=9
Ep   700 | score  255.89 | avg100  124.62 | grasp100  47.0% | best 0.545 |     57 st/s
    done(50): success=21 t_flicker=23 t_touched=6
Ep   750 | score  208.73 | avg100  120.46 | grasp100  45.0% | best 0.545 |     55 st/s
    done(50): success=24 t_flicker=15 t_touched=11
Ep   800 | score  221.20 | avg100  129.10 | grasp100  53.0% | best 0.545 |     54 st/s
    done(50): success=29 t_flicker=9 t_touched=12
Ep   850 | score   73.89 | avg100  137.02 | grasp100  57.0% | best 0.545 |     52 st/s
    done(50): success=28 t_flicker=15 t_touched=6 t_no_reach=1
  [primacy-bias reset of critic heads @ 25000 updates]
Ep   900 | score  -66.68 | avg100   56.56 | grasp100  30.0% | best 0.545 |     52 st/s
    done(50): success=2 t_flicker=3 t_touched=21 t_no_reach=24
Ep   950 | score  -47.63 | avg100   15.10 | grasp100  18.0% | best 0.545 |     51 st/s
    done(50): success=16 t_flicker=10 t_touched=18 t_no_reach=6
Ep  1000 | score  202.49 | avg100   93.90 | grasp100  43.0% | best 0.545 |     50 st/s
    done(50): success=27 t_flicker=18 t_touched=4 t_no_reach=1
Ep  1050 | score  210.84 | avg100  134.77 | grasp100  59.0% | best 0.545 |     50 st/s
    done(50): success=32 t_flicker=6 t_touched=12
Ep  1100 | score   95.92 | avg100  137.14 | grasp100  62.0% | best 0.545 |     49 st/s
    done(50): success=30 t_flicker=8 t_touched=11 t_no_reach=1
Ep  1144 | * BEST  level200=2.00 grasp200= 56.0% metric=0.560 | score  259.50
Ep  1150 | score   43.66 | avg100  132.58 | grasp100  55.0% | best 0.560 |     49 st/s
    done(50): success=25 t_flicker=16 t_touched=9
Ep  1165 | * BEST  level200=2.00 grasp200= 57.5% metric=0.575 | score  208.83
Ep  1174 | * BEST  level200=2.00 grasp200= 59.0% metric=0.590 | score  208.60
Ep  1184 | * BEST  level200=2.00 grasp200= 60.5% metric=0.605 | score  241.81
Ep  1200 | score  207.55 | avg100  148.60 | grasp100  61.0% | best 0.605 |     48 st/s
    done(50): success=36 t_flicker=10 t_touched=4
Ep  1201 | * BEST  level200=2.00 grasp200= 62.0% metric=0.620 | score  207.35
Ep  1208 | * BEST  level200=2.00 grasp200= 63.5% metric=0.635 | score  209.63
Ep  1250 | score  107.93 | avg100  163.99 | grasp100  69.0% | best 0.635 |     48 st/s
    done(50): success=33 t_flicker=13 t_touched=4
Ep  1300 | score  188.17 | avg100  144.63 | grasp100  60.0% | best 0.635 |     48 st/s
    done(50): success=27 t_flicker=15 t_touched=8
Ep  1350 | score  210.47 | avg100  135.74 | grasp100  55.0% | best 0.635 |     47 st/s
    done(50): success=28 t_flicker=11 t_touched=11
Ep  1400 | score  207.38 | avg100  140.67 | grasp100  57.0% | best 0.635 |     47 st/s
    done(50): success=29 t_flicker=13 t_touched=8
Ep  1450 | score  210.84 | avg100  146.11 | grasp100  59.0% | best 0.635 |     47 st/s
    done(50): success=30 t_flicker=12 t_touched=8
Ep  1500 | score  207.69 | avg100  160.19 | grasp100  65.0% | best 0.635 |     46 st/s
    done(50): success=35 t_flicker=10 t_touched=5
Ep  1541 | * BEST  level200=2.00 grasp200= 65.0% metric=0.650 | score  206.99
Ep  1550 | score  211.01 | avg100  169.01 | grasp100  72.0% | best 0.650 |     46 st/s
    done(50): success=37 t_flicker=9 t_touched=4
Ep  1553 | * BEST  level200=2.00 grasp200= 66.5% metric=0.665 | score  205.97
  [primacy-bias reset of critic heads @ 50000 updates]
Ep  1600 | score  -21.79 | avg100  117.00 | grasp100  54.0% | best 0.665 |     46 st/s
    done(50): success=17 t_flicker=10 t_touched=11 t_no_reach=12
Ep  1650 | score  -56.44 | avg100   79.23 | grasp100  34.0% | best 0.665 |     46 st/s
    done(50): success=17 t_flicker=21 t_touched=11 t_no_reach=1
Ep  1700 | score  209.30 | avg100  121.27 | grasp100  51.0% | best 0.665 |     46 st/s
    done(50): success=34 t_flicker=8 t_touched=5 t_no_reach=3
Ep  1750 | score  -31.84 | avg100  157.00 | grasp100  70.0% | best 0.665 |     45 st/s
    done(50): success=36 t_flicker=9 t_touched=4 t_no_reach=1
Ep  1800 | score  100.33 | avg100  173.99 | grasp100  75.0% | best 0.665 |     45 st/s
    done(50): success=39 t_flicker=10 t_touched=1
Ep  1813 | * BEST  level200=2.00 grasp200= 68.0% metric=0.680 | score  208.31
Ep  1818 | * BEST  level200=2.00 grasp200= 69.5% metric=0.695 | score  213.22
Ep  1840 | * BEST  level200=2.00 grasp200= 71.0% metric=0.710 | score  239.73
Ep  1850 | * BEST  level200=2.00 grasp200= 72.5% metric=0.725 | score  207.68
Ep  1866 | * BEST  level200=2.00 grasp200= 74.0% metric=0.740 | score  209.09
Ep  1879 | * BEST  level200=2.00 grasp200= 75.5% metric=0.755 | score  209.20
Ep  1900 | score  208.61 | avg100  169.30 | grasp100  75.0% | best 0.755 |     45 st/s
    done(50): success=39 t_flicker=9 t_touched=2
Ep  1937 | * BEST  level200=2.00 grasp200= 77.0% metric=0.770 | score  208.80
Ep  1950 | score   92.07 | avg100  173.03 | grasp100  78.0% | best 0.770 |     45 st/s
    done(50): success=39 t_flicker=8 t_touched=3
Ep  1957 | * BEST  level200=2.00 grasp200= 78.5% metric=0.785 | score  207.16
Ep  2000 | score  205.99 | avg100  180.89 | grasp100  80.0% | best 0.785 |     44 st/s
    done(50): success=41 t_flicker=6 t_touched=3
Ep  2050 | score  209.28 | avg100  177.67 | grasp100  75.0% | best 0.785 |     44 st/s
    done(50): success=34 t_flicker=12 t_touched=4
Ep  2100 | score  209.17 | avg100  172.17 | grasp100  71.0% | best 0.785 |     44 st/s
    done(50): success=37 t_flicker=11 t_touched=2
Ep  2150 | score  207.92 | avg100  180.06 | grasp100  76.0% | best 0.785 |     44 st/s
    done(50): success=39 t_flicker=10 t_touched=1
Ep  2200 | score  208.78 | avg100  180.37 | grasp100  79.0% | best 0.785 |     44 st/s
    done(50): success=40 t_flicker=8 t_touched=2
Ep  2250 | score  203.95 | avg100  175.92 | grasp100  77.0% | best 0.785 |     43 st/s
    done(50): success=37 t_flicker=11 t_touched=2
Ep  2300 | score  216.96 | avg100  173.15 | grasp100  74.0% | best 0.785 |     43 st/s
    done(50): success=37 t_flicker=12 t_touched=1
Ep  2350 | score   96.45 | avg100  163.30 | grasp100  68.0% | best 0.785 |     43 st/s
    done(50): success=31 t_flicker=16 t_touched=3
Ep  2400 | score  206.02 | avg100  150.23 | grasp100  60.0% | best 0.785 |     43 st/s
    done(50): success=29 t_flicker=20 t_no_reach=1
Ep  2450 | score  207.91 | avg100  149.40 | grasp100  59.0% | best 0.785 |     43 st/s
    done(50): success=30 t_flicker=18 t_touched=2
Ep  2500 | score   59.41 | avg100  150.69 | grasp100  61.0% | best 0.785 |     43 st/s
    done(50): success=31 t_flicker=15 t_touched=3 t_no_reach=1
Ep  2550 | score  211.25 | avg100  167.13 | grasp100  72.0% | best 0.785 |     42 st/s
    done(50): success=41 t_flicker=8 t_touched=1
Ep  2600 | score   97.61 | avg100  182.43 | grasp100  82.0% | best 0.785 |     42 st/s
    done(50): success=41 t_flicker=7 t_touched=1 t_no_reach=1
  [primacy-bias reset of critic heads @ 75000 updates]
Ep  2650 | score   20.84 | avg100  158.88 | grasp100  70.0% | best 0.785 |     42 st/s
    done(50): success=29 t_flicker=12 t_touched=8 t_no_reach=1
Ep  2700 | score  210.18 | avg100  116.80 | grasp100  45.0% | best 0.785 |     42 st/s
    done(50): success=16 t_flicker=27 t_touched=6 t_no_reach=1
Ep  2750 | score  207.01 | avg100  123.22 | grasp100  48.0% | best 0.785 |     42 st/s
    done(50): success=32 t_flicker=14 t_touched=4
Ep  2800 | score  -30.17 | avg100  161.48 | grasp100  68.0% | best 0.785 |     42 st/s
    done(50): success=36 t_flicker=12 t_touched=1 t_no_reach=1
Ep  2850 | score   58.55 | avg100  164.74 | grasp100  69.0% | best 0.785 |     42 st/s
    done(50): success=33 t_flicker=11 t_touched=6
Ep  2900 | score  210.87 | avg100  163.81 | grasp100  69.0% | best 0.785 |     42 st/s
    done(50): success=36 t_flicker=12 t_touched=2
Ep  2950 | score  208.91 | avg100  174.89 | grasp100  75.0% | best 0.785 |     42 st/s
    done(50): success=39 t_flicker=10 t_touched=1
Ep  3000 | score  209.90 | avg100  183.29 | grasp100  81.0% | best 0.785 |     42 st/s
    done(50): success=42 t_flicker=7 t_touched=1
Ep  3045 | * BEST  level200=2.00 grasp200= 80.0% metric=0.800 | score  209.73
Ep  3050 | score   58.22 | avg100  188.74 | grasp100  85.0% | best 0.800 |     42 st/s
    done(50): success=43 t_flicker=7
Ep  3058 | * BEST  level200=2.00 grasp200= 81.5% metric=0.815 | score  208.89
Ep  3083 | * BEST  level200=2.00 grasp200= 83.0% metric=0.830 | score  206.01
Ep  3092 | * BEST  level200=2.00 grasp200= 84.5% metric=0.845 | score  208.29
Ep  3100 | score  206.97 | avg100  193.85 | grasp100  88.0% | best 0.845 |     41 st/s
    done(50): success=45 t_flicker=3 t_touched=2
Ep  3105 | * BEST  level200=2.00 grasp200= 86.0% metric=0.860 | score  208.31
Ep  3127 | * BEST  level200=2.00 grasp200= 87.5% metric=0.875 | score  209.39
Ep  3150 | score  208.65 | avg100  193.75 | grasp100  89.0% | best 0.875 |     41 st/s
    done(50): success=44 t_flicker=4 t_touched=2
Ep  3200 | score  210.64 | avg100  190.79 | grasp100  87.0% | best 0.875 |     41 st/s
    done(50): success=43 t_flicker=6 t_touched=1
Ep  3250 | score  199.93 | avg100  191.54 | grasp100  87.0% | best 0.875 |     41 st/s
    done(50): success=44 t_flicker=5 t_touched=1
Ep  3270 | * BEST  level200=2.00 grasp200= 89.0% metric=0.890 | score  209.96
Ep  3300 | score  210.87 | avg100  194.41 | grasp100  88.0% | best 0.890 |     41 st/s
    done(50): success=44 t_flicker=6
Ep  3350 | score  208.12 | avg100  194.11 | grasp100  87.0% | best 0.890 |     41 st/s
    done(50): success=43 t_flicker=6 t_touched=1
Ep  3400 | score  226.98 | avg100  194.78 | grasp100  88.0% | best 0.890 |     41 st/s
    done(50): success=45 t_flicker=5
Ep  3450 | score  207.96 | avg100  196.55 | grasp100  90.0% | best 0.890 |     41 st/s
    done(50): success=45 t_flicker=5
Ep  3500 | score  124.92 | avg100  195.86 | grasp100  90.0% | best 0.890 |     40 st/s
    done(50): success=45 t_flicker=3 t_touched=2
Ep  3550 | score  201.60 | avg100  192.31 | grasp100  88.0% | best 0.890 |     40 st/s
    done(50): success=43 t_flicker=7
Ep  3600 | score  208.27 | avg100  186.39 | grasp100  85.0% | best 0.890 |     40 st/s
    done(50): success=42 t_flicker=8
Ep  3650 | score  207.07 | avg100  185.26 | grasp100  84.0% | best 0.890 |     40 st/s
    done(50): success=42 t_flicker=8
Ep  3700 | score   83.46 | avg100  191.07 | grasp100  87.0% | best 0.890 |     40 st/s
    done(50): success=45 t_flicker=5
Ep  3750 | score  206.83 | avg100  191.81 | grasp100  85.0% | best 0.890 |     40 st/s
    done(50): success=40 t_flicker=7 t_touched=3
Ep  3800 | score  208.35 | avg100  182.50 | grasp100  79.0% | best 0.890 |     40 st/s
    done(50): success=39 t_flicker=11
Ep  3850 | score  209.71 | avg100  183.04 | grasp100  81.0% | best 0.890 |     40 st/s
    done(50): success=42 t_flicker=7 t_touched=1
Ep  3900 | score  208.55 | avg100  186.33 | grasp100  83.0% | best 0.890 |     40 st/s
    done(50): success=41 t_flicker=9
Ep  3950 | score  206.60 | avg100  189.42 | grasp100  86.0% | best 0.890 |     40 st/s
    done(50): success=45 t_flicker=4 t_touched=1
Ep  4000 | score  208.28 | avg100  192.93 | grasp100  89.0% | best 0.890 |     40 st/s
    done(50): success=44 t_flicker=6
Ep  4050 | score  208.81 | avg100  191.99 | grasp100  88.0% | best 0.890 |     39 st/s
    done(50): success=44 t_flicker=6
Ep  4100 | score  208.96 | avg100  188.30 | grasp100  84.0% | best 0.890 |     39 st/s
    done(50): success=40 t_flicker=8 t_touched=2
  [primacy-bias reset of critic heads @ 100000 updates]
Ep  4150 | score   38.81 | avg100  145.50 | grasp100  66.0% | best 0.890 |     39 st/s
    done(50): success=26 t_flicker=4 t_touched=9 t_no_reach=11
Ep  4200 | score  208.16 | avg100  103.70 | grasp100  41.0% | best 0.890 |     40 st/s
    done(50): success=15 t_flicker=31 t_touched=4
Ep  4250 | score  207.93 | avg100  133.17 | grasp100  49.0% | best 0.890 |     40 st/s
    done(50): success=34 t_flicker=12 t_touched=4
Ep  4300 | score  209.90 | avg100  168.45 | grasp100  71.0% | best 0.890 |     40 st/s
    done(50): success=37 t_flicker=10 t_touched=3
Ep  4350 | score  208.87 | avg100  176.26 | grasp100  77.0% | best 0.890 |     39 st/s
    done(50): success=40 t_flicker=9 t_touched=1
Ep  4400 | score  206.82 | avg100  182.09 | grasp100  80.0% | best 0.890 |     39 st/s
    done(50): success=40 t_flicker=6 t_touched=4
Ep  4450 | score  211.40 | avg100  185.82 | grasp100  82.0% | best 0.890 |     39 st/s
    done(50): success=42 t_flicker=6 t_touched=2
Ep  4500 | score  209.59 | avg100  188.21 | grasp100  83.0% | best 0.890 |     39 st/s
    done(50): success=41 t_flicker=9
Ep  4550 | score  203.60 | avg100  193.08 | grasp100  87.0% | best 0.890 |     39 st/s
    done(50): success=46 t_flicker=2 t_touched=2
Ep  4600 | score  111.49 | avg100  186.57 | grasp100  83.0% | best 0.890 |     39 st/s
    done(50): success=37 t_flicker=9 t_touched=4
Ep  4650 | score  212.07 | avg100  177.89 | grasp100  74.0% | best 0.890 |     39 st/s
    done(50): success=37 t_flicker=10 t_touched=2 t_no_reach=1
Ep  4700 | score   57.57 | avg100  184.67 | grasp100  79.0% | best 0.890 |     39 st/s
    done(50): success=42 t_flicker=4 t_touched=4
Ep  4750 | score  208.24 | avg100  188.30 | grasp100  84.0% | best 0.890 |     39 st/s
    done(50): success=42 t_flicker=6 t_touched=1 t_no_reach=1
Ep  4800 | score   85.28 | avg100  188.58 | grasp100  84.0% | best 0.890 |     39 st/s
    done(50): success=42 t_flicker=7 t_touched=1
Ep  4850 | score  231.71 | avg100  191.87 | grasp100  86.0% | best 0.890 |     39 st/s
    done(50): success=44 t_flicker=5 t_touched=1
Ep  4900 | score  209.58 | avg100  192.41 | grasp100  87.0% | best 0.890 |     39 st/s
    done(50): success=43 t_flicker=6 t_touched=1
Ep  4950 | score   26.36 | avg100  188.33 | grasp100  84.0% | best 0.890 |     39 st/s
    done(50): success=41 t_flicker=7 t_touched=2
Ep  5000 | score  197.89 | avg100  194.47 | grasp100  89.0% | best 0.890 |     39 st/s
    done(50): success=48 t_flicker=2
Ep  5050 | score  206.72 | avg100  199.09 | grasp100  92.0% | best 0.890 |     39 st/s
    done(50): success=44 t_flicker=5 t_touched=1
Ep  5098 | * BEST  level200=2.00 grasp200= 90.5% metric=0.905 | score  206.61
Ep  5100 | score  207.41 | avg100  200.56 | grasp100  92.0% | best 0.905 |     39 st/s
    done(50): success=48 t_flicker=2

Target reached: 95.0% over 100 episodes at spawn level 2.0.

========================================================================
DONE  td3_ln_wclip6_s0
  Episodes     : 5118
  Env steps    : 305,110  (7822s)
  Best metric  : 0.905  (policy in /home/fahim/Thesis_fahim/pickandplace/checkpoints/td3_grasp_rand_td3_ln_wclip6_s0/best)
  Final grasp% : 95.0
  CSV          : /home/fahim/Thesis_fahim/pickandplace/logs/grasp_rand_td3_ln_wclip6_s0/episodes.csv
  Probe CSV    : /home/fahim/Thesis_fahim/pickandplace/logs/grasp_rand_td3_ln_wclip6_s0/probe.csv
  Manifest     : /home/fahim/Thesis_fahim/pickandplace/logs/grasp_rand_td3_ln_wclip6_s0/manifest.json
========================================================================

