========================================================================
RANDOM-SPAWN GRASP RETRAINING  |  algo=td3_ln  run=td3_ln_wclip0_s0
========================================================================
  Envs                : 5 (subprocess-parallel, fork)
  Spawn level         : 2.0 (1.0 = full position box, 2.0 = + z-rotation)
  Updates/vec-step    : 2 (0.400 per env-step; historical baseline 0.5)
  Buffer              : 200,000
  Network             : 64 -> 32 (deployment-fixed)
  Warm start          : checkpoints/td3_grasp_rand_td3_ln_liftcert_phaseB_s2/best
  Checkpoints         : /home/fahim/Thesis_fahim/pickandplace/checkpoints/td3_grasp_rand_td3_ln_wclip0_s0
========================================================================

Spawning 5 subprocess environments (fork)...
[robosuite WARNING] No private macro file found! (__init__.py:7)
[robosuite WARNING] It is recommended to use a private macro file (__init__.py:8)
[robosuite WARNING] No private macro file found! (__init__.py:7)
[robosuite WARNING] To setup, run: python /home/fahim/Thesis_fahim/venv/lib/python3.12/site-packages/robosuite/scripts/setup_macros.py (__init__.py:9)
[robosuite WARNING] No private macro file found! (__init__.py:7)
[robosuite WARNING] No private macro file found! (__init__.py:7)
[robosuite WARNING] It is recommended to use a private macro file (__init__.py:8)
[robosuite WARNING] To setup, run: python /home/fahim/Thesis_fahim/venv/lib/python3.12/site-packages/robosuite/scripts/setup_macros.py (__init__.py:9)
[robosuite WARNING] It is recommended to use a private macro file (__init__.py:8)
[robosuite WARNING] To setup, run: python /home/fahim/Thesis_fahim/venv/lib/python3.12/site-packages/robosuite/scripts/setup_macros.py (__init__.py:9)
[robosuite WARNING] No private macro file found! (__init__.py:7)
[robosuite WARNING] It is recommended to use a private macro file (__init__.py:8)
[robosuite WARNING] To setup, run: python /home/fahim/Thesis_fahim/venv/lib/python3.12/site-packages/robosuite/scripts/setup_macros.py (__init__.py:9)
[robosuite WARNING] It is recommended to use a private macro file (__init__.py:8)
[robosuite WARNING] To setup, run: python /home/fahim/Thesis_fahim/venv/lib/python3.12/site-packages/robosuite/scripts/setup_macros.py (__init__.py:9)
Gym has been unmaintained since 2022 and does not support NumPy 2.0 amongst other critical functionality.
Please upgrade to Gymnasium, the maintained drop-in replacement of Gym, or contact the authors of your software and request that they upgrade.
See the migration guide at https://gymnasium.farama.org/introduction/migration_guide/ for additional information.
Gym has been unmaintained since 2022 and does not support NumPy 2.0 amongst other critical functionality.
Please upgrade to Gymnasium, the maintained drop-in replacement of Gym, or contact the authors of your software and request that they upgrade.
See the migration guide at https://gymnasium.farama.org/introduction/migration_guide/ for additional information.
Gym has been unmaintained since 2022 and does not support NumPy 2.0 amongst other critical functionality.
Please upgrade to Gymnasium, the maintained drop-in replacement of Gym, or contact the authors of your software and request that they upgrade.
See the migration guide at https://gymnasium.farama.org/introduction/migration_guide/ for additional information.
Gym has been unmaintained since 2022 and does not support NumPy 2.0 amongst other critical functionality.
Please upgrade to Gymnasium, the maintained drop-in replacement of Gym, or contact the authors of your software and request that they upgrade.
See the migration guide at https://gymnasium.farama.org/introduction/migration_guide/ for additional information.
Gym has been unmaintained since 2022 and does not support NumPy 2.0 amongst other critical functionality.
Please upgrade to Gymnasium, the maintained drop-in replacement of Gym, or contact the authors of your software and request that they upgrade.
See the migration guide at https://gymnasium.farama.org/introduction/migration_guide/ for additional information.
/home/fahim/Thesis_fahim/venv/lib/python3.12/site-packages/gym/spaces/box.py:84: UserWarning: [33mWARN: Box bound precision lowered by casting to float32[0m
  logger.warn(f"Box bound precision lowered by casting to {self.dtype}")
/home/fahim/Thesis_fahim/venv/lib/python3.12/site-packages/gym/spaces/box.py:84: UserWarning: [33mWARN: Box bound precision lowered by casting to float32[0m
  logger.warn(f"Box bound precision lowered by casting to {self.dtype}")
/home/fahim/Thesis_fahim/venv/lib/python3.12/site-packages/gym/spaces/box.py:84: UserWarning: [33mWARN: Box bound precision lowered by casting to float32[0m
  logger.warn(f"Box bound precision lowered by casting to {self.dtype}")
/home/fahim/Thesis_fahim/venv/lib/python3.12/site-packages/gym/spaces/box.py:84: UserWarning: [33mWARN: Box bound precision lowered by casting to float32[0m
  logger.warn(f"Box bound precision lowered by casting to {self.dtype}")
/home/fahim/Thesis_fahim/venv/lib/python3.12/site-packages/gym/spaces/box.py:84: UserWarning: [33mWARN: Box bound precision lowered by casting to float32[0m
  logger.warn(f"Box bound precision lowered by casting to {self.dtype}")
Gym has been unmaintained since 2022 and does not support NumPy 2.0 amongst other critical functionality.
Please upgrade to Gymnasium, the maintained drop-in replacement of Gym, or contact the authors of your software and request that they upgrade.
See the migration guide at https://gymnasium.farama.org/introduction/migration_guide/ for additional information.
5 environments ready.

Init: warm-started (source: /home/fahim/Thesis_fahim/pickandplace/checkpoints/td3_grasp_rand_td3_ln_liftcert_phaseB_s2/best)
Fresh replay buffer.

Training...

Ep    50 | score  204.99 | avg100  147.86 | grasp100  56.0% | best 0.000 |     65 st/s
    done(50): success=28 t_flicker=22
Ep   100 | score  204.93 | avg100  153.44 | grasp100  60.0% | best 0.000 |     80 st/s
    done(50): success=32 t_flicker=17 t_touched=1
Ep   150 | score   43.73 | avg100  137.87 | grasp100  53.0% | best 0.000 |     80 st/s
    done(50): success=21 t_flicker=24 t_touched=5
Ep   200 | * BEST  level200=2.00 grasp200= 53.5% metric=0.535 | score   15.38
Ep   250 | score  205.12 | avg100  132.00 | grasp100  48.0% | best 0.535 |     69 st/s
    done(50): success=22 t_flicker=26 t_touched=1 t_no_reach=1
Ep   300 | score   38.60 | avg100  125.87 | grasp100  44.0% | best 0.535 |     66 st/s
    done(50): success=22 t_flicker=25 t_touched=3
Ep   350 | score  204.94 | avg100  135.48 | grasp100  48.0% | best 0.535 |     64 st/s
    done(50): success=26 t_flicker=24
Ep   400 | score  127.88 | avg100  137.71 | grasp100  49.0% | best 0.535 |     63 st/s
    done(50): success=23 t_flicker=22 t_touched=5
Ep   450 | score   67.37 | avg100  126.13 | grasp100  42.0% | best 0.535 |     63 st/s
    done(50): success=19 t_flicker=26 t_touched=5
Ep   500 | score    9.19 | avg100  119.03 | grasp100  37.0% | best 0.535 |     64 st/s
    done(50): success=18 t_flicker=27 t_touched=5
Ep   550 | score  114.66 | avg100  110.88 | grasp100  33.0% | best 0.535 |     64 st/s
    done(50): success=15 t_flicker=30 t_touched=5
Ep   600 | score   72.22 | avg100  111.98 | grasp100  35.0% | best 0.535 |     62 st/s
    done(50): success=20 t_flicker=21 t_touched=8 t_no_reach=1
Ep   650 | score  107.72 | avg100  119.88 | grasp100  38.0% | best 0.535 |     59 st/s
    done(50): success=18 t_flicker=25 t_touched=6 t_no_reach=1
Ep   700 | score   72.49 | avg100  130.87 | grasp100  41.0% | best 0.535 |     57 st/s
    done(50): success=23 t_flicker=22 t_touched=5
Ep   750 | score   71.76 | avg100  138.67 | grasp100  48.0% | best 0.535 |     55 st/s
    done(50): success=25 t_flicker=22 t_touched=3
Ep   800 | score  206.76 | avg100  130.27 | grasp100  48.0% | best 0.535 |     54 st/s
    done(50): success=23 t_flicker=18 t_touched=9
Ep   850 | score   97.73 | avg100  124.99 | grasp100  47.0% | best 0.535 |     53 st/s
    done(50): success=24 t_flicker=21 t_touched=5
Ep   900 | score   80.53 | avg100  125.09 | grasp100  45.0% | best 0.535 |     52 st/s
    done(50): success=21 t_flicker=23 t_touched=6
Ep   950 | score   97.89 | avg100  136.71 | grasp100  54.0% | best 0.535 |     51 st/s
    done(50): success=33 t_flicker=12 t_touched=5
Ep   997 | * BEST  level200=2.00 grasp200= 55.0% metric=0.550 | score  201.49
Ep  1000 | score  -59.56 | avg100  153.32 | grasp100  65.0% | best 0.550 |     50 st/s
    done(50): success=32 t_flicker=16 t_touched=1 t_no_reach=1
Ep  1008 | * BEST  level200=2.00 grasp200= 56.5% metric=0.565 | score  205.88
  [primacy-bias reset of critic heads @ 25000 updates]
Ep  1050 | score   -9.69 | avg100   98.67 | grasp100  45.0% | best 0.565 |     49 st/s
    done(50): success=13 t_flicker=14 t_touched=11 t_no_reach=12
Ep  1100 | score   53.09 | avg100   47.26 | grasp100  21.0% | best 0.565 |     49 st/s
    done(50): success=8 t_flicker=21 t_touched=21
Ep  1150 | score  208.42 | avg100   72.12 | grasp100  24.0% | best 0.565 |     49 st/s
    done(50): success=16 t_flicker=20 t_touched=14
Ep  1200 | score   91.62 | avg100  111.31 | grasp100  40.0% | best 0.565 |     48 st/s
    done(50): success=24 t_flicker=19 t_touched=7
Ep  1250 | score   82.33 | avg100  154.81 | grasp100  61.0% | best 0.565 |     48 st/s
    done(50): success=37 t_flicker=11 t_touched=2
Ep  1300 | score  -50.18 | avg100  160.17 | grasp100  65.0% | best 0.565 |     47 st/s
    done(50): success=28 t_flicker=17 t_touched=5
Ep  1350 | score  192.62 | avg100  138.73 | grasp100  52.0% | best 0.565 |     47 st/s
    done(50): success=24 t_flicker=21 t_touched=5
Ep  1362 | * BEST  level200=2.00 grasp200= 58.0% metric=0.580 | score  205.99
Ep  1378 | * BEST  level200=2.00 grasp200= 59.5% metric=0.595 | score  208.59
Ep  1400 | score  208.32 | avg100  146.11 | grasp100  53.0% | best 0.595 |     47 st/s
    done(50): success=29 t_flicker=17 t_touched=4
Ep  1450 | score  209.15 | avg100  151.06 | grasp100  57.0% | best 0.595 |     46 st/s
    done(50): success=28 t_flicker=20 t_touched=2
Ep  1500 | score  207.52 | avg100  155.91 | grasp100  61.0% | best 0.595 |     46 st/s
    done(50): success=33 t_flicker=11 t_touched=6
Ep  1528 | * BEST  level200=2.00 grasp200= 61.0% metric=0.610 | score  208.91
Ep  1550 | score   90.21 | avg100  158.75 | grasp100  63.0% | best 0.610 |     46 st/s
    done(50): success=30 t_flicker=13 t_touched=7
Ep  1587 | * BEST  level200=2.00 grasp200= 62.5% metric=0.625 | score  208.59
Ep  1593 | * BEST  level200=2.00 grasp200= 64.0% metric=0.640 | score  208.71
Ep  1600 | score   82.91 | avg100  161.60 | grasp100  67.0% | best 0.640 |     45 st/s
    done(50): success=37 t_flicker=11 t_touched=2
Ep  1638 | * BEST  level200=2.00 grasp200= 65.5% metric=0.655 | score  208.45
Ep  1649 | * BEST  level200=2.00 grasp200= 67.0% metric=0.670 | score  261.07
Ep  1650 | score   83.94 | avg100  168.91 | grasp100  70.0% | best 0.670 |     45 st/s
    done(50): success=33 t_flicker=16 t_touched=1
Ep  1669 | * BEST  level200=2.00 grasp200= 68.5% metric=0.685 | score  207.49
Ep  1700 | score  225.97 | avg100  164.25 | grasp100  66.0% | best 0.685 |     45 st/s
    done(50): success=33 t_flicker=13 t_touched=3 t_no_reach=1
Ep  1743 | * BEST  level200=2.00 grasp200= 70.0% metric=0.700 | score  205.91
Ep  1750 | score   67.12 | avg100  165.94 | grasp100  70.0% | best 0.700 |     45 st/s
    done(50): success=37 t_flicker=9 t_touched=4
Ep  1800 | score  203.88 | avg100  168.00 | grasp100  70.0% | best 0.700 |     44 st/s
    done(50): success=33 t_flicker=16 t_touched=1
  [primacy-bias reset of critic heads @ 50000 updates]
Ep  1850 | score  -23.85 | avg100  110.53 | grasp100  50.0% | best 0.700 |     44 st/s
    done(50): success=17 t_flicker=8 t_touched=3 t_no_reach=22
Ep  1900 | score   13.00 | avg100   68.69 | grasp100  32.0% | best 0.700 |     45 st/s
    done(50): success=15 t_flicker=15 t_touched=18 t_no_reach=2
Ep  1950 | score  101.34 | avg100  104.61 | grasp100  35.0% | best 0.700 |     44 st/s
    done(50): success=20 t_flicker=22 t_touched=8
Ep  2000 | score  206.87 | avg100  144.38 | grasp100  52.0% | best 0.700 |     44 st/s
    done(50): success=32 t_flicker=16 t_touched=2
Ep  2050 | score  208.85 | avg100  158.46 | grasp100  63.0% | best 0.700 |     44 st/s
    done(50): success=31 t_flicker=15 t_touched=4
Ep  2100 | score  206.29 | avg100  167.89 | grasp100  70.0% | best 0.700 |     44 st/s
    done(50): success=39 t_flicker=11
Ep  2150 | score  231.05 | avg100  172.89 | grasp100  75.0% | best 0.700 |     44 st/s
    done(50): success=36 t_flicker=11 t_touched=3
Ep  2200 | score  209.61 | avg100  162.14 | grasp100  68.0% | best 0.700 |     44 st/s
    done(50): success=32 t_flicker=17 t_touched=1
Ep  2214 | * BEST  level200=2.00 grasp200= 71.5% metric=0.715 | score  206.43
Ep  2231 | * BEST  level200=2.00 grasp200= 73.0% metric=0.730 | score  208.81
Ep  2239 | * BEST  level200=2.00 grasp200= 74.5% metric=0.745 | score  205.00
Ep  2250 | score  208.51 | avg100  173.27 | grasp100  74.0% | best 0.745 |     43 st/s
    done(50): success=42 t_flicker=8
Ep  2300 | score  205.25 | avg100  180.60 | grasp100  77.0% | best 0.745 |     43 st/s
    done(50): success=35 t_flicker=13 t_touched=2
Ep  2350 | score  118.57 | avg100  165.43 | grasp100  65.0% | best 0.745 |     43 st/s
    done(50): success=30 t_flicker=19 t_touched=1
Ep  2400 | score  196.46 | avg100  160.54 | grasp100  65.0% | best 0.745 |     43 st/s
    done(50): success=35 t_flicker=13 t_touched=2
Ep  2450 | score  209.45 | avg100  164.92 | grasp100  68.0% | best 0.745 |     43 st/s
    done(50): success=33 t_flicker=14 t_touched=3
Ep  2500 | score  200.88 | avg100  157.34 | grasp100  63.0% | best 0.745 |     43 st/s
    done(50): success=30 t_flicker=16 t_touched=3 t_no_reach=1
Ep  2550 | score  207.19 | avg100  155.63 | grasp100  63.0% | best 0.745 |     43 st/s
    done(50): success=33 t_flicker=17
Ep  2600 | score  208.38 | avg100  168.98 | grasp100  71.0% | best 0.745 |     42 st/s
    done(50): success=38 t_flicker=11 t_touched=1
Ep  2650 | score  208.01 | avg100  173.95 | grasp100  74.0% | best 0.745 |     42 st/s
    done(50): success=36 t_flicker=11 t_touched=3
Ep  2700 | score  103.88 | avg100  162.51 | grasp100  67.0% | best 0.745 |     42 st/s
    done(50): success=31 t_flicker=13 t_touched=6
Ep  2750 | score  208.33 | avg100  164.89 | grasp100  69.0% | best 0.745 |     42 st/s
    done(50): success=38 t_flicker=11 t_touched=1
Ep  2800 | score  207.10 | avg100  169.28 | grasp100  73.0% | best 0.745 |     42 st/s
    done(50): success=35 t_flicker=11 t_touched=4
Ep  2850 | score   60.01 | avg100  165.57 | grasp100  73.0% | best 0.745 |     42 st/s
    done(50): success=38 t_flicker=9 t_touched=3
  [primacy-bias reset of critic heads @ 75000 updates]
Ep  2900 | score   -4.56 | avg100   81.66 | grasp100  43.0% | best 0.745 |     42 st/s
    done(50): success=5 t_flicker=12 t_touched=11 t_no_reach=22
Ep  2950 | score   63.69 | avg100   41.68 | grasp100  20.0% | best 0.745 |     42 st/s
    done(50): success=15 t_flicker=22 t_touched=13
Ep  3000 | score  210.71 | avg100  132.59 | grasp100  52.0% | best 0.745 |     42 st/s
    done(50): success=37 t_flicker=11 t_touched=2
Ep  3050 | score  201.07 | avg100  178.88 | grasp100  79.0% | best 0.745 |     42 st/s
    done(50): success=42 t_flicker=5 t_touched=3
Ep  3100 | score   41.49 | avg100  181.62 | grasp100  82.0% | best 0.745 |     42 st/s
    done(50): success=40 t_flicker=10
Ep  3128 | * BEST  level200=2.00 grasp200= 76.0% metric=0.760 | score  208.27
Ep  3135 | * BEST  level200=2.00 grasp200= 77.5% metric=0.775 | score  209.45
Ep  3144 | * BEST  level200=2.00 grasp200= 79.0% metric=0.790 | score  208.25
Ep  3150 | * BEST  level200=2.00 grasp200= 80.5% metric=0.805 | score  210.47
Ep  3156 | * BEST  level200=2.00 grasp200= 82.0% metric=0.820 | score  208.45
Ep  3193 | * BEST  level200=2.00 grasp200= 83.5% metric=0.835 | score  210.62
Ep  3200 | score  211.18 | avg100  187.30 | grasp100  85.0% | best 0.835 |     42 st/s
    done(50): success=43 t_flicker=5 t_touched=2
Ep  3250 | score  207.46 | avg100  184.68 | grasp100  82.0% | best 0.835 |     42 st/s
    done(50): success=39 t_flicker=9 t_touched=2
Ep  3300 | score  208.64 | avg100  183.42 | grasp100  79.0% | best 0.835 |     42 st/s
    done(50): success=40 t_flicker=8 t_touched=2
Ep  3350 | score  203.08 | avg100  183.39 | grasp100  80.0% | best 0.835 |     42 st/s
    done(50): success=40 t_flicker=9 t_touched=1
Ep  3400 | score  211.66 | avg100  183.61 | grasp100  82.0% | best 0.835 |     41 st/s
    done(50): success=42 t_flicker=5 t_touched=3
Ep  3450 | score  208.13 | avg100  187.31 | grasp100  85.0% | best 0.835 |     41 st/s
    done(50): success=43 t_flicker=4 t_touched=3
Ep  3500 | score   95.44 | avg100  178.54 | grasp100  80.0% | best 0.835 |     41 st/s
    done(50): success=37 t_flicker=9 t_touched=4
Ep  3550 | score  201.59 | avg100  167.19 | grasp100  72.0% | best 0.835 |     41 st/s
    done(50): success=35 t_flicker=11 t_touched=4
Ep  3600 | score  208.00 | avg100  175.95 | grasp100  75.0% | best 0.835 |     41 st/s
    done(50): success=40 t_flicker=8 t_touched=2
Ep  3650 | score  209.66 | avg100  192.23 | grasp100  87.0% | best 0.835 |     41 st/s
    done(50): success=47 t_flicker=2 t_touched=1
Ep  3700 | score  207.88 | avg100  190.53 | grasp100  88.0% | best 0.835 |     41 st/s
    done(50): success=41 t_flicker=8 t_touched=1
Ep  3750 | score  212.23 | avg100  182.83 | grasp100  82.0% | best 0.835 |     41 st/s
    done(50): success=41 t_flicker=8 t_touched=1
Ep  3753 | * BEST  level200=2.00 grasp200= 85.0% metric=0.850 | score  206.79
Ep  3800 | score  195.15 | avg100  184.33 | grasp100  83.0% | best 0.850 |     41 st/s
    done(50): success=42 t_flicker=4 t_touched=4
Ep  3850 | score  209.81 | avg100  185.45 | grasp100  82.0% | best 0.850 |     41 st/s
    done(50): success=40 t_flicker=8 t_touched=2
Ep  3900 | score  209.33 | avg100  186.66 | grasp100  83.0% | best 0.850 |     41 st/s
    done(50): success=43 t_flicker=5 t_touched=2
Ep  3946 | * BEST  level200=2.00 grasp200= 86.5% metric=0.865 | score  208.31
Ep  3950 | score  199.46 | avg100  194.42 | grasp100  91.0% | best 0.865 |     41 st/s
    done(50): success=48 t_flicker=1 t_touched=1
Ep  3976 | * BEST  level200=2.00 grasp200= 88.0% metric=0.880 | score  208.75
Ep  4000 | score  209.80 | avg100  198.05 | grasp100  94.0% | best 0.880 |     40 st/s
    done(50): success=46 t_flicker=2 t_touched=2
  [primacy-bias reset of critic heads @ 100000 updates]
Ep  4050 | score  221.27 | avg100  183.11 | grasp100  83.0% | best 0.880 |     40 st/s
    done(50): success=37 t_flicker=12 t_touched=1
Ep  4100 | score   71.76 | avg100   82.32 | grasp100  41.0% | best 0.880 |     41 st/s
    done(50): success=4 t_flicker=9 t_touched=17 t_no_reach=20
Ep  4150 | score  209.89 | avg100   59.19 | grasp100  31.0% | best 0.880 |     41 st/s
    done(50): success=27 t_flicker=15 t_touched=8
Ep  4200 | score   79.53 | avg100  143.90 | grasp100  63.0% | best 0.880 |     41 st/s
    done(50): success=36 t_flicker=9 t_touched=5
Ep  4250 | score  207.80 | avg100  168.03 | grasp100  75.0% | best 0.880 |     41 st/s
    done(50): success=39 t_flicker=8 t_touched=3
Ep  4300 | score  207.99 | avg100  181.20 | grasp100  83.0% | best 0.880 |     41 st/s
    done(50): success=44 t_flicker=5 t_touched=1
Ep  4350 | score  214.51 | avg100  184.18 | grasp100  84.0% | best 0.880 |     41 st/s
    done(50): success=40 t_flicker=7 t_touched=3
Ep  4400 | score  209.28 | avg100  189.39 | grasp100  87.0% | best 0.880 |     41 st/s
    done(50): success=47 t_flicker=3
Ep  4450 | score  212.39 | avg100  194.64 | grasp100  89.0% | best 0.880 |     40 st/s
    done(50): success=42 t_flicker=8
Ep  4500 | score  209.30 | avg100  186.87 | grasp100  84.0% | best 0.880 |     40 st/s
    done(50): success=42 t_flicker=6 t_touched=2
Ep  4550 | score  102.82 | avg100  190.30 | grasp100  86.0% | best 0.880 |     40 st/s
    done(50): success=44 t_flicker=6
Ep  4600 | score  210.81 | avg100  188.92 | grasp100  84.0% | best 0.880 |     40 st/s
    done(50): success=40 t_flicker=7 t_touched=3
Ep  4650 | score  209.72 | avg100  188.85 | grasp100  86.0% | best 0.880 |     40 st/s
    done(50): success=46 t_flicker=4
Ep  4700 | score  205.50 | avg100  196.81 | grasp100  92.0% | best 0.880 |     40 st/s
    done(50): success=46 t_flicker=3 t_touched=1
Ep  4750 | score  208.54 | avg100  193.48 | grasp100  89.0% | best 0.880 |     40 st/s
    done(50): success=43 t_flicker=5 t_touched=2
Ep  4800 | score  209.47 | avg100  188.86 | grasp100  85.0% | best 0.880 |     40 st/s
    done(50): success=42 t_flicker=7 t_touched=1
Ep  4850 | score  209.08 | avg100  191.84 | grasp100  86.0% | best 0.880 |     40 st/s
    done(50): success=44 t_flicker=5 t_touched=1
Ep  4900 | score  210.38 | avg100  190.87 | grasp100  86.0% | best 0.880 |     40 st/s
    done(50): success=42 t_flicker=7 t_touched=1
Ep  4950 | score  210.63 | avg100  189.46 | grasp100  86.0% | best 0.880 |     40 st/s
    done(50): success=44 t_flicker=6
Ep  5000 | score  204.68 | avg100  193.68 | grasp100  89.0% | best 0.880 |     40 st/s
    done(50): success=45 t_flicker=4 t_touched=1
Ep  5050 | score  207.76 | avg100  194.32 | grasp100  89.0% | best 0.880 |     40 st/s
    done(50): success=44 t_flicker=5 t_touched=1
Ep  5075 | * BEST  level200=2.00 grasp200= 89.5% metric=0.895 | score  208.60
Ep  5100 | score  207.99 | avg100  197.03 | grasp100  91.0% | best 0.895 |     40 st/s
    done(50): success=47 t_flicker=3
Ep  5150 | score  208.74 | avg100  194.24 | grasp100  89.0% | best 0.895 |     40 st/s
    done(50): success=42 t_flicker=7 t_touched=1
Ep  5200 | score  207.68 | avg100  193.69 | grasp100  88.0% | best 0.895 |     40 st/s
    done(50): success=46 t_flicker=4
Ep  5250 | score  207.61 | avg100  197.81 | grasp100  91.0% | best 0.895 |     40 st/s
    done(50): success=45 t_flicker=5
Ep  5300 | score  208.33 | avg100  197.42 | grasp100  91.0% | best 0.895 |     40 st/s
    done(50): success=46 t_flicker=4
Ep  5317 | * BEST  level200=2.00 grasp200= 91.0% metric=0.910 | score  209.65
Ep  5350 | score  210.37 | avg100  193.22 | grasp100  89.0% | best 0.910 |     40 st/s
    done(50): success=43 t_flicker=6 t_touched=1
Ep  5400 | score  210.45 | avg100  194.73 | grasp100  90.0% | best 0.910 |     40 st/s
    done(50): success=47 t_flicker=3
Ep  5450 | score  241.91 | avg100  197.12 | grasp100  91.0% | best 0.910 |     40 st/s
    done(50): success=44 t_flicker=5 t_touched=1
Ep  5500 | score  207.86 | avg100  195.57 | grasp100  90.0% | best 0.910 |     40 st/s
    done(50): success=46 t_flicker=3 t_touched=1
  [primacy-bias reset of critic heads @ 125000 updates]
Ep  5550 | score  194.99 | avg100  123.26 | grasp100  62.0% | best 0.910 |     40 st/s
    done(50): success=16 t_flicker=11 t_touched=6 t_no_reach=17
Ep  5600 | score  210.73 | avg100  105.09 | grasp100  50.0% | best 0.910 |     40 st/s
    done(50): success=34 t_flicker=15 t_no_reach=1
Ep  5650 | score  208.01 | avg100  172.87 | grasp100  75.0% | best 0.910 |     40 st/s
    done(50): success=41 t_flicker=7 t_touched=1 t_no_reach=1
Ep  5700 | score  208.41 | avg100  174.27 | grasp100  76.0% | best 0.910 |     40 st/s
    done(50): success=35 t_flicker=13 t_touched=1 t_no_reach=1
Ep  5750 | score  119.92 | avg100  170.40 | grasp100  72.0% | best 0.910 |     40 st/s
    done(50): success=37 t_flicker=12 t_touched=1
Ep  5800 | score  208.87 | avg100  184.02 | grasp100  81.0% | best 0.910 |     40 st/s
    done(50): success=44 t_flicker=6
Ep  5850 | score  210.90 | avg100  188.61 | grasp100  87.0% | best 0.910 |     40 st/s
    done(50): success=43 t_flicker=7
Ep  5900 | score  -45.58 | avg100  182.64 | grasp100  83.0% | best 0.910 |     40 st/s
    done(50): success=40 t_flicker=8 t_touched=2
Ep  5950 | score  205.97 | avg100  190.14 | grasp100  87.0% | best 0.910 |     40 st/s
    done(50): success=47 t_flicker=3
Ep  6000 | score  209.39 | avg100  196.00 | grasp100  90.0% | best 0.910 |     40 st/s
    done(50): success=43 t_flicker=7

========================================================================
DONE  td3_ln_wclip0_s0
  Episodes     : 6000
  Env steps    : 341,495  (8557s)
  Best metric  : 0.910  (policy in /home/fahim/Thesis_fahim/pickandplace/checkpoints/td3_grasp_rand_td3_ln_wclip0_s0/best)
  Final grasp% : 90.0
  CSV          : /home/fahim/Thesis_fahim/pickandplace/logs/grasp_rand_td3_ln_wclip0_s0/episodes.csv
  Probe CSV    : /home/fahim/Thesis_fahim/pickandplace/logs/grasp_rand_td3_ln_wclip0_s0/probe.csv
  Manifest     : /home/fahim/Thesis_fahim/pickandplace/logs/grasp_rand_td3_ln_wclip0_s0/manifest.json
========================================================================

