========================================================================
RANDOM-SPAWN GRASP RETRAINING  |  algo=td3_ln  run=td3_ln_wclip8_s5
========================================================================
  Envs                : 5 (subprocess-parallel, fork)
  Spawn level         : 2.0 (1.0 = full position box, 2.0 = + z-rotation)
  Updates/vec-step    : 2 (0.400 per env-step; historical baseline 0.5)
  Buffer              : 200,000
  Network             : 64 -> 32  (5,216 weights)
  Warm start          : checkpoints/td3_grasp_rand_td3_ln_liftcert_phaseB_s2/best
  Checkpoints         : /home/fahim/Thesis_fahim/pickandplace/checkpoints/td3_grasp_rand_td3_ln_wclip8_s5
========================================================================

Spawning 5 subprocess environments (fork)...
[robosuite WARNING] No private macro file found! (__init__.py:7)
[robosuite WARNING] It is recommended to use a private macro file (__init__.py:8)
[robosuite WARNING] To setup, run: python /home/fahim/Thesis_fahim/venv/lib/python3.12/site-packages/robosuite/scripts/setup_macros.py (__init__.py:9)
[robosuite WARNING] No private macro file found! (__init__.py:7)
[robosuite WARNING] It is recommended to use a private macro file (__init__.py:8)
[robosuite WARNING] To setup, run: python /home/fahim/Thesis_fahim/venv/lib/python3.12/site-packages/robosuite/scripts/setup_macros.py (__init__.py:9)
[robosuite WARNING] No private macro file found! (__init__.py:7)
[robosuite WARNING] It is recommended to use a private macro file (__init__.py:8)
[robosuite WARNING] To setup, run: python /home/fahim/Thesis_fahim/venv/lib/python3.12/site-packages/robosuite/scripts/setup_macros.py (__init__.py:9)
[robosuite WARNING] No private macro file found! (__init__.py:7)
[robosuite WARNING] It is recommended to use a private macro file (__init__.py:8)
[robosuite WARNING] To setup, run: python /home/fahim/Thesis_fahim/venv/lib/python3.12/site-packages/robosuite/scripts/setup_macros.py (__init__.py:9)
[robosuite WARNING] No private macro file found! (__init__.py:7)
[robosuite WARNING] It is recommended to use a private macro file (__init__.py:8)
[robosuite WARNING] To setup, run: python /home/fahim/Thesis_fahim/venv/lib/python3.12/site-packages/robosuite/scripts/setup_macros.py (__init__.py:9)
Gym has been unmaintained since 2022 and does not support NumPy 2.0 amongst other critical functionality.
Please upgrade to Gymnasium, the maintained drop-in replacement of Gym, or contact the authors of your software and request that they upgrade.
See the migration guide at https://gymnasium.farama.org/introduction/migration_guide/ for additional information.
Gym has been unmaintained since 2022 and does not support NumPy 2.0 amongst other critical functionality.
Please upgrade to Gymnasium, the maintained drop-in replacement of Gym, or contact the authors of your software and request that they upgrade.
See the migration guide at https://gymnasium.farama.org/introduction/migration_guide/ for additional information.
Gym has been unmaintained since 2022 and does not support NumPy 2.0 amongst other critical functionality.
Please upgrade to Gymnasium, the maintained drop-in replacement of Gym, or contact the authors of your software and request that they upgrade.
See the migration guide at https://gymnasium.farama.org/introduction/migration_guide/ for additional information.
Gym has been unmaintained since 2022 and does not support NumPy 2.0 amongst other critical functionality.
Please upgrade to Gymnasium, the maintained drop-in replacement of Gym, or contact the authors of your software and request that they upgrade.
See the migration guide at https://gymnasium.farama.org/introduction/migration_guide/ for additional information.
Gym has been unmaintained since 2022 and does not support NumPy 2.0 amongst other critical functionality.
Please upgrade to Gymnasium, the maintained drop-in replacement of Gym, or contact the authors of your software and request that they upgrade.
See the migration guide at https://gymnasium.farama.org/introduction/migration_guide/ for additional information.
/home/fahim/Thesis_fahim/venv/lib/python3.12/site-packages/gym/spaces/box.py:84: UserWarning: [33mWARN: Box bound precision lowered by casting to float32[0m
  logger.warn(f"Box bound precision lowered by casting to {self.dtype}")
/home/fahim/Thesis_fahim/venv/lib/python3.12/site-packages/gym/spaces/box.py:84: UserWarning: [33mWARN: Box bound precision lowered by casting to float32[0m
  logger.warn(f"Box bound precision lowered by casting to {self.dtype}")
/home/fahim/Thesis_fahim/venv/lib/python3.12/site-packages/gym/spaces/box.py:84: UserWarning: [33mWARN: Box bound precision lowered by casting to float32[0m
  logger.warn(f"Box bound precision lowered by casting to {self.dtype}")
/home/fahim/Thesis_fahim/venv/lib/python3.12/site-packages/gym/spaces/box.py:84: UserWarning: [33mWARN: Box bound precision lowered by casting to float32[0m
  logger.warn(f"Box bound precision lowered by casting to {self.dtype}")
/home/fahim/Thesis_fahim/venv/lib/python3.12/site-packages/gym/spaces/box.py:84: UserWarning: [33mWARN: Box bound precision lowered by casting to float32[0m
  logger.warn(f"Box bound precision lowered by casting to {self.dtype}")
Gym has been unmaintained since 2022 and does not support NumPy 2.0 amongst other critical functionality.
Please upgrade to Gymnasium, the maintained drop-in replacement of Gym, or contact the authors of your software and request that they upgrade.
See the migration guide at https://gymnasium.farama.org/introduction/migration_guide/ for additional information.
5 environments ready.

  Actor weight clip   : |w| <= 8.0 * std(w) per Linear tensor (bi_s0 baseline fc1 9.96 / fc2 10.82)
Init: warm-started (source: /home/fahim/Thesis_fahim/pickandplace/checkpoints/td3_grasp_rand_td3_ln_liftcert_phaseB_s2/best)
Fresh replay buffer.

Training...

Ep    50 | score  206.82 | avg100  159.56 | grasp100  60.0% | best 0.000 |     65 st/s
    done(50): success=30 t_flicker=20
Ep   100 | score   57.42 | avg100  147.54 | grasp100  54.0% | best 0.000 |     64 st/s
    done(50): success=24 t_flicker=24 t_touched=2
Ep   150 | score  208.06 | avg100  141.07 | grasp100  53.0% | best 0.000 |     60 st/s
    done(50): success=29 t_flicker=18 t_touched=3
Ep   200 | * BEST  level200=2.00 grasp200= 57.0% metric=0.570 | score  211.42
Ep   217 | * BEST  level200=2.00 grasp200= 58.5% metric=0.585 | score  207.14
Ep   230 | * BEST  level200=2.00 grasp200= 60.0% metric=0.600 | score  207.63
Ep   250 | score   69.79 | avg100  156.93 | grasp100  65.0% | best 0.600 |     51 st/s
    done(50): success=34 t_flicker=16
Ep   294 | * BEST  level200=2.00 grasp200= 61.5% metric=0.615 | score  196.19
Ep   300 | score  206.02 | avg100  158.51 | grasp100  65.0% | best 0.615 |     50 st/s
    done(50): success=31 t_flicker=16 t_touched=3
Ep   304 | * BEST  level200=2.00 grasp200= 63.0% metric=0.630 | score  211.79
Ep   350 | score  200.52 | avg100  132.19 | grasp100  51.0% | best 0.630 |     50 st/s
    done(50): success=20 t_flicker=28 t_touched=2
Ep   400 | score   51.41 | avg100  112.26 | grasp100  42.0% | best 0.630 |     51 st/s
    done(50): success=22 t_flicker=23 t_touched=5
Ep   450 | score  208.73 | avg100  133.16 | grasp100  52.0% | best 0.630 |     50 st/s
    done(50): success=30 t_flicker=18 t_touched=2
Ep   500 | score   92.38 | avg100  148.58 | grasp100  59.0% | best 0.630 |     49 st/s
    done(50): success=29 t_flicker=18 t_touched=3
Ep   550 | score  207.18 | avg100  157.81 | grasp100  64.0% | best 0.630 |     48 st/s
    done(50): success=35 t_flicker=15
Ep   584 | * BEST  level200=2.00 grasp200= 64.5% metric=0.645 | score  207.98
Ep   595 | * BEST  level200=2.00 grasp200= 66.0% metric=0.660 | score  208.53
Ep   600 | score  200.52 | avg100  174.63 | grasp100  75.0% | best 0.660 |     48 st/s
    done(50): success=40 t_flicker=9 t_touched=1
Ep   604 | * BEST  level200=2.00 grasp200= 67.5% metric=0.675 | score  208.23
Ep   625 | * BEST  level200=2.00 grasp200= 69.0% metric=0.690 | score  208.89
Ep   629 | * BEST  level200=2.00 grasp200= 70.5% metric=0.705 | score  207.60
Ep   650 | score  207.62 | avg100  165.44 | grasp100  72.0% | best 0.705 |     47 st/s
    done(50): success=32 t_flicker=16 t_touched=1 t_no_reach=1
Ep   686 | * BEST  level200=2.00 grasp200= 72.0% metric=0.720 | score  213.43
Ep   700 | score  -31.45 | avg100  157.64 | grasp100  67.0% | best 0.720 |     47 st/s
    done(50): success=35 t_flicker=12 t_touched=3
Ep   750 | score  216.85 | avg100  168.30 | grasp100  72.0% | best 0.720 |     46 st/s
    done(50): success=37 t_flicker=12 t_touched=1
Ep   759 | * BEST  level200=2.00 grasp200= 73.5% metric=0.735 | score  207.81
Ep   800 | score  208.07 | avg100  168.85 | grasp100  72.0% | best 0.735 |     46 st/s
    done(50): success=35 t_flicker=12 t_touched=3
Ep   850 | score  207.76 | avg100  156.06 | grasp100  65.0% | best 0.735 |     46 st/s
    done(50): success=30 t_flicker=17 t_touched=3
Ep   900 | score  205.95 | avg100  155.79 | grasp100  64.0% | best 0.735 |     46 st/s
    done(50): success=34 t_flicker=14 t_touched=2
Ep   950 | score   95.57 | avg100  161.42 | grasp100  67.0% | best 0.735 |     46 st/s
    done(50): success=33 t_flicker=12 t_touched=5
Ep  1000 | score  209.71 | avg100  155.79 | grasp100  64.0% | best 0.735 |     46 st/s
    done(50): success=31 t_flicker=14 t_touched=5
Ep  1050 | score  206.50 | avg100  143.24 | grasp100  56.0% | best 0.735 |     46 st/s
    done(50): success=25 t_flicker=19 t_touched=6
Ep  1100 | score  203.83 | avg100  156.28 | grasp100  64.0% | best 0.735 |     46 st/s
    done(50): success=39 t_flicker=9 t_touched=2
Ep  1150 | score  203.36 | avg100  170.88 | grasp100  72.0% | best 0.735 |     46 st/s
    done(50): success=33 t_flicker=14 t_touched=3
Ep  1200 | score  205.52 | avg100  153.20 | grasp100  62.0% | best 0.735 |     46 st/s
    done(50): success=29 t_flicker=16 t_touched=5
Ep  1250 | score   67.53 | avg100  154.54 | grasp100  62.0% | best 0.735 |     45 st/s
    done(50): success=33 t_flicker=15 t_touched=2
  [primacy-bias reset of critic heads @ 25000 updates]
Ep  1300 | score  -19.20 | avg100  113.98 | grasp100  50.0% | best 0.735 |     46 st/s
    done(50): success=17 t_flicker=10 t_touched=5 t_no_reach=18
Ep  1350 | score  207.88 | avg100   81.63 | grasp100  39.0% | best 0.735 |     47 st/s
    done(50): success=22 t_flicker=14 t_touched=11 t_no_reach=3
Ep  1400 | score  209.05 | avg100  115.27 | grasp100  46.0% | best 0.735 |     47 st/s
    done(50): success=24 t_flicker=18 t_touched=8
Ep  1450 | score   72.80 | avg100  141.75 | grasp100  54.0% | best 0.735 |     47 st/s
    done(50): success=30 t_flicker=18 t_touched=2
Ep  1500 | score    3.89 | avg100  162.77 | grasp100  65.0% | best 0.735 |     47 st/s
    done(50): success=35 t_flicker=13 t_touched=2
Ep  1550 | score  215.67 | avg100  154.41 | grasp100  61.0% | best 0.735 |     47 st/s
    done(50): success=26 t_flicker=22 t_touched=2
Ep  1600 | score  205.58 | avg100  157.13 | grasp100  63.0% | best 0.735 |     47 st/s
    done(50): success=37 t_flicker=12 t_touched=1
Ep  1650 | score  210.89 | avg100  173.39 | grasp100  75.0% | best 0.735 |     47 st/s
    done(50): success=38 t_flicker=10 t_touched=2
Ep  1700 | score  203.60 | avg100  178.56 | grasp100  80.0% | best 0.735 |     47 st/s
    done(50): success=42 t_flicker=8
Ep  1741 | * BEST  level200=2.00 grasp200= 75.0% metric=0.750 | score  208.18
Ep  1750 | score  208.73 | avg100  172.55 | grasp100  75.0% | best 0.750 |     47 st/s
    done(50): success=33 t_flicker=14 t_touched=3
Ep  1800 | score  211.16 | avg100  167.11 | grasp100  71.0% | best 0.750 |     46 st/s
    done(50): success=38 t_flicker=12
Ep  1811 | * BEST  level200=2.00 grasp200= 76.5% metric=0.765 | score  207.36
Ep  1850 | score  -63.13 | avg100  164.89 | grasp100  70.0% | best 0.765 |     46 st/s
    done(50): success=32 t_flicker=13 t_touched=5
Ep  1900 | score  208.76 | avg100  158.85 | grasp100  67.0% | best 0.765 |     46 st/s
    done(50): success=35 t_flicker=12 t_touched=3
Ep  1950 | score  201.25 | avg100  154.06 | grasp100  64.0% | best 0.765 |     47 st/s
    done(50): success=29 t_flicker=19 t_touched=2
Ep  2000 | score   97.74 | avg100  154.03 | grasp100  61.0% | best 0.765 |     47 st/s
    done(50): success=32 t_flicker=14 t_touched=4
Ep  2050 | score   60.71 | avg100  163.92 | grasp100  67.0% | best 0.765 |     47 st/s
    done(50): success=35 t_flicker=14 t_touched=1
Ep  2100 | score  199.92 | avg100  168.30 | grasp100  71.0% | best 0.765 |     46 st/s
    done(50): success=36 t_flicker=14
Ep  2150 | score  207.99 | avg100  181.71 | grasp100  80.0% | best 0.765 |     46 st/s
    done(50): success=44 t_flicker=6
Ep  2200 | score  212.56 | avg100  183.32 | grasp100  82.0% | best 0.765 |     46 st/s
    done(50): success=38 t_flicker=11 t_touched=1
Ep  2250 | score  209.02 | avg100  172.71 | grasp100  74.0% | best 0.765 |     46 st/s
    done(50): success=36 t_flicker=11 t_touched=3
Ep  2255 | * BEST  level200=2.00 grasp200= 78.0% metric=0.780 | score  206.62
Ep  2269 | * BEST  level200=2.00 grasp200= 79.5% metric=0.795 | score  227.10
Ep  2300 | score  206.03 | avg100  167.87 | grasp100  71.0% | best 0.795 |     46 st/s
    done(50): success=35 t_flicker=14 t_touched=1
  [primacy-bias reset of critic heads @ 50000 updates]
Ep  2350 | score  -76.99 | avg100   97.67 | grasp100  48.0% | best 0.795 |     47 st/s
    done(50): success=13 t_flicker=6 t_touched=6 t_no_reach=25
Ep  2400 | score  208.32 | avg100   77.11 | grasp100  40.0% | best 0.795 |     47 st/s
    done(50): success=27 t_flicker=11 t_touched=5 t_no_reach=7
Ep  2450 | score  105.82 | avg100  141.65 | grasp100  60.0% | best 0.795 |     47 st/s
    done(50): success=33 t_flicker=14 t_touched=3
Ep  2500 | score  208.45 | avg100  154.17 | grasp100  65.0% | best 0.795 |     47 st/s
    done(50): success=32 t_flicker=10 t_touched=8
Ep  2550 | score   57.22 | avg100  160.81 | grasp100  69.0% | best 0.795 |     47 st/s
    done(50): success=37 t_flicker=10 t_touched=3
Ep  2600 | score  210.50 | avg100  173.67 | grasp100  77.0% | best 0.795 |     47 st/s
    done(50): success=40 t_flicker=9 t_touched=1
Ep  2650 | score  208.56 | avg100  180.51 | grasp100  81.0% | best 0.795 |     47 st/s
    done(50): success=41 t_flicker=7 t_touched=2
Ep  2700 | score  209.67 | avg100  176.54 | grasp100  76.0% | best 0.795 |     47 st/s
    done(50): success=35 t_flicker=14 t_touched=1
Ep  2750 | score  201.47 | avg100  178.25 | grasp100  76.0% | best 0.795 |     47 st/s
    done(50): success=41 t_flicker=8 t_touched=1
Ep  2800 | score  205.61 | avg100  189.03 | grasp100  84.0% | best 0.795 |     47 st/s
    done(50): success=43 t_flicker=5 t_touched=2
Ep  2802 | * BEST  level200=2.00 grasp200= 81.0% metric=0.810 | score  209.05
Ep  2823 | * BEST  level200=2.00 grasp200= 82.5% metric=0.825 | score  208.70
Ep  2850 | score  212.01 | avg100  187.82 | grasp100  85.0% | best 0.825 |     47 st/s
    done(50): success=42 t_flicker=6 t_touched=2
Ep  2900 | score  224.75 | avg100  185.71 | grasp100  83.0% | best 0.825 |     47 st/s
    done(50): success=41 t_flicker=7 t_touched=2
Ep  2950 | score  279.58 | avg100  175.53 | grasp100  77.0% | best 0.825 |     47 st/s
    done(50): success=36 t_flicker=10 t_touched=4
Ep  3000 | score  201.73 | avg100  173.07 | grasp100  76.0% | best 0.825 |     47 st/s
    done(50): success=40 t_flicker=10
Ep  3050 | score  205.66 | avg100  179.82 | grasp100  80.0% | best 0.825 |     47 st/s
    done(50): success=40 t_flicker=8 t_touched=2
Ep  3100 | score  206.73 | avg100  182.66 | grasp100  82.0% | best 0.825 |     47 st/s
    done(50): success=42 t_flicker=6 t_touched=2
Ep  3150 | score  207.41 | avg100  182.63 | grasp100  83.0% | best 0.825 |     47 st/s
    done(50): success=41 t_flicker=7 t_touched=2
Ep  3200 | score  198.29 | avg100  180.24 | grasp100  81.0% | best 0.825 |     47 st/s
    done(50): success=40 t_flicker=10
Ep  3250 | score  212.89 | avg100  183.96 | grasp100  83.0% | best 0.825 |     47 st/s
    done(50): success=43 t_flicker=7
Ep  3300 | score  203.08 | avg100  181.32 | grasp100  82.0% | best 0.825 |     47 st/s
    done(50): success=39 t_flicker=7 t_touched=4
Ep  3343 | * BEST  level200=2.00 grasp200= 84.0% metric=0.840 | score  208.02
Ep  3349 | * BEST  level200=2.00 grasp200= 85.5% metric=0.855 | score  208.01
Ep  3350 | score  204.94 | avg100  189.94 | grasp100  88.0% | best 0.855 |     47 st/s
    done(50): success=49 t_flicker=1
Ep  3400 | score  195.21 | avg100  194.11 | grasp100  91.0% | best 0.855 |     47 st/s
    done(50): success=42 t_flicker=7 t_touched=1
Ep  3450 | score  207.84 | avg100  178.00 | grasp100  80.0% | best 0.855 |     46 st/s
    done(50): success=38 t_flicker=11 t_touched=1
Ep  3500 | score  209.28 | avg100  177.79 | grasp100  79.0% | best 0.855 |     46 st/s
    done(50): success=41 t_flicker=9
Ep  3550 | score  205.89 | avg100  189.09 | grasp100  84.0% | best 0.855 |     46 st/s
    done(50): success=43 t_flicker=7
  [primacy-bias reset of critic heads @ 75000 updates]
Ep  3600 | score   62.22 | avg100  131.54 | grasp100  59.0% | best 0.855 |     47 st/s
    done(50): success=16 t_flicker=15 t_touched=9 t_no_reach=10
Ep  3650 | score   60.80 | avg100   76.17 | grasp100  34.0% | best 0.855 |     47 st/s
    done(50): success=18 t_flicker=17 t_touched=11 t_no_reach=4
Ep  3700 | score  204.53 | avg100  116.03 | grasp100  49.0% | best 0.855 |     47 st/s
    done(50): success=31 t_flicker=14 t_touched=5
Ep  3750 | score  209.26 | avg100  164.79 | grasp100  73.0% | best 0.855 |     47 st/s
    done(50): success=42 t_flicker=6 t_touched=2
Ep  3800 | score  212.47 | avg100  180.50 | grasp100  84.0% | best 0.855 |     47 st/s
    done(50): success=42 t_flicker=5 t_touched=3
Ep  3850 | score  201.42 | avg100  176.87 | grasp100  80.0% | best 0.855 |     47 st/s
    done(50): success=38 t_flicker=9 t_touched=3
Ep  3900 | score  206.84 | avg100  178.32 | grasp100  79.0% | best 0.855 |     47 st/s
    done(50): success=41 t_flicker=8 t_touched=1
Ep  3950 | score  207.19 | avg100  190.40 | grasp100  87.0% | best 0.855 |     47 st/s
    done(50): success=46 t_flicker=4
Ep  4000 | score  209.79 | avg100  193.69 | grasp100  91.0% | best 0.855 |     47 st/s
    done(50): success=45 t_flicker=4 t_touched=1
Ep  4011 | * BEST  level200=2.00 grasp200= 87.0% metric=0.870 | score  209.03
Ep  4018 | * BEST  level200=2.00 grasp200= 88.5% metric=0.885 | score  209.39
Ep  4050 | score  208.80 | avg100  192.89 | grasp100  91.0% | best 0.885 |     47 st/s
    done(50): success=46 t_flicker=4
Ep  4058 | * BEST  level200=2.00 grasp200= 90.0% metric=0.900 | score  208.17
Ep  4094 | * BEST  level200=2.00 grasp200= 91.5% metric=0.915 | score  211.21
Ep  4100 | score  209.12 | avg100  191.44 | grasp100  89.0% | best 0.915 |     47 st/s
    done(50): success=43 t_flicker=6 t_touched=1
Ep  4150 | score  203.92 | avg100  185.10 | grasp100  84.0% | best 0.915 |     47 st/s
    done(50): success=41 t_flicker=9
Ep  4200 | score  209.05 | avg100  187.94 | grasp100  86.0% | best 0.915 |     47 st/s
    done(50): success=45 t_flicker=4 t_no_reach=1
Ep  4250 | score  208.69 | avg100  190.31 | grasp100  90.0% | best 0.915 |     47 st/s
    done(50): success=45 t_flicker=3 t_touched=2
Ep  4300 | score  209.06 | avg100  195.09 | grasp100  91.0% | best 0.915 |     47 st/s
    done(50): success=46 t_flicker=4
Ep  4350 | score  210.12 | avg100  196.15 | grasp100  90.0% | best 0.915 |     47 st/s
    done(50): success=44 t_flicker=5 t_touched=1
Ep  4400 | score  211.28 | avg100  190.82 | grasp100  88.0% | best 0.915 |     47 st/s
    done(50): success=44 t_flicker=4 t_touched=2
Ep  4450 | score  207.57 | avg100  187.31 | grasp100  88.0% | best 0.915 |     47 st/s
    done(50): success=44 t_flicker=3 t_touched=3
Ep  4500 | score  208.27 | avg100  190.62 | grasp100  90.0% | best 0.915 |     47 st/s
    done(50): success=46 t_flicker=4
Ep  4550 | score  205.75 | avg100  190.06 | grasp100  87.0% | best 0.915 |     47 st/s
    done(50): success=41 t_flicker=7 t_touched=2
Ep  4600 | score   94.86 | avg100  182.83 | grasp100  83.0% | best 0.915 |     46 st/s
    done(50): success=42 t_flicker=5 t_touched=2 t_no_reach=1
Ep  4650 | score  237.98 | avg100  190.87 | grasp100  88.0% | best 0.915 |     46 st/s
    done(50): success=46 t_flicker=3 t_touched=1
Ep  4700 | score  214.56 | avg100  194.30 | grasp100  90.0% | best 0.915 |     46 st/s
    done(50): success=44 t_flicker=5 t_touched=1
Ep  4750 | score  214.14 | avg100  191.63 | grasp100  88.0% | best 0.915 |     46 st/s
    done(50): success=44 t_flicker=6
Ep  4800 | score  212.22 | avg100  194.26 | grasp100  90.0% | best 0.915 |     46 st/s
    done(50): success=46 t_flicker=3 t_touched=1
Ep  4850 | score   94.00 | avg100  191.91 | grasp100  90.0% | best 0.915 |     46 st/s
    done(50): success=44 t_flicker=5 t_touched=1
Ep  4900 | score  212.55 | avg100  188.43 | grasp100  87.0% | best 0.915 |     46 st/s
    done(50): success=43 t_flicker=7
Ep  4950 | score  207.03 | avg100  190.62 | grasp100  87.0% | best 0.915 |     46 st/s
    done(50): success=44 t_flicker=6
  [primacy-bias reset of critic heads @ 100000 updates]
Ep  5000 | score  -52.98 | avg100  131.51 | grasp100  64.0% | best 0.915 |     47 st/s
    done(50): success=20 t_flicker=6 t_touched=10 t_no_reach=14
Ep  5050 | score   93.95 | avg100   61.87 | grasp100  34.0% | best 0.915 |     47 st/s
    done(50): success=14 t_flicker=16 t_touched=15 t_no_reach=5
Ep  5100 | score  -58.93 | avg100   72.82 | grasp100  36.0% | best 0.915 |     47 st/s
    done(50): success=22 t_flicker=7 t_touched=16 t_no_reach=5
Ep  5150 | score  210.44 | avg100  126.26 | grasp100  57.0% | best 0.915 |     47 st/s
    done(50): success=35 t_flicker=10 t_touched=5
Ep  5200 | score   64.68 | avg100  168.98 | grasp100  74.0% | best 0.915 |     47 st/s
    done(50): success=39 t_flicker=9 t_touched=2
Ep  5250 | score  209.21 | avg100  184.98 | grasp100  84.0% | best 0.915 |     47 st/s
    done(50): success=45 t_flicker=5
Ep  5300 | score  207.27 | avg100  192.78 | grasp100  88.0% | best 0.915 |     47 st/s
    done(50): success=43 t_flicker=5 t_touched=2
Ep  5350 | score  209.57 | avg100  190.34 | grasp100  85.0% | best 0.915 |     47 st/s
    done(50): success=42 t_flicker=7 t_touched=1
Ep  5400 | score  201.45 | avg100  190.17 | grasp100  86.0% | best 0.915 |     47 st/s
    done(50): success=44 t_flicker=5 t_touched=1
Ep  5450 | score   93.02 | avg100  192.58 | grasp100  88.0% | best 0.915 |     47 st/s
    done(50): success=44 t_flicker=5 t_no_reach=1
Ep  5500 | score  201.85 | avg100  191.98 | grasp100  87.0% | best 0.915 |     47 st/s
    done(50): success=43 t_flicker=4 t_touched=3
Ep  5550 | score  206.96 | avg100  187.14 | grasp100  83.0% | best 0.915 |     47 st/s
    done(50): success=40 t_flicker=6 t_touched=4
Ep  5600 | score  101.11 | avg100  188.48 | grasp100  83.0% | best 0.915 |     47 st/s
    done(50): success=43 t_flicker=6 t_touched=1
Ep  5650 | score  207.82 | avg100  192.34 | grasp100  86.0% | best 0.915 |     47 st/s
    done(50): success=43 t_flicker=7
Ep  5700 | score  209.34 | avg100  194.16 | grasp100  88.0% | best 0.915 |     47 st/s
    done(50): success=45 t_flicker=5
Ep  5750 | score  208.06 | avg100  191.93 | grasp100  87.0% | best 0.915 |     47 st/s
    done(50): success=42 t_flicker=8
Ep  5800 | score  210.98 | avg100  191.01 | grasp100  88.0% | best 0.915 |     47 st/s
    done(50): success=46 t_flicker=4
Ep  5850 | score   54.21 | avg100  182.68 | grasp100  82.0% | best 0.915 |     47 st/s
    done(50): success=36 t_flicker=12 t_touched=2
Ep  5900 | score   -1.52 | avg100  175.99 | grasp100  78.0% | best 0.915 |     47 st/s
    done(50): success=42 t_flicker=5 t_touched=3
Ep  5950 | score  206.48 | avg100  192.14 | grasp100  90.0% | best 0.915 |     47 st/s
    done(50): success=48 t_flicker=2
Ep  6000 | score  205.25 | avg100  197.01 | grasp100  92.0% | best 0.915 |     47 st/s
    done(50): success=44 t_flicker=6

========================================================================
DONE  td3_ln_wclip8_s5
  Episodes     : 6001
  Env steps    : 309,615  (6602s)
  Best metric  : 0.915  (policy in /home/fahim/Thesis_fahim/pickandplace/checkpoints/td3_grasp_rand_td3_ln_wclip8_s5/best)
  Final grasp% : 92.0
  CSV          : /home/fahim/Thesis_fahim/pickandplace/logs/grasp_rand_td3_ln_wclip8_s5/episodes.csv
  Probe CSV    : /home/fahim/Thesis_fahim/pickandplace/logs/grasp_rand_td3_ln_wclip8_s5/probe.csv
  Manifest     : /home/fahim/Thesis_fahim/pickandplace/logs/grasp_rand_td3_ln_wclip8_s5/manifest.json
========================================================================

