========================================================================
RANDOM-SPAWN GRASP RETRAINING  |  algo=td3_ln  run=td3_ln_wclip8_s2
========================================================================
  Envs                : 5 (subprocess-parallel, fork)
  Spawn level         : 2.0 (1.0 = full position box, 2.0 = + z-rotation)
  Updates/vec-step    : 2 (0.400 per env-step; historical baseline 0.5)
  Buffer              : 200,000
  Network             : 64 -> 32 (deployment-fixed)
  Warm start          : checkpoints/td3_grasp_rand_td3_ln_liftcert_phaseB_s2/best
  Checkpoints         : /home/fahim/Thesis_fahim/pickandplace/checkpoints/td3_grasp_rand_td3_ln_wclip8_s2
========================================================================

Spawning 5 subprocess environments (fork)...
[robosuite WARNING] No private macro file found! (__init__.py:7)
[robosuite WARNING] It is recommended to use a private macro file (__init__.py:8)
[robosuite WARNING] To setup, run: python /home/fahim/Thesis_fahim/venv/lib/python3.12/site-packages/robosuite/scripts/setup_macros.py (__init__.py:9)
[robosuite WARNING] No private macro file found! (__init__.py:7)
[robosuite WARNING] It is recommended to use a private macro file (__init__.py:8)
[robosuite WARNING] To setup, run: python /home/fahim/Thesis_fahim/venv/lib/python3.12/site-packages/robosuite/scripts/setup_macros.py (__init__.py:9)
[robosuite WARNING] No private macro file found! (__init__.py:7)
[robosuite WARNING] It is recommended to use a private macro file (__init__.py:8)
[robosuite WARNING] To setup, run: python /home/fahim/Thesis_fahim/venv/lib/python3.12/site-packages/robosuite/scripts/setup_macros.py (__init__.py:9)
[robosuite WARNING] No private macro file found! (__init__.py:7)
[robosuite WARNING] It is recommended to use a private macro file (__init__.py:8)
[robosuite WARNING] To setup, run: python /home/fahim/Thesis_fahim/venv/lib/python3.12/site-packages/robosuite/scripts/setup_macros.py (__init__.py:9)
[robosuite WARNING] No private macro file found! (__init__.py:7)
[robosuite WARNING] It is recommended to use a private macro file (__init__.py:8)
[robosuite WARNING] To setup, run: python /home/fahim/Thesis_fahim/venv/lib/python3.12/site-packages/robosuite/scripts/setup_macros.py (__init__.py:9)
Gym has been unmaintained since 2022 and does not support NumPy 2.0 amongst other critical functionality.
Please upgrade to Gymnasium, the maintained drop-in replacement of Gym, or contact the authors of your software and request that they upgrade.
See the migration guide at https://gymnasium.farama.org/introduction/migration_guide/ for additional information.
Gym has been unmaintained since 2022 and does not support NumPy 2.0 amongst other critical functionality.
Please upgrade to Gymnasium, the maintained drop-in replacement of Gym, or contact the authors of your software and request that they upgrade.
See the migration guide at https://gymnasium.farama.org/introduction/migration_guide/ for additional information.
Gym has been unmaintained since 2022 and does not support NumPy 2.0 amongst other critical functionality.
Please upgrade to Gymnasium, the maintained drop-in replacement of Gym, or contact the authors of your software and request that they upgrade.
See the migration guide at https://gymnasium.farama.org/introduction/migration_guide/ for additional information.
Gym has been unmaintained since 2022 and does not support NumPy 2.0 amongst other critical functionality.
Please upgrade to Gymnasium, the maintained drop-in replacement of Gym, or contact the authors of your software and request that they upgrade.
See the migration guide at https://gymnasium.farama.org/introduction/migration_guide/ for additional information.
Gym has been unmaintained since 2022 and does not support NumPy 2.0 amongst other critical functionality.
Please upgrade to Gymnasium, the maintained drop-in replacement of Gym, or contact the authors of your software and request that they upgrade.
See the migration guide at https://gymnasium.farama.org/introduction/migration_guide/ for additional information.
/home/fahim/Thesis_fahim/venv/lib/python3.12/site-packages/gym/spaces/box.py:84: UserWarning: [33mWARN: Box bound precision lowered by casting to float32[0m
  logger.warn(f"Box bound precision lowered by casting to {self.dtype}")
/home/fahim/Thesis_fahim/venv/lib/python3.12/site-packages/gym/spaces/box.py:84: UserWarning: [33mWARN: Box bound precision lowered by casting to float32[0m
  logger.warn(f"Box bound precision lowered by casting to {self.dtype}")
Gym has been unmaintained since 2022 and does not support NumPy 2.0 amongst other critical functionality.
Please upgrade to Gymnasium, the maintained drop-in replacement of Gym, or contact the authors of your software and request that they upgrade.
See the migration guide at https://gymnasium.farama.org/introduction/migration_guide/ for additional information.
5 environments ready.

/home/fahim/Thesis_fahim/venv/lib/python3.12/site-packages/gym/spaces/box.py:84: UserWarning: [33mWARN: Box bound precision lowered by casting to float32[0m
  logger.warn(f"Box bound precision lowered by casting to {self.dtype}")
/home/fahim/Thesis_fahim/venv/lib/python3.12/site-packages/gym/spaces/box.py:84: UserWarning: [33mWARN: Box bound precision lowered by casting to float32[0m
  logger.warn(f"Box bound precision lowered by casting to {self.dtype}")
/home/fahim/Thesis_fahim/venv/lib/python3.12/site-packages/gym/spaces/box.py:84: UserWarning: [33mWARN: Box bound precision lowered by casting to float32[0m
  logger.warn(f"Box bound precision lowered by casting to {self.dtype}")
  Actor weight clip   : |w| <= 8.0 * std(w) per Linear tensor (bi_s0 baseline fc1 9.96 / fc2 10.82)
Init: warm-started (source: /home/fahim/Thesis_fahim/pickandplace/checkpoints/td3_grasp_rand_td3_ln_liftcert_phaseB_s2/best)
Fresh replay buffer.

Training...

Ep    50 | score  205.88 | avg100  164.91 | grasp100  66.0% | best 0.000 |     50 st/s
    done(50): success=33 t_flicker=16 t_touched=1
Ep   100 | score  206.47 | avg100  160.62 | grasp100  64.0% | best 0.000 |     52 st/s
    done(50): success=31 t_flicker=18 t_touched=1
Ep   150 | score   -4.22 | avg100  146.53 | grasp100  57.0% | best 0.000 |     50 st/s
    done(50): success=26 t_flicker=23 t_touched=1
Ep   200 | * BEST  level200=2.00 grasp200= 60.0% metric=0.600 | score   86.13
Ep   249 | * BEST  level200=2.00 grasp200= 61.5% metric=0.615 | score  207.70
Ep   250 | score  205.72 | avg100  161.82 | grasp100  66.0% | best 0.615 |     40 st/s
    done(50): success=36 t_flicker=12 t_touched=2
Ep   255 | * BEST  level200=2.00 grasp200= 63.0% metric=0.630 | score  206.97
Ep   259 | * BEST  level200=2.00 grasp200= 64.5% metric=0.645 | score  207.14
Ep   300 | score  237.90 | avg100  166.55 | grasp100  70.0% | best 0.645 |     39 st/s
    done(50): success=34 t_flicker=14 t_touched=2
Ep   350 | score   56.58 | avg100  150.16 | grasp100  59.0% | best 0.645 |     39 st/s
    done(50): success=25 t_flicker=23 t_touched=2
Ep   400 | score   96.81 | avg100  105.99 | grasp100  31.0% | best 0.645 |     41 st/s
    done(50): success=6 t_flicker=36 t_touched=8
Ep   450 | score  203.28 | avg100   90.39 | grasp100  21.0% | best 0.645 |     41 st/s
    done(50): success=15 t_flicker=33 t_touched=2
Ep   500 | score  -33.66 | avg100  111.52 | grasp100  34.0% | best 0.645 |     40 st/s
    done(50): success=19 t_flicker=28 t_touched=3
Ep   550 | score  202.11 | avg100  117.41 | grasp100  38.0% | best 0.645 |     40 st/s
    done(50): success=19 t_flicker=28 t_touched=3
Ep   600 | score   95.61 | avg100  116.12 | grasp100  36.0% | best 0.645 |     40 st/s
    done(50): success=17 t_flicker=28 t_touched=5
Ep   650 | score  117.14 | avg100  126.89 | grasp100  42.0% | best 0.645 |     40 st/s
    done(50): success=25 t_flicker=20 t_touched=5
Ep   700 | score   91.65 | avg100  134.62 | grasp100  47.0% | best 0.645 |     40 st/s
    done(50): success=22 t_flicker=23 t_touched=5
Ep   750 | score   82.00 | avg100  143.34 | grasp100  51.0% | best 0.645 |     40 st/s
    done(50): success=29 t_flicker=19 t_touched=2
Ep   800 | score  207.96 | avg100  157.55 | grasp100  61.0% | best 0.645 |     39 st/s
    done(50): success=32 t_flicker=18
Ep   850 | score  221.75 | avg100  147.95 | grasp100  57.0% | best 0.645 |     40 st/s
    done(50): success=25 t_flicker=21 t_touched=4
Ep   900 | score  212.74 | avg100  132.67 | grasp100  46.0% | best 0.645 |     39 st/s
    done(50): success=21 t_flicker=23 t_touched=6
Ep   950 | score  210.29 | avg100  144.79 | grasp100  53.0% | best 0.645 |     39 st/s
    done(50): success=32 t_flicker=16 t_touched=2
Ep  1000 | score  203.02 | avg100  174.33 | grasp100  75.0% | best 0.645 |     39 st/s
    done(50): success=43 t_flicker=7
Ep  1050 | score   85.76 | avg100  176.08 | grasp100  77.0% | best 0.645 |     38 st/s
    done(50): success=34 t_flicker=16
Ep  1073 | * BEST  level200=2.00 grasp200= 66.0% metric=0.660 | score  205.79
Ep  1080 | * BEST  level200=2.00 grasp200= 67.5% metric=0.675 | score  206.60
Ep  1090 | * BEST  level200=2.00 grasp200= 69.0% metric=0.690 | score  206.79
Ep  1097 | * BEST  level200=2.00 grasp200= 70.5% metric=0.705 | score  205.95
Ep  1100 | score  209.20 | avg100  162.72 | grasp100  66.0% | best 0.705 |     38 st/s
    done(50): success=32 t_flicker=17 t_touched=1
Ep  1139 | * BEST  level200=2.00 grasp200= 72.0% metric=0.720 | score  205.03
Ep  1150 | score  209.72 | avg100  160.30 | grasp100  66.0% | best 0.720 |     38 st/s
    done(50): success=34 t_flicker=12 t_touched=3 t_no_reach=1
  [primacy-bias reset of critic heads @ 25000 updates]
Ep  1200 | score  -75.53 | avg100  110.67 | grasp100  47.0% | best 0.720 |     38 st/s
    done(50): success=13 t_flicker=13 t_touched=17 t_no_reach=7
Ep  1250 | score  134.25 | avg100   71.70 | grasp100  30.0% | best 0.720 |     39 st/s
    done(50): success=17 t_flicker=12 t_touched=19 t_no_reach=2
Ep  1300 | score   62.84 | avg100  105.10 | grasp100  41.0% | best 0.720 |     39 st/s
    done(50): success=24 t_flicker=22 t_touched=4
Ep  1350 | score   97.03 | avg100  137.86 | grasp100  53.0% | best 0.720 |     39 st/s
    done(50): success=29 t_flicker=14 t_touched=6 t_no_reach=1
Ep  1400 | score  207.97 | avg100  156.80 | grasp100  64.0% | best 0.720 |     39 st/s
    done(50): success=35 t_flicker=13 t_touched=2
Ep  1450 | score  209.96 | avg100  164.59 | grasp100  69.0% | best 0.720 |     39 st/s
    done(50): success=34 t_flicker=13 t_touched=3
Ep  1500 | score  255.61 | avg100  165.00 | grasp100  67.0% | best 0.720 |     39 st/s
    done(50): success=33 t_flicker=15 t_touched=2
Ep  1550 | score   95.87 | avg100  171.64 | grasp100  70.0% | best 0.720 |     38 st/s
    done(50): success=37 t_flicker=11 t_touched=2
Ep  1600 | score  128.23 | avg100  176.94 | grasp100  74.0% | best 0.720 |     38 st/s
    done(50): success=37 t_flicker=11 t_touched=2
Ep  1650 | score  209.20 | avg100  165.62 | grasp100  70.0% | best 0.720 |     38 st/s
    done(50): success=33 t_flicker=15 t_touched=2
Ep  1700 | score  205.40 | avg100  151.72 | grasp100  65.0% | best 0.720 |     38 st/s
    done(50): success=32 t_flicker=12 t_touched=6
Ep  1750 | score   94.65 | avg100  151.77 | grasp100  63.0% | best 0.720 |     38 st/s
    done(50): success=31 t_flicker=17 t_touched=2
Ep  1800 | score  193.43 | avg100  148.69 | grasp100  60.0% | best 0.720 |     38 st/s
    done(50): success=29 t_flicker=16 t_touched=5
Ep  1850 | score  208.07 | avg100  146.39 | grasp100  60.0% | best 0.720 |     38 st/s
    done(50): success=31 t_flicker=18 t_touched=1
Ep  1900 | score  208.64 | avg100  150.83 | grasp100  62.0% | best 0.720 |     38 st/s
    done(50): success=31 t_flicker=17 t_touched=1 t_no_reach=1
Ep  1950 | score  205.93 | avg100  156.57 | grasp100  65.0% | best 0.720 |     38 st/s
    done(50): success=34 t_flicker=13 t_touched=3
Ep  2000 | score  -31.46 | avg100  163.00 | grasp100  69.0% | best 0.720 |     38 st/s
    done(50): success=35 t_flicker=9 t_touched=6
Ep  2050 | score  208.65 | avg100  167.24 | grasp100  73.0% | best 0.720 |     38 st/s
    done(50): success=38 t_flicker=11 t_touched=1
Ep  2082 | * BEST  level200=2.00 grasp200= 73.5% metric=0.735 | score  208.04
Ep  2100 | score   60.72 | avg100  170.27 | grasp100  75.0% | best 0.735 |     38 st/s
    done(50): success=37 t_flicker=11 t_touched=2
  [primacy-bias reset of critic heads @ 50000 updates]
Ep  2150 | score  197.09 | avg100   67.56 | grasp100  41.0% | best 0.735 |     39 st/s
    done(50): success=4 t_flicker=3 t_touched=4 t_no_reach=39
Ep  2200 | score  193.75 | avg100   16.14 | grasp100  25.0% | best 0.735 |     39 st/s
    done(50): success=21 t_flicker=6 t_touched=4 t_no_reach=19
Ep  2250 | score  209.13 | avg100   95.78 | grasp100  45.0% | best 0.735 |     39 st/s
    done(50): success=24 t_flicker=21 t_touched=2 t_no_reach=3
Ep  2300 | score  204.53 | avg100  137.34 | grasp100  56.0% | best 0.735 |     39 st/s
    done(50): success=32 t_flicker=14 t_touched=3 t_no_reach=1
Ep  2350 | score   52.20 | avg100  160.71 | grasp100  69.0% | best 0.735 |     39 st/s
    done(50): success=37 t_flicker=11 t_touched=2
Ep  2400 | score  199.09 | avg100  166.80 | grasp100  74.0% | best 0.735 |     39 st/s
    done(50): success=37 t_flicker=13
Ep  2450 | score  209.20 | avg100  170.98 | grasp100  76.0% | best 0.735 |     39 st/s
    done(50): success=39 t_flicker=11
Ep  2479 | * BEST  level200=2.00 grasp200= 75.0% metric=0.750 | score  207.78
Ep  2492 | * BEST  level200=2.00 grasp200= 76.5% metric=0.765 | score  200.70
Ep  2500 | score  203.16 | avg100  178.74 | grasp100  80.0% | best 0.765 |     39 st/s
    done(50): success=41 t_flicker=8 t_touched=1
Ep  2503 | * BEST  level200=2.00 grasp200= 78.0% metric=0.780 | score  206.87
Ep  2519 | * BEST  level200=2.00 grasp200= 79.5% metric=0.795 | score  208.91
Ep  2550 | score   82.66 | avg100  180.58 | grasp100  81.0% | best 0.795 |     38 st/s
    done(50): success=40 t_flicker=9 t_touched=1
Ep  2600 | score  206.55 | avg100  177.89 | grasp100  78.0% | best 0.795 |     38 st/s
    done(50): success=38 t_flicker=10 t_touched=2
Ep  2650 | score  206.78 | avg100  175.22 | grasp100  77.0% | best 0.795 |     38 st/s
    done(50): success=39 t_flicker=9 t_touched=1 t_no_reach=1
Ep  2700 | score  210.56 | avg100  169.11 | grasp100  73.0% | best 0.795 |     38 st/s
    done(50): success=34 t_flicker=15 t_no_reach=1
Ep  2750 | score  205.62 | avg100  160.31 | grasp100  68.0% | best 0.795 |     38 st/s
    done(50): success=34 t_flicker=12 t_touched=3 t_no_reach=1
Ep  2800 | score  109.23 | avg100  158.70 | grasp100  67.0% | best 0.795 |     38 st/s
    done(50): success=33 t_flicker=14 t_touched=2 t_no_reach=1
Ep  2850 | score  211.20 | avg100  158.77 | grasp100  68.0% | best 0.795 |     38 st/s
    done(50): success=35 t_flicker=11 t_touched=1 t_no_reach=3
Ep  2900 | score  206.66 | avg100  163.26 | grasp100  71.0% | best 0.795 |     38 st/s
    done(50): success=36 t_flicker=11 t_touched=3
Ep  2950 | score  201.81 | avg100  163.94 | grasp100  71.0% | best 0.795 |     38 st/s
    done(50): success=35 t_flicker=12 t_touched=2 t_no_reach=1
Ep  3000 | score  203.46 | avg100  170.99 | grasp100  75.0% | best 0.795 |     38 st/s
    done(50): success=40 t_flicker=8 t_touched=2
Ep  3050 | score  209.64 | avg100  166.96 | grasp100  71.0% | best 0.795 |     38 st/s
    done(50): success=31 t_flicker=16 t_touched=3
  [primacy-bias reset of critic heads @ 75000 updates]
Ep  3100 | score   85.99 | avg100   88.04 | grasp100  41.0% | best 0.795 |     39 st/s
    done(50): success=10 t_flicker=15 t_touched=8 t_no_reach=17
Ep  3150 | score  112.49 | avg100   75.56 | grasp100  34.0% | best 0.795 |     39 st/s
    done(50): success=24 t_flicker=18 t_touched=6 t_no_reach=2
Ep  3200 | score   84.30 | avg100  122.99 | grasp100  42.0% | best 0.795 |     39 st/s
    done(50): success=18 t_flicker=28 t_touched=4
Ep  3250 | score  208.99 | avg100  138.06 | grasp100  49.0% | best 0.795 |     39 st/s
    done(50): success=31 t_flicker=14 t_touched=5
Ep  3300 | score  208.38 | avg100  166.65 | grasp100  69.0% | best 0.795 |     39 st/s
    done(50): success=38 t_flicker=10 t_touched=2
Ep  3350 | score  222.07 | avg100  168.89 | grasp100  73.0% | best 0.795 |     39 st/s
    done(50): success=35 t_flicker=11 t_touched=4
Ep  3400 | score  208.83 | avg100  161.02 | grasp100  69.0% | best 0.795 |     39 st/s
    done(50): success=34 t_flicker=13 t_touched=3
Ep  3450 | score  209.29 | avg100  157.37 | grasp100  65.0% | best 0.795 |     39 st/s
    done(50): success=31 t_flicker=16 t_touched=3
Ep  3500 | score  209.54 | avg100  162.91 | grasp100  68.0% | best 0.795 |     38 st/s
    done(50): success=37 t_flicker=12 t_touched=1
Ep  3550 | score  208.10 | avg100  170.11 | grasp100  72.0% | best 0.795 |     38 st/s
    done(50): success=35 t_flicker=12 t_touched=3
Ep  3600 | score  120.54 | avg100  165.85 | grasp100  67.0% | best 0.795 |     38 st/s
    done(50): success=32 t_flicker=17 t_touched=1
Ep  3650 | score   64.17 | avg100  159.46 | grasp100  65.0% | best 0.795 |     38 st/s
    done(50): success=33 t_flicker=13 t_touched=4
Ep  3700 | score  217.21 | avg100  153.15 | grasp100  64.0% | best 0.795 |     38 st/s
    done(50): success=31 t_flicker=14 t_touched=5
Ep  3750 | score  207.49 | avg100  157.33 | grasp100  64.0% | best 0.795 |     38 st/s
    done(50): success=33 t_flicker=16 t_touched=1
Ep  3800 | score  -48.24 | avg100  158.39 | grasp100  65.0% | best 0.795 |     38 st/s
    done(50): success=32 t_flicker=15 t_touched=3
Ep  3850 | score  207.31 | avg100  168.89 | grasp100  75.0% | best 0.795 |     38 st/s
    done(50): success=43 t_flicker=6 t_touched=1
Ep  3900 | score  207.97 | avg100  166.34 | grasp100  76.0% | best 0.795 |     38 st/s
    done(50): success=33 t_flicker=13 t_touched=4
Ep  3950 | score  205.63 | avg100  153.92 | grasp100  67.0% | best 0.795 |     38 st/s
    done(50): success=34 t_flicker=14 t_touched=2
Ep  4000 | score  207.05 | avg100  166.91 | grasp100  70.0% | best 0.795 |     38 st/s
    done(50): success=36 t_flicker=14
Ep  4050 | score  208.22 | avg100  182.25 | grasp100  81.0% | best 0.795 |     38 st/s
    done(50): success=45 t_flicker=3 t_touched=2
Ep  4100 | score  207.12 | avg100  172.78 | grasp100  77.0% | best 0.795 |     38 st/s
    done(50): success=32 t_flicker=17 t_touched=1
  [primacy-bias reset of critic heads @ 100000 updates]
Ep  4150 | score  192.09 | avg100  121.57 | grasp100  53.0% | best 0.795 |     39 st/s
    done(50): success=21 t_flicker=13 t_touched=7 t_no_reach=9
Ep  4200 | score  125.48 | avg100  106.95 | grasp100  44.0% | best 0.795 |     39 st/s
    done(50): success=23 t_flicker=17 t_touched=7 t_no_reach=3
Ep  4250 | score  210.86 | avg100  136.24 | grasp100  53.0% | best 0.795 |     39 st/s
    done(50): success=30 t_flicker=15 t_touched=5
Ep  4300 | score  212.10 | avg100  154.20 | grasp100  66.0% | best 0.795 |     39 st/s
    done(50): success=36 t_flicker=11 t_touched=2 t_no_reach=1
Ep  4350 | score   98.99 | avg100  170.55 | grasp100  76.0% | best 0.795 |     39 st/s
    done(50): success=40 t_flicker=7 t_touched=3
Ep  4400 | score  212.42 | avg100  173.71 | grasp100  74.0% | best 0.795 |     39 st/s
    done(50): success=34 t_flicker=14 t_touched=2
Ep  4450 | score  209.43 | avg100  170.49 | grasp100  72.0% | best 0.795 |     39 st/s
    done(50): success=38 t_flicker=9 t_touched=3
Ep  4500 | score  211.15 | avg100  177.71 | grasp100  76.0% | best 0.795 |     39 st/s
    done(50): success=38 t_flicker=11 t_touched=1
Ep  4550 | score  208.46 | avg100  177.03 | grasp100  75.0% | best 0.795 |     39 st/s
    done(50): success=37 t_flicker=10 t_touched=3
Ep  4600 | score  212.49 | avg100  177.48 | grasp100  76.0% | best 0.795 |     39 st/s
    done(50): success=39 t_flicker=10 t_touched=1
Ep  4650 | score   88.56 | avg100  181.47 | grasp100  78.0% | best 0.795 |     39 st/s
    done(50): success=39 t_flicker=11
Ep  4700 | score  207.10 | avg100  187.90 | grasp100  82.0% | best 0.795 |     39 st/s
    done(50): success=43 t_flicker=6 t_touched=1
Ep  4720 | * BEST  level200=2.00 grasp200= 81.0% metric=0.810 | score  209.31
Ep  4727 | * BEST  level200=2.00 grasp200= 82.5% metric=0.825 | score  201.92
Ep  4750 | score   76.05 | avg100  198.13 | grasp100  88.0% | best 0.825 |     39 st/s
    done(50): success=45 t_flicker=5
Ep  4756 | * BEST  level200=2.00 grasp200= 84.0% metric=0.840 | score  208.95
Ep  4800 | score  210.39 | avg100  196.54 | grasp100  86.0% | best 0.840 |     39 st/s
    done(50): success=41 t_flicker=9
Ep  4807 | * BEST  level200=2.00 grasp200= 85.5% metric=0.855 | score  206.96
Ep  4824 | * BEST  level200=2.00 grasp200= 87.0% metric=0.870 | score  209.70
Ep  4850 | score  204.33 | avg100  192.59 | grasp100  84.0% | best 0.870 |     39 st/s
    done(50): success=43 t_flicker=6 t_touched=1
Ep  4900 | score  161.90 | avg100  195.14 | grasp100  87.0% | best 0.870 |     39 st/s
    done(50): success=44 t_flicker=5 t_touched=1
Ep  4950 | score  208.96 | avg100  198.50 | grasp100  90.0% | best 0.870 |     39 st/s
    done(50): success=46 t_flicker=3 t_touched=1
Ep  4968 | * BEST  level200=2.00 grasp200= 88.5% metric=0.885 | score  210.77
Ep  5000 | score  209.05 | avg100  191.91 | grasp100  86.0% | best 0.885 |     39 st/s
    done(50): success=40 t_flicker=9 t_touched=1
Ep  5050 | score   -1.91 | avg100  183.04 | grasp100  80.0% | best 0.885 |     39 st/s
    done(50): success=40 t_flicker=9 t_touched=1
Ep  5100 | score  209.12 | avg100  188.53 | grasp100  83.0% | best 0.885 |     39 st/s
    done(50): success=43 t_flicker=5 t_touched=2
Ep  5150 | score   59.33 | avg100  186.10 | grasp100  80.0% | best 0.885 |     39 st/s
    done(50): success=37 t_flicker=11 t_touched=2
Ep  5200 | score  118.26 | avg100  186.99 | grasp100  82.0% | best 0.885 |     39 st/s
    done(50): success=45 t_flicker=3 t_touched=2
Ep  5250 | score  202.22 | avg100  197.06 | grasp100  89.0% | best 0.885 |     39 st/s
    done(50): success=44 t_flicker=6
Ep  5300 | score  210.04 | avg100  196.46 | grasp100  89.0% | best 0.885 |     39 st/s
    done(50): success=45 t_flicker=5
Ep  5350 | score   65.65 | avg100  193.58 | grasp100  88.0% | best 0.885 |     39 st/s
    done(50): success=43 t_flicker=7
Ep  5400 | score   86.96 | avg100  190.18 | grasp100  85.0% | best 0.885 |     39 st/s
    done(50): success=42 t_flicker=7 t_touched=1
  [primacy-bias reset of critic heads @ 125000 updates]
Ep  5450 | score   52.06 | avg100  191.07 | grasp100  86.0% | best 0.885 |     39 st/s
    done(50): success=44 t_flicker=4 t_touched=2
Ep  5500 | score  -21.00 | avg100   81.82 | grasp100  48.0% | best 0.885 |     40 st/s
    done(50): success=4 t_flicker=4 t_touched=11 t_no_reach=31
Ep  5550 | score  210.21 | avg100   50.57 | grasp100  32.0% | best 0.885 |     40 st/s
    done(50): success=28 t_flicker=12 t_touched=8 t_no_reach=2
Ep  5600 | score   95.52 | avg100  147.53 | grasp100  62.0% | best 0.885 |     40 st/s
    done(50): success=34 t_flicker=13 t_touched=3
Ep  5650 | score  208.12 | avg100  164.57 | grasp100  70.0% | best 0.885 |     40 st/s
    done(50): success=36 t_flicker=11 t_touched=2 t_no_reach=1
Ep  5700 | score  243.07 | avg100  183.71 | grasp100  83.0% | best 0.885 |     40 st/s
    done(50): success=47 t_flicker=2 t_touched=1
Ep  5750 | score  209.21 | avg100  202.10 | grasp100  93.0% | best 0.885 |     40 st/s
    done(50): success=46 t_flicker=4
Ep  5800 | score  210.61 | avg100  188.71 | grasp100  85.0% | best 0.885 |     40 st/s
    done(50): success=39 t_flicker=8 t_touched=3
Ep  5850 | score  211.57 | avg100  183.18 | grasp100  82.0% | best 0.885 |     40 st/s
    done(50): success=43 t_flicker=6 t_no_reach=1
Ep  5900 | score  210.26 | avg100  189.57 | grasp100  86.0% | best 0.885 |     40 st/s
    done(50): success=43 t_flicker=6 t_touched=1
Ep  5950 | score   84.39 | avg100  188.13 | grasp100  84.0% | best 0.885 |     40 st/s
    done(50): success=41 t_flicker=7 t_touched=2
Ep  6000 | score  208.03 | avg100  186.06 | grasp100  82.0% | best 0.885 |     40 st/s
    done(50): success=41 t_flicker=8 t_touched=1

========================================================================
DONE  td3_ln_wclip8_s2
  Episodes     : 6000
  Env steps    : 349,595  (8718s)
  Best metric  : 0.885  (policy in /home/fahim/Thesis_fahim/pickandplace/checkpoints/td3_grasp_rand_td3_ln_wclip8_s2/best)
  Final grasp% : 82.0
  CSV          : /home/fahim/Thesis_fahim/pickandplace/logs/grasp_rand_td3_ln_wclip8_s2/episodes.csv
  Probe CSV    : /home/fahim/Thesis_fahim/pickandplace/logs/grasp_rand_td3_ln_wclip8_s2/probe.csv
  Manifest     : /home/fahim/Thesis_fahim/pickandplace/logs/grasp_rand_td3_ln_wclip8_s2/manifest.json
========================================================================

