========================================================================
RANDOM-SPAWN GRASP RETRAINING  |  algo=td3_ln  run=td3_ln_bigc512_s2
========================================================================
  Envs                : 5 (subprocess-parallel, fork)
  Spawn level         : 2.0 (1.0 = full position box, 2.0 = + z-rotation)
  Updates/vec-step    : 2 (0.400 per env-step; historical baseline 0.5)
  Buffer              : 200,000
  Actor               : 64 -> 32  (5,216 weights)  [critics 512->256]
  Warm start          : checkpoints/td3_grasp_rand_td3_ln_cont64_s2/best
  Checkpoints         : /home/fahim/Thesis_fahim/pickandplace/checkpoints/td3_grasp_rand_td3_ln_bigc512_s2
========================================================================

Spawning 5 subprocess environments (fork)...
[robosuite WARNING] No private macro file found! (__init__.py:7)
[robosuite WARNING] It is recommended to use a private macro file (__init__.py:8)
[robosuite WARNING] To setup, run: python /home/fahim/Thesis_fahim/venv/lib/python3.12/site-packages/robosuite/scripts/setup_macros.py (__init__.py:9)
[robosuite WARNING] No private macro file found! (__init__.py:7)
[robosuite WARNING] It is recommended to use a private macro file (__init__.py:8)
[robosuite WARNING] No private macro file found! (__init__.py:7)
[robosuite WARNING] To setup, run: python /home/fahim/Thesis_fahim/venv/lib/python3.12/site-packages/robosuite/scripts/setup_macros.py (__init__.py:9)
[robosuite WARNING] It is recommended to use a private macro file (__init__.py:8)
[robosuite WARNING] To setup, run: python /home/fahim/Thesis_fahim/venv/lib/python3.12/site-packages/robosuite/scripts/setup_macros.py (__init__.py:9)
[robosuite WARNING] No private macro file found! (__init__.py:7)
[robosuite WARNING] It is recommended to use a private macro file (__init__.py:8)
[robosuite WARNING] To setup, run: python /home/fahim/Thesis_fahim/venv/lib/python3.12/site-packages/robosuite/scripts/setup_macros.py (__init__.py:9)
[robosuite WARNING] No private macro file found! (__init__.py:7)
[robosuite WARNING] It is recommended to use a private macro file (__init__.py:8)
[robosuite WARNING] To setup, run: python /home/fahim/Thesis_fahim/venv/lib/python3.12/site-packages/robosuite/scripts/setup_macros.py (__init__.py:9)
Gym has been unmaintained since 2022 and does not support NumPy 2.0 amongst other critical functionality.
Please upgrade to Gymnasium, the maintained drop-in replacement of Gym, or contact the authors of your software and request that they upgrade.
See the migration guide at https://gymnasium.farama.org/introduction/migration_guide/ for additional information.
Gym has been unmaintained since 2022 and does not support NumPy 2.0 amongst other critical functionality.
Please upgrade to Gymnasium, the maintained drop-in replacement of Gym, or contact the authors of your software and request that they upgrade.
See the migration guide at https://gymnasium.farama.org/introduction/migration_guide/ for additional information.
Gym has been unmaintained since 2022 and does not support NumPy 2.0 amongst other critical functionality.
Please upgrade to Gymnasium, the maintained drop-in replacement of Gym, or contact the authors of your software and request that they upgrade.
See the migration guide at https://gymnasium.farama.org/introduction/migration_guide/ for additional information.
Gym has been unmaintained since 2022 and does not support NumPy 2.0 amongst other critical functionality.
Please upgrade to Gymnasium, the maintained drop-in replacement of Gym, or contact the authors of your software and request that they upgrade.
See the migration guide at https://gymnasium.farama.org/introduction/migration_guide/ for additional information.
Gym has been unmaintained since 2022 and does not support NumPy 2.0 amongst other critical functionality.
Please upgrade to Gymnasium, the maintained drop-in replacement of Gym, or contact the authors of your software and request that they upgrade.
See the migration guide at https://gymnasium.farama.org/introduction/migration_guide/ for additional information.
/home/fahim/Thesis_fahim/venv/lib/python3.12/site-packages/gym/spaces/box.py:84: UserWarning: [33mWARN: Box bound precision lowered by casting to float32[0m
  logger.warn(f"Box bound precision lowered by casting to {self.dtype}")
/home/fahim/Thesis_fahim/venv/lib/python3.12/site-packages/gym/spaces/box.py:84: UserWarning: [33mWARN: Box bound precision lowered by casting to float32[0m
  logger.warn(f"Box bound precision lowered by casting to {self.dtype}")
Gym has been unmaintained since 2022 and does not support NumPy 2.0 amongst other critical functionality.
Please upgrade to Gymnasium, the maintained drop-in replacement of Gym, or contact the authors of your software and request that they upgrade.
See the migration guide at https://gymnasium.farama.org/introduction/migration_guide/ for additional information.
5 environments ready.

/home/fahim/Thesis_fahim/venv/lib/python3.12/site-packages/gym/spaces/box.py:84: UserWarning: [33mWARN: Box bound precision lowered by casting to float32[0m
  logger.warn(f"Box bound precision lowered by casting to {self.dtype}")
/home/fahim/Thesis_fahim/venv/lib/python3.12/site-packages/gym/spaces/box.py:84: UserWarning: [33mWARN: Box bound precision lowered by casting to float32[0m
  logger.warn(f"Box bound precision lowered by casting to {self.dtype}")
/home/fahim/Thesis_fahim/venv/lib/python3.12/site-packages/gym/spaces/box.py:84: UserWarning: [33mWARN: Box bound precision lowered by casting to float32[0m
  logger.warn(f"Box bound precision lowered by casting to {self.dtype}")
  Actor QAT           : per-tensor INT8 fake-quant, STE grads
  Actor weight clip   : |w| <= 8.0 * std(w) per Linear tensor (bi_s0 baseline fc1 9.96 / fc2 10.82)
Init: warm-started (actor only, critics fresh) (source: /home/fahim/Thesis_fahim/pickandplace/checkpoints/td3_grasp_rand_td3_ln_cont64_s2/best)
Fresh replay buffer.

Training...

Ep    50 | score  204.34 | avg100  197.44 | grasp100  94.0% | best 0.000 |     51 st/s
    done(50): success=47 t_flicker=2 t_touched=1
Ep   100 | score  229.05 | avg100  195.51 | grasp100  91.0% | best 0.000 |     54 st/s
    done(50): success=44 t_flicker=1 t_touched=5
Ep   150 | score  -79.99 | avg100  105.59 | grasp100  59.0% | best 0.000 |     45 st/s
    done(50): success=15 t_flicker=3 t_no_reach=32
Ep   200 | * BEST  level200=2.00 grasp200= 53.0% metric=0.530 | score  -58.54
Ep   250 | score   10.46 | avg100  -60.90 | grasp100   0.0% | best 0.530 |     41 st/s
    done(50): t_flicker=1 t_touched=16 t_no_reach=33
Ep   300 | score  -70.25 | avg100  -51.22 | grasp100   0.0% | best 0.530 |     40 st/s
    done(50): t_touched=12 t_no_reach=38
Ep   350 | score  -52.53 | avg100  -53.41 | grasp100   0.0% | best 0.530 |     40 st/s
    done(50): t_flicker=1 t_touched=13 t_no_reach=36
Ep   400 | score  -55.46 | avg100  -52.36 | grasp100   2.0% | best 0.530 |     40 st/s
    done(50): success=2 t_flicker=1 t_touched=6 t_no_reach=41
  [primacy-bias reset of critic heads @ 25000 updates]
Ep   450 | score  -76.91 | avg100  -53.01 | grasp100   2.0% | best 0.530 |     40 st/s
    done(50): t_flicker=2 t_touched=9 t_no_reach=39
Ep   500 | score  -75.34 | avg100  -66.91 | grasp100   0.0% | best 0.530 |     40 st/s
    done(50): t_touched=1 t_no_reach=49
Ep   550 | score   21.73 | avg100  -56.14 | grasp100   1.0% | best 0.530 |     40 st/s
    done(50): success=1 t_flicker=2 t_touched=12 t_no_reach=35
Ep   600 | score  -30.01 | avg100  -18.35 | grasp100   4.0% | best 0.530 |     39 st/s
    done(50): success=3 t_flicker=6 t_touched=19 t_no_reach=22
Ep   650 | score  -19.55 | avg100  -14.09 | grasp100   3.0% | best 0.530 |     39 st/s
    done(50): t_flicker=4 t_touched=22 t_no_reach=24
Ep   700 | score  -10.66 | avg100  -19.10 | grasp100   1.0% | best 0.530 |     39 st/s
    done(50): success=1 t_flicker=4 t_touched=17 t_no_reach=28
Ep   750 | score   20.91 | avg100   -4.46 | grasp100   5.0% | best 0.530 |     39 st/s
    done(50): success=4 t_flicker=3 t_touched=26 t_no_reach=17
  [primacy-bias reset of critic heads @ 50000 updates]
Ep   800 | score  -61.07 | avg100  -32.84 | grasp100   4.0% | best 0.530 |     39 st/s
    done(50): t_touched=5 t_no_reach=45
Ep   850 | score  208.71 | avg100  -45.28 | grasp100   3.0% | best 0.530 |     39 st/s
    done(50): success=3 t_touched=18 t_no_reach=29
Ep   900 | score   13.32 | avg100    5.57 | grasp100  11.0% | best 0.530 |     39 st/s
    done(50): success=8 t_flicker=3 t_touched=24 t_no_reach=15
Ep   950 | score   77.54 | avg100   42.76 | grasp100  18.0% | best 0.530 |     39 st/s
    done(50): success=10 t_flicker=6 t_touched=23 t_no_reach=11
Ep  1000 | score   39.13 | avg100   54.54 | grasp100  20.0% | best 0.530 |     39 st/s
    done(50): success=10 t_flicker=12 t_touched=27 t_no_reach=1
Ep  1050 | score   -3.99 | avg100   45.07 | grasp100  14.0% | best 0.530 |     39 st/s
    done(50): success=4 t_flicker=15 t_touched=29 t_no_reach=2
Ep  1100 | score   40.50 | avg100   61.74 | grasp100  21.0% | best 0.530 |     39 st/s
    done(50): success=17 t_flicker=10 t_touched=23
  [primacy-bias reset of critic heads @ 75000 updates]
Ep  1150 | score  -79.16 | avg100   66.59 | grasp100  28.0% | best 0.530 |     39 st/s
    done(50): success=11 t_flicker=15 t_touched=11 t_no_reach=13
Ep  1200 | score    8.23 | avg100   -1.48 | grasp100  11.0% | best 0.530 |     39 st/s
    done(50): t_flicker=1 t_touched=11 t_no_reach=38
Ep  1250 | score   75.75 | avg100    6.65 | grasp100   9.0% | best 0.530 |     39 st/s
    done(50): success=9 t_flicker=14 t_touched=20 t_no_reach=7
Ep  1300 | score   63.22 | avg100   92.30 | grasp100  31.0% | best 0.530 |     39 st/s
    done(50): success=22 t_flicker=15 t_touched=13
Ep  1350 | score   -9.64 | avg100  114.73 | grasp100  41.0% | best 0.530 |     39 st/s
    done(50): success=19 t_flicker=15 t_touched=16
Ep  1400 | score   56.30 | avg100  111.63 | grasp100  38.0% | best 0.530 |     39 st/s
    done(50): success=19 t_flicker=21 t_touched=10
Ep  1450 | score  208.86 | avg100  106.45 | grasp100  33.0% | best 0.530 |     39 st/s
    done(50): success=14 t_flicker=24 t_touched=12
Ep  1500 | score  -24.68 | avg100  119.14 | grasp100  42.0% | best 0.530 |     39 st/s
    done(50): success=28 t_flicker=12 t_touched=10
Ep  1550 | score   46.05 | avg100  147.46 | grasp100  57.0% | best 0.530 |     39 st/s
    done(50): success=29 t_flicker=14 t_touched=7
Ep  1600 | score  206.55 | avg100  145.54 | grasp100  55.0% | best 0.530 |     39 st/s
    done(50): success=26 t_flicker=15 t_touched=9
Ep  1628 | * BEST  level200=2.00 grasp200= 54.5% metric=0.545 | score  211.25
Ep  1635 | * BEST  level200=2.00 grasp200= 56.0% metric=0.560 | score  198.03
Ep  1642 | * BEST  level200=2.00 grasp200= 57.5% metric=0.575 | score  208.86
Ep  1646 | * BEST  level200=2.00 grasp200= 59.0% metric=0.590 | score  211.55
  [primacy-bias reset of critic heads @ 100000 updates]
Ep  1650 | score  208.79 | avg100  151.65 | grasp100  59.0% | best 0.590 |     39 st/s
    done(50): success=33 t_flicker=10 t_touched=7
Ep  1700 | score  -73.81 | avg100   53.29 | grasp100  34.0% | best 0.590 |     39 st/s
    done(50): success=1 t_flicker=3 t_touched=4 t_no_reach=42
Ep  1750 | score   54.11 | avg100  -22.23 | grasp100   6.0% | best 0.590 |     39 st/s
    done(50): success=5 t_flicker=17 t_touched=9 t_no_reach=19
Ep  1800 | score  214.23 | avg100   78.13 | grasp100  32.0% | best 0.590 |     39 st/s
    done(50): success=27 t_flicker=20 t_touched=3
Ep  1850 | score  213.42 | avg100  138.45 | grasp100  50.0% | best 0.590 |     39 st/s
    done(50): success=23 t_flicker=21 t_touched=6
Ep  1900 | score  210.20 | avg100  152.13 | grasp100  56.0% | best 0.590 |     39 st/s
    done(50): success=33 t_flicker=17
Ep  1950 | score  212.14 | avg100  172.82 | grasp100  70.0% | best 0.590 |     39 st/s
    done(50): success=37 t_flicker=10 t_touched=3
Ep  1959 | * BEST  level200=2.00 grasp200= 60.5% metric=0.605 | score  209.55
Ep  1962 | * BEST  level200=2.00 grasp200= 62.0% metric=0.620 | score  196.76
Ep  1971 | * BEST  level200=2.00 grasp200= 63.5% metric=0.635 | score  212.86
Ep  1979 | * BEST  level200=2.00 grasp200= 65.0% metric=0.650 | score  210.53
Ep  1991 | * BEST  level200=2.00 grasp200= 66.5% metric=0.665 | score  209.96
Ep  1997 | * BEST  level200=2.00 grasp200= 68.0% metric=0.680 | score  213.28
Ep  2000 | score   82.45 | avg100  181.27 | grasp100  80.0% | best 0.680 |     38 st/s
    done(50): success=43 t_flicker=5 t_touched=2
Ep  2004 | * BEST  level200=2.00 grasp200= 69.5% metric=0.695 | score  203.67
Ep  2017 | * BEST  level200=2.00 grasp200= 71.0% metric=0.710 | score  193.06
Ep  2023 | * BEST  level200=2.00 grasp200= 72.5% metric=0.725 | score  211.90
Ep  2030 | * BEST  level200=2.00 grasp200= 74.0% metric=0.740 | score  211.80
Ep  2038 | * BEST  level200=2.00 grasp200= 75.5% metric=0.755 | score  209.04
Ep  2041 | * BEST  level200=2.00 grasp200= 77.0% metric=0.770 | score  209.77
Ep  2049 | * BEST  level200=2.00 grasp200= 78.5% metric=0.785 | score  200.76
Ep  2050 | score  210.47 | avg100  189.64 | grasp100  87.0% | best 0.785 |     38 st/s
    done(50): success=44 t_flicker=5 t_touched=1
Ep  2055 | * BEST  level200=2.00 grasp200= 80.0% metric=0.800 | score  208.50
Ep  2092 | * BEST  level200=2.00 grasp200= 81.5% metric=0.815 | score  209.80
Ep  2100 | score  199.87 | avg100  187.70 | grasp100  85.0% | best 0.815 |     38 st/s
    done(50): success=41 t_flicker=7 t_touched=2
Ep  2103 | * BEST  level200=2.00 grasp200= 83.0% metric=0.830 | score  208.50
Ep  2108 | * BEST  level200=2.00 grasp200= 84.5% metric=0.845 | score  206.49
Ep  2124 | * BEST  level200=2.00 grasp200= 86.0% metric=0.860 | score  213.36
Ep  2150 | score  209.29 | avg100  189.81 | grasp100  86.0% | best 0.860 |     38 st/s
    done(50): success=45 t_flicker=2 t_touched=3
Ep  2200 | score  210.45 | avg100  185.24 | grasp100  84.0% | best 0.860 |     38 st/s
    done(50): success=39 t_flicker=8 t_touched=3
Ep  2250 | score  201.97 | avg100  171.55 | grasp100  75.0% | best 0.860 |     38 st/s
    done(50): success=36 t_flicker=9 t_touched=5
Ep  2300 | score  200.83 | avg100  183.48 | grasp100  82.0% | best 0.860 |     38 st/s
    done(50): success=46 t_flicker=4
Ep  2350 | score  211.13 | avg100  199.02 | grasp100  92.0% | best 0.860 |     38 st/s
    done(50): success=46 t_flicker=2 t_touched=2

Target reached: 95.0% over 100 episodes at spawn level 2.0.

========================================================================
DONE  td3_ln_bigc512_s2
  Episodes     : 2361
  Env steps    : 308,135  (8135s)
  Best metric  : 0.860  (policy in /home/fahim/Thesis_fahim/pickandplace/checkpoints/td3_grasp_rand_td3_ln_bigc512_s2/best)
  Final grasp% : 95.0
  CSV          : /home/fahim/Thesis_fahim/pickandplace/logs/grasp_rand_td3_ln_bigc512_s2/episodes.csv
  Probe CSV    : /home/fahim/Thesis_fahim/pickandplace/logs/grasp_rand_td3_ln_bigc512_s2/probe.csv
  Manifest     : /home/fahim/Thesis_fahim/pickandplace/logs/grasp_rand_td3_ln_bigc512_s2/manifest.json
========================================================================

