========================================================================
RANDOM-SPAWN GRASP RETRAINING  |  algo=td3_ln  run=td3_ln_smallc64_s3
========================================================================
  Envs                : 5 (subprocess-parallel, fork)
  Spawn level         : 2.0 (1.0 = full position box, 2.0 = + z-rotation)
  Updates/vec-step    : 2 (0.400 per env-step; historical baseline 0.5)
  Buffer              : 200,000
  Actor               : 64 -> 32  (5,216 weights)
  Warm start          : checkpoints/td3_grasp_rand_td3_ln_cont64_s3/best
  Checkpoints         : /home/fahim/Thesis_fahim/pickandplace/checkpoints/td3_grasp_rand_td3_ln_smallc64_s3
========================================================================

Spawning 5 subprocess environments (fork)...
[robosuite WARNING] No private macro file found! (__init__.py:7)
[robosuite WARNING] No private macro file found! (__init__.py:7)
[robosuite WARNING] It is recommended to use a private macro file (__init__.py:8)
[robosuite WARNING] It is recommended to use a private macro file (__init__.py:8)
[robosuite WARNING] To setup, run: python /home/fahim/Thesis_fahim/venv/lib/python3.12/site-packages/robosuite/scripts/setup_macros.py (__init__.py:9)
[robosuite WARNING] To setup, run: python /home/fahim/Thesis_fahim/venv/lib/python3.12/site-packages/robosuite/scripts/setup_macros.py (__init__.py:9)
[robosuite WARNING] No private macro file found! (__init__.py:7)
[robosuite WARNING] It is recommended to use a private macro file (__init__.py:8)
[robosuite WARNING] To setup, run: python /home/fahim/Thesis_fahim/venv/lib/python3.12/site-packages/robosuite/scripts/setup_macros.py (__init__.py:9)
[robosuite WARNING] No private macro file found! (__init__.py:7)
[robosuite WARNING] It is recommended to use a private macro file (__init__.py:8)
[robosuite WARNING] To setup, run: python /home/fahim/Thesis_fahim/venv/lib/python3.12/site-packages/robosuite/scripts/setup_macros.py (__init__.py:9)
[robosuite WARNING] No private macro file found! (__init__.py:7)
[robosuite WARNING] It is recommended to use a private macro file (__init__.py:8)
[robosuite WARNING] To setup, run: python /home/fahim/Thesis_fahim/venv/lib/python3.12/site-packages/robosuite/scripts/setup_macros.py (__init__.py:9)
Gym has been unmaintained since 2022 and does not support NumPy 2.0 amongst other critical functionality.
Please upgrade to Gymnasium, the maintained drop-in replacement of Gym, or contact the authors of your software and request that they upgrade.
See the migration guide at https://gymnasium.farama.org/introduction/migration_guide/ for additional information.
Gym has been unmaintained since 2022 and does not support NumPy 2.0 amongst other critical functionality.
Please upgrade to Gymnasium, the maintained drop-in replacement of Gym, or contact the authors of your software and request that they upgrade.
See the migration guide at https://gymnasium.farama.org/introduction/migration_guide/ for additional information.
Gym has been unmaintained since 2022 and does not support NumPy 2.0 amongst other critical functionality.
Please upgrade to Gymnasium, the maintained drop-in replacement of Gym, or contact the authors of your software and request that they upgrade.
See the migration guide at https://gymnasium.farama.org/introduction/migration_guide/ for additional information.
Gym has been unmaintained since 2022 and does not support NumPy 2.0 amongst other critical functionality.
Please upgrade to Gymnasium, the maintained drop-in replacement of Gym, or contact the authors of your software and request that they upgrade.
See the migration guide at https://gymnasium.farama.org/introduction/migration_guide/ for additional information.
Gym has been unmaintained since 2022 and does not support NumPy 2.0 amongst other critical functionality.
Please upgrade to Gymnasium, the maintained drop-in replacement of Gym, or contact the authors of your software and request that they upgrade.
See the migration guide at https://gymnasium.farama.org/introduction/migration_guide/ for additional information.
/home/fahim/Thesis_fahim/venv/lib/python3.12/site-packages/gym/spaces/box.py:84: UserWarning: [33mWARN: Box bound precision lowered by casting to float32[0m
  logger.warn(f"Box bound precision lowered by casting to {self.dtype}")
/home/fahim/Thesis_fahim/venv/lib/python3.12/site-packages/gym/spaces/box.py:84: UserWarning: [33mWARN: Box bound precision lowered by casting to float32[0m
  logger.warn(f"Box bound precision lowered by casting to {self.dtype}")
/home/fahim/Thesis_fahim/venv/lib/python3.12/site-packages/gym/spaces/box.py:84: UserWarning: [33mWARN: Box bound precision lowered by casting to float32[0m
  logger.warn(f"Box bound precision lowered by casting to {self.dtype}")
/home/fahim/Thesis_fahim/venv/lib/python3.12/site-packages/gym/spaces/box.py:84: UserWarning: [33mWARN: Box bound precision lowered by casting to float32[0m
  logger.warn(f"Box bound precision lowered by casting to {self.dtype}")
/home/fahim/Thesis_fahim/venv/lib/python3.12/site-packages/gym/spaces/box.py:84: UserWarning: [33mWARN: Box bound precision lowered by casting to float32[0m
  logger.warn(f"Box bound precision lowered by casting to {self.dtype}")
Gym has been unmaintained since 2022 and does not support NumPy 2.0 amongst other critical functionality.
Please upgrade to Gymnasium, the maintained drop-in replacement of Gym, or contact the authors of your software and request that they upgrade.
See the migration guide at https://gymnasium.farama.org/introduction/migration_guide/ for additional information.
5 environments ready.

  Actor QAT           : per-tensor INT8 fake-quant, STE grads
  Actor weight clip   : |w| <= 8.0 * std(w) per Linear tensor (bi_s0 baseline fc1 9.96 / fc2 10.82)
Init: warm-started (actor only, critics fresh) (source: /home/fahim/Thesis_fahim/pickandplace/checkpoints/td3_grasp_rand_td3_ln_cont64_s3/best)
Fresh replay buffer.

Training...

Ep    50 | score  206.22 | avg100  191.71 | grasp100  88.0% | best 0.000 |     44 st/s
    done(50): success=44 t_flicker=6
Ep   100 | score  208.40 | avg100  191.21 | grasp100  87.0% | best 0.000 |     48 st/s
    done(50): success=43 t_flicker=6 t_touched=1
Ep   150 | score  -79.97 | avg100  123.31 | grasp100  63.0% | best 0.000 |     45 st/s
    done(50): success=20 t_flicker=4 t_touched=3 t_no_reach=23
Ep   200 | * BEST  level200=2.00 grasp200= 53.5% metric=0.535 | score  -79.64
Ep   250 | score  -75.24 | avg100  -71.67 | grasp100   0.0% | best 0.535 |     41 st/s
    done(50): t_flicker=1 t_touched=5 t_no_reach=44
Ep   300 | score  -65.01 | avg100  -58.89 | grasp100   0.0% | best 0.535 |     40 st/s
    done(50): t_touched=10 t_no_reach=40
Ep   350 | score  -15.18 | avg100  -50.54 | grasp100   1.0% | best 0.535 |     40 st/s
    done(50): success=1 t_flicker=1 t_touched=5 t_no_reach=43
Ep   400 | score    2.76 | avg100  -42.82 | grasp100   1.0% | best 0.535 |     40 st/s
    done(50): t_flicker=1 t_touched=9 t_no_reach=40
  [primacy-bias reset of critic heads @ 25000 updates]
Ep   450 | score  -79.86 | avg100  -40.96 | grasp100   0.0% | best 0.535 |     39 st/s
    done(50): t_touched=6 t_no_reach=44
Ep   500 | score  -57.65 | avg100  -61.76 | grasp100   0.0% | best 0.535 |     39 st/s
    done(50): t_no_reach=50
Ep   550 | score  -60.87 | avg100  -69.52 | grasp100   0.0% | best 0.535 |     39 st/s
    done(50): t_touched=11 t_no_reach=39
Ep   600 | score   52.89 | avg100  -42.57 | grasp100   1.0% | best 0.535 |     39 st/s
    done(50): success=1 t_flicker=5 t_touched=19 t_no_reach=25
Ep   650 | score  -60.91 | avg100    1.29 | grasp100   7.0% | best 0.535 |     39 st/s
    done(50): success=6 t_flicker=7 t_touched=26 t_no_reach=11
Ep   700 | score   22.98 | avg100   26.59 | grasp100   9.0% | best 0.535 |     39 st/s
    done(50): success=3 t_flicker=13 t_touched=23 t_no_reach=11
Ep   750 | score    6.61 | avg100   34.67 | grasp100  11.0% | best 0.535 |     39 st/s
    done(50): success=8 t_flicker=10 t_touched=26 t_no_reach=6
  [primacy-bias reset of critic heads @ 50000 updates]
Ep   800 | score  -74.34 | avg100   28.09 | grasp100  14.0% | best 0.535 |     39 st/s
    done(50): success=6 t_flicker=5 t_touched=23 t_no_reach=16
Ep   850 | score  -12.18 | avg100  -26.28 | grasp100   6.0% | best 0.535 |     39 st/s
    done(50): t_flicker=1 t_touched=2 t_no_reach=47
Ep   900 | score  -63.10 | avg100  -49.73 | grasp100   3.0% | best 0.535 |     39 st/s
    done(50): success=3 t_flicker=3 t_touched=14 t_no_reach=30
Ep   950 | score  -52.33 | avg100   -0.38 | grasp100   9.0% | best 0.535 |     39 st/s
    done(50): success=6 t_flicker=13 t_touched=21 t_no_reach=10
Ep  1000 | score   25.10 | avg100   51.29 | grasp100  21.0% | best 0.535 |     39 st/s
    done(50): success=15 t_flicker=5 t_touched=25 t_no_reach=5
Ep  1050 | score   -0.16 | avg100   73.87 | grasp100  29.0% | best 0.535 |     39 st/s
    done(50): success=14 t_flicker=16 t_touched=20
Ep  1100 | score   45.91 | avg100   69.84 | grasp100  21.0% | best 0.535 |     39 st/s
    done(50): success=7 t_flicker=14 t_touched=27 t_no_reach=2
Ep  1150 | score   54.85 | avg100   76.42 | grasp100  23.0% | best 0.535 |     39 st/s
    done(50): success=16 t_flicker=18 t_touched=15 t_no_reach=1
  [primacy-bias reset of critic heads @ 75000 updates]
Ep  1200 | score   17.94 | avg100   79.81 | grasp100  27.0% | best 0.535 |     39 st/s
    done(50): success=11 t_flicker=20 t_touched=16 t_no_reach=3
Ep  1250 | score    7.67 | avg100   36.89 | grasp100  14.0% | best 0.535 |     39 st/s
    done(50): success=3 t_flicker=13 t_touched=19 t_no_reach=15
Ep  1300 | score   89.14 | avg100   23.74 | grasp100  11.0% | best 0.535 |     39 st/s
    done(50): success=8 t_flicker=9 t_touched=29 t_no_reach=4
Ep  1350 | score  204.41 | avg100   45.40 | grasp100  18.0% | best 0.535 |     39 st/s
    done(50): success=10 t_flicker=9 t_touched=26 t_no_reach=5
Ep  1400 | score   55.93 | avg100   35.07 | grasp100  13.0% | best 0.535 |     39 st/s
    done(50): success=3 t_flicker=14 t_touched=28 t_no_reach=5
Ep  1450 | score  -11.23 | avg100   23.65 | grasp100   7.0% | best 0.535 |     39 st/s
    done(50): success=4 t_flicker=11 t_touched=28 t_no_reach=7
Ep  1500 | score  207.55 | avg100   48.27 | grasp100  18.0% | best 0.535 |     39 st/s
    done(50): success=14 t_flicker=12 t_touched=18 t_no_reach=6
Ep  1550 | score  -23.03 | avg100   60.10 | grasp100  23.0% | best 0.535 |     39 st/s
    done(50): success=9 t_flicker=15 t_touched=22 t_no_reach=4
  [primacy-bias reset of critic heads @ 100000 updates]
Ep  1600 | score  209.38 | avg100   16.47 | grasp100  11.0% | best 0.535 |     39 st/s
    done(50): success=2 t_flicker=10 t_touched=12 t_no_reach=26
Ep  1650 | score  -28.16 | avg100    5.90 | grasp100   6.0% | best 0.535 |     39 st/s
    done(50): success=4 t_flicker=16 t_touched=24 t_no_reach=6
Ep  1700 | score  218.03 | avg100   57.60 | grasp100  17.0% | best 0.535 |     39 st/s
    done(50): success=13 t_flicker=17 t_touched=20
Ep  1750 | score  196.14 | avg100   90.49 | grasp100  27.0% | best 0.535 |     39 st/s
    done(50): success=14 t_flicker=29 t_touched=7
Ep  1800 | score   49.99 | avg100   91.29 | grasp100  29.0% | best 0.535 |     39 st/s
    done(50): success=15 t_flicker=17 t_touched=15 t_no_reach=3
Ep  1850 | score   63.93 | avg100   92.23 | grasp100  32.0% | best 0.535 |     39 st/s
    done(50): success=17 t_flicker=21 t_touched=11 t_no_reach=1
Ep  1900 | score  111.13 | avg100   92.96 | grasp100  29.0% | best 0.535 |     39 st/s
    done(50): success=12 t_flicker=23 t_touched=14 t_no_reach=1
Ep  1950 | score   60.36 | avg100   90.50 | grasp100  27.0% | best 0.535 |     39 st/s
    done(50): success=15 t_flicker=12 t_touched=21 t_no_reach=2
Ep  2000 | score  -43.06 | avg100   94.76 | grasp100  32.0% | best 0.535 |     39 st/s
    done(50): success=17 t_flicker=16 t_touched=16 t_no_reach=1
  [primacy-bias reset of critic heads @ 125000 updates]
Ep  2050 | score   12.19 | avg100   96.39 | grasp100  33.0% | best 0.535 |     39 st/s
    done(50): success=16 t_flicker=19 t_touched=13 t_no_reach=2
Ep  2100 | score  212.67 | avg100   69.46 | grasp100  24.0% | best 0.535 |     39 st/s
    done(50): success=8 t_flicker=16 t_touched=22 t_no_reach=4
Ep  2150 | score   51.21 | avg100   84.83 | grasp100  34.0% | best 0.535 |     39 st/s
    done(50): success=26 t_flicker=13 t_touched=8 t_no_reach=3
Ep  2200 | score  206.44 | avg100  105.85 | grasp100  45.0% | best 0.535 |     39 st/s
    done(50): success=19 t_flicker=14 t_touched=14 t_no_reach=3
Ep  2250 | score   60.37 | avg100   94.08 | grasp100  39.0% | best 0.535 |     39 st/s
    done(50): success=20 t_flicker=19 t_touched=10 t_no_reach=1
Ep  2300 | score  209.72 | avg100  111.85 | grasp100  46.0% | best 0.535 |     39 st/s
    done(50): success=26 t_flicker=16 t_touched=7 t_no_reach=1
Ep  2350 | score   40.82 | avg100  132.00 | grasp100  58.0% | best 0.535 |     39 st/s
    done(50): success=32 t_flicker=9 t_touched=8 t_no_reach=1
Ep  2397 | * BEST  level200=2.00 grasp200= 55.0% metric=0.550 | score  208.14
Ep  2400 | score  210.39 | avg100  145.94 | grasp100  65.0% | best 0.550 |     39 st/s
    done(50): success=33 t_flicker=11 t_touched=6
Ep  2419 | * BEST  level200=2.00 grasp200= 56.5% metric=0.565 | score  215.71
Ep  2431 | * BEST  level200=2.00 grasp200= 58.0% metric=0.580 | score  200.30
Ep  2438 | * BEST  level200=2.00 grasp200= 59.5% metric=0.595 | score  206.71
Ep  2443 | * BEST  level200=2.00 grasp200= 61.0% metric=0.610 | score  217.10
Ep  2450 | score  209.32 | avg100  145.93 | grasp100  64.0% | best 0.610 |     39 st/s
    done(50): success=31 t_flicker=12 t_touched=6 t_no_reach=1
Ep  2454 | * BEST  level200=2.00 grasp200= 62.5% metric=0.625 | score  208.02
Ep  2458 | * BEST  level200=2.00 grasp200= 64.0% metric=0.640 | score  263.76
Ep  2489 | * BEST  level200=2.00 grasp200= 65.5% metric=0.655 | score  209.60
Ep  2500 | score  224.42 | avg100  153.11 | grasp100  68.0% | best 0.655 |     39 st/s
    done(50): success=37 t_flicker=8 t_touched=4 t_no_reach=1
Ep  2543 | * BEST  level200=2.00 grasp200= 67.0% metric=0.670 | score  196.93
Ep  2550 | score   86.71 | avg100  155.92 | grasp100  69.0% | best 0.670 |     39 st/s
    done(50): success=32 t_flicker=8 t_touched=9 t_no_reach=1
Ep  2581 | * BEST  level200=2.00 grasp200= 68.5% metric=0.685 | score  196.95
Ep  2600 | score  208.56 | avg100  157.49 | grasp100  69.0% | best 0.685 |     39 st/s
    done(50): success=37 t_flicker=7 t_touched=6
Ep  2606 | * BEST  level200=2.00 grasp200= 70.0% metric=0.700 | score  215.22
Ep  2650 | score  203.11 | avg100  161.54 | grasp100  72.0% | best 0.700 |     39 st/s
    done(50): success=35 t_flicker=10 t_touched=5
Ep  2700 | score  209.94 | avg100  151.42 | grasp100  67.0% | best 0.700 |     39 st/s
    done(50): success=32 t_flicker=11 t_touched=7
Ep  2750 | score  -59.81 | avg100  153.76 | grasp100  69.0% | best 0.700 |     39 st/s
    done(50): success=37 t_flicker=7 t_touched=5 t_no_reach=1
Ep  2753 | * BEST  level200=2.00 grasp200= 71.5% metric=0.715 | score  202.54
  [primacy-bias reset of critic heads @ 150000 updates]
Ep  2800 | score  106.91 | avg100  151.42 | grasp100  68.0% | best 0.715 |     39 st/s
    done(50): success=31 t_flicker=11 t_touched=5 t_no_reach=3
Ep  2850 | score   52.91 | avg100   77.59 | grasp100  38.0% | best 0.715 |     39 st/s
    done(50): success=7 t_flicker=9 t_touched=23 t_no_reach=11
Ep  2900 | score  204.93 | avg100   53.14 | grasp100  32.0% | best 0.715 |     39 st/s
    done(50): success=25 t_flicker=6 t_touched=15 t_no_reach=4
Ep  2950 | score  242.06 | avg100  110.33 | grasp100  54.0% | best 0.715 |     39 st/s
    done(50): success=29 t_flicker=10 t_touched=8 t_no_reach=3
Ep  3000 | score  207.77 | avg100  134.72 | grasp100  60.0% | best 0.715 |     40 st/s
    done(50): success=31 t_flicker=10 t_touched=8 t_no_reach=1
Ep  3050 | score  211.03 | avg100  149.35 | grasp100  62.0% | best 0.715 |     40 st/s
    done(50): success=31 t_flicker=9 t_touched=10
Ep  3100 | score  208.96 | avg100  154.55 | grasp100  64.0% | best 0.715 |     40 st/s
    done(50): success=33 t_flicker=12 t_touched=5
Ep  3150 | score  209.21 | avg100  165.16 | grasp100  72.0% | best 0.715 |     40 st/s
    done(50): success=39 t_flicker=7 t_touched=4
Ep  3200 | score  209.49 | avg100  179.24 | grasp100  78.0% | best 0.715 |     40 st/s
    done(50): success=39 t_flicker=7 t_touched=3 t_no_reach=1
Ep  3209 | * BEST  level200=2.00 grasp200= 73.0% metric=0.730 | score  207.19
Ep  3250 | score  211.73 | avg100  179.66 | grasp100  76.0% | best 0.730 |     40 st/s
    done(50): success=37 t_flicker=12 t_touched=1
Ep  3251 | * BEST  level200=2.00 grasp200= 74.5% metric=0.745 | score  211.08
Ep  3273 | * BEST  level200=2.00 grasp200= 76.0% metric=0.760 | score  211.89
Ep  3300 | score  212.93 | avg100  172.92 | grasp100  73.0% | best 0.760 |     40 st/s
    done(50): success=36 t_flicker=8 t_touched=6
Ep  3350 | score  231.50 | avg100  158.84 | grasp100  66.0% | best 0.760 |     40 st/s
    done(50): success=30 t_flicker=15 t_touched=5
Ep  3400 | score  212.34 | avg100  162.99 | grasp100  68.0% | best 0.760 |     40 st/s
    done(50): success=38 t_flicker=7 t_touched=5
Ep  3450 | score  211.14 | avg100  172.08 | grasp100  77.0% | best 0.760 |     40 st/s
    done(50): success=39 t_flicker=7 t_touched=4
Ep  3500 | score  203.50 | avg100  182.37 | grasp100  83.0% | best 0.760 |     40 st/s
    done(50): success=44 t_flicker=5 t_touched=1
Ep  3507 | * BEST  level200=2.00 grasp200= 77.5% metric=0.775 | score  206.10
Ep  3511 | * BEST  level200=2.00 grasp200= 79.0% metric=0.790 | score  209.87
Ep  3528 | * BEST  level200=2.00 grasp200= 80.5% metric=0.805 | score  202.38
Ep  3534 | * BEST  level200=2.00 grasp200= 82.0% metric=0.820 | score  204.18
Ep  3550 | score  209.97 | avg100  192.57 | grasp100  88.0% | best 0.820 |     40 st/s
    done(50): success=44 t_flicker=4 t_touched=1 t_no_reach=1
Ep  3575 | * BEST  level200=2.00 grasp200= 83.5% metric=0.835 | score  204.12
Ep  3600 | score  208.07 | avg100  180.18 | grasp100  83.0% | best 0.835 |     40 st/s
    done(50): success=39 t_flicker=6 t_touched=5
Ep  3610 | * BEST  level200=2.00 grasp200= 85.0% metric=0.850 | score  213.22
Ep  3650 | score   34.06 | avg100  176.94 | grasp100  81.0% | best 0.850 |     40 st/s
    done(50): success=42 t_flicker=7 t_touched=1
Ep  3700 | score  208.95 | avg100  185.98 | grasp100  87.0% | best 0.850 |     40 st/s
    done(50): success=45 t_flicker=3 t_touched=2
  [primacy-bias reset of critic heads @ 175000 updates]
Ep  3750 | score    6.51 | avg100   99.35 | grasp100  54.0% | best 0.850 |     40 st/s
    done(50): success=9 t_flicker=10 t_touched=14 t_no_reach=17
Ep  3800 | score  211.01 | avg100   54.97 | grasp100  32.0% | best 0.850 |     40 st/s
    done(50): success=23 t_flicker=15 t_touched=9 t_no_reach=3
Ep  3850 | score  206.69 | avg100  135.78 | grasp100  62.0% | best 0.850 |     40 st/s
    done(50): success=39 t_flicker=8 t_touched=3
Ep  3900 | score  209.25 | avg100  161.15 | grasp100  75.0% | best 0.850 |     40 st/s
    done(50): success=36 t_flicker=6 t_touched=8
Ep  3950 | score  211.74 | avg100  163.64 | grasp100  77.0% | best 0.850 |     40 st/s
    done(50): success=41 t_flicker=5 t_touched=4
Ep  4000 | score  210.60 | avg100  165.38 | grasp100  76.0% | best 0.850 |     41 st/s
    done(50): success=35 t_flicker=8 t_touched=7
Ep  4050 | score  208.00 | avg100  163.05 | grasp100  71.0% | best 0.850 |     41 st/s
    done(50): success=36 t_flicker=10 t_touched=4
Ep  4100 | score   63.37 | avg100  165.81 | grasp100  71.0% | best 0.850 |     41 st/s
    done(50): success=35 t_flicker=10 t_touched=5
Ep  4150 | score  225.05 | avg100  169.81 | grasp100  76.0% | best 0.850 |     41 st/s
    done(50): success=41 t_flicker=5 t_touched=3 t_no_reach=1
Ep  4200 | score   71.12 | avg100  176.44 | grasp100  81.0% | best 0.850 |     41 st/s
    done(50): success=40 t_flicker=6 t_touched=4
Ep  4250 | score   49.81 | avg100  170.74 | grasp100  78.0% | best 0.850 |     41 st/s
    done(50): success=38 t_flicker=6 t_touched=6
Ep  4300 | score  206.47 | avg100  171.28 | grasp100  77.0% | best 0.850 |     41 st/s
    done(50): success=39 t_flicker=9 t_touched=2
Ep  4350 | score  209.72 | avg100  174.22 | grasp100  78.0% | best 0.850 |     41 st/s
    done(50): success=39 t_flicker=8 t_touched=3
Ep  4400 | score  208.98 | avg100  171.21 | grasp100  78.0% | best 0.850 |     41 st/s
    done(50): success=39 t_flicker=9 t_touched=2
Ep  4450 | score  231.10 | avg100  175.73 | grasp100  81.0% | best 0.850 |     41 st/s
    done(50): success=42 t_flicker=4 t_touched=3 t_no_reach=1
Ep  4500 | score  207.48 | avg100  178.15 | grasp100  80.0% | best 0.850 |     41 st/s
    done(50): success=38 t_flicker=9 t_touched=3
Ep  4550 | score  213.88 | avg100  174.56 | grasp100  77.0% | best 0.850 |     41 st/s
    done(50): success=39 t_flicker=9 t_touched=2
Ep  4600 | score  212.72 | avg100  180.56 | grasp100  83.0% | best 0.850 |     41 st/s
    done(50): success=44 t_flicker=5 t_touched=1
Ep  4650 | score  222.84 | avg100  179.11 | grasp100  83.0% | best 0.850 |     41 st/s
    done(50): success=39 t_flicker=7 t_touched=4
Ep  4700 | score  212.19 | avg100  177.87 | grasp100  81.0% | best 0.850 |     41 st/s
    done(50): success=42 t_flicker=7 t_touched=1
Ep  4748 | * BEST  level200=2.00 grasp200= 86.5% metric=0.865 | score  213.88
Ep  4750 | score  210.30 | avg100  194.10 | grasp100  90.0% | best 0.865 |     41 st/s
    done(50): success=48 t_flicker=1 t_touched=1
  [primacy-bias reset of critic heads @ 200000 updates]
Ep  4800 | score  -42.75 | avg100  108.45 | grasp100  59.0% | best 0.865 |     41 st/s
    done(50): success=11 t_flicker=6 t_touched=10 t_no_reach=23
Ep  4850 | score  210.93 | avg100   64.80 | grasp100  37.0% | best 0.865 |     42 st/s
    done(50): success=26 t_flicker=12 t_touched=11 t_no_reach=1
Ep  4900 | score   41.43 | avg100  127.34 | grasp100  56.0% | best 0.865 |     42 st/s
    done(50): success=30 t_flicker=10 t_touched=10
Ep  4950 | score   27.34 | avg100  154.16 | grasp100  67.0% | best 0.865 |     42 st/s
    done(50): success=37 t_flicker=9 t_touched=4
Ep  5000 | score  207.76 | avg100  176.75 | grasp100  76.0% | best 0.865 |     42 st/s
    done(50): success=39 t_flicker=11
Ep  5050 | score  207.97 | avg100  185.06 | grasp100  81.0% | best 0.865 |     42 st/s
    done(50): success=42 t_flicker=4 t_touched=4
Ep  5100 | score  210.75 | avg100  190.55 | grasp100  86.0% | best 0.865 |     42 st/s
    done(50): success=44 t_flicker=4 t_touched=2
Ep  5150 | score  210.52 | avg100  193.49 | grasp100  88.0% | best 0.865 |     42 st/s
    done(50): success=44 t_flicker=5 t_touched=1
Ep  5200 | score  210.36 | avg100  190.83 | grasp100  87.0% | best 0.865 |     42 st/s
    done(50): success=43 t_flicker=3 t_touched=4
Ep  5230 | * BEST  level200=2.00 grasp200= 88.0% metric=0.880 | score  209.83
Ep  5250 | score  115.44 | avg100  190.63 | grasp100  88.0% | best 0.880 |     42 st/s
    done(50): success=45 t_flicker=4 t_touched=1
Ep  5286 | * BEST  level200=2.00 grasp200= 89.5% metric=0.895 | score  211.41
Ep  5300 | score  209.69 | avg100  196.22 | grasp100  91.0% | best 0.895 |     42 st/s
    done(50): success=46 t_flicker=4
Ep  5350 | score  207.91 | avg100  197.41 | grasp100  90.0% | best 0.895 |     42 st/s
    done(50): success=44 t_flicker=5 t_touched=1
Ep  5373 | * BEST  level200=2.00 grasp200= 91.0% metric=0.910 | score  205.12
Ep  5400 | score  211.88 | avg100  198.62 | grasp100  91.0% | best 0.910 |     42 st/s
    done(50): success=47 t_flicker=2 t_touched=1
Ep  5450 | score  212.03 | avg100  193.45 | grasp100  88.0% | best 0.910 |     42 st/s
    done(50): success=41 t_flicker=9
Ep  5500 | score  209.77 | avg100  192.57 | grasp100  88.0% | best 0.910 |     42 st/s
    done(50): success=47 t_flicker=2 t_touched=1
Ep  5550 | score  210.49 | avg100  198.74 | grasp100  93.0% | best 0.910 |     42 st/s
    done(50): success=46 t_flicker=3 t_touched=1
Ep  5600 | score  210.13 | avg100  197.18 | grasp100  91.0% | best 0.910 |     42 st/s
    done(50): success=45 t_flicker=5
Ep  5632 | * BEST  level200=2.00 grasp200= 92.5% metric=0.925 | score  208.96
Ep  5650 | score  208.63 | avg100  198.53 | grasp100  92.0% | best 0.925 |     42 st/s
    done(50): success=47 t_flicker=2 t_touched=1

Target reached: 95.0% over 100 episodes at spawn level 2.0.

========================================================================
DONE  td3_ln_smallc64_s3
  Episodes     : 5690
  Env steps    : 550,700  (13148s)
  Best metric  : 0.925  (policy in /home/fahim/Thesis_fahim/pickandplace/checkpoints/td3_grasp_rand_td3_ln_smallc64_s3/best)
  Final grasp% : 95.0
  CSV          : /home/fahim/Thesis_fahim/pickandplace/logs/grasp_rand_td3_ln_smallc64_s3/episodes.csv
  Probe CSV    : /home/fahim/Thesis_fahim/pickandplace/logs/grasp_rand_td3_ln_smallc64_s3/probe.csv
  Manifest     : /home/fahim/Thesis_fahim/pickandplace/logs/grasp_rand_td3_ln_smallc64_s3/manifest.json
========================================================================

