========================================================================
RANDOM-SPAWN GRASP RETRAINING  |  algo=td3_ln  run=td3_ln_bigc512_s4
========================================================================
  Envs                : 5 (subprocess-parallel, fork)
  Spawn level         : 2.0 (1.0 = full position box, 2.0 = + z-rotation)
  Updates/vec-step    : 2 (0.400 per env-step; historical baseline 0.5)
  Buffer              : 200,000
  Actor               : 64 -> 32  (5,216 weights)  [critics 512->256]
  Warm start          : checkpoints/td3_grasp_rand_td3_ln_cont64_s4/best
  Checkpoints         : /home/fahim/Thesis_fahim/pickandplace/checkpoints/td3_grasp_rand_td3_ln_bigc512_s4
========================================================================

Spawning 5 subprocess environments (fork)...
[robosuite WARNING] No private macro file found! (__init__.py:7)
[robosuite WARNING] It is recommended to use a private macro file (__init__.py:8)
[robosuite WARNING] To setup, run: python /home/fahim/Thesis_fahim/venv/lib/python3.12/site-packages/robosuite/scripts/setup_macros.py (__init__.py:9)
[robosuite WARNING] No private macro file found! (__init__.py:7)
[robosuite WARNING] No private macro file found! (__init__.py:7)
[robosuite WARNING] No private macro file found! (__init__.py:7)
[robosuite WARNING] It is recommended to use a private macro file (__init__.py:8)
[robosuite WARNING] It is recommended to use a private macro file (__init__.py:8)
[robosuite WARNING] To setup, run: python /home/fahim/Thesis_fahim/venv/lib/python3.12/site-packages/robosuite/scripts/setup_macros.py (__init__.py:9)
[robosuite WARNING] To setup, run: python /home/fahim/Thesis_fahim/venv/lib/python3.12/site-packages/robosuite/scripts/setup_macros.py (__init__.py:9)
[robosuite WARNING] It is recommended to use a private macro file (__init__.py:8)
[robosuite WARNING] No private macro file found! (__init__.py:7)
[robosuite WARNING] To setup, run: python /home/fahim/Thesis_fahim/venv/lib/python3.12/site-packages/robosuite/scripts/setup_macros.py (__init__.py:9)
[robosuite WARNING] It is recommended to use a private macro file (__init__.py:8)
[robosuite WARNING] To setup, run: python /home/fahim/Thesis_fahim/venv/lib/python3.12/site-packages/robosuite/scripts/setup_macros.py (__init__.py:9)
Gym has been unmaintained since 2022 and does not support NumPy 2.0 amongst other critical functionality.
Please upgrade to Gymnasium, the maintained drop-in replacement of Gym, or contact the authors of your software and request that they upgrade.
See the migration guide at https://gymnasium.farama.org/introduction/migration_guide/ for additional information.
Gym has been unmaintained since 2022 and does not support NumPy 2.0 amongst other critical functionality.
Please upgrade to Gymnasium, the maintained drop-in replacement of Gym, or contact the authors of your software and request that they upgrade.
See the migration guide at https://gymnasium.farama.org/introduction/migration_guide/ for additional information.
Gym has been unmaintained since 2022 and does not support NumPy 2.0 amongst other critical functionality.
Please upgrade to Gymnasium, the maintained drop-in replacement of Gym, or contact the authors of your software and request that they upgrade.
See the migration guide at https://gymnasium.farama.org/introduction/migration_guide/ for additional information.
Gym has been unmaintained since 2022 and does not support NumPy 2.0 amongst other critical functionality.
Please upgrade to Gymnasium, the maintained drop-in replacement of Gym, or contact the authors of your software and request that they upgrade.
See the migration guide at https://gymnasium.farama.org/introduction/migration_guide/ for additional information.
Gym has been unmaintained since 2022 and does not support NumPy 2.0 amongst other critical functionality.
Please upgrade to Gymnasium, the maintained drop-in replacement of Gym, or contact the authors of your software and request that they upgrade.
See the migration guide at https://gymnasium.farama.org/introduction/migration_guide/ for additional information.
/home/fahim/Thesis_fahim/venv/lib/python3.12/site-packages/gym/spaces/box.py:84: UserWarning: [33mWARN: Box bound precision lowered by casting to float32[0m
  logger.warn(f"Box bound precision lowered by casting to {self.dtype}")
/home/fahim/Thesis_fahim/venv/lib/python3.12/site-packages/gym/spaces/box.py:84: UserWarning: [33mWARN: Box bound precision lowered by casting to float32[0m
  logger.warn(f"Box bound precision lowered by casting to {self.dtype}")
/home/fahim/Thesis_fahim/venv/lib/python3.12/site-packages/gym/spaces/box.py:84: UserWarning: [33mWARN: Box bound precision lowered by casting to float32[0m
  logger.warn(f"Box bound precision lowered by casting to {self.dtype}")
/home/fahim/Thesis_fahim/venv/lib/python3.12/site-packages/gym/spaces/box.py:84: UserWarning: [33mWARN: Box bound precision lowered by casting to float32[0m
  logger.warn(f"Box bound precision lowered by casting to {self.dtype}")
Gym has been unmaintained since 2022 and does not support NumPy 2.0 amongst other critical functionality.
Please upgrade to Gymnasium, the maintained drop-in replacement of Gym, or contact the authors of your software and request that they upgrade.
See the migration guide at https://gymnasium.farama.org/introduction/migration_guide/ for additional information.
5 environments ready.

/home/fahim/Thesis_fahim/venv/lib/python3.12/site-packages/gym/spaces/box.py:84: UserWarning: [33mWARN: Box bound precision lowered by casting to float32[0m
  logger.warn(f"Box bound precision lowered by casting to {self.dtype}")
  Actor QAT           : per-tensor INT8 fake-quant, STE grads
  Actor weight clip   : |w| <= 8.0 * std(w) per Linear tensor (bi_s0 baseline fc1 9.96 / fc2 10.82)
Init: warm-started (actor only, critics fresh) (source: /home/fahim/Thesis_fahim/pickandplace/checkpoints/td3_grasp_rand_td3_ln_cont64_s4/best)
Fresh replay buffer.

Training...

Ep    50 | score   16.49 | avg100  196.99 | grasp100  88.0% | best 0.000 |     50 st/s
    done(50): success=44 t_flicker=5 t_touched=1
Ep   100 | score  211.39 | avg100  194.99 | grasp100  88.0% | best 0.000 |     46 st/s
    done(50): success=44 t_flicker=4 t_touched=2
Ep   150 | score  -79.25 | avg100  168.41 | grasp100  80.0% | best 0.000 |     43 st/s
    done(50): success=36 t_flicker=4 t_touched=3 t_no_reach=7
Ep   200 | * BEST  level200=2.00 grasp200= 62.5% metric=0.625 | score  218.92
Ep   250 | score  -78.15 | avg100  -62.79 | grasp100   1.0% | best 0.625 |     40 st/s
    done(50): t_flicker=2 t_touched=7 t_no_reach=41
Ep   300 | score  -10.00 | avg100  -61.54 | grasp100   0.0% | best 0.625 |     39 st/s
    done(50): t_touched=3 t_no_reach=47
Ep   350 | score  -63.74 | avg100  -50.14 | grasp100   0.0% | best 0.625 |     39 st/s
    done(50): t_flicker=2 t_touched=9 t_no_reach=39
Ep   400 | score  -66.47 | avg100  -42.67 | grasp100   2.0% | best 0.625 |     39 st/s
    done(50): success=2 t_touched=3 t_no_reach=45
Ep   450 | score  -73.31 | avg100  -37.11 | grasp100   6.0% | best 0.625 |     39 st/s
    done(50): success=4 t_flicker=1 t_touched=14 t_no_reach=31
  [primacy-bias reset of critic heads @ 25000 updates]
Ep   500 | score  -79.95 | avg100  -48.54 | grasp100   4.0% | best 0.625 |     39 st/s
    done(50): t_flicker=2 t_touched=2 t_no_reach=46
Ep   550 | score  -79.85 | avg100  -74.03 | grasp100   0.0% | best 0.625 |     39 st/s
    done(50): t_no_reach=50
Ep   600 | score  -77.86 | avg100  -76.72 | grasp100   0.0% | best 0.625 |     39 st/s
    done(50): t_touched=1 t_no_reach=49
Ep   650 | score  -50.58 | avg100  -50.47 | grasp100   3.0% | best 0.625 |     39 st/s
    done(50): success=3 t_flicker=1 t_touched=9 t_no_reach=37
Ep   700 | score  -23.50 | avg100   -6.81 | grasp100   8.0% | best 0.625 |     39 st/s
    done(50): success=5 t_flicker=6 t_touched=15 t_no_reach=24
Ep   750 | score   10.22 | avg100   21.45 | grasp100  10.0% | best 0.625 |     39 st/s
    done(50): success=5 t_flicker=3 t_touched=25 t_no_reach=17
  [primacy-bias reset of critic heads @ 50000 updates]
Ep   800 | score  -63.12 | avg100   23.92 | grasp100   8.0% | best 0.625 |     39 st/s
    done(50): success=3 t_flicker=7 t_touched=26 t_no_reach=14
Ep   850 | score  -73.64 | avg100  -21.68 | grasp100   3.0% | best 0.625 |     39 st/s
    done(50): t_touched=8 t_no_reach=42
Ep   900 | score   79.20 | avg100  -33.57 | grasp100   4.0% | best 0.625 |     39 st/s
    done(50): success=4 t_flicker=3 t_touched=16 t_no_reach=27
Ep   950 | score   55.04 | avg100   33.05 | grasp100  17.0% | best 0.625 |     39 st/s
    done(50): success=13 t_flicker=16 t_touched=16 t_no_reach=5
Ep  1000 | score  104.38 | avg100   79.97 | grasp100  26.0% | best 0.625 |     39 st/s
    done(50): success=13 t_flicker=18 t_touched=16 t_no_reach=3
Ep  1050 | score   17.30 | avg100   85.93 | grasp100  30.0% | best 0.625 |     38 st/s
    done(50): success=17 t_flicker=14 t_touched=18 t_no_reach=1
Ep  1100 | score  -37.02 | avg100   88.06 | grasp100  37.0% | best 0.625 |     38 st/s
    done(50): success=20 t_flicker=10 t_touched=18 t_no_reach=2
Ep  1150 | score   14.21 | avg100   89.56 | grasp100  37.0% | best 0.625 |     38 st/s
    done(50): success=17 t_flicker=10 t_touched=21 t_no_reach=2
Ep  1200 | score   45.23 | avg100   99.77 | grasp100  37.0% | best 0.625 |     38 st/s
    done(50): success=20 t_flicker=11 t_touched=16 t_no_reach=3
  [primacy-bias reset of critic heads @ 75000 updates]
Ep  1250 | score  -66.45 | avg100   84.90 | grasp100  34.0% | best 0.625 |     38 st/s
    done(50): success=14 t_flicker=9 t_touched=13 t_no_reach=14
Ep  1300 | score   92.80 | avg100   21.79 | grasp100  18.0% | best 0.625 |     38 st/s
    done(50): success=4 t_flicker=8 t_touched=15 t_no_reach=23
Ep  1350 | score    5.44 | avg100   27.08 | grasp100  14.0% | best 0.625 |     38 st/s
    done(50): success=10 t_flicker=15 t_touched=21 t_no_reach=4
Ep  1400 | score  -10.13 | avg100   79.19 | grasp100  24.0% | best 0.625 |     38 st/s
    done(50): success=14 t_flicker=13 t_touched=22 t_no_reach=1
Ep  1450 | score    7.82 | avg100  106.82 | grasp100  35.0% | best 0.625 |     38 st/s
    done(50): success=21 t_flicker=20 t_touched=9
Ep  1500 | score  206.36 | avg100  119.79 | grasp100  44.0% | best 0.625 |     38 st/s
    done(50): success=23 t_flicker=14 t_touched=13
Ep  1550 | score  208.45 | avg100  127.12 | grasp100  51.0% | best 0.625 |     38 st/s
    done(50): success=28 t_flicker=12 t_touched=10
Ep  1600 | score  209.76 | avg100  143.05 | grasp100  60.0% | best 0.625 |     38 st/s
    done(50): success=32 t_flicker=13 t_touched=5
Ep  1650 | score  211.91 | avg100  152.96 | grasp100  66.0% | best 0.625 |     38 st/s
    done(50): success=34 t_flicker=10 t_touched=6
Ep  1680 | * BEST  level200=2.00 grasp200= 64.0% metric=0.640 | score  206.88
Ep  1690 | * BEST  level200=2.00 grasp200= 65.5% metric=0.655 | score  211.19
Ep  1699 | * BEST  level200=2.00 grasp200= 67.0% metric=0.670 | score  207.84
Ep  1700 | score  -49.00 | avg100  164.10 | grasp100  73.0% | best 0.670 |     38 st/s
    done(50): success=39 t_flicker=7 t_touched=4
Ep  1749 | * BEST  level200=2.00 grasp200= 68.5% metric=0.685 | score  207.09
Ep  1750 | score  207.28 | avg100  161.67 | grasp100  71.0% | best 0.685 |     38 st/s
    done(50): success=32 t_flicker=10 t_touched=8
Ep  1760 | * BEST  level200=2.00 grasp200= 70.0% metric=0.700 | score  209.48
Ep  1800 | score   42.94 | avg100  155.57 | grasp100  65.0% | best 0.700 |     38 st/s
    done(50): success=33 t_flicker=8 t_touched=9
Ep  1850 | score  209.92 | avg100  164.24 | grasp100  69.0% | best 0.700 |     38 st/s
    done(50): success=36 t_flicker=10 t_touched=4
  [primacy-bias reset of critic heads @ 100000 updates]
Ep  1900 | score   26.85 | avg100  112.39 | grasp100  45.0% | best 0.700 |     38 st/s
    done(50): success=9 t_flicker=19 t_touched=18 t_no_reach=4
Ep  1950 | score   49.45 | avg100   81.81 | grasp100  31.0% | best 0.700 |     38 st/s
    done(50): success=22 t_flicker=13 t_touched=12 t_no_reach=3
Ep  2000 | score  213.20 | avg100  125.99 | grasp100  48.0% | best 0.700 |     38 st/s
    done(50): success=26 t_flicker=15 t_touched=9
Ep  2050 | score  208.13 | avg100  149.51 | grasp100  57.0% | best 0.700 |     38 st/s
    done(50): success=31 t_flicker=13 t_touched=6
Ep  2100 | score  236.47 | avg100  161.99 | grasp100  65.0% | best 0.700 |     38 st/s
    done(50): success=34 t_flicker=8 t_touched=8
Ep  2150 | score  214.02 | avg100  175.80 | grasp100  75.0% | best 0.700 |     38 st/s
    done(50): success=41 t_flicker=6 t_touched=3
Ep  2173 | * BEST  level200=2.00 grasp200= 71.5% metric=0.715 | score  208.46
Ep  2182 | * BEST  level200=2.00 grasp200= 73.0% metric=0.730 | score  243.44
Ep  2200 | score  208.36 | avg100  181.43 | grasp100  81.0% | best 0.730 |     37 st/s
    done(50): success=40 t_flicker=2 t_touched=8
Ep  2203 | * BEST  level200=2.00 grasp200= 74.5% metric=0.745 | score  215.63
Ep  2214 | * BEST  level200=2.00 grasp200= 76.0% metric=0.760 | score  209.92
Ep  2250 | score  211.77 | avg100  176.54 | grasp100  77.0% | best 0.760 |     37 st/s
    done(50): success=37 t_flicker=7 t_touched=6
Ep  2282 | * BEST  level200=2.00 grasp200= 77.5% metric=0.775 | score  211.37
Ep  2300 | score  211.84 | avg100  173.51 | grasp100  74.0% | best 0.775 |     37 st/s
    done(50): success=37 t_flicker=8 t_touched=5
Ep  2350 | score  128.12 | avg100  166.76 | grasp100  69.0% | best 0.775 |     37 st/s
    done(50): success=32 t_flicker=13 t_touched=5
Ep  2400 | score  207.50 | avg100  148.99 | grasp100  60.0% | best 0.775 |     37 st/s
    done(50): success=28 t_flicker=6 t_touched=16
Ep  2450 | score  209.77 | avg100  153.52 | grasp100  63.0% | best 0.775 |     37 st/s
    done(50): success=35 t_flicker=11 t_touched=4
Ep  2500 | score   82.19 | avg100  170.07 | grasp100  72.0% | best 0.775 |     37 st/s
    done(50): success=37 t_flicker=6 t_touched=7
Ep  2550 | score  203.69 | avg100  165.86 | grasp100  71.0% | best 0.775 |     37 st/s
    done(50): success=34 t_flicker=4 t_touched=12
Ep  2600 | score  229.77 | avg100  170.14 | grasp100  73.0% | best 0.775 |     37 st/s
    done(50): success=39 t_flicker=5 t_touched=6
Ep  2650 | score  212.42 | avg100  183.30 | grasp100  82.0% | best 0.775 |     37 st/s
    done(50): success=43 t_flicker=1 t_touched=6
  [primacy-bias reset of critic heads @ 125000 updates]
Ep  2700 | score  -58.84 | avg100  154.81 | grasp100  70.0% | best 0.775 |     37 st/s
    done(50): success=27 t_flicker=8 t_touched=14 t_no_reach=1
Ep  2750 | score   20.13 | avg100   77.21 | grasp100  37.0% | best 0.775 |     37 st/s
    done(50): success=10 t_flicker=11 t_touched=10 t_no_reach=19
Ep  2800 | score  211.42 | avg100   90.09 | grasp100  40.0% | best 0.775 |     37 st/s
    done(50): success=30 t_flicker=14 t_touched=6
Ep  2850 | score  212.81 | avg100  162.44 | grasp100  68.0% | best 0.775 |     37 st/s
    done(50): success=38 t_flicker=10 t_touched=2
Ep  2900 | score  210.97 | avg100  180.91 | grasp100  77.0% | best 0.775 |     37 st/s
    done(50): success=39 t_flicker=9 t_touched=2
Ep  2950 | score  210.65 | avg100  180.99 | grasp100  78.0% | best 0.775 |     37 st/s
    done(50): success=39 t_flicker=7 t_touched=4
Ep  2992 | * BEST  level200=2.00 grasp200= 79.0% metric=0.790 | score  210.71
Ep  3000 | score  208.95 | avg100  182.94 | grasp100  81.0% | best 0.790 |     37 st/s
    done(50): success=42 t_flicker=5 t_touched=3
Ep  3023 | * BEST  level200=2.00 grasp200= 80.5% metric=0.805 | score  214.24
Ep  3050 | score  213.98 | avg100  186.76 | grasp100  82.0% | best 0.805 |     37 st/s
    done(50): success=40 t_flicker=8 t_touched=2
Ep  3082 | * BEST  level200=2.00 grasp200= 82.0% metric=0.820 | score  209.72
Ep  3100 | score  211.31 | avg100  187.06 | grasp100  82.0% | best 0.820 |     37 st/s
    done(50): success=42 t_flicker=6 t_touched=2
Ep  3117 | * BEST  level200=2.00 grasp200= 83.5% metric=0.835 | score  210.99
Ep  3124 | * BEST  level200=2.00 grasp200= 85.0% metric=0.850 | score  213.51
Ep  3147 | * BEST  level200=2.00 grasp200= 86.5% metric=0.865 | score  212.32
Ep  3150 | score  118.28 | avg100  197.51 | grasp100  89.0% | best 0.865 |     37 st/s
    done(50): success=47 t_flicker=2 t_touched=1
Ep  3200 | score  284.59 | avg100  192.33 | grasp100  85.0% | best 0.865 |     37 st/s
    done(50): success=38 t_flicker=9 t_touched=3
Ep  3250 | score   98.44 | avg100  180.66 | grasp100  78.0% | best 0.865 |     37 st/s
    done(50): success=40 t_flicker=9 t_touched=1
Ep  3300 | score  215.13 | avg100  191.01 | grasp100  86.0% | best 0.865 |     37 st/s
    done(50): success=46 t_flicker=4
Ep  3350 | score  216.70 | avg100  198.52 | grasp100  92.0% | best 0.865 |     37 st/s
    done(50): success=46 t_flicker=3 t_touched=1
Ep  3392 | * BEST  level200=2.00 grasp200= 88.0% metric=0.880 | score  206.50
Ep  3400 | score  207.49 | avg100  196.53 | grasp100  90.0% | best 0.880 |     37 st/s
    done(50): success=44 t_flicker=6
Ep  3405 | * BEST  level200=2.00 grasp200= 89.5% metric=0.895 | score  211.44
Ep  3450 | score  209.65 | avg100  192.84 | grasp100  87.0% | best 0.895 |     37 st/s
    done(50): success=43 t_flicker=6 t_touched=1
Ep  3500 | score  207.74 | avg100  184.13 | grasp100  82.0% | best 0.895 |     37 st/s
    done(50): success=39 t_flicker=8 t_touched=2 t_no_reach=1
Ep  3550 | score  211.89 | avg100  183.76 | grasp100  81.0% | best 0.895 |     37 st/s
    done(50): success=42 t_flicker=5 t_touched=3
Ep  3600 | score  213.33 | avg100  197.06 | grasp100  90.0% | best 0.895 |     37 st/s
    done(50): success=48 t_touched=2

Target reached: 95.0% over 100 episodes at spawn level 2.0.

========================================================================
DONE  td3_ln_bigc512_s4
  Episodes     : 3623
  Env steps    : 370,305  (10035s)
  Best metric  : 0.895  (policy in /home/fahim/Thesis_fahim/pickandplace/checkpoints/td3_grasp_rand_td3_ln_bigc512_s4/best)
  Final grasp% : 95.0
  CSV          : /home/fahim/Thesis_fahim/pickandplace/logs/grasp_rand_td3_ln_bigc512_s4/episodes.csv
  Probe CSV    : /home/fahim/Thesis_fahim/pickandplace/logs/grasp_rand_td3_ln_bigc512_s4/probe.csv
  Manifest     : /home/fahim/Thesis_fahim/pickandplace/logs/grasp_rand_td3_ln_bigc512_s4/manifest.json
========================================================================

