========================================================================
RANDOM-SPAWN GRASP RETRAINING  |  algo=td3_ln  run=td3_ln_smallc64_s2
========================================================================
  Envs                : 5 (subprocess-parallel, fork)
  Spawn level         : 2.0 (1.0 = full position box, 2.0 = + z-rotation)
  Updates/vec-step    : 2 (0.400 per env-step; historical baseline 0.5)
  Buffer              : 200,000
  Actor               : 64 -> 32  (5,216 weights)
  Warm start          : checkpoints/td3_grasp_rand_td3_ln_cont64_s2/best
  Checkpoints         : /home/fahim/Thesis_fahim/pickandplace/checkpoints/td3_grasp_rand_td3_ln_smallc64_s2
========================================================================

Spawning 5 subprocess environments (fork)...
[robosuite WARNING] No private macro file found! (__init__.py:7)
[robosuite WARNING] No private macro file found! (__init__.py:7)
[robosuite WARNING] It is recommended to use a private macro file (__init__.py:8)
[robosuite WARNING] It is recommended to use a private macro file (__init__.py:8)
[robosuite WARNING] To setup, run: python /home/fahim/Thesis_fahim/venv/lib/python3.12/site-packages/robosuite/scripts/setup_macros.py (__init__.py:9)
[robosuite WARNING] To setup, run: python /home/fahim/Thesis_fahim/venv/lib/python3.12/site-packages/robosuite/scripts/setup_macros.py (__init__.py:9)
[robosuite WARNING] No private macro file found! (__init__.py:7)
[robosuite WARNING] It is recommended to use a private macro file (__init__.py:8)
[robosuite WARNING] To setup, run: python /home/fahim/Thesis_fahim/venv/lib/python3.12/site-packages/robosuite/scripts/setup_macros.py (__init__.py:9)
[robosuite WARNING] No private macro file found! (__init__.py:7)
[robosuite WARNING] It is recommended to use a private macro file (__init__.py:8)
[robosuite WARNING] To setup, run: python /home/fahim/Thesis_fahim/venv/lib/python3.12/site-packages/robosuite/scripts/setup_macros.py (__init__.py:9)
[robosuite WARNING] No private macro file found! (__init__.py:7)
[robosuite WARNING] It is recommended to use a private macro file (__init__.py:8)
[robosuite WARNING] To setup, run: python /home/fahim/Thesis_fahim/venv/lib/python3.12/site-packages/robosuite/scripts/setup_macros.py (__init__.py:9)
Gym has been unmaintained since 2022 and does not support NumPy 2.0 amongst other critical functionality.
Please upgrade to Gymnasium, the maintained drop-in replacement of Gym, or contact the authors of your software and request that they upgrade.
See the migration guide at https://gymnasium.farama.org/introduction/migration_guide/ for additional information.
Gym has been unmaintained since 2022 and does not support NumPy 2.0 amongst other critical functionality.
Please upgrade to Gymnasium, the maintained drop-in replacement of Gym, or contact the authors of your software and request that they upgrade.
See the migration guide at https://gymnasium.farama.org/introduction/migration_guide/ for additional information.
Gym has been unmaintained since 2022 and does not support NumPy 2.0 amongst other critical functionality.
Please upgrade to Gymnasium, the maintained drop-in replacement of Gym, or contact the authors of your software and request that they upgrade.
See the migration guide at https://gymnasium.farama.org/introduction/migration_guide/ for additional information.
Gym has been unmaintained since 2022 and does not support NumPy 2.0 amongst other critical functionality.
Please upgrade to Gymnasium, the maintained drop-in replacement of Gym, or contact the authors of your software and request that they upgrade.
See the migration guide at https://gymnasium.farama.org/introduction/migration_guide/ for additional information.
Gym has been unmaintained since 2022 and does not support NumPy 2.0 amongst other critical functionality.
Please upgrade to Gymnasium, the maintained drop-in replacement of Gym, or contact the authors of your software and request that they upgrade.
See the migration guide at https://gymnasium.farama.org/introduction/migration_guide/ for additional information.
/home/fahim/Thesis_fahim/venv/lib/python3.12/site-packages/gym/spaces/box.py:84: UserWarning: [33mWARN: Box bound precision lowered by casting to float32[0m
  logger.warn(f"Box bound precision lowered by casting to {self.dtype}")
/home/fahim/Thesis_fahim/venv/lib/python3.12/site-packages/gym/spaces/box.py:84: UserWarning: [33mWARN: Box bound precision lowered by casting to float32[0m
  logger.warn(f"Box bound precision lowered by casting to {self.dtype}")
/home/fahim/Thesis_fahim/venv/lib/python3.12/site-packages/gym/spaces/box.py:84: UserWarning: [33mWARN: Box bound precision lowered by casting to float32[0m
  logger.warn(f"Box bound precision lowered by casting to {self.dtype}")
/home/fahim/Thesis_fahim/venv/lib/python3.12/site-packages/gym/spaces/box.py:84: UserWarning: [33mWARN: Box bound precision lowered by casting to float32[0m
  logger.warn(f"Box bound precision lowered by casting to {self.dtype}")
/home/fahim/Thesis_fahim/venv/lib/python3.12/site-packages/gym/spaces/box.py:84: UserWarning: [33mWARN: Box bound precision lowered by casting to float32[0m
  logger.warn(f"Box bound precision lowered by casting to {self.dtype}")
Gym has been unmaintained since 2022 and does not support NumPy 2.0 amongst other critical functionality.
Please upgrade to Gymnasium, the maintained drop-in replacement of Gym, or contact the authors of your software and request that they upgrade.
See the migration guide at https://gymnasium.farama.org/introduction/migration_guide/ for additional information.
5 environments ready.

  Actor QAT           : per-tensor INT8 fake-quant, STE grads
  Actor weight clip   : |w| <= 8.0 * std(w) per Linear tensor (bi_s0 baseline fc1 9.96 / fc2 10.82)
Init: warm-started (actor only, critics fresh) (source: /home/fahim/Thesis_fahim/pickandplace/checkpoints/td3_grasp_rand_td3_ln_cont64_s2/best)
Fresh replay buffer.

Training...

Ep    50 | score  204.34 | avg100  197.44 | grasp100  94.0% | best 0.000 |     51 st/s
    done(50): success=47 t_flicker=2 t_touched=1
Ep   100 | score  229.05 | avg100  195.51 | grasp100  91.0% | best 0.000 |     53 st/s
    done(50): success=44 t_flicker=1 t_touched=5
Ep   150 | score  -79.99 | avg100  108.84 | grasp100  60.0% | best 0.000 |     45 st/s
    done(50): success=16 t_flicker=4 t_touched=2 t_no_reach=28
Ep   200 | * BEST  level200=2.00 grasp200= 53.5% metric=0.535 | score  -79.24
Ep   250 | score  -74.32 | avg100  -78.03 | grasp100   0.0% | best 0.535 |     41 st/s
    done(50): t_no_reach=50
Ep   300 | score  -52.14 | avg100  -66.81 | grasp100   1.0% | best 0.535 |     40 st/s
    done(50): success=1 t_touched=6 t_no_reach=43
Ep   350 | score  -78.10 | avg100  -57.39 | grasp100   1.0% | best 0.535 |     40 st/s
    done(50): t_flicker=2 t_touched=5 t_no_reach=43
Ep   400 | score  -55.11 | avg100  -58.62 | grasp100   0.0% | best 0.535 |     39 st/s
    done(50): t_flicker=1 t_touched=4 t_no_reach=45
  [primacy-bias reset of critic heads @ 25000 updates]
Ep   450 | score  -76.91 | avg100  -58.50 | grasp100   0.0% | best 0.535 |     39 st/s
    done(50): t_touched=7 t_no_reach=43
Ep   500 | score  -76.90 | avg100  -66.43 | grasp100   0.0% | best 0.535 |     39 st/s
    done(50): t_touched=2 t_no_reach=48
Ep   550 | score  211.24 | avg100  -65.07 | grasp100   1.0% | best 0.535 |     39 st/s
    done(50): success=1 t_flicker=1 t_touched=7 t_no_reach=41
Ep   600 | score  -63.91 | avg100  -30.42 | grasp100   2.0% | best 0.535 |     39 st/s
    done(50): success=1 t_flicker=7 t_touched=22 t_no_reach=20
Ep   650 | score  -59.56 | avg100   21.82 | grasp100   9.0% | best 0.535 |     39 st/s
    done(50): success=8 t_flicker=10 t_touched=26 t_no_reach=6
Ep   700 | score  105.96 | avg100   48.78 | grasp100  16.0% | best 0.535 |     39 st/s
    done(50): success=8 t_flicker=17 t_touched=22 t_no_reach=3
Ep   750 | score  -25.60 | avg100   36.24 | grasp100  13.0% | best 0.535 |     39 st/s
    done(50): success=5 t_flicker=17 t_touched=23 t_no_reach=5
  [primacy-bias reset of critic heads @ 50000 updates]
Ep   800 | score  -62.55 | avg100    1.60 | grasp100   9.0% | best 0.535 |     39 st/s
    done(50): success=4 t_flicker=2 t_touched=19 t_no_reach=25
Ep   850 | score  -67.49 | avg100  -31.80 | grasp100   5.0% | best 0.535 |     39 st/s
    done(50): success=1 t_flicker=1 t_touched=18 t_no_reach=30
Ep   900 | score  205.57 | avg100  -39.20 | grasp100   3.0% | best 0.535 |     39 st/s
    done(50): success=2 t_flicker=4 t_touched=29 t_no_reach=15
Ep   950 | score  -52.54 | avg100  -40.28 | grasp100   4.0% | best 0.535 |     39 st/s
    done(50): success=2 t_flicker=3 t_touched=15 t_no_reach=30
Ep  1000 | score   89.01 | avg100  -24.60 | grasp100   7.0% | best 0.535 |     39 st/s
    done(50): success=5 t_flicker=4 t_touched=36 t_no_reach=5
Ep  1050 | score  -21.06 | avg100   -1.06 | grasp100   6.0% | best 0.535 |     39 st/s
    done(50): success=1 t_flicker=11 t_touched=33 t_no_reach=5
Ep  1100 | score   63.12 | avg100   12.00 | grasp100   7.0% | best 0.535 |     39 st/s
    done(50): success=6 t_flicker=12 t_touched=27 t_no_reach=5
  [primacy-bias reset of critic heads @ 75000 updates]
Ep  1150 | score  -53.38 | avg100    6.28 | grasp100   8.0% | best 0.535 |     39 st/s
    done(50): success=2 t_flicker=12 t_touched=22 t_no_reach=14
Ep  1200 | score   26.41 | avg100   -6.21 | grasp100   5.0% | best 0.535 |     39 st/s
    done(50): success=3 t_flicker=7 t_touched=27 t_no_reach=13
Ep  1250 | score    7.82 | avg100   17.63 | grasp100  14.0% | best 0.535 |     39 st/s
    done(50): success=11 t_flicker=8 t_touched=29 t_no_reach=2
Ep  1300 | score  205.19 | avg100   70.21 | grasp100  30.0% | best 0.535 |     39 st/s
    done(50): success=19 t_flicker=20 t_touched=6 t_no_reach=5
Ep  1350 | score  208.46 | avg100   84.12 | grasp100  30.0% | best 0.535 |     39 st/s
    done(50): success=11 t_flicker=22 t_touched=17
Ep  1400 | score   90.19 | avg100   59.36 | grasp100  21.0% | best 0.535 |     39 st/s
    done(50): success=10 t_flicker=21 t_touched=19
Ep  1450 | score   98.18 | avg100   54.25 | grasp100  18.0% | best 0.535 |     39 st/s
    done(50): success=8 t_flicker=16 t_touched=26
Ep  1500 | score  105.13 | avg100   70.65 | grasp100  20.0% | best 0.535 |     39 st/s
    done(50): success=12 t_flicker=22 t_touched=15 t_no_reach=1
  [primacy-bias reset of critic heads @ 100000 updates]
Ep  1550 | score  -65.92 | avg100   61.54 | grasp100  16.0% | best 0.535 |     39 st/s
    done(50): success=4 t_flicker=16 t_touched=23 t_no_reach=7
Ep  1600 | score  -76.76 | avg100    1.05 | grasp100   8.0% | best 0.535 |     39 st/s
    done(50): success=4 t_touched=10 t_no_reach=36
Ep  1650 | score   86.54 | avg100    9.82 | grasp100  19.0% | best 0.535 |     39 st/s
    done(50): success=15 t_flicker=12 t_touched=11 t_no_reach=12
Ep  1700 | score  207.10 | avg100   70.84 | grasp100  34.0% | best 0.535 |     39 st/s
    done(50): success=19 t_flicker=15 t_touched=15 t_no_reach=1
Ep  1750 | score  -14.79 | avg100  103.82 | grasp100  40.0% | best 0.535 |     39 st/s
    done(50): success=21 t_flicker=17 t_touched=12
Ep  1800 | score  207.31 | avg100  126.76 | grasp100  50.0% | best 0.535 |     39 st/s
    done(50): success=29 t_flicker=11 t_touched=10
Ep  1850 | score  205.57 | avg100  116.16 | grasp100  52.0% | best 0.535 |     39 st/s
    done(50): success=23 t_flicker=14 t_touched=6 t_no_reach=7
Ep  1900 | score  210.51 | avg100  100.34 | grasp100  46.0% | best 0.535 |     39 st/s
    done(50): success=23 t_flicker=11 t_touched=8 t_no_reach=8
Ep  1950 | score  -57.52 | avg100  104.96 | grasp100  44.0% | best 0.535 |     39 st/s
    done(50): success=21 t_flicker=15 t_touched=11 t_no_reach=3
Ep  2000 | score  205.97 | avg100  119.92 | grasp100  46.0% | best 0.535 |     39 st/s
    done(50): success=25 t_flicker=17 t_touched=8
Ep  2050 | score  250.00 | avg100  140.19 | grasp100  54.0% | best 0.535 |     39 st/s
    done(50): success=29 t_flicker=17 t_touched=4
  [primacy-bias reset of critic heads @ 125000 updates]
Ep  2100 | score  204.61 | avg100   62.74 | grasp100  32.0% | best 0.535 |     39 st/s
    done(50): success=3 t_flicker=10 t_touched=9 t_no_reach=28
Ep  2150 | score  210.21 | avg100   59.89 | grasp100  33.0% | best 0.535 |     39 st/s
    done(50): success=30 t_flicker=13 t_touched=7
Ep  2200 | score   12.70 | avg100  128.07 | grasp100  49.0% | best 0.535 |     39 st/s
    done(50): success=19 t_flicker=16 t_touched=14 t_no_reach=1
Ep  2250 | score  110.74 | avg100  126.21 | grasp100  44.0% | best 0.535 |     39 st/s
    done(50): success=25 t_flicker=17 t_touched=7 t_no_reach=1
Ep  2300 | score   54.08 | avg100  148.95 | grasp100  58.0% | best 0.535 |     39 st/s
    done(50): success=33 t_flicker=13 t_touched=4
Ep  2317 | * BEST  level200=2.00 grasp200= 55.0% metric=0.550 | score  215.74
Ep  2338 | * BEST  level200=2.00 grasp200= 56.5% metric=0.565 | score  204.93
Ep  2350 | score   67.21 | avg100  164.01 | grasp100  66.0% | best 0.565 |     39 st/s
    done(50): success=33 t_flicker=13 t_touched=3 t_no_reach=1
Ep  2373 | * BEST  level200=2.00 grasp200= 58.0% metric=0.580 | score  211.11
Ep  2381 | * BEST  level200=2.00 grasp200= 59.5% metric=0.595 | score  203.26
Ep  2384 | * BEST  level200=2.00 grasp200= 61.0% metric=0.610 | score  220.35
Ep  2390 | * BEST  level200=2.00 grasp200= 62.5% metric=0.625 | score  214.54
Ep  2400 | score  139.19 | avg100  172.12 | grasp100  69.0% | best 0.625 |     39 st/s
    done(50): success=36 t_flicker=12 t_touched=2
Ep  2403 | * BEST  level200=2.00 grasp200= 64.0% metric=0.640 | score  232.99
Ep  2417 | * BEST  level200=2.00 grasp200= 65.5% metric=0.655 | score  198.54
Ep  2421 | * BEST  level200=2.00 grasp200= 67.0% metric=0.670 | score  207.62
Ep  2430 | * BEST  level200=2.00 grasp200= 68.5% metric=0.685 | score  214.05
Ep  2450 | score  213.87 | avg100  168.94 | grasp100  69.0% | best 0.685 |     39 st/s
    done(50): success=33 t_flicker=14 t_touched=2 t_no_reach=1
Ep  2500 | score   63.82 | avg100  159.57 | grasp100  65.0% | best 0.685 |     39 st/s
    done(50): success=32 t_flicker=15 t_touched=2 t_no_reach=1
Ep  2550 | score  212.32 | avg100  157.90 | grasp100  64.0% | best 0.685 |     39 st/s
    done(50): success=32 t_flicker=14 t_touched=4
Ep  2600 | score  206.60 | avg100  170.26 | grasp100  71.0% | best 0.685 |     39 st/s
    done(50): success=39 t_flicker=8 t_touched=3
Ep  2609 | * BEST  level200=2.00 grasp200= 70.0% metric=0.700 | score  209.85
Ep  2650 | score  213.62 | avg100  173.67 | grasp100  74.0% | best 0.700 |     39 st/s
    done(50): success=35 t_flicker=13 t_touched=2
Ep  2700 | score  226.53 | avg100  163.04 | grasp100  67.0% | best 0.700 |     39 st/s
    done(50): success=32 t_flicker=13 t_touched=5
Ep  2716 | * BEST  level200=2.00 grasp200= 71.5% metric=0.715 | score  202.40
Ep  2719 | * BEST  level200=2.00 grasp200= 73.0% metric=0.730 | score  209.84
Ep  2750 | score  212.41 | avg100  164.91 | grasp100  65.0% | best 0.730 |     39 st/s
    done(50): success=33 t_flicker=14 t_touched=3
Ep  2800 | score  210.99 | avg100  173.18 | grasp100  71.0% | best 0.730 |     39 st/s
    done(50): success=38 t_flicker=10 t_touched=2
Ep  2850 | score  203.57 | avg100  180.84 | grasp100  79.0% | best 0.730 |     39 st/s
    done(50): success=41 t_flicker=9
Ep  2900 | score  207.43 | avg100  171.30 | grasp100  73.0% | best 0.730 |     39 st/s
    done(50): success=32 t_flicker=17 t_touched=1
  [primacy-bias reset of critic heads @ 150000 updates]
Ep  2950 | score  -52.30 | avg100  129.37 | grasp100  53.0% | best 0.730 |     39 st/s
    done(50): success=21 t_flicker=14 t_touched=14 t_no_reach=1
Ep  3000 | score  210.62 | avg100  117.60 | grasp100  49.0% | best 0.730 |     39 st/s
    done(50): success=28 t_flicker=18 t_touched=3 t_no_reach=1
Ep  3050 | score  -71.02 | avg100  136.40 | grasp100  58.0% | best 0.730 |     39 st/s
    done(50): success=30 t_flicker=14 t_touched=6
Ep  3100 | score  210.22 | avg100  124.04 | grasp100  51.0% | best 0.730 |     39 st/s
    done(50): success=21 t_flicker=18 t_touched=10 t_no_reach=1
Ep  3150 | score  207.99 | avg100  128.61 | grasp100  54.0% | best 0.730 |     39 st/s
    done(50): success=33 t_flicker=11 t_touched=5 t_no_reach=1
Ep  3200 | score  203.57 | avg100  157.22 | grasp100  68.0% | best 0.730 |     39 st/s
    done(50): success=35 t_flicker=11 t_touched=3 t_no_reach=1
Ep  3250 | score   83.50 | avg100  176.06 | grasp100  78.0% | best 0.730 |     39 st/s
    done(50): success=43 t_flicker=4 t_touched=2 t_no_reach=1
Ep  3300 | score  208.80 | avg100  179.29 | grasp100  78.0% | best 0.730 |     39 st/s
    done(50): success=35 t_flicker=13 t_touched=2
Ep  3347 | * BEST  level200=2.00 grasp200= 74.5% metric=0.745 | score  211.43
Ep  3350 | score  209.19 | avg100  174.21 | grasp100  72.0% | best 0.745 |     39 st/s
    done(50): success=37 t_flicker=12 t_touched=1
Ep  3400 | score  200.14 | avg100  167.30 | grasp100  71.0% | best 0.745 |     39 st/s
    done(50): success=34 t_flicker=11 t_touched=5
Ep  3450 | score   81.95 | avg100  159.88 | grasp100  66.0% | best 0.745 |     39 st/s
    done(50): success=32 t_flicker=16 t_touched=2
Ep  3500 | score  193.27 | avg100  168.31 | grasp100  70.0% | best 0.745 |     39 st/s
    done(50): success=38 t_flicker=8 t_touched=4
Ep  3550 | score  216.92 | avg100  173.45 | grasp100  75.0% | best 0.745 |     39 st/s
    done(50): success=37 t_flicker=8 t_touched=5
Ep  3600 | score  211.85 | avg100  177.04 | grasp100  77.0% | best 0.745 |     39 st/s
    done(50): success=40 t_flicker=8 t_touched=2
Ep  3608 | * BEST  level200=2.00 grasp200= 76.0% metric=0.760 | score  196.96
Ep  3615 | * BEST  level200=2.00 grasp200= 77.5% metric=0.775 | score  211.16
Ep  3621 | * BEST  level200=2.00 grasp200= 79.0% metric=0.790 | score  208.69
Ep  3650 | score  214.37 | avg100  183.61 | grasp100  84.0% | best 0.790 |     39 st/s
    done(50): success=44 t_flicker=4 t_touched=2
Ep  3654 | * BEST  level200=2.00 grasp200= 80.5% metric=0.805 | score  208.26
Ep  3676 | * BEST  level200=2.00 grasp200= 82.0% metric=0.820 | score  211.23
Ep  3700 | score  212.35 | avg100  188.91 | grasp100  87.0% | best 0.820 |     39 st/s
    done(50): success=43 t_flicker=5 t_touched=2
Ep  3715 | * BEST  level200=2.00 grasp200= 83.5% metric=0.835 | score  219.87
Ep  3750 | score  208.67 | avg100  189.49 | grasp100  83.0% | best 0.835 |     39 st/s
    done(50): success=40 t_flicker=8 t_touched=2
Ep  3800 | score   57.47 | avg100  185.50 | grasp100  81.0% | best 0.835 |     39 st/s
    done(50): success=41 t_flicker=7 t_touched=2
Ep  3850 | score  205.72 | avg100  187.88 | grasp100  86.0% | best 0.835 |     39 st/s
    done(50): success=45 t_flicker=3 t_touched=2
Ep  3860 | * BEST  level200=2.00 grasp200= 85.0% metric=0.850 | score  208.16
Ep  3900 | score  202.21 | avg100  190.62 | grasp100  87.0% | best 0.850 |     39 st/s
    done(50): success=42 t_flicker=7 t_touched=1
  [primacy-bias reset of critic heads @ 175000 updates]
Ep  3950 | score  213.37 | avg100  187.87 | grasp100  83.0% | best 0.850 |     39 st/s
    done(50): success=41 t_flicker=8 t_touched=1
Ep  4000 | score  208.69 | avg100  143.52 | grasp100  67.0% | best 0.850 |     39 st/s
    done(50): success=26 t_flicker=10 t_touched=11 t_no_reach=3
Ep  4050 | score   69.50 | avg100  121.65 | grasp100  59.0% | best 0.850 |     40 st/s
    done(50): success=33 t_flicker=11 t_touched=6
Ep  4100 | score  209.59 | avg100  140.87 | grasp100  66.0% | best 0.850 |     40 st/s
    done(50): success=33 t_flicker=11 t_touched=3 t_no_reach=3
Ep  4150 | score  211.46 | avg100  136.17 | grasp100  62.0% | best 0.850 |     40 st/s
    done(50): success=29 t_flicker=11 t_touched=9 t_no_reach=1
Ep  4200 | score  219.89 | avg100  151.54 | grasp100  67.0% | best 0.850 |     40 st/s
    done(50): success=38 t_flicker=7 t_touched=5
Ep  4250 | score   67.51 | avg100  166.75 | grasp100  73.0% | best 0.850 |     40 st/s
    done(50): success=35 t_flicker=11 t_touched=4
Ep  4300 | score  210.63 | avg100  165.01 | grasp100  73.0% | best 0.850 |     40 st/s
    done(50): success=38 t_flicker=4 t_touched=8
Ep  4350 | score   -7.43 | avg100  165.72 | grasp100  73.0% | best 0.850 |     40 st/s
    done(50): success=35 t_flicker=10 t_touched=5
Ep  4400 | score   52.61 | avg100  173.04 | grasp100  74.0% | best 0.850 |     40 st/s
    done(50): success=39 t_flicker=7 t_touched=4
Ep  4450 | score  204.05 | avg100  187.64 | grasp100  83.0% | best 0.850 |     40 st/s
    done(50): success=44 t_flicker=5 t_touched=1
Ep  4500 | score  211.86 | avg100  192.34 | grasp100  87.0% | best 0.850 |     40 st/s
    done(50): success=43 t_flicker=5 t_touched=2
Ep  4550 | score  208.46 | avg100  190.35 | grasp100  86.0% | best 0.850 |     40 st/s
    done(50): success=43 t_flicker=5 t_touched=2
Ep  4583 | * BEST  level200=2.00 grasp200= 86.5% metric=0.865 | score  209.74
Ep  4600 | score  210.37 | avg100  191.81 | grasp100  87.0% | best 0.865 |     40 st/s
    done(50): success=44 t_flicker=4 t_touched=2
Ep  4650 | score  209.22 | avg100  190.71 | grasp100  86.0% | best 0.865 |     40 st/s
    done(50): success=42 t_flicker=6 t_touched=2
Ep  4700 | score  225.79 | avg100  187.91 | grasp100  86.0% | best 0.865 |     40 st/s
    done(50): success=44 t_flicker=3 t_touched=3
Ep  4704 | * BEST  level200=2.00 grasp200= 88.0% metric=0.880 | score  208.83
Ep  4750 | score  207.98 | avg100  193.04 | grasp100  89.0% | best 0.880 |     40 st/s
    done(50): success=45 t_flicker=4 t_touched=1
Ep  4800 | score  274.51 | avg100  196.43 | grasp100  90.0% | best 0.880 |     40 st/s
    done(50): success=45 t_flicker=3 t_touched=2
Ep  4817 | * BEST  level200=2.00 grasp200= 89.5% metric=0.895 | score  208.27
Ep  4845 | * BEST  level200=2.00 grasp200= 91.0% metric=0.910 | score  239.11
Ep  4850 | score  210.49 | avg100  202.65 | grasp100  94.0% | best 0.910 |     40 st/s
    done(50): success=49 t_flicker=1
Ep  4866 | * BEST  level200=2.00 grasp200= 92.5% metric=0.925 | score  209.42

Target reached: 95.0% over 100 episodes at spawn level 2.0.

========================================================================
DONE  td3_ln_smallc64_s2
  Episodes     : 4896
  Env steps    : 494,085  (12274s)
  Best metric  : 0.925  (policy in /home/fahim/Thesis_fahim/pickandplace/checkpoints/td3_grasp_rand_td3_ln_smallc64_s2/best)
  Final grasp% : 95.0
  CSV          : /home/fahim/Thesis_fahim/pickandplace/logs/grasp_rand_td3_ln_smallc64_s2/episodes.csv
  Probe CSV    : /home/fahim/Thesis_fahim/pickandplace/logs/grasp_rand_td3_ln_smallc64_s2/probe.csv
  Manifest     : /home/fahim/Thesis_fahim/pickandplace/logs/grasp_rand_td3_ln_smallc64_s2/manifest.json
========================================================================

