========================================================================
RANDOM-SPAWN GRASP RETRAINING  |  algo=td3_ln  run=td3_ln_smallc64_s0
========================================================================
  Envs                : 5 (subprocess-parallel, fork)
  Spawn level         : 2.0 (1.0 = full position box, 2.0 = + z-rotation)
  Updates/vec-step    : 2 (0.400 per env-step; historical baseline 0.5)
  Buffer              : 200,000
  Actor               : 64 -> 32  (5,216 weights)
  Warm start          : checkpoints/td3_grasp_rand_td3_ln_cont64_s0/best
  Checkpoints         : /home/fahim/Thesis_fahim/pickandplace/checkpoints/td3_grasp_rand_td3_ln_smallc64_s0
========================================================================

Spawning 5 subprocess environments (fork)...
[robosuite WARNING] No private macro file found! (__init__.py:7)
[robosuite WARNING] It is recommended to use a private macro file (__init__.py:8)
[robosuite WARNING] To setup, run: python /home/fahim/Thesis_fahim/venv/lib/python3.12/site-packages/robosuite/scripts/setup_macros.py (__init__.py:9)
[robosuite WARNING] No private macro file found! (__init__.py:7)
[robosuite WARNING] No private macro file found! (__init__.py:7)
[robosuite WARNING] It is recommended to use a private macro file (__init__.py:8)
[robosuite WARNING] It is recommended to use a private macro file (__init__.py:8)
[robosuite WARNING] To setup, run: python /home/fahim/Thesis_fahim/venv/lib/python3.12/site-packages/robosuite/scripts/setup_macros.py (__init__.py:9)
[robosuite WARNING] To setup, run: python /home/fahim/Thesis_fahim/venv/lib/python3.12/site-packages/robosuite/scripts/setup_macros.py (__init__.py:9)
[robosuite WARNING] No private macro file found! (__init__.py:7)
[robosuite WARNING] It is recommended to use a private macro file (__init__.py:8)
[robosuite WARNING] To setup, run: python /home/fahim/Thesis_fahim/venv/lib/python3.12/site-packages/robosuite/scripts/setup_macros.py (__init__.py:9)
[robosuite WARNING] No private macro file found! (__init__.py:7)
[robosuite WARNING] It is recommended to use a private macro file (__init__.py:8)
[robosuite WARNING] To setup, run: python /home/fahim/Thesis_fahim/venv/lib/python3.12/site-packages/robosuite/scripts/setup_macros.py (__init__.py:9)
Gym has been unmaintained since 2022 and does not support NumPy 2.0 amongst other critical functionality.
Please upgrade to Gymnasium, the maintained drop-in replacement of Gym, or contact the authors of your software and request that they upgrade.
See the migration guide at https://gymnasium.farama.org/introduction/migration_guide/ for additional information.
Gym has been unmaintained since 2022 and does not support NumPy 2.0 amongst other critical functionality.
Please upgrade to Gymnasium, the maintained drop-in replacement of Gym, or contact the authors of your software and request that they upgrade.
See the migration guide at https://gymnasium.farama.org/introduction/migration_guide/ for additional information.
Gym has been unmaintained since 2022 and does not support NumPy 2.0 amongst other critical functionality.
Please upgrade to Gymnasium, the maintained drop-in replacement of Gym, or contact the authors of your software and request that they upgrade.
See the migration guide at https://gymnasium.farama.org/introduction/migration_guide/ for additional information.
Gym has been unmaintained since 2022 and does not support NumPy 2.0 amongst other critical functionality.
Please upgrade to Gymnasium, the maintained drop-in replacement of Gym, or contact the authors of your software and request that they upgrade.
See the migration guide at https://gymnasium.farama.org/introduction/migration_guide/ for additional information.
Gym has been unmaintained since 2022 and does not support NumPy 2.0 amongst other critical functionality.
Please upgrade to Gymnasium, the maintained drop-in replacement of Gym, or contact the authors of your software and request that they upgrade.
See the migration guide at https://gymnasium.farama.org/introduction/migration_guide/ for additional information.
/home/fahim/Thesis_fahim/venv/lib/python3.12/site-packages/gym/spaces/box.py:84: UserWarning: [33mWARN: Box bound precision lowered by casting to float32[0m
  logger.warn(f"Box bound precision lowered by casting to {self.dtype}")
/home/fahim/Thesis_fahim/venv/lib/python3.12/site-packages/gym/spaces/box.py:84: UserWarning: [33mWARN: Box bound precision lowered by casting to float32[0m
  logger.warn(f"Box bound precision lowered by casting to {self.dtype}")
Gym has been unmaintained since 2022 and does not support NumPy 2.0 amongst other critical functionality.
Please upgrade to Gymnasium, the maintained drop-in replacement of Gym, or contact the authors of your software and request that they upgrade.
See the migration guide at https://gymnasium.farama.org/introduction/migration_guide/ for additional information.
5 environments ready.

/home/fahim/Thesis_fahim/venv/lib/python3.12/site-packages/gym/spaces/box.py:84: UserWarning: [33mWARN: Box bound precision lowered by casting to float32[0m
  logger.warn(f"Box bound precision lowered by casting to {self.dtype}")
/home/fahim/Thesis_fahim/venv/lib/python3.12/site-packages/gym/spaces/box.py:84: UserWarning: [33mWARN: Box bound precision lowered by casting to float32[0m
  logger.warn(f"Box bound precision lowered by casting to {self.dtype}")
/home/fahim/Thesis_fahim/venv/lib/python3.12/site-packages/gym/spaces/box.py:84: UserWarning: [33mWARN: Box bound precision lowered by casting to float32[0m
  logger.warn(f"Box bound precision lowered by casting to {self.dtype}")
  Actor QAT           : per-tensor INT8 fake-quant, STE grads
  Actor weight clip   : |w| <= 8.0 * std(w) per Linear tensor (bi_s0 baseline fc1 9.96 / fc2 10.82)
Init: warm-started (actor only, critics fresh) (source: /home/fahim/Thesis_fahim/pickandplace/checkpoints/td3_grasp_rand_td3_ln_cont64_s0/best)
Fresh replay buffer.

Training...

Ep    50 | score  210.66 | avg100  196.59 | grasp100  90.0% | best 0.000 |     43 st/s
    done(50): success=45 t_flicker=4 t_touched=1
Ep   100 | score  209.14 | avg100  196.07 | grasp100  90.0% | best 0.000 |     43 st/s
    done(50): success=45 t_flicker=4 t_touched=1
Ep   150 | score  -79.99 | avg100  159.49 | grasp100  75.0% | best 0.000 |     42 st/s
    done(50): success=30 t_flicker=7 t_touched=6 t_no_reach=7
Ep   200 | * BEST  level200=2.00 grasp200= 60.0% metric=0.600 | score  -79.61
Ep   250 | score  -36.52 | avg100  -74.68 | grasp100   0.0% | best 0.600 |     40 st/s
    done(50): t_touched=2 t_no_reach=48
Ep   300 | score  -75.74 | avg100  -69.68 | grasp100   0.0% | best 0.600 |     39 st/s
    done(50): t_flicker=1 t_no_reach=49
Ep   350 | score  -76.50 | avg100  -60.18 | grasp100   0.0% | best 0.600 |     39 st/s
    done(50): t_flicker=1 t_touched=14 t_no_reach=35
Ep   400 | score   21.03 | avg100  -46.55 | grasp100   0.0% | best 0.600 |     39 st/s
    done(50): t_flicker=4 t_touched=15 t_no_reach=31
Ep   450 | score  -60.90 | avg100  -31.46 | grasp100   1.0% | best 0.600 |     39 st/s
    done(50): success=1 t_touched=18 t_no_reach=31
  [primacy-bias reset of critic heads @ 25000 updates]
Ep   500 | score  -45.90 | avg100  -44.19 | grasp100   1.0% | best 0.600 |     39 st/s
    done(50): t_touched=5 t_no_reach=45
Ep   550 | score  -79.57 | avg100  -49.15 | grasp100   1.0% | best 0.600 |     39 st/s
    done(50): success=1 t_flicker=1 t_touched=16 t_no_reach=32
Ep   600 | score  -30.08 | avg100   -9.53 | grasp100   6.0% | best 0.600 |     39 st/s
    done(50): success=5 t_flicker=8 t_touched=18 t_no_reach=19
Ep   650 | score  -42.19 | avg100   -7.46 | grasp100   7.0% | best 0.600 |     39 st/s
    done(50): success=2 t_flicker=2 t_touched=13 t_no_reach=33
Ep   700 | score  -14.01 | avg100  -23.66 | grasp100   3.0% | best 0.600 |     39 st/s
    done(50): success=1 t_flicker=5 t_touched=14 t_no_reach=30
Ep   750 | score   55.35 | avg100   -9.62 | grasp100   2.0% | best 0.600 |     39 st/s
    done(50): success=1 t_flicker=14 t_touched=15 t_no_reach=20
  [primacy-bias reset of critic heads @ 50000 updates]
Ep   800 | score  -70.76 | avg100  -12.84 | grasp100   2.0% | best 0.600 |     39 st/s
    done(50): success=1 t_flicker=4 t_touched=16 t_no_reach=29
Ep   850 | score  -54.91 | avg100  -20.89 | grasp100   3.0% | best 0.600 |     38 st/s
    done(50): success=2 t_flicker=7 t_touched=14 t_no_reach=27
Ep   900 | score    4.34 | avg100   -4.00 | grasp100   6.0% | best 0.600 |     38 st/s
    done(50): success=4 t_flicker=4 t_touched=24 t_no_reach=18
Ep   950 | score   36.08 | avg100   11.67 | grasp100   5.0% | best 0.600 |     38 st/s
    done(50): success=1 t_flicker=13 t_touched=29 t_no_reach=7
Ep  1000 | score  209.30 | avg100   26.85 | grasp100   5.0% | best 0.600 |     39 st/s
    done(50): success=4 t_flicker=9 t_touched=31 t_no_reach=6
Ep  1050 | score   21.22 | avg100   51.96 | grasp100  14.0% | best 0.600 |     38 st/s
    done(50): success=10 t_flicker=19 t_touched=19 t_no_reach=2
Ep  1100 | score  213.19 | avg100   72.44 | grasp100  21.0% | best 0.600 |     38 st/s
    done(50): success=11 t_flicker=18 t_touched=20 t_no_reach=1
Ep  1150 | score  -66.78 | avg100   91.08 | grasp100  29.0% | best 0.600 |     38 st/s
    done(50): success=18 t_flicker=15 t_touched=17
  [primacy-bias reset of critic heads @ 75000 updates]
Ep  1200 | score    5.07 | avg100   72.31 | grasp100  25.0% | best 0.600 |     38 st/s
    done(50): success=7 t_flicker=18 t_touched=17 t_no_reach=8
Ep  1250 | score  195.65 | avg100   45.65 | grasp100  15.0% | best 0.600 |     38 st/s
    done(50): success=8 t_flicker=12 t_touched=27 t_no_reach=3
Ep  1300 | score   27.24 | avg100   70.95 | grasp100  20.0% | best 0.600 |     38 st/s
    done(50): success=12 t_flicker=20 t_touched=18
Ep  1350 | score   53.29 | avg100   96.97 | grasp100  28.0% | best 0.600 |     38 st/s
    done(50): success=16 t_flicker=18 t_touched=16
Ep  1400 | score  228.54 | avg100  103.38 | grasp100  32.0% | best 0.600 |     38 st/s
    done(50): success=16 t_flicker=17 t_touched=16 t_no_reach=1
Ep  1450 | score   28.12 | avg100   89.48 | grasp100  27.0% | best 0.600 |     38 st/s
    done(50): success=11 t_flicker=12 t_touched=25 t_no_reach=2
Ep  1500 | score   32.93 | avg100   96.73 | grasp100  32.0% | best 0.600 |     38 st/s
    done(50): success=21 t_flicker=12 t_touched=16 t_no_reach=1
Ep  1550 | score   59.07 | avg100  119.30 | grasp100  40.0% | best 0.600 |     38 st/s
    done(50): success=19 t_flicker=18 t_touched=13
Ep  1600 | score  206.90 | avg100  104.68 | grasp100  31.0% | best 0.600 |     38 st/s
    done(50): success=12 t_flicker=26 t_touched=12
  [primacy-bias reset of critic heads @ 100000 updates]
Ep  1650 | score   44.29 | avg100  102.49 | grasp100  28.0% | best 0.600 |     38 st/s
    done(50): success=16 t_flicker=17 t_touched=17
Ep  1700 | score   87.28 | avg100   75.40 | grasp100  24.0% | best 0.600 |     38 st/s
    done(50): success=8 t_flicker=19 t_touched=17 t_no_reach=6
Ep  1750 | score  -52.41 | avg100   53.94 | grasp100  17.0% | best 0.600 |     38 st/s
    done(50): success=9 t_flicker=18 t_touched=20 t_no_reach=3
Ep  1800 | score   55.73 | avg100   84.00 | grasp100  21.0% | best 0.600 |     38 st/s
    done(50): success=12 t_flicker=21 t_touched=15 t_no_reach=2
Ep  1850 | score   88.90 | avg100  101.85 | grasp100  30.0% | best 0.600 |     38 st/s
    done(50): success=18 t_flicker=15 t_touched=15 t_no_reach=2
Ep  1900 | score  210.81 | avg100  128.78 | grasp100  48.0% | best 0.600 |     38 st/s
    done(50): success=30 t_flicker=13 t_touched=7
Ep  1950 | score  209.30 | avg100  141.28 | grasp100  54.0% | best 0.600 |     38 st/s
    done(50): success=24 t_flicker=11 t_touched=14 t_no_reach=1
Ep  2000 | score   63.59 | avg100  140.67 | grasp100  51.0% | best 0.600 |     38 st/s
    done(50): success=27 t_flicker=19 t_touched=4
Ep  2050 | score  213.67 | avg100  160.60 | grasp100  64.0% | best 0.600 |     38 st/s
    done(50): success=37 t_flicker=8 t_touched=5
Ep  2066 | * BEST  level200=2.00 grasp200= 61.5% metric=0.615 | score  209.51
Ep  2100 | score  212.33 | avg100  166.13 | grasp100  68.0% | best 0.615 |     38 st/s
    done(50): success=31 t_flicker=13 t_touched=6
Ep  2141 | * BEST  level200=2.00 grasp200= 63.0% metric=0.630 | score  208.69
Ep  2150 | score   82.21 | avg100  155.01 | grasp100  59.0% | best 0.630 |     38 st/s
    done(50): success=28 t_flicker=16 t_touched=6
Ep  2200 | score  211.79 | avg100  151.29 | grasp100  57.0% | best 0.630 |     38 st/s
    done(50): success=29 t_flicker=14 t_touched=7
Ep  2250 | score   85.48 | avg100  159.37 | grasp100  62.0% | best 0.630 |     38 st/s
    done(50): success=33 t_flicker=12 t_touched=5
  [primacy-bias reset of critic heads @ 125000 updates]
Ep  2300 | score  206.51 | avg100  146.07 | grasp100  55.0% | best 0.630 |     38 st/s
    done(50): success=22 t_flicker=19 t_touched=8 t_no_reach=1
Ep  2350 | score   70.76 | avg100   94.25 | grasp100  27.0% | best 0.630 |     38 st/s
    done(50): success=5 t_flicker=21 t_touched=23 t_no_reach=1
Ep  2400 | score   -3.21 | avg100   82.75 | grasp100  25.0% | best 0.630 |     38 st/s
    done(50): success=20 t_flicker=15 t_touched=9 t_no_reach=6
Ep  2450 | score  -54.52 | avg100  118.28 | grasp100  46.0% | best 0.630 |     38 st/s
    done(50): success=26 t_flicker=18 t_touched=5 t_no_reach=1
Ep  2500 | score   69.29 | avg100  143.75 | grasp100  58.0% | best 0.630 |     38 st/s
    done(50): success=32 t_flicker=13 t_touched=4 t_no_reach=1
Ep  2550 | score    2.47 | avg100  149.44 | grasp100  58.0% | best 0.630 |     38 st/s
    done(50): success=26 t_flicker=15 t_touched=7 t_no_reach=2
Ep  2600 | score  207.21 | avg100  159.12 | grasp100  64.0% | best 0.630 |     38 st/s
    done(50): success=38 t_flicker=9 t_touched=3
Ep  2637 | * BEST  level200=2.00 grasp200= 64.5% metric=0.645 | score  219.76
Ep  2650 | score  -33.34 | avg100  162.23 | grasp100  69.0% | best 0.645 |     38 st/s
    done(50): success=31 t_flicker=16 t_touched=2 t_no_reach=1
Ep  2661 | * BEST  level200=2.00 grasp200= 66.0% metric=0.660 | score  281.16
Ep  2679 | * BEST  level200=2.00 grasp200= 67.5% metric=0.675 | score  230.04
Ep  2700 | score  234.71 | avg100  163.41 | grasp100  66.0% | best 0.675 |     38 st/s
    done(50): success=35 t_flicker=11 t_touched=4
Ep  2740 | * BEST  level200=2.00 grasp200= 69.0% metric=0.690 | score  213.12
Ep  2750 | score  244.61 | avg100  171.70 | grasp100  69.0% | best 0.690 |     38 st/s
    done(50): success=34 t_flicker=12 t_touched=4
Ep  2800 | score  210.44 | avg100  162.90 | grasp100  64.0% | best 0.690 |     38 st/s
    done(50): success=30 t_flicker=13 t_touched=6 t_no_reach=1
Ep  2850 | score  224.03 | avg100  162.11 | grasp100  65.0% | best 0.690 |     38 st/s
    done(50): success=35 t_flicker=7 t_touched=7 t_no_reach=1
Ep  2900 | score  208.46 | avg100  163.04 | grasp100  66.0% | best 0.690 |     38 st/s
    done(50): success=31 t_flicker=9 t_touched=8 t_no_reach=2
Ep  2950 | score  210.49 | avg100  156.46 | grasp100  63.0% | best 0.690 |     38 st/s
    done(50): success=32 t_flicker=12 t_touched=5 t_no_reach=1
Ep  3000 | score  207.24 | avg100  151.46 | grasp100  64.0% | best 0.690 |     38 st/s
    done(50): success=32 t_flicker=7 t_touched=9 t_no_reach=2
Ep  3050 | score  214.86 | avg100  152.67 | grasp100  67.0% | best 0.690 |     38 st/s
    done(50): success=35 t_flicker=8 t_touched=6 t_no_reach=1
  [primacy-bias reset of critic heads @ 150000 updates]
Ep  3100 | score  200.02 | avg100   99.86 | grasp100  47.0% | best 0.690 |     39 st/s
    done(50): success=12 t_flicker=12 t_touched=15 t_no_reach=11
Ep  3150 | score  211.02 | avg100   64.86 | grasp100  30.0% | best 0.690 |     39 st/s
    done(50): success=18 t_flicker=12 t_touched=19 t_no_reach=1
Ep  3200 | score  210.70 | avg100   95.66 | grasp100  39.0% | best 0.690 |     39 st/s
    done(50): success=21 t_flicker=16 t_touched=12 t_no_reach=1
Ep  3250 | score    2.16 | avg100  128.78 | grasp100  53.0% | best 0.690 |     39 st/s
    done(50): success=32 t_flicker=11 t_touched=7
Ep  3300 | score  209.50 | avg100  159.60 | grasp100  69.0% | best 0.690 |     39 st/s
    done(50): success=37 t_flicker=11 t_touched=2
Ep  3350 | score  214.59 | avg100  156.24 | grasp100  68.0% | best 0.690 |     39 st/s
    done(50): success=31 t_flicker=10 t_touched=9
Ep  3400 | score  207.42 | avg100  159.74 | grasp100  69.0% | best 0.690 |     39 st/s
    done(50): success=38 t_flicker=7 t_touched=5
Ep  3407 | * BEST  level200=2.00 grasp200= 70.5% metric=0.705 | score  269.75
Ep  3450 | score   34.10 | avg100  166.20 | grasp100  70.0% | best 0.705 |     39 st/s
    done(50): success=32 t_flicker=11 t_touched=7
Ep  3500 | score   30.56 | avg100  164.09 | grasp100  69.0% | best 0.705 |     39 st/s
    done(50): success=37 t_flicker=7 t_touched=6
Ep  3543 | * BEST  level200=2.00 grasp200= 72.0% metric=0.720 | score  233.14
Ep  3546 | * BEST  level200=2.00 grasp200= 73.5% metric=0.735 | score  217.10
Ep  3550 | score  208.39 | avg100  177.79 | grasp100  77.0% | best 0.735 |     39 st/s
    done(50): success=40 t_flicker=7 t_touched=3
Ep  3600 | score  221.88 | avg100  179.18 | grasp100  77.0% | best 0.735 |     39 st/s
    done(50): success=37 t_flicker=10 t_touched=3
Ep  3650 | score  213.19 | avg100  166.96 | grasp100  70.0% | best 0.735 |     39 st/s
    done(50): success=33 t_flicker=12 t_touched=5
Ep  3700 | score  203.28 | avg100  156.81 | grasp100  62.0% | best 0.735 |     39 st/s
    done(50): success=29 t_flicker=8 t_touched=13
Ep  3750 | score  211.20 | avg100  169.56 | grasp100  67.0% | best 0.735 |     39 st/s
    done(50): success=38 t_flicker=10 t_touched=2
Ep  3800 | score  211.89 | avg100  183.57 | grasp100  76.0% | best 0.735 |     39 st/s
    done(50): success=38 t_flicker=5 t_touched=7
Ep  3850 | score  202.71 | avg100  180.24 | grasp100  75.0% | best 0.735 |     40 st/s
    done(50): success=37 t_flicker=11 t_touched=2
  [primacy-bias reset of critic heads @ 175000 updates]
Ep  3900 | score   68.91 | avg100   88.92 | grasp100  45.0% | best 0.735 |     40 st/s
    done(50): success=8 t_flicker=5 t_touched=8 t_no_reach=29
Ep  3950 | score  224.54 | avg100   67.01 | grasp100  34.0% | best 0.735 |     40 st/s
    done(50): success=26 t_flicker=20 t_touched=4
Ep  4000 | score  209.68 | avg100  119.21 | grasp100  47.0% | best 0.735 |     40 st/s
    done(50): success=21 t_flicker=17 t_touched=12
Ep  4050 | score  212.73 | avg100  127.25 | grasp100  55.0% | best 0.735 |     40 st/s
    done(50): success=34 t_flicker=11 t_no_reach=5
Ep  4100 | score  212.66 | avg100  165.26 | grasp100  76.0% | best 0.735 |     40 st/s
    done(50): success=42 t_flicker=5 t_touched=1 t_no_reach=2
Ep  4150 | score  208.79 | avg100  177.67 | grasp100  82.0% | best 0.735 |     40 st/s
    done(50): success=40 t_flicker=8 t_touched=1 t_no_reach=1
Ep  4192 | * BEST  level200=2.00 grasp200= 75.0% metric=0.750 | score  209.09
Ep  4196 | * BEST  level200=2.00 grasp200= 76.5% metric=0.765 | score  204.91
Ep  4200 | score   50.68 | avg100  170.05 | grasp100  77.0% | best 0.765 |     40 st/s
    done(50): success=37 t_flicker=9 t_touched=4
Ep  4215 | * BEST  level200=2.00 grasp200= 78.0% metric=0.780 | score  210.28
Ep  4233 | * BEST  level200=2.00 grasp200= 79.5% metric=0.795 | score  208.05
Ep  4250 | score    7.83 | avg100  171.84 | grasp100  78.0% | best 0.795 |     40 st/s
    done(50): success=41 t_flicker=6 t_touched=3
Ep  4275 | * BEST  level200=2.00 grasp200= 81.0% metric=0.810 | score  204.46
Ep  4300 | score  210.74 | avg100  189.77 | grasp100  86.0% | best 0.810 |     40 st/s
    done(50): success=45 t_flicker=4 t_touched=1
Ep  4316 | * BEST  level200=2.00 grasp200= 82.5% metric=0.825 | score  208.40
Ep  4350 | score  211.39 | avg100  189.27 | grasp100  85.0% | best 0.825 |     40 st/s
    done(50): success=40 t_flicker=8 t_touched=2
Ep  4371 | * BEST  level200=2.00 grasp200= 84.0% metric=0.840 | score  208.24
Ep  4383 | * BEST  level200=2.00 grasp200= 85.5% metric=0.855 | score  209.86
Ep  4400 | score  208.84 | avg100  190.07 | grasp100  87.0% | best 0.855 |     40 st/s
    done(50): success=47 t_flicker=2 t_touched=1
Ep  4405 | * BEST  level200=2.00 grasp200= 87.0% metric=0.870 | score  215.14
Ep  4450 | score  214.71 | avg100  193.87 | grasp100  89.0% | best 0.870 |     40 st/s
    done(50): success=42 t_flicker=4 t_touched=4
Ep  4500 | score  113.22 | avg100  188.81 | grasp100  85.0% | best 0.870 |     41 st/s
    done(50): success=43 t_flicker=5 t_touched=2
Ep  4550 | score  205.88 | avg100  192.50 | grasp100  84.0% | best 0.870 |     41 st/s
    done(50): success=41 t_flicker=8 t_touched=1
Ep  4600 | score  202.43 | avg100  197.02 | grasp100  87.0% | best 0.870 |     41 st/s
    done(50): success=46 t_flicker=4
Ep  4650 | score  206.17 | avg100  196.24 | grasp100  90.0% | best 0.870 |     41 st/s
    done(50): success=44 t_flicker=5 t_touched=1
Ep  4669 | * BEST  level200=2.00 grasp200= 88.5% metric=0.885 | score  207.85
Ep  4700 | score  211.39 | avg100  193.06 | grasp100  88.0% | best 0.885 |     41 st/s
    done(50): success=44 t_flicker=5 t_touched=1
Ep  4748 | * BEST  level200=2.00 grasp200= 90.0% metric=0.900 | score  210.02
Ep  4750 | score  209.44 | avg100  194.95 | grasp100  90.0% | best 0.900 |     41 st/s
    done(50): success=46 t_flicker=3 t_touched=1
Ep  4800 | score  239.55 | avg100  195.05 | grasp100  91.0% | best 0.900 |     41 st/s
    done(50): success=45 t_flicker=3 t_touched=2
Ep  4850 | score  207.21 | avg100  184.01 | grasp100  82.0% | best 0.900 |     41 st/s
    done(50): success=37 t_flicker=12 t_touched=1
Ep  4900 | score  209.50 | avg100  180.72 | grasp100  80.0% | best 0.900 |     41 st/s
    done(50): success=43 t_flicker=5 t_touched=1 t_no_reach=1
Ep  4950 | score  211.13 | avg100  192.05 | grasp100  88.0% | best 0.900 |     41 st/s
    done(50): success=45 t_flicker=5
  [primacy-bias reset of critic heads @ 200000 updates]
Ep  5000 | score  208.72 | avg100  196.82 | grasp100  89.0% | best 0.900 |     41 st/s
    done(50): success=44 t_flicker=4 t_touched=2
Ep  5050 | score  -44.40 | avg100  145.47 | grasp100  66.0% | best 0.900 |     41 st/s
    done(50): success=22 t_flicker=11 t_touched=15 t_no_reach=2
Ep  5100 | score   77.27 | avg100  102.30 | grasp100  47.0% | best 0.900 |     41 st/s
    done(50): success=25 t_flicker=17 t_touched=7 t_no_reach=1
Ep  5150 | score  212.05 | avg100  141.48 | grasp100  57.0% | best 0.900 |     41 st/s
    done(50): success=32 t_flicker=15 t_touched=3
Ep  5200 | score  210.43 | avg100  176.42 | grasp100  73.0% | best 0.900 |     41 st/s
    done(50): success=41 t_flicker=7 t_touched=2
Ep  5250 | score  212.69 | avg100  169.02 | grasp100  77.0% | best 0.900 |     41 st/s
    done(50): success=36 t_flicker=8 t_touched=5 t_no_reach=1
Ep  5300 | score  212.12 | avg100  172.68 | grasp100  78.0% | best 0.900 |     41 st/s
    done(50): success=42 t_flicker=7 t_touched=1
Ep  5350 | score  211.42 | avg100  186.09 | grasp100  84.0% | best 0.900 |     41 st/s
    done(50): success=42 t_flicker=5 t_touched=2 t_no_reach=1
Ep  5400 | score  208.33 | avg100  183.41 | grasp100  82.0% | best 0.900 |     41 st/s
    done(50): success=40 t_flicker=8 t_touched=2
Ep  5450 | score  209.21 | avg100  188.82 | grasp100  84.0% | best 0.900 |     41 st/s
    done(50): success=44 t_flicker=6
Ep  5500 | score  211.47 | avg100  193.01 | grasp100  86.0% | best 0.900 |     41 st/s
    done(50): success=42 t_flicker=8
Ep  5550 | score  236.25 | avg100  190.38 | grasp100  85.0% | best 0.900 |     41 st/s
    done(50): success=43 t_flicker=7
Ep  5600 | score  215.74 | avg100  194.67 | grasp100  87.0% | best 0.900 |     41 st/s
    done(50): success=44 t_flicker=4 t_touched=2
Ep  5650 | score  201.42 | avg100  193.91 | grasp100  86.0% | best 0.900 |     41 st/s
    done(50): success=42 t_flicker=7 t_touched=1
Ep  5700 | score  209.19 | avg100  186.62 | grasp100  82.0% | best 0.900 |     41 st/s
    done(50): success=40 t_flicker=9 t_touched=1
Ep  5750 | score  213.50 | avg100  187.12 | grasp100  83.0% | best 0.900 |     41 st/s
    done(50): success=43 t_flicker=7
Ep  5800 | score  211.58 | avg100  197.53 | grasp100  90.0% | best 0.900 |     41 st/s
    done(50): success=47 t_flicker=3
Ep  5850 | score  211.28 | avg100  203.64 | grasp100  93.0% | best 0.900 |     41 st/s
    done(50): success=46 t_flicker=4
Ep  5900 | score  215.15 | avg100  201.60 | grasp100  91.0% | best 0.900 |     41 st/s
    done(50): success=45 t_flicker=5
Ep  5910 | * BEST  level200=2.00 grasp200= 91.5% metric=0.915 | score  213.44
Ep  5934 | * BEST  level200=2.00 grasp200= 93.0% metric=0.930 | score  213.37
Ep  5950 | score  214.20 | avg100  203.35 | grasp100  93.0% | best 0.930 |     41 st/s
    done(50): success=48 t_flicker=1 t_touched=1

Target reached: 95.0% over 100 episodes at spawn level 2.0.

========================================================================
DONE  td3_ln_smallc64_s0
  Episodes     : 5996
  Env steps    : 551,625  (13305s)
  Best metric  : 0.930  (policy in /home/fahim/Thesis_fahim/pickandplace/checkpoints/td3_grasp_rand_td3_ln_smallc64_s0/best)
  Final grasp% : 95.0
  CSV          : /home/fahim/Thesis_fahim/pickandplace/logs/grasp_rand_td3_ln_smallc64_s0/episodes.csv
  Probe CSV    : /home/fahim/Thesis_fahim/pickandplace/logs/grasp_rand_td3_ln_smallc64_s0/probe.csv
  Manifest     : /home/fahim/Thesis_fahim/pickandplace/logs/grasp_rand_td3_ln_smallc64_s0/manifest.json
========================================================================

