========================================================================
RANDOM-SPAWN GRASP RETRAINING  |  algo=td3_ln  run=td3_ln_smallc64_s1
========================================================================
  Envs                : 5 (subprocess-parallel, fork)
  Spawn level         : 2.0 (1.0 = full position box, 2.0 = + z-rotation)
  Updates/vec-step    : 2 (0.400 per env-step; historical baseline 0.5)
  Buffer              : 200,000
  Actor               : 64 -> 32  (5,216 weights)
  Warm start          : checkpoints/td3_grasp_rand_td3_ln_cont64_s1/best
  Checkpoints         : /home/fahim/Thesis_fahim/pickandplace/checkpoints/td3_grasp_rand_td3_ln_smallc64_s1
========================================================================

Spawning 5 subprocess environments (fork)...
[robosuite WARNING] No private macro file found! (__init__.py:7)
[robosuite WARNING] No private macro file found! (__init__.py:7)
[robosuite WARNING] It is recommended to use a private macro file (__init__.py:8)
[robosuite WARNING] It is recommended to use a private macro file (__init__.py:8)
[robosuite WARNING] No private macro file found! (__init__.py:7)
[robosuite WARNING] To setup, run: python /home/fahim/Thesis_fahim/venv/lib/python3.12/site-packages/robosuite/scripts/setup_macros.py (__init__.py:9)
[robosuite WARNING] To setup, run: python /home/fahim/Thesis_fahim/venv/lib/python3.12/site-packages/robosuite/scripts/setup_macros.py (__init__.py:9)
[robosuite WARNING] It is recommended to use a private macro file (__init__.py:8)
[robosuite WARNING] To setup, run: python /home/fahim/Thesis_fahim/venv/lib/python3.12/site-packages/robosuite/scripts/setup_macros.py (__init__.py:9)
[robosuite WARNING] No private macro file found! (__init__.py:7)
[robosuite WARNING] It is recommended to use a private macro file (__init__.py:8)
[robosuite WARNING] To setup, run: python /home/fahim/Thesis_fahim/venv/lib/python3.12/site-packages/robosuite/scripts/setup_macros.py (__init__.py:9)
[robosuite WARNING] No private macro file found! (__init__.py:7)
[robosuite WARNING] It is recommended to use a private macro file (__init__.py:8)
[robosuite WARNING] To setup, run: python /home/fahim/Thesis_fahim/venv/lib/python3.12/site-packages/robosuite/scripts/setup_macros.py (__init__.py:9)
Gym has been unmaintained since 2022 and does not support NumPy 2.0 amongst other critical functionality.
Please upgrade to Gymnasium, the maintained drop-in replacement of Gym, or contact the authors of your software and request that they upgrade.
See the migration guide at https://gymnasium.farama.org/introduction/migration_guide/ for additional information.
Gym has been unmaintained since 2022 and does not support NumPy 2.0 amongst other critical functionality.
Please upgrade to Gymnasium, the maintained drop-in replacement of Gym, or contact the authors of your software and request that they upgrade.
See the migration guide at https://gymnasium.farama.org/introduction/migration_guide/ for additional information.
Gym has been unmaintained since 2022 and does not support NumPy 2.0 amongst other critical functionality.
Please upgrade to Gymnasium, the maintained drop-in replacement of Gym, or contact the authors of your software and request that they upgrade.
See the migration guide at https://gymnasium.farama.org/introduction/migration_guide/ for additional information.
Gym has been unmaintained since 2022 and does not support NumPy 2.0 amongst other critical functionality.
Please upgrade to Gymnasium, the maintained drop-in replacement of Gym, or contact the authors of your software and request that they upgrade.
See the migration guide at https://gymnasium.farama.org/introduction/migration_guide/ for additional information.
Gym has been unmaintained since 2022 and does not support NumPy 2.0 amongst other critical functionality.
Please upgrade to Gymnasium, the maintained drop-in replacement of Gym, or contact the authors of your software and request that they upgrade.
See the migration guide at https://gymnasium.farama.org/introduction/migration_guide/ for additional information.
/home/fahim/Thesis_fahim/venv/lib/python3.12/site-packages/gym/spaces/box.py:84: UserWarning: [33mWARN: Box bound precision lowered by casting to float32[0m
  logger.warn(f"Box bound precision lowered by casting to {self.dtype}")
/home/fahim/Thesis_fahim/venv/lib/python3.12/site-packages/gym/spaces/box.py:84: UserWarning: [33mWARN: Box bound precision lowered by casting to float32[0m
  logger.warn(f"Box bound precision lowered by casting to {self.dtype}")
/home/fahim/Thesis_fahim/venv/lib/python3.12/site-packages/gym/spaces/box.py:84: UserWarning: [33mWARN: Box bound precision lowered by casting to float32[0m
  logger.warn(f"Box bound precision lowered by casting to {self.dtype}")
Gym has been unmaintained since 2022 and does not support NumPy 2.0 amongst other critical functionality.
Please upgrade to Gymnasium, the maintained drop-in replacement of Gym, or contact the authors of your software and request that they upgrade.
See the migration guide at https://gymnasium.farama.org/introduction/migration_guide/ for additional information.
5 environments ready.

/home/fahim/Thesis_fahim/venv/lib/python3.12/site-packages/gym/spaces/box.py:84: UserWarning: [33mWARN: Box bound precision lowered by casting to float32[0m
  logger.warn(f"Box bound precision lowered by casting to {self.dtype}")
/home/fahim/Thesis_fahim/venv/lib/python3.12/site-packages/gym/spaces/box.py:84: UserWarning: [33mWARN: Box bound precision lowered by casting to float32[0m
  logger.warn(f"Box bound precision lowered by casting to {self.dtype}")
  Actor QAT           : per-tensor INT8 fake-quant, STE grads
  Actor weight clip   : |w| <= 8.0 * std(w) per Linear tensor (bi_s0 baseline fc1 9.96 / fc2 10.82)
Init: warm-started (actor only, critics fresh) (source: /home/fahim/Thesis_fahim/pickandplace/checkpoints/td3_grasp_rand_td3_ln_cont64_s1/best)
Fresh replay buffer.

Training...

Ep    50 | score  208.55 | avg100  193.74 | grasp100  90.0% | best 0.000 |     43 st/s
    done(50): success=45 t_flicker=5
Ep   100 | score  208.10 | avg100  187.72 | grasp100  86.0% | best 0.000 |     46 st/s
    done(50): success=41 t_flicker=7 t_touched=2
Ep   150 | score  -68.66 | avg100  163.61 | grasp100  78.0% | best 0.000 |     42 st/s
    done(50): success=37 t_flicker=2 t_touched=4 t_no_reach=7
Ep   200 | * BEST  level200=2.00 grasp200= 61.5% metric=0.615 | score  -77.55
Ep   250 | score  -67.59 | avg100  -70.98 | grasp100   0.0% | best 0.615 |     40 st/s
    done(50): t_touched=5 t_no_reach=45
Ep   300 | score  -60.53 | avg100  -66.04 | grasp100   0.0% | best 0.615 |     39 st/s
    done(50): t_touched=7 t_no_reach=43
Ep   350 | score   -0.49 | avg100  -56.75 | grasp100   0.0% | best 0.615 |     39 st/s
    done(50): t_flicker=2 t_touched=6 t_no_reach=42
Ep   400 | score   39.70 | avg100  -32.94 | grasp100   0.0% | best 0.615 |     39 st/s
    done(50): t_flicker=4 t_touched=25 t_no_reach=21
Ep   450 | score  -11.54 | avg100   -3.47 | grasp100   1.0% | best 0.615 |     39 st/s
    done(50): success=1 t_flicker=4 t_touched=24 t_no_reach=21
  [primacy-bias reset of critic heads @ 25000 updates]
Ep   500 | score  -77.40 | avg100  -30.17 | grasp100   1.0% | best 0.615 |     39 st/s
    done(50): t_touched=5 t_no_reach=45
Ep   550 | score  -73.87 | avg100  -73.66 | grasp100   0.0% | best 0.615 |     39 st/s
    done(50): t_no_reach=50
Ep   600 | score  -21.29 | avg100  -64.67 | grasp100   1.0% | best 0.615 |     39 st/s
    done(50): success=1 t_flicker=4 t_touched=7 t_no_reach=38
Ep   650 | score  -74.89 | avg100  -38.62 | grasp100   3.0% | best 0.615 |     39 st/s
    done(50): success=2 t_flicker=4 t_touched=24 t_no_reach=20
Ep   700 | score  -51.14 | avg100  -23.18 | grasp100   3.0% | best 0.615 |     39 st/s
    done(50): success=1 t_flicker=2 t_touched=14 t_no_reach=33
Ep   750 | score  207.80 | avg100   -1.77 | grasp100   5.0% | best 0.615 |     39 st/s
    done(50): success=4 t_flicker=3 t_touched=21 t_no_reach=22
  [primacy-bias reset of critic heads @ 50000 updates]
Ep   800 | score  -41.09 | avg100   16.12 | grasp100   7.0% | best 0.615 |     38 st/s
    done(50): success=3 t_flicker=8 t_touched=18 t_no_reach=21
Ep   850 | score  -78.49 | avg100  -19.85 | grasp100   4.0% | best 0.615 |     38 st/s
    done(50): success=1 t_touched=18 t_no_reach=31
Ep   900 | score   87.22 | avg100  -29.10 | grasp100   4.0% | best 0.615 |     38 st/s
    done(50): success=3 t_flicker=8 t_touched=23 t_no_reach=16
Ep   950 | score  201.30 | avg100   31.08 | grasp100  12.0% | best 0.615 |     38 st/s
    done(50): success=9 t_flicker=17 t_touched=21 t_no_reach=3
Ep  1000 | score   81.64 | avg100   81.48 | grasp100  26.0% | best 0.615 |     38 st/s
    done(50): success=17 t_flicker=18 t_touched=14 t_no_reach=1
Ep  1050 | score  201.88 | avg100   92.55 | grasp100  29.0% | best 0.615 |     38 st/s
    done(50): success=12 t_flicker=20 t_touched=17 t_no_reach=1
Ep  1100 | score   65.20 | avg100  100.82 | grasp100  29.0% | best 0.615 |     38 st/s
    done(50): success=17 t_flicker=20 t_touched=13
Ep  1150 | score  -43.65 | avg100  131.47 | grasp100  45.0% | best 0.615 |     38 st/s
    done(50): success=28 t_flicker=17 t_touched=5
Ep  1200 | score  211.53 | avg100  148.51 | grasp100  55.0% | best 0.615 |     38 st/s
    done(50): success=27 t_flicker=16 t_touched=7
  [primacy-bias reset of critic heads @ 75000 updates]
Ep  1250 | score   77.06 | avg100  125.86 | grasp100  44.0% | best 0.615 |     38 st/s
    done(50): success=17 t_flicker=18 t_touched=15
Ep  1300 | score  -78.41 | avg100   57.72 | grasp100  26.0% | best 0.615 |     38 st/s
    done(50): success=9 t_flicker=8 t_touched=13 t_no_reach=20
Ep  1350 | score  204.08 | avg100   51.88 | grasp100  29.0% | best 0.615 |     38 st/s
    done(50): success=20 t_flicker=11 t_touched=13 t_no_reach=6
Ep  1400 | score  212.85 | avg100  122.66 | grasp100  52.0% | best 0.615 |     38 st/s
    done(50): success=32 t_flicker=15 t_touched=3
Ep  1450 | score  211.13 | avg100  150.17 | grasp100  62.0% | best 0.615 |     38 st/s
    done(50): success=30 t_flicker=18 t_touched=1 t_no_reach=1
Ep  1500 | score  210.83 | avg100  147.03 | grasp100  59.0% | best 0.615 |     38 st/s
    done(50): success=29 t_flicker=11 t_touched=10
Ep  1550 | score  209.76 | avg100  149.66 | grasp100  58.0% | best 0.615 |     37 st/s
    done(50): success=29 t_flicker=15 t_touched=4 t_no_reach=2
Ep  1600 | score  211.31 | avg100  158.82 | grasp100  63.0% | best 0.615 |     37 st/s
    done(50): success=34 t_flicker=7 t_touched=7 t_no_reach=2
Ep  1650 | score  208.05 | avg100  155.53 | grasp100  61.0% | best 0.615 |     37 st/s
    done(50): success=27 t_flicker=18 t_touched=4 t_no_reach=1
Ep  1700 | score  208.55 | avg100  154.81 | grasp100  60.0% | best 0.615 |     37 st/s
    done(50): success=33 t_flicker=12 t_touched=5
Ep  1729 | * BEST  level200=2.00 grasp200= 63.0% metric=0.630 | score  212.95
Ep  1734 | * BEST  level200=2.00 grasp200= 64.5% metric=0.645 | score  208.75
Ep  1750 | score  209.99 | avg100  165.78 | grasp100  69.0% | best 0.645 |     37 st/s
    done(50): success=36 t_flicker=8 t_touched=6
Ep  1758 | * BEST  level200=2.00 grasp200= 66.0% metric=0.660 | score  208.14
Ep  1763 | * BEST  level200=2.00 grasp200= 67.5% metric=0.675 | score  212.31
Ep  1793 | * BEST  level200=2.00 grasp200= 69.0% metric=0.690 | score  204.02
Ep  1800 | score  213.81 | avg100  170.48 | grasp100  73.0% | best 0.690 |     37 st/s
    done(50): success=37 t_flicker=10 t_touched=3
Ep  1826 | * BEST  level200=2.00 grasp200= 70.5% metric=0.705 | score  213.19
Ep  1850 | score  207.55 | avg100  171.28 | grasp100  73.0% | best 0.705 |     37 st/s
    done(50): success=36 t_flicker=8 t_touched=6
Ep  1859 | * BEST  level200=2.00 grasp200= 72.0% metric=0.720 | score  204.63
Ep  1868 | * BEST  level200=2.00 grasp200= 73.5% metric=0.735 | score  211.68
Ep  1900 | score   80.74 | avg100  165.86 | grasp100  67.0% | best 0.735 |     37 st/s
    done(50): success=31 t_flicker=17 t_touched=2
Ep  1950 | score    3.19 | avg100  160.46 | grasp100  64.0% | best 0.735 |     37 st/s
    done(50): success=33 t_flicker=10 t_touched=7
Ep  2000 | score   57.76 | avg100  165.04 | grasp100  69.0% | best 0.735 |     37 st/s
    done(50): success=36 t_flicker=12 t_touched=2
Ep  2050 | score    0.48 | avg100  163.08 | grasp100  69.0% | best 0.735 |     37 st/s
    done(50): success=33 t_flicker=10 t_touched=7
  [primacy-bias reset of critic heads @ 100000 updates]
Ep  2100 | score  -41.84 | avg100  166.30 | grasp100  72.0% | best 0.735 |     37 st/s
    done(50): success=39 t_flicker=9 t_touched=2
Ep  2150 | score  200.24 | avg100  125.81 | grasp100  48.0% | best 0.735 |     37 st/s
    done(50): success=9 t_flicker=22 t_touched=18 t_no_reach=1
Ep  2200 | score  200.45 | avg100   79.24 | grasp100  24.0% | best 0.735 |     37 st/s
    done(50): success=15 t_flicker=21 t_touched=9 t_no_reach=5
Ep  2250 | score   45.80 | avg100  111.79 | grasp100  44.0% | best 0.735 |     37 st/s
    done(50): success=29 t_flicker=12 t_touched=7 t_no_reach=2
Ep  2300 | score  207.84 | avg100  154.10 | grasp100  62.0% | best 0.735 |     37 st/s
    done(50): success=33 t_flicker=13 t_touched=4
Ep  2350 | score   97.72 | avg100  169.39 | grasp100  66.0% | best 0.735 |     37 st/s
    done(50): success=33 t_flicker=14 t_touched=2 t_no_reach=1
Ep  2400 | score  203.26 | avg100  176.91 | grasp100  69.0% | best 0.735 |     37 st/s
    done(50): success=36 t_flicker=10 t_touched=4
Ep  2450 | score   45.86 | avg100  180.96 | grasp100  74.0% | best 0.735 |     37 st/s
    done(50): success=38 t_flicker=8 t_touched=4
Ep  2500 | score  200.73 | avg100  176.69 | grasp100  76.0% | best 0.735 |     37 st/s
    done(50): success=38 t_flicker=10 t_touched=1 t_no_reach=1
Ep  2550 | score  202.69 | avg100  163.30 | grasp100  66.0% | best 0.735 |     37 st/s
    done(50): success=28 t_flicker=16 t_touched=6
Ep  2600 | score  191.52 | avg100  159.84 | grasp100  66.0% | best 0.735 |     36 st/s
    done(50): success=38 t_flicker=12
Ep  2650 | score  208.58 | avg100  175.61 | grasp100  79.0% | best 0.735 |     36 st/s
    done(50): success=41 t_flicker=8 t_touched=1
Ep  2700 | score  199.41 | avg100  172.02 | grasp100  75.0% | best 0.735 |     36 st/s
    done(50): success=34 t_flicker=12 t_touched=4
Ep  2722 | * BEST  level200=2.00 grasp200= 75.0% metric=0.750 | score  195.97
Ep  2750 | score  291.95 | avg100  172.54 | grasp100  73.0% | best 0.750 |     36 st/s
    done(50): success=39 t_flicker=11
Ep  2751 | * BEST  level200=2.00 grasp200= 76.5% metric=0.765 | score  198.47
Ep  2773 | * BEST  level200=2.00 grasp200= 78.0% metric=0.780 | score  209.04
Ep  2800 | score  195.55 | avg100  181.85 | grasp100  80.0% | best 0.780 |     36 st/s
    done(50): success=41 t_flicker=6 t_touched=3
Ep  2850 | score  209.00 | avg100  177.01 | grasp100  78.0% | best 0.780 |     36 st/s
    done(50): success=37 t_flicker=9 t_touched=4
Ep  2879 | * BEST  level200=2.00 grasp200= 79.5% metric=0.795 | score  244.25
Ep  2900 | score  210.87 | avg100  182.41 | grasp100  80.0% | best 0.795 |     36 st/s
    done(50): success=43 t_flicker=4 t_touched=3
Ep  2908 | * BEST  level200=2.00 grasp200= 81.0% metric=0.810 | score  214.31
Ep  2950 | score  209.47 | avg100  185.47 | grasp100  82.0% | best 0.810 |     36 st/s
    done(50): success=39 t_flicker=10 t_touched=1
Ep  3000 | score  208.80 | avg100  180.39 | grasp100  78.0% | best 0.810 |     36 st/s
    done(50): success=39 t_flicker=9 t_touched=1 t_no_reach=1
  [primacy-bias reset of critic heads @ 125000 updates]
Ep  3050 | score   74.84 | avg100  122.61 | grasp100  56.0% | best 0.810 |     36 st/s
    done(50): success=17 t_flicker=14 t_touched=6 t_no_reach=13
Ep  3100 | score  -65.58 | avg100   58.15 | grasp100  31.0% | best 0.810 |     36 st/s
    done(50): success=14 t_flicker=13 t_touched=11 t_no_reach=12
Ep  3150 | score  -65.51 | avg100   94.92 | grasp100  44.0% | best 0.810 |     36 st/s
    done(50): success=30 t_flicker=10 t_touched=5 t_no_reach=5
Ep  3200 | score  207.91 | avg100  152.78 | grasp100  65.0% | best 0.810 |     36 st/s
    done(50): success=35 t_flicker=12 t_touched=2 t_no_reach=1
Ep  3250 | score  210.79 | avg100  175.22 | grasp100  74.0% | best 0.810 |     36 st/s
    done(50): success=39 t_flicker=10 t_touched=1
Ep  3300 | score  202.73 | avg100  183.59 | grasp100  80.0% | best 0.810 |     36 st/s
    done(50): success=41 t_flicker=8 t_touched=1
Ep  3350 | score  202.75 | avg100  187.28 | grasp100  83.0% | best 0.810 |     36 st/s
    done(50): success=42 t_flicker=5 t_touched=3
Ep  3395 | * BEST  level200=2.00 grasp200= 82.5% metric=0.825 | score  204.41
Ep  3400 | score  210.37 | avg100  190.24 | grasp100  85.0% | best 0.825 |     36 st/s
    done(50): success=43 t_flicker=6 t_touched=1
Ep  3432 | * BEST  level200=2.00 grasp200= 84.0% metric=0.840 | score  204.97
Ep  3442 | * BEST  level200=2.00 grasp200= 85.5% metric=0.855 | score  210.70
Ep  3450 | score  208.96 | avg100  195.99 | grasp100  90.0% | best 0.855 |     36 st/s
    done(50): success=47 t_flicker=3
Ep  3495 | * BEST  level200=2.00 grasp200= 87.0% metric=0.870 | score  199.56
Ep  3500 | score  114.69 | avg100  194.19 | grasp100  87.0% | best 0.870 |     36 st/s
    done(50): success=40 t_flicker=8 t_touched=2
Ep  3550 | score  209.93 | avg100  189.06 | grasp100  82.0% | best 0.870 |     36 st/s
    done(50): success=42 t_flicker=6 t_touched=2
Ep  3600 | score  196.59 | avg100  191.55 | grasp100  84.0% | best 0.870 |     36 st/s
    done(50): success=42 t_flicker=5 t_touched=3
Ep  3650 | score  210.50 | avg100  193.97 | grasp100  87.0% | best 0.870 |     36 st/s
    done(50): success=45 t_flicker=5
Ep  3700 | score  207.80 | avg100  197.28 | grasp100  92.0% | best 0.870 |     36 st/s
    done(50): success=47 t_flicker=1 t_touched=1 t_no_reach=1
Ep  3701 | * BEST  level200=2.00 grasp200= 88.5% metric=0.885 | score  209.97
Ep  3710 | * BEST  level200=2.00 grasp200= 90.0% metric=0.900 | score  204.58
Ep  3750 | score  209.79 | avg100  198.87 | grasp100  93.0% | best 0.900 |     36 st/s
    done(50): success=46 t_flicker=4
Ep  3765 | * BEST  level200=2.00 grasp200= 91.5% metric=0.915 | score  210.44
Ep  3800 | score  212.31 | avg100  197.84 | grasp100  91.0% | best 0.915 |     36 st/s
    done(50): success=45 t_flicker=4 t_touched=1
Ep  3824 | * BEST  level200=2.00 grasp200= 93.0% metric=0.930 | score  209.21
Ep  3850 | score  209.55 | avg100  195.84 | grasp100  90.0% | best 0.930 |     36 st/s
    done(50): success=45 t_flicker=4 t_touched=1
Ep  3900 | score  213.42 | avg100  193.03 | grasp100  87.0% | best 0.930 |     36 st/s
    done(50): success=42 t_flicker=7 t_touched=1
Ep  3950 | score  210.69 | avg100  189.82 | grasp100  86.0% | best 0.930 |     36 st/s
    done(50): success=44 t_flicker=6
Ep  4000 | score  205.89 | avg100  196.12 | grasp100  91.0% | best 0.930 |     36 st/s
    done(50): success=47 t_flicker=1 t_touched=2
Ep  4050 | score  208.34 | avg100  197.76 | grasp100  91.0% | best 0.930 |     36 st/s
    done(50): success=44 t_flicker=5 t_touched=1
Ep  4100 | score  211.97 | avg100  192.02 | grasp100  87.0% | best 0.930 |     36 st/s
    done(50): success=43 t_flicker=6 t_touched=1
Ep  4150 | score  209.59 | avg100  196.57 | grasp100  90.0% | best 0.930 |     36 st/s
    done(50): success=47 t_flicker=3

Target reached: 96.0% over 100 episodes at spawn level 2.0.

========================================================================
DONE  td3_ln_smallc64_s1
  Episodes     : 4191
  Env steps    : 373,580  (10409s)
  Best metric  : 0.930  (policy in /home/fahim/Thesis_fahim/pickandplace/checkpoints/td3_grasp_rand_td3_ln_smallc64_s1/best)
  Final grasp% : 96.0
  CSV          : /home/fahim/Thesis_fahim/pickandplace/logs/grasp_rand_td3_ln_smallc64_s1/episodes.csv
  Probe CSV    : /home/fahim/Thesis_fahim/pickandplace/logs/grasp_rand_td3_ln_smallc64_s1/probe.csv
  Manifest     : /home/fahim/Thesis_fahim/pickandplace/logs/grasp_rand_td3_ln_smallc64_s1/manifest.json
========================================================================

