========================================================================
RANDOM-SPAWN GRASP RETRAINING  |  algo=td3_ln  run=td3_ln_smallc64_s5
========================================================================
  Envs                : 5 (subprocess-parallel, fork)
  Spawn level         : 2.0 (1.0 = full position box, 2.0 = + z-rotation)
  Updates/vec-step    : 2 (0.400 per env-step; historical baseline 0.5)
  Buffer              : 200,000
  Actor               : 64 -> 32  (5,216 weights)
  Warm start          : checkpoints/td3_grasp_rand_td3_ln_cont64_s5/best
  Checkpoints         : /home/fahim/Thesis_fahim/pickandplace/checkpoints/td3_grasp_rand_td3_ln_smallc64_s5
========================================================================

Spawning 5 subprocess environments (fork)...
[robosuite WARNING] No private macro file found! (__init__.py:7)
[robosuite WARNING] It is recommended to use a private macro file (__init__.py:8)
[robosuite WARNING] To setup, run: python /home/fahim/Thesis_fahim/venv/lib/python3.12/site-packages/robosuite/scripts/setup_macros.py (__init__.py:9)
[robosuite WARNING] No private macro file found! (__init__.py:7)
[robosuite WARNING] It is recommended to use a private macro file (__init__.py:8)
[robosuite WARNING] To setup, run: python /home/fahim/Thesis_fahim/venv/lib/python3.12/site-packages/robosuite/scripts/setup_macros.py (__init__.py:9)
[robosuite WARNING] No private macro file found! (__init__.py:7)
[robosuite WARNING] No private macro file found! (__init__.py:7)
[robosuite WARNING] No private macro file found! (__init__.py:7)
[robosuite WARNING] It is recommended to use a private macro file (__init__.py:8)
[robosuite WARNING] To setup, run: python /home/fahim/Thesis_fahim/venv/lib/python3.12/site-packages/robosuite/scripts/setup_macros.py (__init__.py:9)
[robosuite WARNING] It is recommended to use a private macro file (__init__.py:8)
[robosuite WARNING] It is recommended to use a private macro file (__init__.py:8)
[robosuite WARNING] To setup, run: python /home/fahim/Thesis_fahim/venv/lib/python3.12/site-packages/robosuite/scripts/setup_macros.py (__init__.py:9)
[robosuite WARNING] To setup, run: python /home/fahim/Thesis_fahim/venv/lib/python3.12/site-packages/robosuite/scripts/setup_macros.py (__init__.py:9)
Gym has been unmaintained since 2022 and does not support NumPy 2.0 amongst other critical functionality.
Please upgrade to Gymnasium, the maintained drop-in replacement of Gym, or contact the authors of your software and request that they upgrade.
See the migration guide at https://gymnasium.farama.org/introduction/migration_guide/ for additional information.
Gym has been unmaintained since 2022 and does not support NumPy 2.0 amongst other critical functionality.
Please upgrade to Gymnasium, the maintained drop-in replacement of Gym, or contact the authors of your software and request that they upgrade.
See the migration guide at https://gymnasium.farama.org/introduction/migration_guide/ for additional information.
Gym has been unmaintained since 2022 and does not support NumPy 2.0 amongst other critical functionality.
Please upgrade to Gymnasium, the maintained drop-in replacement of Gym, or contact the authors of your software and request that they upgrade.
See the migration guide at https://gymnasium.farama.org/introduction/migration_guide/ for additional information.
Gym has been unmaintained since 2022 and does not support NumPy 2.0 amongst other critical functionality.
Please upgrade to Gymnasium, the maintained drop-in replacement of Gym, or contact the authors of your software and request that they upgrade.
See the migration guide at https://gymnasium.farama.org/introduction/migration_guide/ for additional information.
Gym has been unmaintained since 2022 and does not support NumPy 2.0 amongst other critical functionality.
Please upgrade to Gymnasium, the maintained drop-in replacement of Gym, or contact the authors of your software and request that they upgrade.
See the migration guide at https://gymnasium.farama.org/introduction/migration_guide/ for additional information.
/home/fahim/Thesis_fahim/venv/lib/python3.12/site-packages/gym/spaces/box.py:84: UserWarning: [33mWARN: Box bound precision lowered by casting to float32[0m
  logger.warn(f"Box bound precision lowered by casting to {self.dtype}")
/home/fahim/Thesis_fahim/venv/lib/python3.12/site-packages/gym/spaces/box.py:84: UserWarning: [33mWARN: Box bound precision lowered by casting to float32[0m
  logger.warn(f"Box bound precision lowered by casting to {self.dtype}")
/home/fahim/Thesis_fahim/venv/lib/python3.12/site-packages/gym/spaces/box.py:84: UserWarning: [33mWARN: Box bound precision lowered by casting to float32[0m
  logger.warn(f"Box bound precision lowered by casting to {self.dtype}")
/home/fahim/Thesis_fahim/venv/lib/python3.12/site-packages/gym/spaces/box.py:84: UserWarning: [33mWARN: Box bound precision lowered by casting to float32[0m
  logger.warn(f"Box bound precision lowered by casting to {self.dtype}")
/home/fahim/Thesis_fahim/venv/lib/python3.12/site-packages/gym/spaces/box.py:84: UserWarning: [33mWARN: Box bound precision lowered by casting to float32[0m
  logger.warn(f"Box bound precision lowered by casting to {self.dtype}")
Gym has been unmaintained since 2022 and does not support NumPy 2.0 amongst other critical functionality.
Please upgrade to Gymnasium, the maintained drop-in replacement of Gym, or contact the authors of your software and request that they upgrade.
See the migration guide at https://gymnasium.farama.org/introduction/migration_guide/ for additional information.
5 environments ready.

  Actor QAT           : per-tensor INT8 fake-quant, STE grads
  Actor weight clip   : |w| <= 8.0 * std(w) per Linear tensor (bi_s0 baseline fc1 9.96 / fc2 10.82)
Init: warm-started (actor only, critics fresh) (source: /home/fahim/Thesis_fahim/pickandplace/checkpoints/td3_grasp_rand_td3_ln_cont64_s5/best)
Fresh replay buffer.

Training...

Ep    50 | score   93.58 | avg100  196.54 | grasp100  92.0% | best 0.000 |     45 st/s
    done(50): success=46 t_flicker=3 t_touched=1
Ep   100 | score  211.38 | avg100  193.64 | grasp100  88.0% | best 0.000 |     50 st/s
    done(50): success=42 t_flicker=6 t_touched=2
Ep   150 | score  -79.96 | avg100  150.81 | grasp100  73.0% | best 0.000 |     44 st/s
    done(50): success=31 t_flicker=3 t_touched=2 t_no_reach=14
Ep   200 | * BEST  level200=2.00 grasp200= 59.5% metric=0.595 | score  -78.78
Ep   250 | score  -75.01 | avg100  -64.48 | grasp100   0.0% | best 0.595 |     40 st/s
    done(50): t_flicker=2 t_touched=12 t_no_reach=36
Ep   300 | score  -64.83 | avg100  -55.12 | grasp100   0.0% | best 0.595 |     40 st/s
    done(50): t_flicker=1 t_touched=10 t_no_reach=39
Ep   350 | score  -18.03 | avg100  -50.58 | grasp100   0.0% | best 0.595 |     40 st/s
    done(50): t_flicker=3 t_touched=17 t_no_reach=30
Ep   400 | score  -26.12 | avg100  -40.75 | grasp100   0.0% | best 0.595 |     39 st/s
    done(50): t_flicker=4 t_touched=23 t_no_reach=23
  [primacy-bias reset of critic heads @ 25000 updates]
Ep   450 | score  -46.93 | avg100  -32.56 | grasp100   1.0% | best 0.595 |     39 st/s
    done(50): success=1 t_flicker=3 t_touched=12 t_no_reach=34
Ep   500 | score  -64.19 | avg100  -46.24 | grasp100   1.0% | best 0.595 |     39 st/s
    done(50): t_touched=5 t_no_reach=45
Ep   550 | score   12.56 | avg100  -44.88 | grasp100   2.0% | best 0.595 |     39 st/s
    done(50): success=2 t_flicker=2 t_touched=26 t_no_reach=20
Ep   600 | score  -42.61 | avg100  -10.26 | grasp100   5.0% | best 0.595 |     39 st/s
    done(50): success=3 t_flicker=12 t_touched=25 t_no_reach=10
Ep   650 | score  -40.32 | avg100   11.54 | grasp100   7.0% | best 0.595 |     39 st/s
    done(50): success=4 t_flicker=8 t_touched=29 t_no_reach=9
Ep   700 | score   93.11 | avg100   26.34 | grasp100  10.0% | best 0.595 |     39 st/s
    done(50): success=6 t_flicker=12 t_touched=28 t_no_reach=4
Ep   750 | score    3.72 | avg100   45.47 | grasp100  10.0% | best 0.595 |     39 st/s
    done(50): success=4 t_flicker=19 t_touched=25 t_no_reach=2
  [primacy-bias reset of critic heads @ 50000 updates]
Ep   800 | score   37.24 | avg100   43.10 | grasp100   9.0% | best 0.595 |     39 st/s
    done(50): success=5 t_flicker=15 t_touched=22 t_no_reach=8
Ep   850 | score   59.61 | avg100    7.28 | grasp100   7.0% | best 0.595 |     39 st/s
    done(50): success=2 t_flicker=6 t_touched=19 t_no_reach=23
Ep   900 | score   87.56 | avg100   13.62 | grasp100  10.0% | best 0.595 |     39 st/s
    done(50): success=8 t_flicker=11 t_touched=21 t_no_reach=10
Ep   950 | score  -19.22 | avg100   56.32 | grasp100  14.0% | best 0.595 |     38 st/s
    done(50): success=6 t_flicker=19 t_touched=23 t_no_reach=2
Ep  1000 | score  204.67 | avg100   84.88 | grasp100  25.0% | best 0.595 |     38 st/s
    done(50): success=19 t_flicker=12 t_touched=19
Ep  1050 | score   84.80 | avg100  101.01 | grasp100  35.0% | best 0.595 |     38 st/s
    done(50): success=16 t_flicker=20 t_touched=14
Ep  1100 | score  210.55 | avg100  105.39 | grasp100  36.0% | best 0.595 |     38 st/s
    done(50): success=20 t_flicker=13 t_touched=17
Ep  1150 | score  107.45 | avg100  122.24 | grasp100  45.0% | best 0.595 |     38 st/s
    done(50): success=25 t_flicker=16 t_touched=9
Ep  1200 | score   94.93 | avg100  129.73 | grasp100  50.0% | best 0.595 |     38 st/s
    done(50): success=25 t_flicker=10 t_touched=14 t_no_reach=1
Ep  1250 | score  207.92 | avg100  134.64 | grasp100  54.0% | best 0.595 |     38 st/s
    done(50): success=29 t_flicker=12 t_touched=9
  [primacy-bias reset of critic heads @ 75000 updates]
Ep  1300 | score   91.72 | avg100  128.06 | grasp100  50.0% | best 0.595 |     38 st/s
    done(50): success=21 t_flicker=17 t_touched=12
Ep  1350 | score   26.54 | avg100  102.56 | grasp100  39.0% | best 0.595 |     38 st/s
    done(50): success=18 t_flicker=15 t_touched=16 t_no_reach=1
Ep  1400 | score   67.52 | avg100   76.56 | grasp100  28.0% | best 0.595 |     38 st/s
    done(50): success=10 t_flicker=11 t_touched=26 t_no_reach=3
Ep  1450 | score   58.56 | avg100   89.86 | grasp100  33.0% | best 0.595 |     38 st/s
    done(50): success=23 t_flicker=12 t_touched=15
Ep  1500 | score   31.61 | avg100  118.83 | grasp100  48.0% | best 0.595 |     38 st/s
    done(50): success=25 t_flicker=14 t_touched=11
Ep  1550 | score  207.20 | avg100  118.34 | grasp100  50.0% | best 0.595 |     38 st/s
    done(50): success=25 t_flicker=18 t_touched=7
Ep  1600 | score  132.73 | avg100   98.92 | grasp100  45.0% | best 0.595 |     38 st/s
    done(50): success=20 t_flicker=11 t_touched=9 t_no_reach=10
Ep  1650 | score  228.01 | avg100  111.99 | grasp100  51.0% | best 0.595 |     37 st/s
    done(50): success=31 t_flicker=13 t_touched=6
Ep  1700 | score  193.33 | avg100  142.45 | grasp100  62.0% | best 0.595 |     37 st/s
    done(50): success=31 t_flicker=16 t_touched=3
Ep  1750 | score   97.32 | avg100  117.77 | grasp100  49.0% | best 0.595 |     37 st/s
    done(50): success=18 t_flicker=14 t_touched=17 t_no_reach=1
Ep  1800 | score  203.07 | avg100  113.15 | grasp100  46.0% | best 0.595 |     37 st/s
    done(50): success=28 t_flicker=14 t_touched=8
Ep  1850 | score  137.19 | avg100  120.83 | grasp100  47.0% | best 0.595 |     37 st/s
    done(50): success=19 t_flicker=16 t_touched=12 t_no_reach=3
Ep  1900 | score   14.34 | avg100  115.60 | grasp100  42.0% | best 0.595 |     37 st/s
    done(50): success=23 t_flicker=12 t_touched=13 t_no_reach=2
  [primacy-bias reset of critic heads @ 100000 updates]
Ep  1950 | score  222.78 | avg100  101.26 | grasp100  37.0% | best 0.595 |     37 st/s
    done(50): success=14 t_flicker=17 t_touched=12 t_no_reach=7
Ep  2000 | score  201.02 | avg100   95.36 | grasp100  38.0% | best 0.595 |     37 st/s
    done(50): success=24 t_flicker=13 t_touched=10 t_no_reach=3
Ep  2050 | score  -47.66 | avg100  106.86 | grasp100  44.0% | best 0.595 |     37 st/s
    done(50): success=20 t_flicker=13 t_touched=15 t_no_reach=2
Ep  2100 | score  204.57 | avg100  106.61 | grasp100  42.0% | best 0.595 |     37 st/s
    done(50): success=22 t_flicker=17 t_touched=8 t_no_reach=3
Ep  2150 | score  209.47 | avg100  126.34 | grasp100  54.0% | best 0.595 |     37 st/s
    done(50): success=32 t_flicker=8 t_touched=8 t_no_reach=2
Ep  2200 | score   60.27 | avg100  144.19 | grasp100  64.0% | best 0.595 |     37 st/s
    done(50): success=32 t_flicker=11 t_touched=5 t_no_reach=2
Ep  2250 | score   90.08 | avg100  148.16 | grasp100  62.0% | best 0.595 |     37 st/s
    done(50): success=30 t_flicker=17 t_touched=3
Ep  2262 | * BEST  level200=2.00 grasp200= 61.0% metric=0.610 | score  205.99
Ep  2271 | * BEST  level200=2.00 grasp200= 62.5% metric=0.625 | score  210.31
Ep  2277 | * BEST  level200=2.00 grasp200= 64.0% metric=0.640 | score  221.73
Ep  2300 | score  201.53 | avg100  157.78 | grasp100  65.0% | best 0.640 |     37 st/s
    done(50): success=35 t_flicker=13 t_touched=2
Ep  2350 | score  215.03 | avg100  152.74 | grasp100  63.0% | best 0.640 |     37 st/s
    done(50): success=28 t_flicker=15 t_touched=7
Ep  2400 | score  209.06 | avg100  145.96 | grasp100  58.0% | best 0.640 |     37 st/s
    done(50): success=30 t_flicker=19 t_no_reach=1
Ep  2450 | score  208.43 | avg100  139.70 | grasp100  56.0% | best 0.640 |     37 st/s
    done(50): success=26 t_flicker=11 t_touched=10 t_no_reach=3
Ep  2500 | score  134.84 | avg100  141.49 | grasp100  58.0% | best 0.640 |     37 st/s
    done(50): success=32 t_flicker=12 t_touched=4 t_no_reach=2
Ep  2550 | score  211.76 | avg100  149.33 | grasp100  59.0% | best 0.640 |     37 st/s
    done(50): success=27 t_flicker=15 t_touched=8
Ep  2600 | score   67.21 | avg100  148.63 | grasp100  58.0% | best 0.640 |     37 st/s
    done(50): success=31 t_flicker=9 t_touched=9 t_no_reach=1
  [primacy-bias reset of critic heads @ 125000 updates]
Ep  2650 | score   85.82 | avg100  145.66 | grasp100  60.0% | best 0.640 |     37 st/s
    done(50): success=29 t_flicker=11 t_touched=10
Ep  2700 | score  109.05 | avg100  103.83 | grasp100  42.0% | best 0.640 |     37 st/s
    done(50): success=13 t_flicker=18 t_touched=17 t_no_reach=2
Ep  2750 | score  -26.84 | avg100   71.90 | grasp100  30.0% | best 0.640 |     37 st/s
    done(50): success=17 t_flicker=16 t_touched=15 t_no_reach=2
Ep  2800 | score   70.14 | avg100   95.25 | grasp100  43.0% | best 0.640 |     38 st/s
    done(50): success=26 t_flicker=13 t_touched=10 t_no_reach=1
Ep  2850 | score  -48.72 | avg100  123.69 | grasp100  55.0% | best 0.640 |     38 st/s
    done(50): success=29 t_flicker=10 t_touched=11
Ep  2900 | score   -8.95 | avg100  148.60 | grasp100  67.0% | best 0.640 |     38 st/s
    done(50): success=38 t_flicker=5 t_touched=7
Ep  2950 | score   53.01 | avg100  157.90 | grasp100  71.0% | best 0.640 |     38 st/s
    done(50): success=33 t_flicker=12 t_touched=4 t_no_reach=1
Ep  2980 | * BEST  level200=2.00 grasp200= 65.5% metric=0.655 | score  208.12
Ep  2983 | * BEST  level200=2.00 grasp200= 67.0% metric=0.670 | score  215.26
Ep  2986 | * BEST  level200=2.00 grasp200= 68.5% metric=0.685 | score  208.97
Ep  2996 | * BEST  level200=2.00 grasp200= 70.0% metric=0.700 | score  211.46
Ep  3000 | score  210.61 | avg100  161.27 | grasp100  72.0% | best 0.700 |     38 st/s
    done(50): success=39 t_flicker=7 t_touched=4
Ep  3029 | * BEST  level200=2.00 grasp200= 71.5% metric=0.715 | score  202.13
Ep  3036 | * BEST  level200=2.00 grasp200= 73.0% metric=0.730 | score  212.48
Ep  3050 | score  209.97 | avg100  169.42 | grasp100  77.0% | best 0.730 |     37 st/s
    done(50): success=38 t_flicker=7 t_touched=5
Ep  3052 | * BEST  level200=2.00 grasp200= 74.5% metric=0.745 | score  209.85
Ep  3072 | * BEST  level200=2.00 grasp200= 76.0% metric=0.760 | score  209.56
Ep  3100 | score  201.33 | avg100  174.78 | grasp100  81.0% | best 0.760 |     37 st/s
    done(50): success=43 t_flicker=5 t_touched=2
Ep  3107 | * BEST  level200=2.00 grasp200= 77.5% metric=0.775 | score  203.74
Ep  3126 | * BEST  level200=2.00 grasp200= 79.0% metric=0.790 | score  210.68
Ep  3139 | * BEST  level200=2.00 grasp200= 80.5% metric=0.805 | score  207.99
Ep  3150 | score  215.45 | avg100  183.19 | grasp100  85.0% | best 0.805 |     37 st/s
    done(50): success=42 t_flicker=6 t_touched=2
Ep  3162 | * BEST  level200=2.00 grasp200= 82.0% metric=0.820 | score  210.42
Ep  3174 | * BEST  level200=2.00 grasp200= 83.5% metric=0.835 | score  211.91
Ep  3200 | score  210.44 | avg100  183.29 | grasp100  83.0% | best 0.835 |     37 st/s
    done(50): success=41 t_flicker=8 t_touched=1
Ep  3250 | score  209.09 | avg100  181.25 | grasp100  81.0% | best 0.835 |     37 st/s
    done(50): success=40 t_flicker=9 t_touched=1
Ep  3300 | score  206.90 | avg100  182.31 | grasp100  81.0% | best 0.835 |     37 st/s
    done(50): success=41 t_flicker=7 t_touched=2
Ep  3350 | score  207.78 | avg100  187.34 | grasp100  84.0% | best 0.835 |     37 st/s
    done(50): success=43 t_flicker=6 t_touched=1
Ep  3400 | score  233.64 | avg100  189.33 | grasp100  87.0% | best 0.835 |     37 st/s
    done(50): success=44 t_flicker=4 t_touched=2
Ep  3407 | * BEST  level200=2.00 grasp200= 85.0% metric=0.850 | score  210.64
Ep  3416 | * BEST  level200=2.00 grasp200= 86.5% metric=0.865 | score  210.80
Ep  3428 | * BEST  level200=2.00 grasp200= 88.0% metric=0.880 | score  208.31
Ep  3450 | score  209.34 | avg100  196.44 | grasp100  91.0% | best 0.880 |     37 st/s
    done(50): success=47 t_flicker=3
Ep  3492 | * BEST  level200=2.00 grasp200= 89.5% metric=0.895 | score  210.89
Ep  3500 | score  208.82 | avg100  200.05 | grasp100  92.0% | best 0.895 |     37 st/s
    done(50): success=45 t_flicker=5
Ep  3550 | score  201.73 | avg100  187.93 | grasp100  85.0% | best 0.895 |     37 st/s
    done(50): success=40 t_flicker=9 t_touched=1
Ep  3600 | score  279.92 | avg100  187.24 | grasp100  85.0% | best 0.895 |     37 st/s
    done(50): success=45 t_flicker=5
Ep  3650 | score  199.37 | avg100  194.60 | grasp100  89.0% | best 0.895 |     37 st/s
    done(50): success=44 t_flicker=6
Ep  3700 | score  205.48 | avg100  190.65 | grasp100  85.0% | best 0.895 |     37 st/s
    done(50): success=41 t_flicker=8 t_touched=1
Ep  3750 | score   56.69 | avg100  184.09 | grasp100  83.0% | best 0.895 |     37 st/s
    done(50): success=42 t_flicker=8
Ep  3800 | score  201.34 | avg100  188.26 | grasp100  87.0% | best 0.895 |     37 st/s
    done(50): success=45 t_flicker=4 t_touched=1
  [primacy-bias reset of critic heads @ 150000 updates]
Ep  3850 | score   92.92 | avg100  194.17 | grasp100  89.0% | best 0.895 |     37 st/s
    done(50): success=44 t_flicker=5 t_touched=1
Ep  3900 | score  201.71 | avg100  111.17 | grasp100  48.0% | best 0.895 |     37 st/s
    done(50): success=4 t_flicker=29 t_touched=16 t_no_reach=1
Ep  3950 | score  213.12 | avg100   66.48 | grasp100  22.0% | best 0.895 |     37 st/s
    done(50): success=18 t_flicker=20 t_touched=9 t_no_reach=3
Ep  4000 | score  208.14 | avg100  134.05 | grasp100  54.0% | best 0.895 |     37 st/s
    done(50): success=36 t_flicker=10 t_touched=3 t_no_reach=1
Ep  4050 | score  210.97 | avg100  179.01 | grasp100  80.0% | best 0.895 |     37 st/s
    done(50): success=44 t_flicker=5 t_touched=1
Ep  4100 | score  100.67 | avg100  188.47 | grasp100  86.0% | best 0.895 |     37 st/s
    done(50): success=42 t_flicker=5 t_touched=3
Ep  4150 | score  215.12 | avg100  189.65 | grasp100  87.0% | best 0.895 |     37 st/s
    done(50): success=45 t_flicker=3 t_touched=2
Ep  4200 | score  210.62 | avg100  194.69 | grasp100  89.0% | best 0.895 |     37 st/s
    done(50): success=44 t_flicker=4 t_touched=1 t_no_reach=1
Ep  4250 | score  210.43 | avg100  198.01 | grasp100  91.0% | best 0.895 |     37 st/s
    done(50): success=47 t_flicker=3
Ep  4300 | score  213.18 | avg100  188.02 | grasp100  85.0% | best 0.895 |     37 st/s
    done(50): success=38 t_flicker=10 t_touched=2
Ep  4350 | score  209.86 | avg100  186.23 | grasp100  85.0% | best 0.895 |     37 st/s
    done(50): success=47 t_flicker=1 t_touched=2
Ep  4400 | score  213.81 | avg100  195.90 | grasp100  92.0% | best 0.895 |     37 st/s
    done(50): success=45 t_flicker=3 t_touched=2
Ep  4450 | score  208.95 | avg100  193.60 | grasp100  89.0% | best 0.895 |     37 st/s
    done(50): success=44 t_flicker=6
Ep  4498 | * BEST  level200=2.00 grasp200= 91.0% metric=0.910 | score  207.37
Ep  4500 | score  209.14 | avg100  196.63 | grasp100  90.0% | best 0.910 |     37 st/s
    done(50): success=46 t_flicker=4
Ep  4550 | score  202.22 | avg100  200.72 | grasp100  92.0% | best 0.910 |     37 st/s
    done(50): success=46 t_flicker=4
Ep  4600 | score  208.79 | avg100  200.91 | grasp100  92.0% | best 0.910 |     37 st/s
    done(50): success=46 t_flicker=4

Target reached: 95.0% over 100 episodes at spawn level 2.0.

========================================================================
DONE  td3_ln_smallc64_s5
  Episodes     : 4629
  Env steps    : 419,855  (11262s)
  Best metric  : 0.910  (policy in /home/fahim/Thesis_fahim/pickandplace/checkpoints/td3_grasp_rand_td3_ln_smallc64_s5/best)
  Final grasp% : 95.0
  CSV          : /home/fahim/Thesis_fahim/pickandplace/logs/grasp_rand_td3_ln_smallc64_s5/episodes.csv
  Probe CSV    : /home/fahim/Thesis_fahim/pickandplace/logs/grasp_rand_td3_ln_smallc64_s5/probe.csv
  Manifest     : /home/fahim/Thesis_fahim/pickandplace/logs/grasp_rand_td3_ln_smallc64_s5/manifest.json
========================================================================

