[robosuite WARNING] No private macro file found! (__init__.py:7)
[robosuite WARNING] It is recommended to use a private macro file (__init__.py:8)
[robosuite WARNING] To setup, run: python /home/fahim/Thesis_fahim/venv/lib/python3.12/site-packages/robosuite/scripts/setup_macros.py (__init__.py:9)
Gym has been unmaintained since 2022 and does not support NumPy 2.0 amongst other critical functionality.
Please upgrade to Gymnasium, the maintained drop-in replacement of Gym, or contact the authors of your software and request that they upgrade.
See the migration guide at https://gymnasium.farama.org/introduction/migration_guide/ for additional information.
WARNING: All log messages before absl::InitializeLog() is called are written to STDERR
I0000 00:00:1788468790.660681  150863 cpu_feature_guard.cc:227] This TensorFlow binary is optimized to use available CPU instructions in performance-critical operations.
To enable the following instructions: AVX2 FMA, in other operations, rebuild TensorFlow with the appropriate compiler flags.
/home/fahim/Thesis_fahim/convert_venv/lib/python3.12/site-packages/tensorflow/lite/python/interpreter.py:457: UserWarning:     Warning: tf.lite.Interpreter is deprecated and is scheduled for deletion in
    TF 2.20. Please use the LiteRT interpreter from the ai_edge_litert package.
    See the [migration guide](https://ai.google.dev/edge/litert/migration)
    for details.
    
  warnings.warn(_INTERPRETER_DELETION_WARNING)
INFO: Created TensorFlow Lite XNNPACK delegate for CPU.
  5/50 success 100%
  10/50 success 100%
  15/50 success 93%
  20/50 success 90%
  25/50 success 88%
  30/50 success 90%
  35/50 success 86%
  40/50 success 85%
  45/50 success 87%
  50/50 success 88%
wrote Results/tag_e2e2/i8tag_s89.csv
Exception ignored in: <function MjRenderContext.__del__ at 0x7d5bc6732ac0>
Traceback (most recent call last):
  File "/home/fahim/Thesis_fahim/venv/lib/python3.12/site-packages/robosuite/utils/binding_utils.py", line 199, in __del__
    self.gl_ctx.free()
  File "/home/fahim/Thesis_fahim/venv/lib/python3.12/site-packages/robosuite/renderers/context/egl_context.py", line 150, in free
    EGL.eglDestroyContext(EGL_DISPLAY, self._context)
  File "/home/fahim/Thesis_fahim/venv/lib/python3.12/site-packages/OpenGL/error.py", line 230, in glCheckError
    raise self._errorClass(
OpenGL.raw.EGL._errors.EGLError: EGLError(
	err = EGL_NOT_INITIALIZED,
	baseOperation = eglDestroyContext,
	cArguments = (
		<OpenGL._opaque.EGLDisplay_pointer object at 0x7d5aa4fa48d0>,
		<OpenGL._opaque.EGLContext_pointer object at 0x7d5a3420e0d0>,
	),
	result = 0
)
Exception ignored in: <function EGLGLContext.__del__ at 0x7d5bc6732980>
Traceback (most recent call last):
  File "/home/fahim/Thesis_fahim/venv/lib/python3.12/site-packages/robosuite/renderers/context/egl_context.py", line 155, in __del__
    self.free()
  File "/home/fahim/Thesis_fahim/venv/lib/python3.12/site-packages/robosuite/renderers/context/egl_context.py", line 150, in free
    EGL.eglDestroyContext(EGL_DISPLAY, self._context)
  File "/home/fahim/Thesis_fahim/venv/lib/python3.12/site-packages/OpenGL/error.py", line 230, in glCheckError
    raise self._errorClass(
OpenGL.raw.EGL._errors.EGLError: EGLError(
	err = EGL_NOT_INITIALIZED,
	baseOperation = eglDestroyContext,
	cArguments = (
		<OpenGL._opaque.EGLDisplay_pointer object at 0x7d5aa4fa48d0>,
		<OpenGL._opaque.EGLContext_pointer object at 0x7d5a3420e0d0>,
	),
	result = 0
)
